******************************************************************************
            TI ARM Clang Linker PC v4.0.4                      
******************************************************************************
>> Linked Fri Jul 17 20:58:03 2026

OUTPUT FILE NAME:   <Autocar.out>
ENTRY POINT SYMBOL: "_c_int00_noargs"  address: 00007595


MEMORY CONFIGURATION

         name            origin    length      used     unused   attr    fill
----------------------  --------  ---------  --------  --------  ----  --------
  FLASH                 00000000   00020000  00008038  00017fc8  R  X
  SRAM                  20200000   00008000  0000091e  000076e2  RW X
  BCR_CONFIG            41c00000   000000ff  00000000  000000ff  R   
  BSL_CONFIG            41c00100   00000080  00000000  00000080  R   


SEGMENT ALLOCATION MAP

run origin  load origin   length   init length attrs members
----------  ----------- ---------- ----------- ----- -------
00000000    00000000    00008038   00008038    r-x
  00000000    00000000    000000c0   000000c0    r-- .intvecs
  000000c0    000000c0    00007a30   00007a30    r-x .text
  00007af0    00007af0    00000500   00000500    r-- .rodata
  00007ff0    00007ff0    00000048   00000048    r-- .cinit
20200000    20200000    0000071e   00000000    rw-
  20200000    20200000    00000654   00000000    rw- .bss
  20200654    20200654    000000ca   00000000    rw- .data
20207e00    20207e00    00000200   00000000    rw-
  20207e00    20207e00    00000200   00000000    rw- .stack


SECTION ALLOCATION MAP

 output                                  attributes/
section   page    origin      length       input sections
--------  ----  ----------  ----------   ----------------
.intvecs   0    00000000    000000c0     
                  00000000    000000c0     startup_mspm0g350x_ticlang.o (.intvecs)

.text      0    000000c0    00007a30     
                  000000c0    000009d0     libc.a : _printfi.c.obj (.text:__TI_printfi)
                  00000a90    0000079c     mpu6050.o (.text.mpu6050_update)
                  0000122c    00000644     libc.a : k_rem_pio2.c.obj (.text.__kernel_rem_pio2)
                  00001870    00000404     line_follower.o (.text.line_folower)
                  00001c74    000003d0     electrical_machinery.o (.text.MOTOR_CONTROL)
                  00002044    000002c0     mspm0_motor_i2c.o (.text.mspm0_motor_i2c_read_direct)
                  00002304    000002a8     ti_msp_dl_config.o (.text.SYSCFG_DL_SYSCTL_SYSPLL_init)
                  000025ac    00000250     mpu6050_service.o (.text.mpu6050_service_init)
                  000027fc    00000240     empty.o (.text.main)
                  00002a3c    00000224     mpu6050.o (.text.i2c_read_once)
                  00002c60    00000220     libc.a : _printfi.c.obj (.text._pconv_a)
                  00002e80    0000021c     mpu6050.o (.text.i2c_bus_recover)
                  0000309c    00000214     u8g2_ll_hvline.o (.text.u8g2_ll_hvline_vertical_top_lsb)
                  000032b0    000001dc     libc.a : _printfi.c.obj (.text._pconv_g)
                  0000348c    000001d4            : s_cosf.c.obj (.text.cosf)
                  00003660    000001c8            : s_atanf.c.obj (.text.atanf)
                  00003828    000001c8            : s_sinf.c.obj (.text.sinf)
                  000039f0    000001c4     u8x8_byte.o (.text.i2c_write_byte)
                  00003bb4    000001bc     mpu6050.o (.text.calibrate_gyro)
                  00003d70    000001ac     interrupt.o (.text.GROUP1_IRQHandler)
                  00003f1c    000001a4     ti_msp_dl_config.o (.text.SYSCFG_DL_GPIO_init)
                  000040c0    00000192     libclang_rt.builtins.a : adddf3.S.obj (.text.adddf3_subdf3)
                  00004252    00000002     startup_mspm0g350x_ticlang.o (.text.Default_Handler)
                  00004254    0000017c     u8x8_byte.o (.text.u8x8_byte_sw_i2c)
                  000043d0    0000017c     u8x8_d_ssd1306_128x64_noname.o (.text.u8x8_d_ssd1306_sh1106_generic)
                  0000454c    00000170     libc.a : e_sqrt.c.obj (.text.sqrt)
                  000046bc    00000168     u8x8_cad.o (.text.u8x8_cad_ssd13xx_fast_i2c)
                  00004824    00000160     libc.a : e_asinf.c.obj (.text.asinf)
                  00004984    00000144            : s_floor.c.obj (.text.floor)
                  00004ac8    0000013c            : _printfi.c.obj (.text.fcvt)
                  00004c04    00000128     mpu6050.o (.text.mpu6050_init)
                  00004d2c    00000120     libc.a : _printfi.c.obj (.text._pconv_e)
                  00004e4c    0000011c     mpu6050.o (.text.i2c_write_once)
                  00004f68    00000118     libc.a : e_atan2f.c.obj (.text.atan2f)
                  00005080    00000114     mpu6050.o (.text.configure_sensor)
                  00005194    0000010c     libclang_rt.builtins.a : divdf3.S.obj (.text.__divdf3)
                  000052a0    00000104     driverlib.a : dl_timer.o (.text.DL_Timer_initFourCCPWMMode)
                  000053a4    000000fc                 : dl_timer.o (.text.DL_Timer_initTimerMode)
                  000054a0    000000e4     libclang_rt.builtins.a : muldf3.S.obj (.text.__muldf3)
                  00005584    000000dc     driverlib.a : dl_sysctl_mspm0g1x0x_g3x0x.o (.text.DL_SYSCTL_configSYSPLL)
                  00005660    000000d8     libc.a : s_scalbn.c.obj (.text.scalbn)
                  00005738    000000d8     libclang_rt.builtins.a : addsf3.S.obj (.text)
                  00005810    000000cc     mpu6050.o (.text.read_raw)
                  000058dc    000000bc     line_follower.o (.text.line_follower_update)
                  00005998    000000b8     ti_msp_dl_config.o (.text.SYSCFG_DL_SYSCTL_init)
                  00005a50    000000ac     libc.a : s_cosf.c.obj (.text.__kernel_sindf)
                  00005afc    000000ac            : s_sinf.c.obj (.text.__kernel_sindf)
                  00005ba8    000000ac     mpu6050.o (.text.set_initial_attitude)
                  00005c54    000000a2     libclang_rt.builtins.a : udivmoddi4.S.obj (.text)
                  00005cf6    00000002                            : aeabi_div0.c.obj (.text.__aeabi_idiv0)
                  00005cf8    000000a0     libc.a : e_sqrtf.c.obj (.text.sqrtf)
                  00005d98    000000a0     oled.o (.text.u8x8_gpio_and_delay)
                  00005e38    0000009c     libc.a : s_cosf.c.obj (.text.__kernel_cosdf)
                  00005ed4    0000009c            : s_sinf.c.obj (.text.__kernel_cosdf)
                  00005f70    0000009a            : memcpy16.S.obj (.text:memcpy)
                  0000600a    00000002     libclang_rt.builtins.a : aeabi_div0.c.obj (.text.__aeabi_ldiv0)
                  0000600c    0000008c                            : mulsf3.S.obj (.text.__mulsf3)
                  00006098    00000088     ti_msp_dl_config.o (.text.SYSCFG_DL_initPower)
                  00006120    00000082     libclang_rt.builtins.a : divsf3.S.obj (.text.__divsf3)
                  000061a2    00000002     --HOLE-- [fill = 0]
                  000061a4    0000007c     libc.a : copy_decompress_lzss.c.obj (.text:decompress:lzss)
                  00006220    00000078     line_follower.o (.text.CAR_CONTROL)
                  00006298    00000074     libclang_rt.builtins.a : comparedf2.c.obj (.text.__gedf2)
                  0000630c    00000004     libsysbm.a : hostexit.c.obj (.text.HOSTexit)
                  00006310    00000074     libclang_rt.builtins.a : truncdfsf2.S.obj (.text.__truncdfsf2)
                  00006384    00000070     ti_msp_dl_config.o (.text.SYSCFG_DL_PWMB_init)
                  000063f4    00000070     ti_msp_dl_config.o (.text.SYSCFG_DL_PWMC_init)
                  00006464    00000070     ti_msp_dl_config.o (.text.SYSCFG_DL_PWMD_init)
                  000064d4    00000070     ti_msp_dl_config.o (.text.SYSCFG_DL_UART_0_init)
                  00006544    0000006c     u8x8_cad.o (.text.u8x8_cad_SendSequence)
                  000065b0    0000006a     u8x8_display.o (.text.u8x8_d_helper_display_init)
                  0000661a    00000002     --HOLE-- [fill = 0]
                  0000661c    00000068     ti_msp_dl_config.o (.text.SYSCFG_DL_PWMA_init)
                  00006684    00000068     libclang_rt.builtins.a : comparedf2.c.obj (.text.__ledf2)
                  000066ec    00000066     libc.a : _printfi.c.obj (.text._mcpy)
                  00006752    00000002     --HOLE-- [fill = 0]
                  00006754    00000064     interrupt.o (.text.TIMG0_IRQHandler)
                  000067b8    00000062     libclang_rt.builtins.a : aeabi_dcmp.S.obj (.text.__aeabi_dcmp)
                  0000681a    00000002     --HOLE-- [fill = 0]
                  0000681c    00000062                            : aeabi_fcmp.S.obj (.text.__aeabi_fcmp)
                  0000687e    00000062     libc.a : memset16.S.obj (.text:memset)
                  000068e0    00000060     u8g2_setup.o (.text.u8g2_SetupBuffer)
                  00006940    00000060     u8g2_setup.o (.text.u8g2_update_page_win_r0)
                  000069a0    0000005e     u8g2_intersection.o (.text.u8g2_IsIntersection)
                  000069fe    00000002     --HOLE-- [fill = 0]
                  00006a00    0000005c     libc.a : s_frexp.c.obj (.text.frexp)
                  00006a5c    00000058     clock.o (.text.SysTick_Init)
                  00006ab4    00000058     usart.o (.text.UART0_IRQHandler)
                  00006b0c    00000058     libc.a : _ltoa.c.obj (.text.__TI_ltoa)
                  00006b64    00000058            : _printfi.c.obj (.text._pconv_f)
                  00006bbc    00000056     libclang_rt.builtins.a : aeabi_idivmod.S.obj (.text.__aeabi_idivmod)
                  00006c12    00000002     --HOLE-- [fill = 0]
                  00006c14    00000054     ti_msp_dl_config.o (.text.SYSCFG_DL_I2C_BUS_init)
                  00006c68    00000054     u8g2_buffer.o (.text.u8g2_send_buffer)
                  00006cbc    00000052     libc.a : _printfi.c.obj (.text._ecpy)
                  00006d0e    00000002     --HOLE-- [fill = 0]
                  00006d10    0000004c     u8x8_d_ssd1306_128x64_noname.o (.text.u8x8_d_ssd1306_128x64_noname)
                  00006d5c    0000004a     libclang_rt.builtins.a : fixdfsi.S.obj (.text.__fixdfsi)
                  00006da6    0000004a     u8g2_buffer.o (.text.u8g2_NextPage)
                  00006df0    00000048     driverlib.a : dl_uart.o (.text.DL_UART_init)
                  00006e38    00000048     ti_msp_dl_config.o (.text.SYSCFG_DL_TIMER_TICK_init)
                  00006e80    00000048     ti_msp_dl_config.o (.text.SYSCFG_DL_init)
                  00006ec8    00000048     oled.o (.text.u8g2Init)
                  00006f10    00000044     driverlib.a : dl_sysctl_mspm0g1x0x_g3x0x.o (.text.DL_SYSCTL_switchMCLKfromSYSOSCtoHSCLK)
                  00006f54    00000044     electrical_machinery.o (.text.car_run)
                  00006f98    00000040     libclang_rt.builtins.a : aeabi_uidivmod.S.obj (.text.__aeabi_uidivmod)
                  00006fd8    00000040                            : extendsfdf2.S.obj (.text.__extendsfdf2)
                  00007018    00000040     libc.a : atoi.c.obj (.text.atoi)
                  00007058    00000040            : ti_fmax.c.obj (.text.fmaxf)
                  00007098    00000040     interrupt.o (.text.get_encoder_count)
                  000070d8    0000003e     libc.a : ti_fmax.c.obj (.text.fminf)
                  00007116    00000002     --HOLE-- [fill = 0]
                  00007118    0000003c     driverlib.a : dl_i2c.o (.text.DL_I2C_flushControllerTXFIFO)
                  00007154    0000003c     libclang_rt.builtins.a : floatsisf.S.obj (.text.__floatsisf)
                  00007190    0000003c                            : comparesf2.S.obj (.text.__gtsf2)
                  000071cc    0000003c     mpu6050_service.o (.text.mpu6050_i2c1_full_init)
                  00007208    0000003c     u8g2_d_setup.o (.text.u8g2_Setup_ssd1306_i2c_128x64_noname_f)
                  00007244    0000003c     libc.a : autoinit.c.obj (.text:__TI_auto_init_nobinit_nopinit)
                  00007280    0000003a     libclang_rt.builtins.a : comparesf2.S.obj (.text.__eqsf2)
                  000072ba    00000002     --HOLE-- [fill = 0]
                  000072bc    0000003a                            : muldsi3.S.obj (.text.__muldsi3)
                  000072f6    00000002     --HOLE-- [fill = 0]
                  000072f8    00000038                            : fixsfsi.S.obj (.text.__fixsfsi)
                  00007330    00000038     libc.a : sprintf.c.obj (.text.sprintf)
                  00007368    00000034     clock.o (.text.mspm0_delay_ms)
                  0000739c    00000034     u8g2_setup.o (.text.u8g2_update_dimension_r0)
                  000073d0    00000030     driverlib.a : dl_i2c.o (.text.DL_I2C_flushControllerRXFIFO)
                  00007400    00000030     ti_msp_dl_config.o (.text.SYSCFG_DL_I2C1_init)
                  00007430    00000030     usart.o (.text.USART_SendString)
                  00007460    00000030     libc.a : _printfi.c.obj (.text._fcpy)
                  00007490    00000030     u8g2_cleardisplay.o (.text.u8g2_ClearDisplay)
                  000074c0    0000002c     libclang_rt.builtins.a : floatsidf.S.obj (.text.__floatsidf)
                  000074ec    0000002c     u8g2_buffer.o (.text.u8g2_FirstPage)
                  00007518    0000002c     u8x8_cad.o (.text.u8x8_i2c_data_transfer)
                  00007544    00000028     libclang_rt.builtins.a : floatunsisf.S.obj (.text.__floatunsisf)
                  0000756c    00000028     u8x8_setup.o (.text.u8x8_Setup)
                  00007594    00000028     libc.a : boot_cortex_m.c.obj (.text:_c_int00_noargs)
                  000075bc    00000026     driverlib.a : dl_i2c.o (.text.DL_I2C_setClockConfig)
                  000075e2    00000002     --HOLE-- [fill = 0]
                  000075e4    00000024     libclang_rt.builtins.a : muldi3.S.obj (.text.__muldi3)
                  00007608    00000024     mpu6050.o (.text.i2c_read)
                  0000762c    00000022     libc.a : memccpy.c.obj (.text.memccpy)
                  0000764e    00000020     mpu6050.o (.text.i2c_write)
                  0000766e    00000002     --HOLE-- [fill = 0]
                  00007670    0000001e     libclang_rt.builtins.a : ashldi3.S.obj (.text.__ashldi3)
                  0000768e    0000001e     u8x8_display.o (.text.u8x8_DrawTile)
                  000076ac    0000001c     driverlib.a : dl_sysctl_mspm0g1x0x_g3x0x.o (.text.DL_SYSCTL_configFCC)
                  000076c8    0000001c                 : dl_timer.o (.text.DL_Timer_setCaptCompUpdateMethod)
                  000076e4    0000001c                 : dl_timer.o (.text.DL_Timer_setClockConfig)
                  00007700    0000001c     ti_msp_dl_config.o (.text.SYSCFG_DL_SYSTICK_init)
                  0000771c    0000001a     u8g2_buffer.o (.text.u8g2_SetBufferCurrTileRow)
                  00007736    00000002     --HOLE-- [fill = 0]
                  00007738    00000018     driverlib.a : dl_timer.o (.text.DL_Timer_setCaptureCompareOutCtl)
                  00007750    00000018     usart.o (.text.USART_Init)
                  00007768    00000018     libc.a : sprintf.c.obj (.text._outs)
                  00007780    00000018     clock.o (.text.mspm0_get_clock_ms)
                  00007798    00000016     libc.a : k_rem_pio2.c.obj (.text.OUTLINED_FUNCTION_0)
                  000077ae    00000002     --HOLE-- [fill = 0]
                  000077b0    00000010     libclang_rt.builtins.a : adddf3.S.obj (.tramp.__aeabi_dadd.1)
                  000077c0    00000016     u8g2_buffer.o (.text.u8g2_ClearBuffer)
                  000077d6    00000016     u8g2_hvline.o (.text.u8g2_draw_hv_line_2dir)
                  000077ec    00000014     libclang_rt.builtins.a : aeabi_uldivmod.S.obj (.text.__aeabi_uldivmod)
                  00007800    00000014     libc.a : _printfi.c.obj (.text.strchr)
                  00007814    00000012     driverlib.a : dl_uart.o (.text.DL_UART_setClockConfig)
                  00007826    00000012     u8x8_byte.o (.text.u8x8_byte_SendByte)
                  00007838    00000012     libc.a : copy_decompress_none.c.obj (.text:decompress:none)
                  0000784a    00000002     --HOLE-- [fill = 0]
                  0000784c    00000010     driverlib.a : dl_timer.o (.text.DL_Timer_setCaptureCompareValue)
                  0000785c    00000010     libc.a : k_rem_pio2.c.obj (.text.OUTLINED_FUNCTION_2)
                  0000786c    00000010     interrupt.o (.text.SysTick_Handler)
                  0000787c    00000010     electrical_machinery.o (.text.car_stop)
                  0000788c    00000010     u8g2_setup.o (.text.u8g2_draw_l90_r0)
                  0000789c    00000010     libc.a : wcslen.c.obj (.text.wcslen)
                  000078ac    00000010            : copy_zero_init.c.obj (.text:decompress:ZI)
                  000078bc    0000000e     libclang_rt.builtins.a : aeabi_memset.S.obj (.text.__aeabi_memset)
                  000078ca    0000000e     u8x8_byte.o (.text.i2c_delay)
                  000078d8    0000000e     libc.a : _printfi.c.obj (.text.strlen)
                  000078e6    0000000e     u8x8_display.o (.text.u8x8_InitDisplay)
                  000078f4    0000000e     u8x8_display.o (.text.u8x8_RefreshDisplay)
                  00007902    0000000e     u8x8_display.o (.text.u8x8_SetPowerSave)
                  00007910    0000000e     u8x8_display.o (.text.u8x8_SetupMemory)
                  0000791e    0000000e     u8x8_byte.o (.text.u8x8_byte_EndTransfer)
                  0000792c    0000000e     u8x8_byte.o (.text.u8x8_byte_SendBytes)
                  0000793a    0000000e     u8x8_byte.o (.text.u8x8_byte_StartTransfer)
                  00007948    0000000e     u8x8_cad.o (.text.u8x8_cad_EndTransfer)
                  00007956    0000000e     u8x8_cad.o (.text.u8x8_cad_SendArg)
                  00007964    0000000e     u8x8_cad.o (.text.u8x8_cad_SendCmd)
                  00007972    0000000e     u8x8_cad.o (.text.u8x8_cad_SendData)
                  00007980    0000000e     u8x8_cad.o (.text.u8x8_cad_StartTransfer)
                  0000798e    00000002     --HOLE-- [fill = 0]
                  00007990    0000000c     libclang_rt.builtins.a : aeabi_memset.S.obj (.text.__aeabi_memclr)
                  0000799c    0000000c     mpu6050.o (.text.mpu6050_millis)
                  000079a8    0000000c     u8g2_font.o (.text.u8g2_SetFontPosBaseline)
                  000079b4    0000000c     u8g2_d_memory.o (.text.u8g2_m_16_8_f)
                  000079c0    0000000a     driverlib.a : dl_common.o (.text.DL_Common_delayCycles)
                  000079ca    0000000a     libc.a : _printfi.c.obj (.text.OUTLINED_FUNCTION_0)
                  000079d4    00000010     libclang_rt.builtins.a : adddf3.S.obj (.tramp.__aeabi_dsub.1)
                  000079e4    0000000a     libc.a : _printfi.c.obj (.text.OUTLINED_FUNCTION_1)
                  000079ee    0000000a            : k_rem_pio2.c.obj (.text.OUTLINED_FUNCTION_1)
                  000079f8    0000000a            : s_cosf.c.obj (.text.OUTLINED_FUNCTION_3)
                  00007a02    0000000a            : s_sinf.c.obj (.text.OUTLINED_FUNCTION_3)
                  00007a0c    0000000a            : sprintf.c.obj (.text._outc)
                  00007a16    0000000a     u8x8_display.o (.text.u8x8_d_helper_display_setup_memory)
                  00007a20    0000000a     u8x8_gpio.o (.text.u8x8_gpio_call)
                  00007a2a    00000002     --HOLE-- [fill = 0]
                  00007a2c    00000008     libc.a : aeabi_portable.c.obj (.text.__aeabi_errno_addr)
                  00007a34    00000008     libclang_rt.builtins.a : aeabi_memcpy.S.obj (.text.__aeabi_memcpy)
                  00007a3c    00000008     mpu6050.o (.text.mpu6050_delay_ms)
                  00007a44    00000008     mpu6050.o (.text.mpu6050_get_data)
                  00007a4c    00000006     libc.a : e_asinf.c.obj (.text.OUTLINED_FUNCTION_0)
                  00007a52    00000002     --HOLE-- [fill = 0]
                  00007a54    00000010     libclang_rt.builtins.a : mulsf3.S.obj (.tramp.__aeabi_fmul.1)
                  00007a64    00000006     libc.a : s_atanf.c.obj (.text.OUTLINED_FUNCTION_0)
                  00007a6a    00000002     --HOLE-- [fill = 0]
                  00007a6c    00000010     libclang_rt.builtins.a : divsf3.S.obj (.tramp.__aeabi_fdiv.1)
                  00007a7c    00000006     libc.a : s_cosf.c.obj (.text.OUTLINED_FUNCTION_0)
                  00007a82    00000002     --HOLE-- [fill = 0]
                  00007a84    00000010     libclang_rt.builtins.a : muldf3.S.obj (.tramp.__aeabi_dmul.1)
                  00007a94    00000006     libc.a : s_sinf.c.obj (.text.OUTLINED_FUNCTION_0)
                  00007a9a    00000006            : s_cosf.c.obj (.text.OUTLINED_FUNCTION_1)
                  00007aa0    00000006            : s_sinf.c.obj (.text.OUTLINED_FUNCTION_1)
                  00007aa6    00000006            : exit.c.obj (.text:abort)
                  00007aac    00000004            : s_atanf.c.obj (.text.OUTLINED_FUNCTION_1)
                  00007ab0    00000010     libclang_rt.builtins.a : addsf3.S.obj (.tramp.__aeabi_fadd.1)
                  00007ac0    00000004     libc.a : s_cosf.c.obj (.text.OUTLINED_FUNCTION_2)
                  00007ac4    00000010     libclang_rt.builtins.a : extendsfdf2.S.obj (.tramp.__aeabi_f2d.1)
                  00007ad4    00000004     libc.a : s_sinf.c.obj (.text.OUTLINED_FUNCTION_2)
                  00007ad8    00000004     startup_mspm0g350x_ticlang.o (.text.Reset_Handler)
                  00007adc    00000004     libc.a : pre_init.c.obj (.text._system_pre_init)
                  00007ae0    00000004     u8g2_font.o (.text.u8g2_font_calc_vref_font)
                  00007ae4    0000000c     --HOLE-- [fill = 0]

.cinit     0    00007ff0    00000048     
                  00007ff0    00000024     (.cinit..data.load) [load image, compression = lzss]
                  00008014    0000000c     (__TI_handler_table)
                  00008020    00000008     (.cinit..bss.load) [load image, compression = zero_init]
                  00008028    00000010     (__TI_cinit_table)

.rodata    0    00007af0    00000500     
                  00007af0    00000108     libc.a : k_rem_pio2.c.obj (.rodata.ipio2)
                  00007bf8    00000008     ti_msp_dl_config.o (.rodata.gPWMAConfig)
                  00007c00    00000101     libc.a : aeabi_ctype.S.obj (.rodata:__aeabi_ctype_table_)
                  00007d01    00000045     line_follower.o (.rodata.str1.16609631131321844371.1)
                  00007d46    00000041     line_follower.o (.rodata.str1.16777615106940109912.1)
                  00007d87    00000001     --HOLE-- [fill = 0]
                  00007d88    00000040     libc.a : k_rem_pio2.c.obj (.rodata.PIo2)
                  00007dc8    00000035     u8x8_d_ssd1306_128x64_noname.o (.rodata.u8x8_d_ssd1306_128x64_noname_init_seq)
                  00007dfd    00000030     line_follower.o (.rodata.str1.15940074059676594760.1)
                  00007e2d    00000003     ti_msp_dl_config.o (.rodata.gPWMAClockConfig)
                  00007e30    0000002c     mpu6050_service.o (.rodata.g_bus_config)
                  00007e5c    0000002a     empty.o (.rodata.str1.16704889451495720520.1)
                  00007e86    00000002     ti_msp_dl_config.o (.rodata.gI2C1ClockConfig)
                  00007e88    00000028     ti_msp_dl_config.o (.rodata.gSYSPLLConfig)
                  00007eb0    00000020     libc.a : s_atanf.c.obj (.rodata.cst16)
                  00007ed0    00000018     u8x8_d_ssd1306_128x64_noname.o (.rodata.u8x8_ssd1306_128x64_noname_display_info)
                  00007ee8    00000014     ti_msp_dl_config.o (.rodata.gTIMER_TICKTimerConfig)
                  00007efc    00000014     empty.o (.rodata.str1.14685083708502177989.1)
                  00007f10    00000012     empty.o (.rodata.str1.254342170260855183.1)
                  00007f22    00000011     libc.a : _printfi.c.obj (.rodata.str1.10348868589481759720.1)
                  00007f33    00000011     empty.o (.rodata.str1.10926989522752758884.1)
                  00007f44    00000011     libc.a : _printfi.c.obj (.rodata.str1.15363888844622738466.1)
                  00007f55    00000003     ti_msp_dl_config.o (.rodata.gPWMBClockConfig)
                  00007f58    00000010     libc.a : k_rem_pio2.c.obj (.rodata.cst16)
                  00007f68    0000000f     empty.o (.rodata.str1.9517790425240694019.1)
                  00007f77    00000001     --HOLE-- [fill = 0]
                  00007f78    0000000c     u8g2_setup.o (.rodata.u8g2_cb_r0)
                  00007f84    0000000b     empty.o (.rodata.str1.17669528882079347314.1)
                  00007f8f    00000001     --HOLE-- [fill = 0]
                  00007f90    0000000a     ti_msp_dl_config.o (.rodata.gUART_0Config)
                  00007f9a    0000000a     empty.o (.rodata.str1.11898133897667081452.1)
                  00007fa4    00000008     ti_msp_dl_config.o (.rodata.gPWMBConfig)
                  00007fac    00000008     ti_msp_dl_config.o (.rodata.gPWMCConfig)
                  00007fb4    00000008     ti_msp_dl_config.o (.rodata.gPWMDConfig)
                  00007fbc    00000007     u8x8_d_ssd1306_128x64_noname.o (.rodata.u8x8_d_ssd1306_128x64_noname_flip0_seq)
                  00007fc3    00000007     u8x8_d_ssd1306_128x64_noname.o (.rodata.u8x8_d_ssd1306_128x64_noname_flip1_seq)
                  00007fca    00000005     u8x8_d_ssd1306_128x64_noname.o (.rodata.u8x8_d_ssd1306_128x64_noname_powersave0_seq)
                  00007fcf    00000005     u8x8_d_ssd1306_128x64_noname.o (.rodata.u8x8_d_ssd1306_128x64_noname_powersave1_seq)
                  00007fd4    00000003     ti_msp_dl_config.o (.rodata.gPWMCClockConfig)
                  00007fd7    00000003     ti_msp_dl_config.o (.rodata.gPWMDClockConfig)
                  00007fda    00000003     ti_msp_dl_config.o (.rodata.gTIMER_TICKClockConfig)
                  00007fdd    00000003     empty.o (.rodata.str1.7401042497206923953.1)
                  00007fe0    00000002     ti_msp_dl_config.o (.rodata.gI2C_BUSClockConfig)
                  00007fe2    00000002     ti_msp_dl_config.o (.rodata.gUART_0ClockConfig)
                  00007fe4    0000000c     --HOLE-- [fill = 0]

.init_array 
*          0    00000000    00000000     UNINITIALIZED

.binit     0    00000000    00000000     

.bss       0    20200000    00000654     UNINITIALIZED
                  20200000    00000400     u8g2_d_memory.o (.bss.u8g2_m_16_8_f.buf)
                  20200400    000000a0     (.common:gPWMBBackup)
                  202004a0    000000a0     (.common:gPWMDBackup)
                  20200540    00000040     mpu6050.o (.bss.g_data)
                  20200580    0000002c     mpu6050.o (.bss.g_bus)
                  202005ac    00000020     mpu6050.o (.bss.g_filter)
                  202005cc    00000004     electrical_machinery.o (.bss.Velocity_A.ControlVelocity)
                  202005d0    00000010     interrupt.o (.bss.motor_encoderA)
                  202005e0    00000010     interrupt.o (.bss.motor_encoderB)
                  202005f0    00000010     interrupt.o (.bss.motor_encoderC)
                  20200600    00000010     interrupt.o (.bss.motor_encoderD)
                  20200610    00000004     electrical_machinery.o (.bss.Velocity_A.Last_bias)
                  20200614    00000004     electrical_machinery.o (.bss.Velocity_B.ControlVelocity)
                  20200618    00000004     electrical_machinery.o (.bss.Velocity_B.Last_bias)
                  2020061c    00000004     electrical_machinery.o (.bss.Velocity_C.ControlVelocity)
                  20200620    00000004     electrical_machinery.o (.bss.Velocity_C.Last_bias)
                  20200624    00000004     electrical_machinery.o (.bss.Velocity_D.ControlVelocity)
                  20200628    00000004     electrical_machinery.o (.bss.Velocity_D.Last_bias)
                  2020062c    00000004     mpu6050_service.o (.bss.g_next_sample_ms)
                  20200630    00000004     electrical_machinery.o (.bss.motor_speed_A)
                  20200634    00000004     electrical_machinery.o (.bss.motor_speed_B)
                  20200638    00000004     electrical_machinery.o (.bss.motor_speed_C)
                  2020063c    00000004     electrical_machinery.o (.bss.motor_speed_D)
                  20200640    00000004     (.common:start_time)
                  20200644    00000004     (.common:tick_ms)
                  20200648    00000002     (.common:IRbuf)
                  2020064a    00000001     mpu6050.o (.bss.g_i2c_nack_seen)
                  2020064b    00000001     (.common:actual_speed)
                  2020064c    00000001     (.common:s1)
                  2020064d    00000001     (.common:s2)
                  2020064e    00000001     (.common:s3)
                  2020064f    00000001     (.common:s4)
                  20200650    00000001     (.common:s5)
                  20200651    00000001     (.common:s6)
                  20200652    00000001     (.common:s7)
                  20200653    00000001     (.common:s8)

.data      0    20200654    000000ca     UNINITIALIZED
                  20200654    00000080     usart.o (.data.recv0_buff)
                  202006d4    00000004     interrupt.o (.data.GROUP1_IRQHandler.KEY1_start_time)
                  202006d8    00000004     interrupt.o (.data.GROUP1_IRQHandler.KEY2_start_time)
                  202006dc    00000004     interrupt.o (.data.GROUP1_IRQHandler.KEY3_start_time)
                  202006e0    00000004     interrupt.o (.data.GROUP1_IRQHandler.KEY4_start_time)
                  202006e4    00000004     electrical_machinery.o (.data.Velcity_Ki)
                  202006e8    00000004     electrical_machinery.o (.data.Velcity_Kp)
                  202006ec    00000004     libc.a : aeabi_portable.c.obj (.data.__aeabi_errno)
                  202006f0    00000004     line_follower.o (.data.error)
                  202006f4    00000004     line_follower.o (.data.integral)
                  202006f8    00000004     draw.o (.data.kd)
                  202006fc    00000004     draw.o (.data.ki)
                  20200700    00000004     draw.o (.data.kp)
                  20200704    00000004     line_follower.o (.data.last_error)
                  20200708    00000004     line_follower.o (.data.line_folower.last_warn_ms)
                  2020070c    00000004     empty.o (.data.main.last_sensor_ms)
                  20200710    00000004     interrupt.o (.data.nextway)
                  20200714    00000002     usart.o (.data.recv0_length)
                  20200716    00000001     draw.o (.data.base_speed)
                  20200717    00000001     line_follower.o (.data.left_flage)
                  20200718    00000001     line_follower.o (.data.line_follower_update.i2c_error_reported)
                  20200719    00000001     line_follower.o (.data.out_num)
                  2020071a    00000001     usart.o (.data.recv0_flag)
                  2020071b    00000001     draw.o (.data.stop_flag)
                  2020071c    00000001     line_follower.o (.data.trun_flage)
                  2020071d    00000001     u8x8_cad.o (.data.u8x8_cad_ssd13xx_fast_i2c.in_transfer)

.stack     0    20207e00    00000200     UNINITIALIZED
                  20207e00    00000004     libc.a : boot_cortex_m.c.obj (.stack)
                  20207e04    000001fc     --HOLE--

__llvm_prf_cnts 
*          0    20200000    00000000     UNINITIALIZED

__llvm_prf_bits 
*          0    20200000    00000000     UNINITIALIZED

MODULE SUMMARY

       Module                           code    ro data   rw data
       ------                           ----    -------   -------
    .\
       ti_msp_dl_config.o               2276    123       320    
       empty.o                          576     136       4      
       startup_mspm0g350x_ticlang.o     6       192       0      
    +--+--------------------------------+-------+---------+---------+
       Total:                           2858    451       324    
                                                                 
    .\APPLICATION\
       line_follower.o                  1336    182       31     
    +--+--------------------------------+-------+---------+---------+
       Total:                           1336    182       31     
                                                                 
    .\BSP\
       electrical_machinery.o           1060    0         56     
       mspm0_motor_i2c.o                704     0         0      
       interrupt.o                      608     0         84     
       usart.o                          160     0         131    
       clock.o                          164     0         8      
    +--+--------------------------------+-------+---------+---------+
       Total:                           2696    0         279    
                                                                 
    .\OLED\
       oled.o                           232     0         0      
       draw.o                           0       0         14     
    +--+--------------------------------+-------+---------+---------+
       Total:                           232     0         14     
                                                                 
    .\OLED\csrc\
       u8g2_d_memory.o                  12      0         1024   
       u8x8_byte.o                      906     0         0      
       u8x8_cad.o                       582     0         1      
       u8x8_d_ssd1306_128x64_noname.o   456     101       0      
       u8g2_ll_hvline.o                 532     0         0      
       u8g2_setup.o                     260     12        0      
       u8g2_buffer.o                    250     0         0      
       u8x8_display.o                   202     0         0      
       u8g2_intersection.o              94      0         0      
       u8g2_d_setup.o                   60      0         0      
       u8g2_cleardisplay.o              48      0         0      
       u8x8_setup.o                     40      0         0      
       u8g2_hvline.o                    22      0         0      
       u8g2_font.o                      16      0         0      
       u8x8_gpio.o                      10      0         0      
    +--+--------------------------------+-------+---------+---------+
       Total:                           3490    113       1025   
                                                                 
    .\mpu6050\
       mpu6050.o                        4808    0         141    
       mpu6050_service.o                652     44        4      
    +--+--------------------------------+-------+---------+---------+
       Total:                           5460    44        145    
                                                                 
    G:/MSPM0 3507/CCS/mspm0_sdk_2_10_00_04/source/ti/driverlib/lib/ticlang/m0p/mspm0g1x0x_g3x0x/driverlib.a
       dl_timer.o                       608     0         0      
       dl_sysctl_mspm0g1x0x_g3x0x.o     316     0         0      
       dl_i2c.o                         146     0         0      
       dl_uart.o                        90      0         0      
       dl_common.o                      10      0         0      
    +--+--------------------------------+-------+---------+---------+
       Total:                           1170    0         0      
                                                                 
    G:\MSPM0 3507\CCS\ccs\tools\compiler\ti-cgt-armllvm_4.0.4.LTS\lib\armv6m-ti-none-eabi/c/libc.a
       _printfi.c.obj                   4510    34        0      
       k_rem_pio2.c.obj                 1652    344       0      
       s_cosf.c.obj                     822     0         0      
       s_sinf.c.obj                     810     0         0      
       s_atanf.c.obj                    466     32        0      
       e_sqrt.c.obj                     368     0         0      
       e_asinf.c.obj                    358     0         0      
       s_floor.c.obj                    324     0         0      
       e_atan2f.c.obj                   280     0         0      
       aeabi_ctype.S.obj                0       257       0      
       s_scalbn.c.obj                   216     0         0      
       e_sqrtf.c.obj                    160     0         0      
       memcpy16.S.obj                   154     0         0      
       ti_fmax.c.obj                    126     0         0      
       copy_decompress_lzss.c.obj       124     0         0      
       memset16.S.obj                   98      0         0      
       s_frexp.c.obj                    92      0         0      
       sprintf.c.obj                    90      0         0      
       _ltoa.c.obj                      88      0         0      
       atoi.c.obj                       64      0         0      
       autoinit.c.obj                   60      0         0      
       boot_cortex_m.c.obj              40      0         0      
       memccpy.c.obj                    34      0         0      
       copy_decompress_none.c.obj       18      0         0      
       copy_zero_init.c.obj             16      0         0      
       wcslen.c.obj                     16      0         0      
       aeabi_portable.c.obj             8       0         4      
       exit.c.obj                       6       0         0      
       pre_init.c.obj                   4       0         0      
    +--+--------------------------------+-------+---------+---------+
       Total:                           11004   667       4      
                                                                 
    G:\MSPM0 3507\CCS\ccs\tools\compiler\ti-cgt-armllvm_4.0.4.LTS\lib\armv6m-ti-none-eabi/c/libsysbm.a
       hostexit.c.obj                   4       0         0      
    +--+--------------------------------+-------+---------+---------+
       Total:                           4       0         0      
                                                                 
    G:\MSPM0 3507\CCS\ccs\tools\compiler\ti-cgt-armllvm_4.0.4.LTS\lib\armv6m-ti-none-eabi/libclang_rt.builtins.a
       adddf3.S.obj                     434     0         0      
       divdf3.S.obj                     268     0         0      
       muldf3.S.obj                     244     0         0      
       addsf3.S.obj                     232     0         0      
       comparedf2.c.obj                 220     0         0      
       udivmoddi4.S.obj                 162     0         0      
       mulsf3.S.obj                     156     0         0      
       divsf3.S.obj                     146     0         0      
       comparesf2.S.obj                 118     0         0      
       truncdfsf2.S.obj                 116     0         0      
       aeabi_dcmp.S.obj                 98      0         0      
       aeabi_fcmp.S.obj                 98      0         0      
       aeabi_idivmod.S.obj              86      0         0      
       extendsfdf2.S.obj                80      0         0      
       fixdfsi.S.obj                    74      0         0      
       aeabi_uidivmod.S.obj             64      0         0      
       floatsisf.S.obj                  60      0         0      
       muldsi3.S.obj                    58      0         0      
       fixsfsi.S.obj                    56      0         0      
       floatsidf.S.obj                  44      0         0      
       floatunsisf.S.obj                40      0         0      
       muldi3.S.obj                     36      0         0      
       ashldi3.S.obj                    30      0         0      
       aeabi_memset.S.obj               26      0         0      
       aeabi_uldivmod.S.obj             20      0         0      
       aeabi_memcpy.S.obj               8       0         0      
       aeabi_div0.c.obj                 4       0         0      
    +--+--------------------------------+-------+---------+---------+
       Total:                           2978    0         0      
                                                                 
       Stack:                           0       0         512    
       Linker Generated:                0       72        0      
    +--+--------------------------------+-------+---------+---------+
       Grand Total:                     31228   1529      2334   


LINKER GENERATED COPY TABLES

__TI_cinit_table @ 00008028 records: 2, size/record: 8, table size: 16
	.data: load addr=00007ff0, load size=00000024 bytes, run addr=20200654, run size=000000ca bytes, compression=lzss
	.bss: load addr=00008020, load size=00000008 bytes, run addr=20200000, run size=00000654 bytes, compression=zero_init


LINKER GENERATED HANDLER TABLE

__TI_handler_table @ 00008014 records: 3, size/record: 4, table size: 12
	index: 0, handler: __TI_decompress_lzss
	index: 1, handler: __TI_decompress_none
	index: 2, handler: __TI_zero_init


FAR CALL TRAMPOLINES

callee name               trampoline name
   callee addr  tramp addr   call addr  call info
--------------  -----------  ---------  ----------------
__aeabi_dadd              $Tramp$TT$L$PI$$__aeabi_dadd
   000040cb     000077b0     000077ac   libc.a : k_rem_pio2.c.obj (.text.OUTLINED_FUNCTION_0)
                             000079f6          : k_rem_pio2.c.obj (.text.OUTLINED_FUNCTION_1)
                             00007a00          : s_cosf.c.obj (.text.OUTLINED_FUNCTION_3)
                             00007a0a          : s_sinf.c.obj (.text.OUTLINED_FUNCTION_3)
__aeabi_dsub              $Tramp$TT$L$PI$$__aeabi_dsub
   000040c1     000079d4     000079d2   libc.a : _printfi.c.obj (.text.OUTLINED_FUNCTION_0)
__aeabi_fmul              $Tramp$TT$L$PI$$__aeabi_fmul
   0000600d     00007a54     00007a50   libc.a : e_asinf.c.obj (.text.OUTLINED_FUNCTION_0)
__aeabi_fdiv              $Tramp$TT$L$PI$$__aeabi_fdiv
   00006121     00007a6c     00007a68   libc.a : s_atanf.c.obj (.text.OUTLINED_FUNCTION_0)
__aeabi_dmul              $Tramp$TT$L$PI$$__aeabi_dmul
   000054a1     00007a84     00007a80   libc.a : s_cosf.c.obj (.text.OUTLINED_FUNCTION_0)
                             00007a98          : s_sinf.c.obj (.text.OUTLINED_FUNCTION_0)
                             00007a9e          : s_cosf.c.obj (.text.OUTLINED_FUNCTION_1)
                             00007aa4          : s_sinf.c.obj (.text.OUTLINED_FUNCTION_1)
__aeabi_fadd              $Tramp$TT$L$PI$$__aeabi_fadd
   00005743     00007ab0     00007aae   libc.a : s_atanf.c.obj (.text.OUTLINED_FUNCTION_1)
__aeabi_f2d               $Tramp$TT$L$PI$$__aeabi_f2d
   00006fd9     00007ac4     00007ac2   libc.a : s_cosf.c.obj (.text.OUTLINED_FUNCTION_2)
                             00007ad6          : s_sinf.c.obj (.text.OUTLINED_FUNCTION_2)

[7 trampolines]
[14 trampoline calls]


GLOBAL SYMBOLS: SORTED ALPHABETICALLY BY Name 

address   name                                  
-------   ----                                  
00004253  ADC0_IRQHandler                       
00004253  ADC1_IRQHandler                       
00004253  AES_IRQHandler                        
0000630c  C$$EXIT                               
00004253  CANFD0_IRQHandler                     
00006221  CAR_CONTROL                           
00004253  DAC0_IRQHandler                       
000079c1  DL_Common_delayCycles                 
000073d1  DL_I2C_flushControllerRXFIFO          
00007119  DL_I2C_flushControllerTXFIFO          
000075bd  DL_I2C_setClockConfig                 
000076ad  DL_SYSCTL_configFCC                   
00005585  DL_SYSCTL_configSYSPLL                
00006f11  DL_SYSCTL_switchMCLKfromSYSOSCtoHSCLK 
000052a1  DL_Timer_initFourCCPWMMode            
000053a5  DL_Timer_initTimerMode                
000076c9  DL_Timer_setCaptCompUpdateMethod      
00007739  DL_Timer_setCaptureCompareOutCtl      
0000784d  DL_Timer_setCaptureCompareValue       
000076e5  DL_Timer_setClockConfig               
00006df1  DL_UART_init                          
00007815  DL_UART_setClockConfig                
00004253  DMA_IRQHandler                        
00004253  Default_Handler                       
00004253  GROUP0_IRQHandler                     
00003d71  GROUP1_IRQHandler                     
0000630d  HOSTexit                              
00004253  HardFault_Handler                     
00004253  I2C0_IRQHandler                       
00004253  I2C1_IRQHandler                       
20200648  IRbuf                                 
00001c75  MOTOR_CONTROL                         
00004253  NMI_Handler                           
00004253  PendSV_Handler                        
00004253  RTC_IRQHandler                        
00007ad9  Reset_Handler                         
00004253  SPI0_IRQHandler                       
00004253  SPI1_IRQHandler                       
00004253  SVC_Handler                           
00003f1d  SYSCFG_DL_GPIO_init                   
00007401  SYSCFG_DL_I2C1_init                   
00006c15  SYSCFG_DL_I2C_BUS_init                
0000661d  SYSCFG_DL_PWMA_init                   
00006385  SYSCFG_DL_PWMB_init                   
000063f5  SYSCFG_DL_PWMC_init                   
00006465  SYSCFG_DL_PWMD_init                   
00002305  SYSCFG_DL_SYSCTL_SYSPLL_init          
00005999  SYSCFG_DL_SYSCTL_init                 
00007701  SYSCFG_DL_SYSTICK_init                
00006e39  SYSCFG_DL_TIMER_TICK_init             
000064d5  SYSCFG_DL_UART_0_init                 
00006e81  SYSCFG_DL_init                        
00006099  SYSCFG_DL_initPower                   
0000786d  SysTick_Handler                       
00006a5d  SysTick_Init                          
00004253  TIMA0_IRQHandler                      
00004253  TIMA1_IRQHandler                      
00006755  TIMG0_IRQHandler                      
00004253  TIMG12_IRQHandler                     
00004253  TIMG6_IRQHandler                      
00004253  TIMG7_IRQHandler                      
00004253  TIMG8_IRQHandler                      
00006ab5  UART0_IRQHandler                      
00004253  UART1_IRQHandler                      
00004253  UART2_IRQHandler                      
00004253  UART3_IRQHandler                      
00007751  USART_Init                            
00007431  USART_SendString                      
202006e4  Velcity_Ki                            
202006e8  Velcity_Kp                            
20208000  __STACK_END                           
00000200  __STACK_SIZE                          
00000000  __TI_ATRegion0_region_sz              
00000000  __TI_ATRegion0_src_addr               
00000000  __TI_ATRegion0_trg_addr               
00000000  __TI_ATRegion1_region_sz              
00000000  __TI_ATRegion1_src_addr               
00000000  __TI_ATRegion1_trg_addr               
00000000  __TI_ATRegion2_region_sz              
00000000  __TI_ATRegion2_src_addr               
00000000  __TI_ATRegion2_trg_addr               
00008028  __TI_CINIT_Base                       
00008038  __TI_CINIT_Limit                      
00008038  __TI_CINIT_Warm                       
00008014  __TI_Handler_Table_Base               
00008020  __TI_Handler_Table_Limit              
00007245  __TI_auto_init_nobinit_nopinit        
000061a5  __TI_decompress_lzss                  
00007839  __TI_decompress_none                  
00006b0d  __TI_ltoa                             
ffffffff  __TI_pprof_out_hndl                   
000000c1  __TI_printfi                          
ffffffff  __TI_prof_data_size                   
ffffffff  __TI_prof_data_start                  
00000000  __TI_static_base__                    
000078ad  __TI_zero_init                        
000040cb  __adddf3                              
00005743  __addsf3                              
00007c00  __aeabi_ctype_table_                  
00007c00  __aeabi_ctype_table_C                 
00006311  __aeabi_d2f                           
00006d5d  __aeabi_d2iz                          
000040cb  __aeabi_dadd                          
000067b9  __aeabi_dcmpeq                        
000067f5  __aeabi_dcmpge                        
00006809  __aeabi_dcmpgt                        
000067e1  __aeabi_dcmple                        
000067cd  __aeabi_dcmplt                        
00005195  __aeabi_ddiv                          
000054a1  __aeabi_dmul                          
000040c1  __aeabi_dsub                          
202006ec  __aeabi_errno                         
00007a2d  __aeabi_errno_addr                    
00006fd9  __aeabi_f2d                           
000072f9  __aeabi_f2iz                          
00005743  __aeabi_fadd                          
0000681d  __aeabi_fcmpeq                        
00006859  __aeabi_fcmpge                        
0000686d  __aeabi_fcmpgt                        
00006845  __aeabi_fcmple                        
00006831  __aeabi_fcmplt                        
00006121  __aeabi_fdiv                          
0000600d  __aeabi_fmul                          
00005739  __aeabi_fsub                          
000074c1  __aeabi_i2d                           
00007155  __aeabi_i2f                           
00006bbd  __aeabi_idiv                          
00005cf7  __aeabi_idiv0                         
00006bbd  __aeabi_idivmod                       
0000600b  __aeabi_ldiv0                         
00007671  __aeabi_llsl                          
000075e5  __aeabi_lmul                          
00007991  __aeabi_memclr                        
00007991  __aeabi_memclr4                       
00007991  __aeabi_memclr8                       
00007a35  __aeabi_memcpy                        
00007a35  __aeabi_memcpy4                       
00007a35  __aeabi_memcpy8                       
000078bd  __aeabi_memset                        
000078bd  __aeabi_memset4                       
000078bd  __aeabi_memset8                       
00007545  __aeabi_ui2f                          
00006f99  __aeabi_uidiv                         
00006f99  __aeabi_uidivmod                      
000077ed  __aeabi_uldivmod                      
00007671  __ashldi3                             
ffffffff  __binit__                             
00006685  __cmpdf2                              
00007281  __cmpsf2                              
00005195  __divdf3                              
00006121  __divsf3                              
00006685  __eqdf2                               
00007281  __eqsf2                               
00006fd9  __extendsfdf2                         
00006d5d  __fixdfsi                             
000072f9  __fixsfsi                             
000074c1  __floatsidf                           
00007155  __floatsisf                           
00007545  __floatunsisf                         
00006299  __gedf2                               
00007191  __gesf2                               
00006299  __gtdf2                               
00007191  __gtsf2                               
0000122d  __kernel_rem_pio2                     
00006685  __ledf2                               
00007281  __lesf2                               
00006685  __ltdf2                               
00007281  __ltsf2                               
UNDEFED   __mpu_init                            
000054a1  __muldf3                              
000075e5  __muldi3                              
000072bd  __muldsi3                             
0000600d  __mulsf3                              
00006685  __nedf2                               
00007281  __nesf2                               
20207e00  __stack                               
20200000  __start___llvm_prf_bits               
20200000  __start___llvm_prf_cnts               
20200000  __stop___llvm_prf_bits                
20200000  __stop___llvm_prf_cnts                
000040c1  __subdf3                              
00005739  __subsf3                              
00006311  __truncdfsf2                          
00005c55  __udivmoddi4                          
00007595  _c_int00_noargs                       
UNDEFED   _system_post_cinit                    
00007add  _system_pre_init                      
00007aa7  abort                                 
2020064b  actual_speed                          
00004825  asinf                                 
00004f69  atan2f                                
00003661  atanf                                 
00007019  atoi                                  
20200716  base_speed                            
ffffffff  binit                                 
00006f55  car_run                               
0000787d  car_stop                              
0000348d  cosf                                  
00004985  floor                                 
00004985  floorl                                
00007059  fmaxf                                 
000070d9  fminf                                 
00006a01  frexp                                 
00006a01  frexpl                                
20200400  gPWMBBackup                           
202004a0  gPWMDBackup                           
00007099  get_encoder_count                     
00000000  interruptVectors                      
202006f8  kd                                    
202006fc  ki                                    
20200700  kp                                    
00005661  ldexp                                 
00005661  ldexpl                                
20200717  left_flage                            
000058dd  line_follower_update                  
00001871  line_folower                          
000027fd  main                                  
0000762d  memccpy                               
00005f71  memcpy                                
0000687f  memset                                
00007a3d  mpu6050_delay_ms                      
00007a45  mpu6050_get_data                      
00004c05  mpu6050_init                          
0000799d  mpu6050_millis                        
000025ad  mpu6050_service_init                  
00000a91  mpu6050_update                        
00007369  mspm0_delay_ms                        
00007781  mspm0_get_clock_ms                    
00002045  mspm0_motor_i2c_read_direct           
20200710  nextway                               
20200719  out_num                               
20200654  recv0_buff                            
2020071a  recv0_flag                            
20200714  recv0_length                          
2020064c  s1                                    
2020064d  s2                                    
2020064e  s3                                    
2020064f  s4                                    
20200650  s5                                    
20200651  s6                                    
20200652  s7                                    
20200653  s8                                    
00005661  scalbn                                
00005661  scalbnl                               
00003829  sinf                                  
00007331  sprintf                               
0000454d  sqrt                                  
00005cf9  sqrtf                                 
0000454d  sqrtl                                 
20200640  start_time                            
2020071b  stop_flag                             
20200644  tick_ms                               
2020071c  trun_flage                            
00006ec9  u8g2Init                              
000077c1  u8g2_ClearBuffer                      
00007491  u8g2_ClearDisplay                     
000074ed  u8g2_FirstPage                        
000069a1  u8g2_IsIntersection                   
00006da7  u8g2_NextPage                         
0000771d  u8g2_SetBufferCurrTileRow             
000079a9  u8g2_SetFontPosBaseline               
000068e1  u8g2_SetupBuffer                      
00007209  u8g2_Setup_ssd1306_i2c_128x64_noname_f
00007f78  u8g2_cb_r0                            
000077d7  u8g2_draw_hv_line_2dir                
0000788d  u8g2_draw_l90_r0                      
00007ae1  u8g2_font_calc_vref_font              
0000309d  u8g2_ll_hvline_vertical_top_lsb       
000079b5  u8g2_m_16_8_f                         
0000739d  u8g2_update_dimension_r0              
00006941  u8g2_update_page_win_r0               
0000768f  u8x8_DrawTile                         
000078e7  u8x8_InitDisplay                      
000078f5  u8x8_RefreshDisplay                   
00007903  u8x8_SetPowerSave                     
0000756d  u8x8_Setup                            
00007911  u8x8_SetupMemory                      
0000791f  u8x8_byte_EndTransfer                 
00007827  u8x8_byte_SendByte                    
0000792d  u8x8_byte_SendBytes                   
0000793b  u8x8_byte_StartTransfer               
00004255  u8x8_byte_sw_i2c                      
00007949  u8x8_cad_EndTransfer                  
00007957  u8x8_cad_SendArg                      
00007965  u8x8_cad_SendCmd                      
00007973  u8x8_cad_SendData                     
00006545  u8x8_cad_SendSequence                 
00007981  u8x8_cad_StartTransfer                
000046bd  u8x8_cad_ssd13xx_fast_i2c             
000065b1  u8x8_d_helper_display_init            
00007a17  u8x8_d_helper_display_setup_memory    
00006d11  u8x8_d_ssd1306_128x64_noname          
00005d99  u8x8_gpio_and_delay                   
00007a21  u8x8_gpio_call                        
0000789d  wcslen                                


GLOBAL SYMBOLS: SORTED BY Symbol Address 

address   name                                  
-------   ----                                  
00000000  __TI_ATRegion0_region_sz              
00000000  __TI_ATRegion0_src_addr               
00000000  __TI_ATRegion0_trg_addr               
00000000  __TI_ATRegion1_region_sz              
00000000  __TI_ATRegion1_src_addr               
00000000  __TI_ATRegion1_trg_addr               
00000000  __TI_ATRegion2_region_sz              
00000000  __TI_ATRegion2_src_addr               
00000000  __TI_ATRegion2_trg_addr               
00000000  __TI_static_base__                    
00000000  interruptVectors                      
000000c1  __TI_printfi                          
00000200  __STACK_SIZE                          
00000a91  mpu6050_update                        
0000122d  __kernel_rem_pio2                     
00001871  line_folower                          
00001c75  MOTOR_CONTROL                         
00002045  mspm0_motor_i2c_read_direct           
00002305  SYSCFG_DL_SYSCTL_SYSPLL_init          
000025ad  mpu6050_service_init                  
000027fd  main                                  
0000309d  u8g2_ll_hvline_vertical_top_lsb       
0000348d  cosf                                  
00003661  atanf                                 
00003829  sinf                                  
00003d71  GROUP1_IRQHandler                     
00003f1d  SYSCFG_DL_GPIO_init                   
000040c1  __aeabi_dsub                          
000040c1  __subdf3                              
000040cb  __adddf3                              
000040cb  __aeabi_dadd                          
00004253  ADC0_IRQHandler                       
00004253  ADC1_IRQHandler                       
00004253  AES_IRQHandler                        
00004253  CANFD0_IRQHandler                     
00004253  DAC0_IRQHandler                       
00004253  DMA_IRQHandler                        
00004253  Default_Handler                       
00004253  GROUP0_IRQHandler                     
00004253  HardFault_Handler                     
00004253  I2C0_IRQHandler                       
00004253  I2C1_IRQHandler                       
00004253  NMI_Handler                           
00004253  PendSV_Handler                        
00004253  RTC_IRQHandler                        
00004253  SPI0_IRQHandler                       
00004253  SPI1_IRQHandler                       
00004253  SVC_Handler                           
00004253  TIMA0_IRQHandler                      
00004253  TIMA1_IRQHandler                      
00004253  TIMG12_IRQHandler                     
00004253  TIMG6_IRQHandler                      
00004253  TIMG7_IRQHandler                      
00004253  TIMG8_IRQHandler                      
00004253  UART1_IRQHandler                      
00004253  UART2_IRQHandler                      
00004253  UART3_IRQHandler                      
00004255  u8x8_byte_sw_i2c                      
0000454d  sqrt                                  
0000454d  sqrtl                                 
000046bd  u8x8_cad_ssd13xx_fast_i2c             
00004825  asinf                                 
00004985  floor                                 
00004985  floorl                                
00004c05  mpu6050_init                          
00004f69  atan2f                                
00005195  __aeabi_ddiv                          
00005195  __divdf3                              
000052a1  DL_Timer_initFourCCPWMMode            
000053a5  DL_Timer_initTimerMode                
000054a1  __aeabi_dmul                          
000054a1  __muldf3                              
00005585  DL_SYSCTL_configSYSPLL                
00005661  ldexp                                 
00005661  ldexpl                                
00005661  scalbn                                
00005661  scalbnl                               
00005739  __aeabi_fsub                          
00005739  __subsf3                              
00005743  __addsf3                              
00005743  __aeabi_fadd                          
000058dd  line_follower_update                  
00005999  SYSCFG_DL_SYSCTL_init                 
00005c55  __udivmoddi4                          
00005cf7  __aeabi_idiv0                         
00005cf9  sqrtf                                 
00005d99  u8x8_gpio_and_delay                   
00005f71  memcpy                                
0000600b  __aeabi_ldiv0                         
0000600d  __aeabi_fmul                          
0000600d  __mulsf3                              
00006099  SYSCFG_DL_initPower                   
00006121  __aeabi_fdiv                          
00006121  __divsf3                              
000061a5  __TI_decompress_lzss                  
00006221  CAR_CONTROL                           
00006299  __gedf2                               
00006299  __gtdf2                               
0000630c  C$$EXIT                               
0000630d  HOSTexit                              
00006311  __aeabi_d2f                           
00006311  __truncdfsf2                          
00006385  SYSCFG_DL_PWMB_init                   
000063f5  SYSCFG_DL_PWMC_init                   
00006465  SYSCFG_DL_PWMD_init                   
000064d5  SYSCFG_DL_UART_0_init                 
00006545  u8x8_cad_SendSequence                 
000065b1  u8x8_d_helper_display_init            
0000661d  SYSCFG_DL_PWMA_init                   
00006685  __cmpdf2                              
00006685  __eqdf2                               
00006685  __ledf2                               
00006685  __ltdf2                               
00006685  __nedf2                               
00006755  TIMG0_IRQHandler                      
000067b9  __aeabi_dcmpeq                        
000067cd  __aeabi_dcmplt                        
000067e1  __aeabi_dcmple                        
000067f5  __aeabi_dcmpge                        
00006809  __aeabi_dcmpgt                        
0000681d  __aeabi_fcmpeq                        
00006831  __aeabi_fcmplt                        
00006845  __aeabi_fcmple                        
00006859  __aeabi_fcmpge                        
0000686d  __aeabi_fcmpgt                        
0000687f  memset                                
000068e1  u8g2_SetupBuffer                      
00006941  u8g2_update_page_win_r0               
000069a1  u8g2_IsIntersection                   
00006a01  frexp                                 
00006a01  frexpl                                
00006a5d  SysTick_Init                          
00006ab5  UART0_IRQHandler                      
00006b0d  __TI_ltoa                             
00006bbd  __aeabi_idiv                          
00006bbd  __aeabi_idivmod                       
00006c15  SYSCFG_DL_I2C_BUS_init                
00006d11  u8x8_d_ssd1306_128x64_noname          
00006d5d  __aeabi_d2iz                          
00006d5d  __fixdfsi                             
00006da7  u8g2_NextPage                         
00006df1  DL_UART_init                          
00006e39  SYSCFG_DL_TIMER_TICK_init             
00006e81  SYSCFG_DL_init                        
00006ec9  u8g2Init                              
00006f11  DL_SYSCTL_switchMCLKfromSYSOSCtoHSCLK 
00006f55  car_run                               
00006f99  __aeabi_uidiv                         
00006f99  __aeabi_uidivmod                      
00006fd9  __aeabi_f2d                           
00006fd9  __extendsfdf2                         
00007019  atoi                                  
00007059  fmaxf                                 
00007099  get_encoder_count                     
000070d9  fminf                                 
00007119  DL_I2C_flushControllerTXFIFO          
00007155  __aeabi_i2f                           
00007155  __floatsisf                           
00007191  __gesf2                               
00007191  __gtsf2                               
00007209  u8g2_Setup_ssd1306_i2c_128x64_noname_f
00007245  __TI_auto_init_nobinit_nopinit        
00007281  __cmpsf2                              
00007281  __eqsf2                               
00007281  __lesf2                               
00007281  __ltsf2                               
00007281  __nesf2                               
000072bd  __muldsi3                             
000072f9  __aeabi_f2iz                          
000072f9  __fixsfsi                             
00007331  sprintf                               
00007369  mspm0_delay_ms                        
0000739d  u8g2_update_dimension_r0              
000073d1  DL_I2C_flushControllerRXFIFO          
00007401  SYSCFG_DL_I2C1_init                   
00007431  USART_SendString                      
00007491  u8g2_ClearDisplay                     
000074c1  __aeabi_i2d                           
000074c1  __floatsidf                           
000074ed  u8g2_FirstPage                        
00007545  __aeabi_ui2f                          
00007545  __floatunsisf                         
0000756d  u8x8_Setup                            
00007595  _c_int00_noargs                       
000075bd  DL_I2C_setClockConfig                 
000075e5  __aeabi_lmul                          
000075e5  __muldi3                              
0000762d  memccpy                               
00007671  __aeabi_llsl                          
00007671  __ashldi3                             
0000768f  u8x8_DrawTile                         
000076ad  DL_SYSCTL_configFCC                   
000076c9  DL_Timer_setCaptCompUpdateMethod      
000076e5  DL_Timer_setClockConfig               
00007701  SYSCFG_DL_SYSTICK_init                
0000771d  u8g2_SetBufferCurrTileRow             
00007739  DL_Timer_setCaptureCompareOutCtl      
00007751  USART_Init                            
00007781  mspm0_get_clock_ms                    
000077c1  u8g2_ClearBuffer                      
000077d7  u8g2_draw_hv_line_2dir                
000077ed  __aeabi_uldivmod                      
00007815  DL_UART_setClockConfig                
00007827  u8x8_byte_SendByte                    
00007839  __TI_decompress_none                  
0000784d  DL_Timer_setCaptureCompareValue       
0000786d  SysTick_Handler                       
0000787d  car_stop                              
0000788d  u8g2_draw_l90_r0                      
0000789d  wcslen                                
000078ad  __TI_zero_init                        
000078bd  __aeabi_memset                        
000078bd  __aeabi_memset4                       
000078bd  __aeabi_memset8                       
000078e7  u8x8_InitDisplay                      
000078f5  u8x8_RefreshDisplay                   
00007903  u8x8_SetPowerSave                     
00007911  u8x8_SetupMemory                      
0000791f  u8x8_byte_EndTransfer                 
0000792d  u8x8_byte_SendBytes                   
0000793b  u8x8_byte_StartTransfer               
00007949  u8x8_cad_EndTransfer                  
00007957  u8x8_cad_SendArg                      
00007965  u8x8_cad_SendCmd                      
00007973  u8x8_cad_SendData                     
00007981  u8x8_cad_StartTransfer                
00007991  __aeabi_memclr                        
00007991  __aeabi_memclr4                       
00007991  __aeabi_memclr8                       
0000799d  mpu6050_millis                        
000079a9  u8g2_SetFontPosBaseline               
000079b5  u8g2_m_16_8_f                         
000079c1  DL_Common_delayCycles                 
00007a17  u8x8_d_helper_display_setup_memory    
00007a21  u8x8_gpio_call                        
00007a2d  __aeabi_errno_addr                    
00007a35  __aeabi_memcpy                        
00007a35  __aeabi_memcpy4                       
00007a35  __aeabi_memcpy8                       
00007a3d  mpu6050_delay_ms                      
00007a45  mpu6050_get_data                      
00007aa7  abort                                 
00007ad9  Reset_Handler                         
00007add  _system_pre_init                      
00007ae1  u8g2_font_calc_vref_font              
00007c00  __aeabi_ctype_table_                  
00007c00  __aeabi_ctype_table_C                 
00007f78  u8g2_cb_r0                            
00008014  __TI_Handler_Table_Base               
00008020  __TI_Handler_Table_Limit              
00008028  __TI_CINIT_Base                       
00008038  __TI_CINIT_Limit                      
00008038  __TI_CINIT_Warm                       
20200000  __start___llvm_prf_bits               
20200000  __start___llvm_prf_cnts               
20200000  __stop___llvm_prf_bits                
20200000  __stop___llvm_prf_cnts                
20200400  gPWMBBackup                           
202004a0  gPWMDBackup                           
20200640  start_time                            
20200644  tick_ms                               
20200648  IRbuf                                 
2020064b  actual_speed                          
2020064c  s1                                    
2020064d  s2                                    
2020064e  s3                                    
2020064f  s4                                    
20200650  s5                                    
20200651  s6                                    
20200652  s7                                    
20200653  s8                                    
20200654  recv0_buff                            
202006e4  Velcity_Ki                            
202006e8  Velcity_Kp                            
202006ec  __aeabi_errno                         
202006f8  kd                                    
202006fc  ki                                    
20200700  kp                                    
20200710  nextway                               
20200714  recv0_length                          
20200716  base_speed                            
20200717  left_flage                            
20200719  out_num                               
2020071a  recv0_flag                            
2020071b  stop_flag                             
2020071c  trun_flage                            
20207e00  __stack                               
20208000  __STACK_END                           
ffffffff  __TI_pprof_out_hndl                   
ffffffff  __TI_prof_data_size                   
ffffffff  __TI_prof_data_start                  
ffffffff  __binit__                             
ffffffff  binit                                 
UNDEFED   __mpu_init                            
UNDEFED   _system_post_cinit                    

[295 symbols]
