******************************************************************************
            TI ARM Clang Linker PC v4.0.4                      
******************************************************************************
>> Linked Thu Jul  9 21:09:08 2026

OUTPUT FILE NAME:   <Autocar.out>
ENTRY POINT SYMBOL: "_c_int00_noargs"  address: 00001339


MEMORY CONFIGURATION

         name            origin    length      used     unused   attr    fill
----------------------  --------  ---------  --------  --------  ----  --------
  FLASH                 00000000   00020000  00001540  0001eac0  R  X
  SRAM                  20200000   00008000  000003a6  00007c5a  RW X
  BCR_CONFIG            41c00000   000000ff  00000000  000000ff  R   
  BSL_CONFIG            41c00100   00000080  00000000  00000080  R   


SEGMENT ALLOCATION MAP

run origin  load origin   length   init length attrs members
----------  ----------- ---------- ----------- ----- -------
00000000    00000000    00001540   00001540    r-x
  00000000    00000000    000000c0   000000c0    r-- .intvecs
  000000c0    000000c0    000013d0   000013d0    r-x .text
  00001490    00001490    00000080   00000080    r-- .rodata
  00001510    00001510    00000030   00000030    r-- .cinit
20200000    20200000    000001a8   00000000    rw-
  20200000    20200000    00000192   00000000    rw- .bss
  20200194    20200194    00000014   00000000    rw- .data
20207e00    20207e00    00000200   00000000    rw-
  20207e00    20207e00    00000200   00000000    rw- .stack


SECTION ALLOCATION MAP

 output                                  attributes/
section   page    origin      length       input sections
--------  ----  ----------  ----------   ----------------
.intvecs   0    00000000    000000c0     
                  00000000    000000c0     startup_mspm0g350x_ticlang.o (.intvecs)

.text      0    000000c0    000013d0     
                  000000c0    000002a8     ti_msp_dl_config.o (.text.SYSCFG_DL_SYSCTL_SYSPLL_init)
                  00000368    000001bc     interrupt.o (.text.GROUP1_IRQHandler)
                  00000524    00000174     ti_msp_dl_config.o (.text.SYSCFG_DL_GPIO_init)
                  00000698    00000164     mspm0_motor_i2c.o (.text.mspm0_motor_i2c_read)
                  000007fc    00000104     driverlib.a : dl_timer.o (.text.DL_Timer_initFourCCPWMMode)
                  00000900    000000fc                 : dl_timer.o (.text.DL_Timer_initTimerMode)
                  000009fc    000000dc                 : dl_sysctl_mspm0g1x0x_g3x0x.o (.text.DL_SYSCTL_configSYSPLL)
                  00000ad8    000000b8     ti_msp_dl_config.o (.text.SYSCFG_DL_SYSCTL_init)
                  00000b90    0000009a     libc.a : memcpy16.S.obj (.text:memcpy)
                  00000c2a    00000002     startup_mspm0g350x_ticlang.o (.text.Default_Handler)
                  00000c2c    0000008c     ti_msp_dl_config.o (.text.SYSCFG_DL_UART_2_init)
                  00000cb8    0000007c     ti_msp_dl_config.o (.text.SYSCFG_DL_initPower)
                  00000d34    0000007c     libc.a : copy_decompress_lzss.c.obj (.text:decompress:lzss)
                  00000db0    00000078     line_follower.o (.text.line_follower_update)
                  00000e28    00000074     ti_msp_dl_config.o (.text.SYSCFG_DL_PWMB_init)
                  00000e9c    00000074     ti_msp_dl_config.o (.text.SYSCFG_DL_PWMC_init)
                  00000f10    00000074     ti_msp_dl_config.o (.text.SYSCFG_DL_PWMD_init)
                  00000f84    0000006c     ti_msp_dl_config.o (.text.SYSCFG_DL_PWMA_init)
                  00000ff0    00000064     interrupt.o (.text.TIMG0_IRQHandler)
                  00001054    00000058     clock.o (.text.SysTick_Init)
                  000010ac    00000054     ti_msp_dl_config.o (.text.SYSCFG_DL_I2C_BUS_init)
                  00001100    00000048     driverlib.a : dl_uart.o (.text.DL_UART_init)
                  00001148    00000048     ti_msp_dl_config.o (.text.SYSCFG_DL_TIMER_TICK_init)
                  00001190    00000044     driverlib.a : dl_sysctl_mspm0g1x0x_g3x0x.o (.text.DL_SYSCTL_switchMCLKfromSYSOSCtoHSCLK)
                  000011d4    00000040     ti_msp_dl_config.o (.text.SYSCFG_DL_init)
                  00001214    00000040     libclang_rt.builtins.a : aeabi_uidivmod.S.obj (.text.__aeabi_uidivmod)
                  00001254    0000003c     driverlib.a : dl_i2c.o (.text.DL_I2C_flushControllerTXFIFO)
                  00001290    0000003c     libc.a : autoinit.c.obj (.text:__TI_auto_init_nobinit_nopinit)
                  000012cc    00000038     empty.o (.text.main)
                  00001304    00000034     clock.o (.text.mspm0_delay_ms)
                  00001338    00000028     libc.a : boot_cortex_m.c.obj (.text:_c_int00_noargs)
                  00001360    00000026     driverlib.a : dl_i2c.o (.text.DL_I2C_setClockConfig)
                  00001386    00000002     libclang_rt.builtins.a : aeabi_div0.c.obj (.text.__aeabi_idiv0)
                  00001388    0000001c     driverlib.a : dl_sysctl_mspm0g1x0x_g3x0x.o (.text.DL_SYSCTL_configFCC)
                  000013a4    0000001c                 : dl_timer.o (.text.DL_Timer_setCaptCompUpdateMethod)
                  000013c0    0000001c                 : dl_timer.o (.text.DL_Timer_setClockConfig)
                  000013dc    00000018                 : dl_timer.o (.text.DL_Timer_setCaptureCompareOutCtl)
                  000013f4    00000018     clock.o (.text.mspm0_get_clock_ms)
                  0000140c    00000016     libc.a : copy_zero_init.c.obj (.text:decompress:ZI:__TI_zero_init_nomemset)
                  00001422    00000012     driverlib.a : dl_uart.o (.text.DL_UART_setClockConfig)
                  00001434    00000012     libc.a : copy_decompress_none.c.obj (.text:decompress:none)
                  00001446    00000002     --HOLE-- [fill = 0]
                  00001448    00000010     driverlib.a : dl_timer.o (.text.DL_Timer_setCaptureCompareValue)
                  00001458    00000010     interrupt.o (.text.SysTick_Handler)
                  00001468    0000000a     driverlib.a : dl_common.o (.text.DL_Common_delayCycles)
                  00001472    00000002     --HOLE-- [fill = 0]
                  00001474    00000008     libclang_rt.builtins.a : aeabi_memcpy.S.obj (.text.__aeabi_memcpy)
                  0000147c    00000006     libc.a : exit.c.obj (.text:abort)
                  00001482    00000004     libsysbm.a : hostexit.c.obj (.text.HOSTexit)
                  00001486    00000004     startup_mspm0g350x_ticlang.o (.text.Reset_Handler)
                  0000148a    00000004     libc.a : pre_init.c.obj (.text._system_pre_init)
                  0000148e    00000002     --HOLE-- [fill = 0]

.cinit     0    00001510    00000030     
                  00001510    0000000c     (__TI_handler_table)
                  0000151c    00000008     (.cinit..bss.load) [load image, compression = zero_init]
                  00001524    00000008     (.cinit..data.load) [load image, compression = lzss]
                  0000152c    00000010     (__TI_cinit_table)
                  0000153c    00000004     --HOLE-- [fill = 0]

.rodata    0    00001490    00000080     
                  00001490    00000028     ti_msp_dl_config.o (.rodata.gSYSPLLConfig)
                  000014b8    00000014     ti_msp_dl_config.o (.rodata.gTIMER_TICKTimerConfig)
                  000014cc    0000000a     ti_msp_dl_config.o (.rodata.gUART_2Config)
                  000014d6    00000002     ti_msp_dl_config.o (.rodata.gI2C_BUSClockConfig)
                  000014d8    00000008     ti_msp_dl_config.o (.rodata.gPWMAConfig)
                  000014e0    00000008     ti_msp_dl_config.o (.rodata.gPWMBConfig)
                  000014e8    00000008     ti_msp_dl_config.o (.rodata.gPWMCConfig)
                  000014f0    00000008     ti_msp_dl_config.o (.rodata.gPWMDConfig)
                  000014f8    00000003     ti_msp_dl_config.o (.rodata.gPWMAClockConfig)
                  000014fb    00000003     ti_msp_dl_config.o (.rodata.gPWMBClockConfig)
                  000014fe    00000003     ti_msp_dl_config.o (.rodata.gPWMCClockConfig)
                  00001501    00000003     ti_msp_dl_config.o (.rodata.gPWMDClockConfig)
                  00001504    00000003     ti_msp_dl_config.o (.rodata.gTIMER_TICKClockConfig)
                  00001507    00000002     ti_msp_dl_config.o (.rodata.gUART_2ClockConfig)
                  00001509    00000007     --HOLE-- [fill = 0]

.init_array 
*          0    00000000    00000000     UNINITIALIZED

.binit     0    00000000    00000000     

.bss       0    20200000    00000192     UNINITIALIZED
                  20200000    000000a0     (.common:gPWMBBackup)
                  202000a0    000000a0     (.common:gPWMDBackup)
                  20200140    00000010     interrupt.o (.bss.motor_encoderA)
                  20200150    00000010     interrupt.o (.bss.motor_encoderB)
                  20200160    00000010     interrupt.o (.bss.motor_encoderC)
                  20200170    00000010     interrupt.o (.bss.motor_encoderD)
                  20200180    00000004     (.common:start_time)
                  20200184    00000004     (.common:tick_ms)
                  20200188    00000002     (.common:IRbuf)
                  2020018a    00000001     (.common:s1)
                  2020018b    00000001     (.common:s2)
                  2020018c    00000001     (.common:s3)
                  2020018d    00000001     (.common:s4)
                  2020018e    00000001     (.common:s5)
                  2020018f    00000001     (.common:s6)
                  20200190    00000001     (.common:s7)
                  20200191    00000001     (.common:s8)

.data      0    20200194    00000014     UNINITIALIZED
                  20200194    00000004     interrupt.o (.data.GROUP1_IRQHandler.KEY1_start_time)
                  20200198    00000004     interrupt.o (.data.GROUP1_IRQHandler.KEY2_start_time)
                  2020019c    00000004     interrupt.o (.data.GROUP1_IRQHandler.KEY3_start_time)
                  202001a0    00000004     interrupt.o (.data.GROUP1_IRQHandler.KEY4_start_time)
                  202001a4    00000004     interrupt.o (.data.nextway)

.stack     0    20207e00    00000200     UNINITIALIZED
                  20207e00    00000004     libc.a : boot_cortex_m.c.obj (.stack)
                  20207e04    000001fc     --HOLE--

__llvm_prf_cnts 
*          0    20200000    00000000     UNINITIALIZED

__llvm_prf_bits 
*          0    20200000    00000000     UNINITIALIZED

MODULE SUMMARY

       Module                         code   ro data   rw data
       ------                         ----   -------   -------
    .\
       ti_msp_dl_config.o             2176   121       320    
       startup_mspm0g350x_ticlang.o   6      192       0      
       empty.o                        56     0         0      
    +--+------------------------------+------+---------+---------+
       Total:                         2238   313       320    
                                                              
    .\APPLICATION\
       line_follower.o                120    0         10     
    +--+------------------------------+------+---------+---------+
       Total:                         120    0         10     
                                                              
    .\BSP\
       interrupt.o                    560    0         84     
       mspm0_motor_i2c.o              356    0         0      
       clock.o                        164    0         8      
    +--+------------------------------+------+---------+---------+
       Total:                         1080   0         92     
                                                              
    G:/MSPM0 3507/CCS/mspm0_sdk_2_10_00_04/source/ti/driverlib/lib/ticlang/m0p/mspm0g1x0x_g3x0x/driverlib.a
       dl_timer.o                     608    0         0      
       dl_sysctl_mspm0g1x0x_g3x0x.o   316    0         0      
       dl_i2c.o                       98     0         0      
       dl_uart.o                      90     0         0      
       dl_common.o                    10     0         0      
    +--+------------------------------+------+---------+---------+
       Total:                         1122   0         0      
                                                              
    G:\MSPM0 3507\CCS\ccs\tools\compiler\ti-cgt-armllvm_4.0.4.LTS\lib\armv6m-ti-none-eabi/c/libc.a
       memcpy16.S.obj                 154    0         0      
       copy_decompress_lzss.c.obj     124    0         0      
       autoinit.c.obj                 60     0         0      
       boot_cortex_m.c.obj            40     0         0      
       copy_zero_init.c.obj           22     0         0      
       copy_decompress_none.c.obj     18     0         0      
       exit.c.obj                     6      0         0      
       pre_init.c.obj                 4      0         0      
    +--+------------------------------+------+---------+---------+
       Total:                         428    0         0      
                                                              
    G:\MSPM0 3507\CCS\ccs\tools\compiler\ti-cgt-armllvm_4.0.4.LTS\lib\armv6m-ti-none-eabi/c/libsysbm.a
       hostexit.c.obj                 4      0         0      
    +--+------------------------------+------+---------+---------+
       Total:                         4      0         0      
                                                              
    G:\MSPM0 3507\CCS\ccs\tools\compiler\ti-cgt-armllvm_4.0.4.LTS\lib\armv6m-ti-none-eabi/libclang_rt.builtins.a
       aeabi_uidivmod.S.obj           64     0         0      
       aeabi_memcpy.S.obj             8      0         0      
       aeabi_div0.c.obj               2      0         0      
    +--+------------------------------+------+---------+---------+
       Total:                         74     0         0      
                                                              
       Stack:                         0      0         512    
       Linker Generated:              0      44        0      
    +--+------------------------------+------+---------+---------+
       Grand Total:                   5066   357       934    


LINKER GENERATED COPY TABLES

__TI_cinit_table @ 0000152c records: 2, size/record: 8, table size: 16
	.bss: load addr=0000151c, load size=00000008 bytes, run addr=20200000, run size=00000192 bytes, compression=zero_init
	.data: load addr=00001524, load size=00000008 bytes, run addr=20200194, run size=00000014 bytes, compression=lzss


LINKER GENERATED HANDLER TABLE

__TI_handler_table @ 00001510 records: 3, size/record: 4, table size: 12
	index: 0, handler: __TI_decompress_lzss
	index: 1, handler: __TI_decompress_none
	index: 2, handler: __TI_zero_init


GLOBAL SYMBOLS: SORTED ALPHABETICALLY BY Name 

address   name                                 
-------   ----                                 
00000c2b  ADC0_IRQHandler                      
00000c2b  ADC1_IRQHandler                      
00000c2b  AES_IRQHandler                       
00001482  C$$EXIT                              
00000c2b  CANFD0_IRQHandler                    
00000c2b  DAC0_IRQHandler                      
00001469  DL_Common_delayCycles                
00001255  DL_I2C_flushControllerTXFIFO         
00001361  DL_I2C_setClockConfig                
00001389  DL_SYSCTL_configFCC                  
000009fd  DL_SYSCTL_configSYSPLL               
00001191  DL_SYSCTL_switchMCLKfromSYSOSCtoHSCLK
000007fd  DL_Timer_initFourCCPWMMode           
00000901  DL_Timer_initTimerMode               
000013a5  DL_Timer_setCaptCompUpdateMethod     
000013dd  DL_Timer_setCaptureCompareOutCtl     
00001449  DL_Timer_setCaptureCompareValue      
000013c1  DL_Timer_setClockConfig              
00001101  DL_UART_init                         
00001423  DL_UART_setClockConfig               
00000c2b  DMA_IRQHandler                       
00000c2b  Default_Handler                      
00000c2b  GROUP0_IRQHandler                    
00000369  GROUP1_IRQHandler                    
00001483  HOSTexit                             
00000c2b  HardFault_Handler                    
00000c2b  I2C0_IRQHandler                      
00000c2b  I2C1_IRQHandler                      
20200188  IRbuf                                
00000c2b  NMI_Handler                          
00000c2b  PendSV_Handler                       
00000c2b  RTC_IRQHandler                       
00001487  Reset_Handler                        
00000c2b  SPI0_IRQHandler                      
00000c2b  SPI1_IRQHandler                      
00000c2b  SVC_Handler                          
00000525  SYSCFG_DL_GPIO_init                  
000010ad  SYSCFG_DL_I2C_BUS_init               
00000f85  SYSCFG_DL_PWMA_init                  
00000e29  SYSCFG_DL_PWMB_init                  
00000e9d  SYSCFG_DL_PWMC_init                  
00000f11  SYSCFG_DL_PWMD_init                  
000000c1  SYSCFG_DL_SYSCTL_SYSPLL_init         
00000ad9  SYSCFG_DL_SYSCTL_init                
00001149  SYSCFG_DL_TIMER_TICK_init            
00000c2d  SYSCFG_DL_UART_2_init                
000011d5  SYSCFG_DL_init                       
00000cb9  SYSCFG_DL_initPower                  
00001459  SysTick_Handler                      
00001055  SysTick_Init                         
00000c2b  TIMA0_IRQHandler                     
00000c2b  TIMA1_IRQHandler                     
00000ff1  TIMG0_IRQHandler                     
00000c2b  TIMG12_IRQHandler                    
00000c2b  TIMG6_IRQHandler                     
00000c2b  TIMG7_IRQHandler                     
00000c2b  TIMG8_IRQHandler                     
00000c2b  UART0_IRQHandler                     
00000c2b  UART1_IRQHandler                     
00000c2b  UART2_IRQHandler                     
00000c2b  UART3_IRQHandler                     
20208000  __STACK_END                          
00000200  __STACK_SIZE                         
00000000  __TI_ATRegion0_region_sz             
00000000  __TI_ATRegion0_src_addr              
00000000  __TI_ATRegion0_trg_addr              
00000000  __TI_ATRegion1_region_sz             
00000000  __TI_ATRegion1_src_addr              
00000000  __TI_ATRegion1_trg_addr              
00000000  __TI_ATRegion2_region_sz             
00000000  __TI_ATRegion2_src_addr              
00000000  __TI_ATRegion2_trg_addr              
0000152c  __TI_CINIT_Base                      
0000153c  __TI_CINIT_Limit                     
0000153c  __TI_CINIT_Warm                      
00001510  __TI_Handler_Table_Base              
0000151c  __TI_Handler_Table_Limit             
00001291  __TI_auto_init_nobinit_nopinit       
00000d35  __TI_decompress_lzss                 
00001435  __TI_decompress_none                 
ffffffff  __TI_pprof_out_hndl                  
ffffffff  __TI_prof_data_size                  
ffffffff  __TI_prof_data_start                 
00000000  __TI_static_base__                   
0000140d  __TI_zero_init_nomemset              
00001387  __aeabi_idiv0                        
00001475  __aeabi_memcpy                       
00001475  __aeabi_memcpy4                      
00001475  __aeabi_memcpy8                      
00001215  __aeabi_uidiv                        
00001215  __aeabi_uidivmod                     
ffffffff  __binit__                            
UNDEFED   __mpu_init                           
20207e00  __stack                              
20200000  __start___llvm_prf_bits              
20200000  __start___llvm_prf_cnts              
20200000  __stop___llvm_prf_bits               
20200000  __stop___llvm_prf_cnts               
00001339  _c_int00_noargs                      
UNDEFED   _system_post_cinit                   
0000148b  _system_pre_init                     
0000147d  abort                                
ffffffff  binit                                
20200000  gPWMBBackup                          
202000a0  gPWMDBackup                          
00000000  interruptVectors                     
00000db1  line_follower_update                 
000012cd  main                                 
00000b91  memcpy                               
00001305  mspm0_delay_ms                       
000013f5  mspm0_get_clock_ms                   
00000699  mspm0_motor_i2c_read                 
202001a4  nextway                              
2020018a  s1                                   
2020018b  s2                                   
2020018c  s3                                   
2020018d  s4                                   
2020018e  s5                                   
2020018f  s6                                   
20200190  s7                                   
20200191  s8                                   
20200180  start_time                           
20200184  tick_ms                              


GLOBAL SYMBOLS: SORTED BY Symbol Address 

address   name                                 
-------   ----                                 
00000000  __TI_ATRegion0_region_sz             
00000000  __TI_ATRegion0_src_addr              
00000000  __TI_ATRegion0_trg_addr              
00000000  __TI_ATRegion1_region_sz             
00000000  __TI_ATRegion1_src_addr              
00000000  __TI_ATRegion1_trg_addr              
00000000  __TI_ATRegion2_region_sz             
00000000  __TI_ATRegion2_src_addr              
00000000  __TI_ATRegion2_trg_addr              
00000000  __TI_static_base__                   
00000000  interruptVectors                     
000000c1  SYSCFG_DL_SYSCTL_SYSPLL_init         
00000200  __STACK_SIZE                         
00000369  GROUP1_IRQHandler                    
00000525  SYSCFG_DL_GPIO_init                  
00000699  mspm0_motor_i2c_read                 
000007fd  DL_Timer_initFourCCPWMMode           
00000901  DL_Timer_initTimerMode               
000009fd  DL_SYSCTL_configSYSPLL               
00000ad9  SYSCFG_DL_SYSCTL_init                
00000b91  memcpy                               
00000c2b  ADC0_IRQHandler                      
00000c2b  ADC1_IRQHandler                      
00000c2b  AES_IRQHandler                       
00000c2b  CANFD0_IRQHandler                    
00000c2b  DAC0_IRQHandler                      
00000c2b  DMA_IRQHandler                       
00000c2b  Default_Handler                      
00000c2b  GROUP0_IRQHandler                    
00000c2b  HardFault_Handler                    
00000c2b  I2C0_IRQHandler                      
00000c2b  I2C1_IRQHandler                      
00000c2b  NMI_Handler                          
00000c2b  PendSV_Handler                       
00000c2b  RTC_IRQHandler                       
00000c2b  SPI0_IRQHandler                      
00000c2b  SPI1_IRQHandler                      
00000c2b  SVC_Handler                          
00000c2b  TIMA0_IRQHandler                     
00000c2b  TIMA1_IRQHandler                     
00000c2b  TIMG12_IRQHandler                    
00000c2b  TIMG6_IRQHandler                     
00000c2b  TIMG7_IRQHandler                     
00000c2b  TIMG8_IRQHandler                     
00000c2b  UART0_IRQHandler                     
00000c2b  UART1_IRQHandler                     
00000c2b  UART2_IRQHandler                     
00000c2b  UART3_IRQHandler                     
00000c2d  SYSCFG_DL_UART_2_init                
00000cb9  SYSCFG_DL_initPower                  
00000d35  __TI_decompress_lzss                 
00000db1  line_follower_update                 
00000e29  SYSCFG_DL_PWMB_init                  
00000e9d  SYSCFG_DL_PWMC_init                  
00000f11  SYSCFG_DL_PWMD_init                  
00000f85  SYSCFG_DL_PWMA_init                  
00000ff1  TIMG0_IRQHandler                     
00001055  SysTick_Init                         
000010ad  SYSCFG_DL_I2C_BUS_init               
00001101  DL_UART_init                         
00001149  SYSCFG_DL_TIMER_TICK_init            
00001191  DL_SYSCTL_switchMCLKfromSYSOSCtoHSCLK
000011d5  SYSCFG_DL_init                       
00001215  __aeabi_uidiv                        
00001215  __aeabi_uidivmod                     
00001255  DL_I2C_flushControllerTXFIFO         
00001291  __TI_auto_init_nobinit_nopinit       
000012cd  main                                 
00001305  mspm0_delay_ms                       
00001339  _c_int00_noargs                      
00001361  DL_I2C_setClockConfig                
00001387  __aeabi_idiv0                        
00001389  DL_SYSCTL_configFCC                  
000013a5  DL_Timer_setCaptCompUpdateMethod     
000013c1  DL_Timer_setClockConfig              
000013dd  DL_Timer_setCaptureCompareOutCtl     
000013f5  mspm0_get_clock_ms                   
0000140d  __TI_zero_init_nomemset              
00001423  DL_UART_setClockConfig               
00001435  __TI_decompress_none                 
00001449  DL_Timer_setCaptureCompareValue      
00001459  SysTick_Handler                      
00001469  DL_Common_delayCycles                
00001475  __aeabi_memcpy                       
00001475  __aeabi_memcpy4                      
00001475  __aeabi_memcpy8                      
0000147d  abort                                
00001482  C$$EXIT                              
00001483  HOSTexit                             
00001487  Reset_Handler                        
0000148b  _system_pre_init                     
00001510  __TI_Handler_Table_Base              
0000151c  __TI_Handler_Table_Limit             
0000152c  __TI_CINIT_Base                      
0000153c  __TI_CINIT_Limit                     
0000153c  __TI_CINIT_Warm                      
20200000  __start___llvm_prf_bits              
20200000  __start___llvm_prf_cnts              
20200000  __stop___llvm_prf_bits               
20200000  __stop___llvm_prf_cnts               
20200000  gPWMBBackup                          
202000a0  gPWMDBackup                          
20200180  start_time                           
20200184  tick_ms                              
20200188  IRbuf                                
2020018a  s1                                   
2020018b  s2                                   
2020018c  s3                                   
2020018d  s4                                   
2020018e  s5                                   
2020018f  s6                                   
20200190  s7                                   
20200191  s8                                   
202001a4  nextway                              
20207e00  __stack                              
20208000  __STACK_END                          
ffffffff  __TI_pprof_out_hndl                  
ffffffff  __TI_prof_data_size                  
ffffffff  __TI_prof_data_start                 
ffffffff  __binit__                            
ffffffff  binit                                
UNDEFED   __mpu_init                           
UNDEFED   _system_post_cinit                   

[123 symbols]
