******************************************************************************
            TI ARM Clang Linker PC v4.0.4                      
******************************************************************************
>> Linked Wed Jul  8 02:46:00 2026

OUTPUT FILE NAME:   <Autocar.out>
ENTRY POINT SYMBOL: "_c_int00_noargs"  address: 00000f71


MEMORY CONFIGURATION

         name            origin    length      used     unused   attr    fill
----------------------  --------  ---------  --------  --------  ----  --------
  FLASH                 00000000   00020000  00001178  0001ee88  R  X
  SRAM                  20200000   00008000  00000452  00007bae  RW X
  BCR_CONFIG            41c00000   000000ff  00000000  000000ff  R   
  BSL_CONFIG            41c00100   00000080  00000000  00000080  R   


SEGMENT ALLOCATION MAP

run origin  load origin   length   init length attrs members
----------  ----------- ---------- ----------- ----- -------
00000000    00000000    00001178   00001178    r-x
  00000000    00000000    000000c0   000000c0    r-- .intvecs
  000000c0    000000c0    00001010   00001010    r-x .text
  000010d0    000010d0    00000078   00000078    r-- .rodata
  00001148    00001148    00000030   00000030    r-- .cinit
20200000    20200000    00000252   00000000    rw-
  20200000    20200000    00000250   00000000    rw- .bss
  20200250    20200250    00000002   00000000    rw- .data
20207e00    20207e00    00000200   00000000    rw-
  20207e00    20207e00    00000200   00000000    rw- .stack


SECTION ALLOCATION MAP

 output                                  attributes/
section   page    origin      length       input sections
--------  ----  ----------  ----------   ----------------
.intvecs   0    00000000    000000c0     
                  00000000    000000c0     startup_mspm0g350x_ticlang.o (.intvecs)

.text      0    000000c0    00001010     
                  000000c0    000002a8     ti_msp_dl_config.o (.text.SYSCFG_DL_SYSCTL_SYSPLL_init)
                  00000368    00000140     ti_msp_dl_config.o (.text.SYSCFG_DL_GPIO_init)
                  000004a8    00000104     driverlib.a : dl_timer.o (.text.DL_Timer_initFourCCPWMMode)
                  000005ac    000000fc                 : dl_timer.o (.text.DL_Timer_initTimerMode)
                  000006a8    000000dc                 : dl_sysctl_mspm0g1x0x_g3x0x.o (.text.DL_SYSCTL_configSYSPLL)
                  00000784    000000b8     ti_msp_dl_config.o (.text.SYSCFG_DL_SYSCTL_init)
                  0000083c    0000009a     libc.a : memcpy16.S.obj (.text:memcpy)
                  000008d6    00000002     startup_mspm0g350x_ticlang.o (.text.Default_Handler)
                  000008d8    0000008c     ti_msp_dl_config.o (.text.SYSCFG_DL_UART_2_init)
                  00000964    0000007c     libc.a : copy_decompress_lzss.c.obj (.text:decompress:lzss)
                  000009e0    00000074     ti_msp_dl_config.o (.text.SYSCFG_DL_PWMB_init)
                  00000a54    00000074     ti_msp_dl_config.o (.text.SYSCFG_DL_PWMC_init)
                  00000ac8    00000074     ti_msp_dl_config.o (.text.SYSCFG_DL_PWMD_init)
                  00000b3c    00000070     ti_msp_dl_config.o (.text.SYSCFG_DL_initPower)
                  00000bac    0000006c     ti_msp_dl_config.o (.text.SYSCFG_DL_PWMA_init)
                  00000c18    00000064     interrupt.o (.text.TIMG0_IRQHandler)
                  00000c7c    00000058     clock.o (.text.SysTick_Init)
                  00000cd4    00000048     driverlib.a : dl_uart.o (.text.DL_UART_init)
                  00000d1c    00000048     ti_msp_dl_config.o (.text.SYSCFG_DL_TIMER_TICK_init)
                  00000d64    00000044     driverlib.a : dl_sysctl_mspm0g1x0x_g3x0x.o (.text.DL_SYSCTL_switchMCLKfromSYSOSCtoHSCLK)
                  00000da8    00000044     hc05.o (.text.UART2_IRQHandler)
                  00000dec    00000040     libclang_rt.builtins.a : aeabi_uidivmod.S.obj (.text.__aeabi_uidivmod)
                  00000e2c    00000040     empty.o (.text.main)
                  00000e6c    0000003c     ti_msp_dl_config.o (.text.SYSCFG_DL_init)
                  00000ea8    0000003c     libc.a : autoinit.c.obj (.text:__TI_auto_init_nobinit_nopinit)
                  00000ee4    00000034     clock.o (.text.mspm0_delay_ms)
                  00000f18    0000002c     motor_test.o (.text.MotorTest_Forward)
                  00000f44    0000002c     motor_test.o (.text.MotorTest_Reverse)
                  00000f70    00000028     libc.a : boot_cortex_m.c.obj (.text:_c_int00_noargs)
                  00000f98    00000024     motor_test.o (.text.MotorTest_Init)
                  00000fbc    00000024     motor_test.o (.text.MotorTest_Stop)
                  00000fe0    0000001c     driverlib.a : dl_sysctl_mspm0g1x0x_g3x0x.o (.text.DL_SYSCTL_configFCC)
                  00000ffc    0000001c                 : dl_timer.o (.text.DL_Timer_setCaptCompUpdateMethod)
                  00001018    0000001c                 : dl_timer.o (.text.DL_Timer_setClockConfig)
                  00001034    00000018                 : dl_timer.o (.text.DL_Timer_setCaptureCompareOutCtl)
                  0000104c    00000016     libc.a : copy_zero_init.c.obj (.text:decompress:ZI:__TI_zero_init_nomemset)
                  00001062    00000012     driverlib.a : dl_uart.o (.text.DL_UART_setClockConfig)
                  00001074    00000012     libc.a : copy_decompress_none.c.obj (.text:decompress:none)
                  00001086    00000002     libclang_rt.builtins.a : aeabi_div0.c.obj (.text.__aeabi_idiv0)
                  00001088    00000010     driverlib.a : dl_timer.o (.text.DL_Timer_setCaptureCompareValue)
                  00001098    00000010     interrupt.o (.text.SysTick_Handler)
                  000010a8    0000000a     driverlib.a : dl_common.o (.text.DL_Common_delayCycles)
                  000010b2    00000002     --HOLE-- [fill = 0]
                  000010b4    00000008     libclang_rt.builtins.a : aeabi_memcpy.S.obj (.text.__aeabi_memcpy)
                  000010bc    00000006     libc.a : exit.c.obj (.text:abort)
                  000010c2    00000004     libsysbm.a : hostexit.c.obj (.text.HOSTexit)
                  000010c6    00000004     startup_mspm0g350x_ticlang.o (.text.Reset_Handler)
                  000010ca    00000004     libc.a : pre_init.c.obj (.text._system_pre_init)
                  000010ce    00000002     --HOLE-- [fill = 0]

.cinit     0    00001148    00000030     
                  00001148    0000000c     (__TI_handler_table)
                  00001154    00000008     (.cinit..bss.load) [load image, compression = zero_init]
                  0000115c    00000006     (.cinit..data.load) [load image, compression = lzss]
                  00001162    00000002     --HOLE-- [fill = 0]
                  00001164    00000010     (__TI_cinit_table)
                  00001174    00000004     --HOLE-- [fill = 0]

.rodata    0    000010d0    00000078     
                  000010d0    00000028     ti_msp_dl_config.o (.rodata.gSYSPLLConfig)
                  000010f8    00000014     ti_msp_dl_config.o (.rodata.gTIMER_TICKTimerConfig)
                  0000110c    0000000a     ti_msp_dl_config.o (.rodata.gUART_2Config)
                  00001116    00000002     ti_msp_dl_config.o (.rodata.gUART_2ClockConfig)
                  00001118    00000008     ti_msp_dl_config.o (.rodata.gPWMAConfig)
                  00001120    00000008     ti_msp_dl_config.o (.rodata.gPWMBConfig)
                  00001128    00000008     ti_msp_dl_config.o (.rodata.gPWMCConfig)
                  00001130    00000008     ti_msp_dl_config.o (.rodata.gPWMDConfig)
                  00001138    00000003     ti_msp_dl_config.o (.rodata.gPWMAClockConfig)
                  0000113b    00000003     ti_msp_dl_config.o (.rodata.gPWMBClockConfig)
                  0000113e    00000003     ti_msp_dl_config.o (.rodata.gPWMCClockConfig)
                  00001141    00000003     ti_msp_dl_config.o (.rodata.gPWMDClockConfig)
                  00001144    00000003     ti_msp_dl_config.o (.rodata.gTIMER_TICKClockConfig)
                  00001147    00000001     --HOLE-- [fill = 0]

.init_array 
*          0    00000000    00000000     UNINITIALIZED

.binit     0    00000000    00000000     

.bss       0    20200000    00000250     UNINITIALIZED
                  20200000    000000c8     (.common:BLERX_BUFF)
                  202000c8    000000a0     (.common:gPWMBBackup)
                  20200168    000000a0     (.common:gPWMDBackup)
                  20200208    00000010     interrupt.o (.bss.motor_encoderA)
                  20200218    00000010     interrupt.o (.bss.motor_encoderB)
                  20200228    00000010     interrupt.o (.bss.motor_encoderC)
                  20200238    00000010     interrupt.o (.bss.motor_encoderD)
                  20200248    00000004     (.common:start_time)
                  2020024c    00000004     (.common:tick_ms)

.data      0    20200250    00000002     UNINITIALIZED
                  20200250    00000001     hc05.o (.data.BLERX_FLAG)
                  20200251    00000001     hc05.o (.data.BLERX_LEN)

.stack     0    20207e00    00000200     UNINITIALIZED
                  20207e00    00000004     libc.a : boot_cortex_m.c.obj (.stack)
                  20207e04    000001fc     --HOLE--

__llvm_prf_cnts 
*          0    20200000    00000000     UNINITIALIZED

__llvm_prf_bits 
*          0    20200000    00000000     UNINITIALIZED

MODULE SUMMARY

       Module                         code   ro data   rw data
       ------                         ----   -------   -------
    .\
       ti_msp_dl_config.o             2024   119       320    
       startup_mspm0g350x_ticlang.o   6      192       0      
       empty.o                        64     0         0      
    +--+------------------------------+------+---------+---------+
       Total:                         2094   311       320    
                                                              
    .\BSP\
       hc05.o                         68     0         202    
       interrupt.o                    116    0         64     
       motor_test.o                   160    0         0      
       clock.o                        140    0         8      
    +--+------------------------------+------+---------+---------+
       Total:                         484    0         274    
                                                              
    G:/MSPM0 3507/CCS/mspm0_sdk_2_10_00_04/source/ti/driverlib/lib/ticlang/m0p/mspm0g1x0x_g3x0x/driverlib.a
       dl_timer.o                     608    0         0      
       dl_sysctl_mspm0g1x0x_g3x0x.o   316    0         0      
       dl_uart.o                      90     0         0      
       dl_common.o                    10     0         0      
    +--+------------------------------+------+---------+---------+
       Total:                         1024   0         0      
                                                              
    G:\MSPM0 3507\CCS\ccs\tools\compiler\ti-cgt-armllvm_4.0.4.LTS\lib\armv6m-ti-none-eabi/c/libc.a
       memcpy16.S.obj                 154    0         0      
       copy_decompress_lzss.c.obj     124    0         0      
       autoinit.c.obj                 60     0         0      
       boot_cortex_m.c.obj            40     0         0      
       copy_zero_init.c.obj           22     0         0      
       copy_decompress_none.c.obj     18     0         0      
       exit.c.obj                     6      0         0      
       pre_init.c.obj                 4      0         0      
    +--+------------------------------+------+---------+---------+
       Total:                         428    0         0      
                                                              
    G:\MSPM0 3507\CCS\ccs\tools\compiler\ti-cgt-armllvm_4.0.4.LTS\lib\armv6m-ti-none-eabi/c/libsysbm.a
       hostexit.c.obj                 4      0         0      
    +--+------------------------------+------+---------+---------+
       Total:                         4      0         0      
                                                              
    G:\MSPM0 3507\CCS\ccs\tools\compiler\ti-cgt-armllvm_4.0.4.LTS\lib\armv6m-ti-none-eabi/libclang_rt.builtins.a
       aeabi_uidivmod.S.obj           64     0         0      
       aeabi_memcpy.S.obj             8      0         0      
       aeabi_div0.c.obj               2      0         0      
    +--+------------------------------+------+---------+---------+
       Total:                         74     0         0      
                                                              
       Stack:                         0      0         512    
       Linker Generated:              0      42        0      
    +--+------------------------------+------+---------+---------+
       Grand Total:                   4108   353       1106   


LINKER GENERATED COPY TABLES

__TI_cinit_table @ 00001164 records: 2, size/record: 8, table size: 16
	.bss: load addr=00001154, load size=00000008 bytes, run addr=20200000, run size=00000250 bytes, compression=zero_init
	.data: load addr=0000115c, load size=00000006 bytes, run addr=20200250, run size=00000002 bytes, compression=lzss


LINKER GENERATED HANDLER TABLE

__TI_handler_table @ 00001148 records: 3, size/record: 4, table size: 12
	index: 0, handler: __TI_decompress_lzss
	index: 1, handler: __TI_decompress_none
	index: 2, handler: __TI_zero_init


GLOBAL SYMBOLS: SORTED ALPHABETICALLY BY Name 

address   name                                 
-------   ----                                 
000008d7  ADC0_IRQHandler                      
000008d7  ADC1_IRQHandler                      
000008d7  AES_IRQHandler                       
20200000  BLERX_BUFF                           
20200250  BLERX_FLAG                           
20200251  BLERX_LEN                            
000010c2  C$$EXIT                              
000008d7  CANFD0_IRQHandler                    
000008d7  DAC0_IRQHandler                      
000010a9  DL_Common_delayCycles                
00000fe1  DL_SYSCTL_configFCC                  
000006a9  DL_SYSCTL_configSYSPLL               
00000d65  DL_SYSCTL_switchMCLKfromSYSOSCtoHSCLK
000004a9  DL_Timer_initFourCCPWMMode           
000005ad  DL_Timer_initTimerMode               
00000ffd  DL_Timer_setCaptCompUpdateMethod     
00001035  DL_Timer_setCaptureCompareOutCtl     
00001089  DL_Timer_setCaptureCompareValue      
00001019  DL_Timer_setClockConfig              
00000cd5  DL_UART_init                         
00001063  DL_UART_setClockConfig               
000008d7  DMA_IRQHandler                       
000008d7  Default_Handler                      
000008d7  GROUP0_IRQHandler                    
000008d7  GROUP1_IRQHandler                    
000010c3  HOSTexit                             
000008d7  HardFault_Handler                    
000008d7  I2C0_IRQHandler                      
000008d7  I2C1_IRQHandler                      
00000f19  MotorTest_Forward                    
00000f99  MotorTest_Init                       
00000f45  MotorTest_Reverse                    
00000fbd  MotorTest_Stop                       
000008d7  NMI_Handler                          
000008d7  PendSV_Handler                       
000008d7  RTC_IRQHandler                       
000010c7  Reset_Handler                        
000008d7  SPI0_IRQHandler                      
000008d7  SPI1_IRQHandler                      
000008d7  SVC_Handler                          
00000369  SYSCFG_DL_GPIO_init                  
00000bad  SYSCFG_DL_PWMA_init                  
000009e1  SYSCFG_DL_PWMB_init                  
00000a55  SYSCFG_DL_PWMC_init                  
00000ac9  SYSCFG_DL_PWMD_init                  
000000c1  SYSCFG_DL_SYSCTL_SYSPLL_init         
00000785  SYSCFG_DL_SYSCTL_init                
00000d1d  SYSCFG_DL_TIMER_TICK_init            
000008d9  SYSCFG_DL_UART_2_init                
00000e6d  SYSCFG_DL_init                       
00000b3d  SYSCFG_DL_initPower                  
00001099  SysTick_Handler                      
00000c7d  SysTick_Init                         
000008d7  TIMA0_IRQHandler                     
000008d7  TIMA1_IRQHandler                     
00000c19  TIMG0_IRQHandler                     
000008d7  TIMG12_IRQHandler                    
000008d7  TIMG6_IRQHandler                     
000008d7  TIMG7_IRQHandler                     
000008d7  TIMG8_IRQHandler                     
000008d7  UART0_IRQHandler                     
000008d7  UART1_IRQHandler                     
00000da9  UART2_IRQHandler                     
000008d7  UART3_IRQHandler                     
20208000  __STACK_END                          
00000200  __STACK_SIZE                         
00000000  __TI_ATRegion0_region_sz             
00000000  __TI_ATRegion0_src_addr              
00000000  __TI_ATRegion0_trg_addr              
00000000  __TI_ATRegion1_region_sz             
00000000  __TI_ATRegion1_src_addr              
00000000  __TI_ATRegion1_trg_addr              
00000000  __TI_ATRegion2_region_sz             
00000000  __TI_ATRegion2_src_addr              
00000000  __TI_ATRegion2_trg_addr              
00001164  __TI_CINIT_Base                      
00001174  __TI_CINIT_Limit                     
00001174  __TI_CINIT_Warm                      
00001148  __TI_Handler_Table_Base              
00001154  __TI_Handler_Table_Limit             
00000ea9  __TI_auto_init_nobinit_nopinit       
00000965  __TI_decompress_lzss                 
00001075  __TI_decompress_none                 
ffffffff  __TI_pprof_out_hndl                  
ffffffff  __TI_prof_data_size                  
ffffffff  __TI_prof_data_start                 
00000000  __TI_static_base__                   
0000104d  __TI_zero_init_nomemset              
00001087  __aeabi_idiv0                        
000010b5  __aeabi_memcpy                       
000010b5  __aeabi_memcpy4                      
000010b5  __aeabi_memcpy8                      
00000ded  __aeabi_uidiv                        
00000ded  __aeabi_uidivmod                     
ffffffff  __binit__                            
UNDEFED   __mpu_init                           
20207e00  __stack                              
20200000  __start___llvm_prf_bits              
20200000  __start___llvm_prf_cnts              
20200000  __stop___llvm_prf_bits               
20200000  __stop___llvm_prf_cnts               
00000f71  _c_int00_noargs                      
UNDEFED   _system_post_cinit                   
000010cb  _system_pre_init                     
000010bd  abort                                
ffffffff  binit                                
202000c8  gPWMBBackup                          
20200168  gPWMDBackup                          
00000000  interruptVectors                     
00000e2d  main                                 
0000083d  memcpy                               
00000ee5  mspm0_delay_ms                       
20200248  start_time                           
2020024c  tick_ms                              


GLOBAL SYMBOLS: SORTED BY Symbol Address 

address   name                                 
-------   ----                                 
00000000  __TI_ATRegion0_region_sz             
00000000  __TI_ATRegion0_src_addr              
00000000  __TI_ATRegion0_trg_addr              
00000000  __TI_ATRegion1_region_sz             
00000000  __TI_ATRegion1_src_addr              
00000000  __TI_ATRegion1_trg_addr              
00000000  __TI_ATRegion2_region_sz             
00000000  __TI_ATRegion2_src_addr              
00000000  __TI_ATRegion2_trg_addr              
00000000  __TI_static_base__                   
00000000  interruptVectors                     
000000c1  SYSCFG_DL_SYSCTL_SYSPLL_init         
00000200  __STACK_SIZE                         
00000369  SYSCFG_DL_GPIO_init                  
000004a9  DL_Timer_initFourCCPWMMode           
000005ad  DL_Timer_initTimerMode               
000006a9  DL_SYSCTL_configSYSPLL               
00000785  SYSCFG_DL_SYSCTL_init                
0000083d  memcpy                               
000008d7  ADC0_IRQHandler                      
000008d7  ADC1_IRQHandler                      
000008d7  AES_IRQHandler                       
000008d7  CANFD0_IRQHandler                    
000008d7  DAC0_IRQHandler                      
000008d7  DMA_IRQHandler                       
000008d7  Default_Handler                      
000008d7  GROUP0_IRQHandler                    
000008d7  GROUP1_IRQHandler                    
000008d7  HardFault_Handler                    
000008d7  I2C0_IRQHandler                      
000008d7  I2C1_IRQHandler                      
000008d7  NMI_Handler                          
000008d7  PendSV_Handler                       
000008d7  RTC_IRQHandler                       
000008d7  SPI0_IRQHandler                      
000008d7  SPI1_IRQHandler                      
000008d7  SVC_Handler                          
000008d7  TIMA0_IRQHandler                     
000008d7  TIMA1_IRQHandler                     
000008d7  TIMG12_IRQHandler                    
000008d7  TIMG6_IRQHandler                     
000008d7  TIMG7_IRQHandler                     
000008d7  TIMG8_IRQHandler                     
000008d7  UART0_IRQHandler                     
000008d7  UART1_IRQHandler                     
000008d7  UART3_IRQHandler                     
000008d9  SYSCFG_DL_UART_2_init                
00000965  __TI_decompress_lzss                 
000009e1  SYSCFG_DL_PWMB_init                  
00000a55  SYSCFG_DL_PWMC_init                  
00000ac9  SYSCFG_DL_PWMD_init                  
00000b3d  SYSCFG_DL_initPower                  
00000bad  SYSCFG_DL_PWMA_init                  
00000c19  TIMG0_IRQHandler                     
00000c7d  SysTick_Init                         
00000cd5  DL_UART_init                         
00000d1d  SYSCFG_DL_TIMER_TICK_init            
00000d65  DL_SYSCTL_switchMCLKfromSYSOSCtoHSCLK
00000da9  UART2_IRQHandler                     
00000ded  __aeabi_uidiv                        
00000ded  __aeabi_uidivmod                     
00000e2d  main                                 
00000e6d  SYSCFG_DL_init                       
00000ea9  __TI_auto_init_nobinit_nopinit       
00000ee5  mspm0_delay_ms                       
00000f19  MotorTest_Forward                    
00000f45  MotorTest_Reverse                    
00000f71  _c_int00_noargs                      
00000f99  MotorTest_Init                       
00000fbd  MotorTest_Stop                       
00000fe1  DL_SYSCTL_configFCC                  
00000ffd  DL_Timer_setCaptCompUpdateMethod     
00001019  DL_Timer_setClockConfig              
00001035  DL_Timer_setCaptureCompareOutCtl     
0000104d  __TI_zero_init_nomemset              
00001063  DL_UART_setClockConfig               
00001075  __TI_decompress_none                 
00001087  __aeabi_idiv0                        
00001089  DL_Timer_setCaptureCompareValue      
00001099  SysTick_Handler                      
000010a9  DL_Common_delayCycles                
000010b5  __aeabi_memcpy                       
000010b5  __aeabi_memcpy4                      
000010b5  __aeabi_memcpy8                      
000010bd  abort                                
000010c2  C$$EXIT                              
000010c3  HOSTexit                             
000010c7  Reset_Handler                        
000010cb  _system_pre_init                     
00001148  __TI_Handler_Table_Base              
00001154  __TI_Handler_Table_Limit             
00001164  __TI_CINIT_Base                      
00001174  __TI_CINIT_Limit                     
00001174  __TI_CINIT_Warm                      
20200000  BLERX_BUFF                           
20200000  __start___llvm_prf_bits              
20200000  __start___llvm_prf_cnts              
20200000  __stop___llvm_prf_bits               
20200000  __stop___llvm_prf_cnts               
202000c8  gPWMBBackup                          
20200168  gPWMDBackup                          
20200248  start_time                           
2020024c  tick_ms                              
20200250  BLERX_FLAG                           
20200251  BLERX_LEN                            
20207e00  __stack                              
20208000  __STACK_END                          
ffffffff  __TI_pprof_out_hndl                  
ffffffff  __TI_prof_data_size                  
ffffffff  __TI_prof_data_start                 
ffffffff  __binit__                            
ffffffff  binit                                
UNDEFED   __mpu_init                           
UNDEFED   _system_post_cinit                   

[114 symbols]
