******************************************************************************
            TI ARM Clang Linker PC v4.0.4                      
******************************************************************************
>> Linked Mon Jul 20 16:34:36 2026

OUTPUT FILE NAME:   <Autocar.out>
ENTRY POINT SYMBOL: "_c_int00_noargs"  address: 000085fd


MEMORY CONFIGURATION

         name            origin    length      used     unused   attr    fill
----------------------  --------  ---------  --------  --------  ----  --------
  FLASH                 00000000   00020000  000098f8  00016708  R  X
  SRAM                  20200000   00008000  00000a0d  000075f3  RW X
  BCR_CONFIG            41c00000   000000ff  00000000  000000ff  R   
  BSL_CONFIG            41c00100   00000080  00000000  00000080  R   


SEGMENT ALLOCATION MAP

run origin  load origin   length   init length attrs members
----------  ----------- ---------- ----------- ----- -------
00000000    00000000    000098f8   000098f8    r-x
  00000000    00000000    000000c0   000000c0    r-- .intvecs
  000000c0    000000c0    00008b10   00008b10    r-x .text
  00008bd0    00008bd0    00000c30   00000c30    r-- .rodata
  00009800    00009800    000000f8   000000f8    r-- .cinit
20200000    20200000    0000080f   00000000    rw-
  20200000    20200000    00000636   00000000    rw- .bss
  20200638    20200638    000001d7   00000000    rw- .data
20207e00    20207e00    00000200   00000000    rw-
  20207e00    20207e00    00000200   00000000    rw- .stack


SECTION ALLOCATION MAP

 output                                  attributes/
section   page    origin      length       input sections
--------  ----  ----------  ----------   ----------------
.intvecs   0    00000000    000000c0     
                  00000000    000000c0     startup_mspm0g350x_ticlang.o (.intvecs)

.text      0    000000c0    00008b10     
                  000000c0    000009d0     libc.a : _printfi.c.obj (.text:__TI_printfi)
                  00000a90    000007a0     mpu6050.o (.text.mpu6050_update)
                  00001230    00000704     draw.o (.text.HOME_directory)
                  00001934    00000644     libc.a : k_rem_pio2.c.obj (.text.__kernel_rem_pio2)
                  00001f78    000003d4     electrical_machinery.o (.text.MOTOR_CONTROL)
                  0000234c    000002d0     u8g2_font.o (.text.u8g2_font_decode_glyph)
                  0000261c    000002a8     ti_msp_dl_config.o (.text.SYSCFG_DL_SYSCTL_SYSPLL_init)
                  000028c4    00000278     line_follower.o (.text.line_folower)
                  00002b3c    00000250     mpu6050_service.o (.text.mpu6050_service_init)
                  00002d8c    00000244     empty.o (.text.main)
                  00002fd0    00000224     mpu6050.o (.text.i2c_read_once)
                  000031f4    00000220     libc.a : _printfi.c.obj (.text._pconv_a)
                  00003414    0000021c     mpu6050.o (.text.i2c_bus_recover)
                  00003630    00000214     u8g2_ll_hvline.o (.text.u8g2_ll_hvline_vertical_top_lsb)
                  00003844    000001dc     libc.a : _printfi.c.obj (.text._pconv_g)
                  00003a20    000001d4            : s_cosf.c.obj (.text.cosf)
                  00003bf4    000001c8            : s_atanf.c.obj (.text.atanf)
                  00003dbc    000001c8            : s_sinf.c.obj (.text.sinf)
                  00003f84    000001c4     u8x8_byte.o (.text.i2c_write_byte)
                  00004148    000001bc     mpu6050.o (.text.calibrate_gyro)
                  00004304    000001ac     interrupt.o (.text.GROUP1_IRQHandler)
                  000044b0    000001a4     ti_msp_dl_config.o (.text.SYSCFG_DL_GPIO_init)
                  00004654    00000192     libclang_rt.builtins.a : adddf3.S.obj (.text.adddf3_subdf3)
                  000047e6    00000002     startup_mspm0g350x_ticlang.o (.text.Default_Handler)
                  000047e8    0000017c     u8x8_byte.o (.text.u8x8_byte_sw_i2c)
                  00004964    0000017c     u8x8_d_ssd1306_128x64_noname.o (.text.u8x8_d_ssd1306_sh1106_generic)
                  00004ae0    00000170     libc.a : e_sqrt.c.obj (.text.sqrt)
                  00004c50    00000168     u8x8_cad.o (.text.u8x8_cad_ssd13xx_fast_i2c)
                  00004db8    00000160     libc.a : e_asinf.c.obj (.text.asinf)
                  00004f18    00000144            : s_floor.c.obj (.text.floor)
                  0000505c    0000013c            : _printfi.c.obj (.text.fcvt)
                  00005198    00000128     grayscale_sensor.o (.text.Grayscale_Sensor_Read_All)
                  000052c0    00000128     mpu6050.o (.text.mpu6050_init)
                  000053e8    00000124     electrical_machinery.o (.text.MOTOR_RAW)
                  0000550c    00000122     u8g2_font.o (.text.u8g2_font_decode_len)
                  0000562e    00000002     libclang_rt.builtins.a : aeabi_div0.c.obj (.text.__aeabi_idiv0)
                  00005630    00000120     libc.a : _printfi.c.obj (.text._pconv_e)
                  00005750    0000011c     mpu6050.o (.text.i2c_write_once)
                  0000586c    00000118     libc.a : e_atan2f.c.obj (.text.atan2f)
                  00005984    00000114     mpu6050.o (.text.configure_sensor)
                  00005a98    0000010c     libclang_rt.builtins.a : divdf3.S.obj (.text.__divdf3)
                  00005ba4    00000104     driverlib.a : dl_timer.o (.text.DL_Timer_initFourCCPWMMode)
                  00005ca8    00000102     u8g2_font.o (.text.u8g2_font_get_glyph_data)
                  00005daa    00000002     libclang_rt.builtins.a : aeabi_div0.c.obj (.text.__aeabi_ldiv0)
                  00005dac    00000100     u8g2_font.o (.text.u8g2_draw_string)
                  00005eac    000000fc     driverlib.a : dl_timer.o (.text.DL_Timer_initTimerMode)
                  00005fa8    000000f8     u8g2_hvline.o (.text.u8g2_DrawHVLine)
                  000060a0    000000ec     u8g2_box.o (.text.u8g2_DrawBox)
                  0000618c    000000e4     libclang_rt.builtins.a : muldf3.S.obj (.text.__muldf3)
                  00006270    000000dc     driverlib.a : dl_sysctl_mspm0g1x0x_g3x0x.o (.text.DL_SYSCTL_configSYSPLL)
                  0000634c    000000d8     libc.a : s_scalbn.c.obj (.text.scalbn)
                  00006424    000000d8     libclang_rt.builtins.a : addsf3.S.obj (.text)
                  000064fc    000000cc     mpu6050.o (.text.read_raw)
                  000065c8    000000c4     u8g2_font.o (.text.u8g2_SetFont)
                  0000668c    000000c0     draw.o (.text.PID_CONTROL)
                  0000674c    000000b8     ti_msp_dl_config.o (.text.SYSCFG_DL_SYSCTL_init)
                  00006804    000000ac     libc.a : s_cosf.c.obj (.text.__kernel_sindf)
                  000068b0    000000ac            : s_sinf.c.obj (.text.__kernel_sindf)
                  0000695c    000000ac     mpu6050.o (.text.set_initial_attitude)
                  00006a08    000000a2     libclang_rt.builtins.a : udivmoddi4.S.obj (.text)
                  00006aaa    00000002     --HOLE-- [fill = 0]
                  00006aac    000000a0     libc.a : e_sqrtf.c.obj (.text.sqrtf)
                  00006b4c    000000a0     oled.o (.text.u8x8_gpio_and_delay)
                  00006bec    0000009c     libc.a : s_cosf.c.obj (.text.__kernel_cosdf)
                  00006c88    0000009c            : s_sinf.c.obj (.text.__kernel_cosdf)
                  00006d24    0000009a            : memcpy16.S.obj (.text:memcpy)
                  00006dbe    00000002     --HOLE-- [fill = 0]
                  00006dc0    0000008c     libclang_rt.builtins.a : mulsf3.S.obj (.text.__mulsf3)
                  00006e4c    00000088     line_follower.o (.text.CAR_CONTROL)
                  00006ed4    00000088     ti_msp_dl_config.o (.text.SYSCFG_DL_initPower)
                  00006f5c    00000082     libclang_rt.builtins.a : divsf3.S.obj (.text.__divsf3)
                  00006fde    00000002     --HOLE-- [fill = 0]
                  00006fe0    00000080     line_follower.o (.text.line_follower_update)
                  00007060    00000080     u8x8_8x8.o (.text.u8x8_utf8_next)
                  000070e0    0000007c     libc.a : copy_decompress_lzss.c.obj (.text:decompress:lzss)
                  0000715c    00000074     libclang_rt.builtins.a : comparedf2.c.obj (.text.__gedf2)
                  000071d0    00000074                            : truncdfsf2.S.obj (.text.__truncdfsf2)
                  00007244    00000074     electrical_machinery.o (.text.car_run)
                  000072b8    00000070     ti_msp_dl_config.o (.text.SYSCFG_DL_PWMB_init)
                  00007328    00000070     ti_msp_dl_config.o (.text.SYSCFG_DL_PWMC_init)
                  00007398    00000070     ti_msp_dl_config.o (.text.SYSCFG_DL_PWMD_init)
                  00007408    00000070     ti_msp_dl_config.o (.text.SYSCFG_DL_UART_0_init)
                  00007478    00000070     electrical_machinery.o (.text.Velocity_ResetAll)
                  000074e8    0000006c     u8x8_cad.o (.text.u8x8_cad_SendSequence)
                  00007554    0000006a     u8x8_display.o (.text.u8x8_d_helper_display_init)
                  000075be    00000002     --HOLE-- [fill = 0]
                  000075c0    00000068     ti_msp_dl_config.o (.text.SYSCFG_DL_PWMA_init)
                  00007628    00000068     libclang_rt.builtins.a : comparedf2.c.obj (.text.__ledf2)
                  00007690    00000066     libc.a : _printfi.c.obj (.text._mcpy)
                  000076f6    00000002     --HOLE-- [fill = 0]
                  000076f8    00000064     interrupt.o (.text.TIMG0_IRQHandler)
                  0000775c    00000062     libclang_rt.builtins.a : aeabi_dcmp.S.obj (.text.__aeabi_dcmp)
                  000077be    00000002     --HOLE-- [fill = 0]
                  000077c0    00000062                            : aeabi_fcmp.S.obj (.text.__aeabi_fcmp)
                  00007822    00000062     libc.a : memset16.S.obj (.text:memset)
                  00007884    00000060     u8g2_setup.o (.text.u8g2_SetupBuffer)
                  000078e4    00000060     u8g2_setup.o (.text.u8g2_update_page_win_r0)
                  00007944    0000005e     u8g2_intersection.o (.text.u8g2_IsIntersection)
                  000079a2    00000002     --HOLE-- [fill = 0]
                  000079a4    0000005c     electrical_machinery.o (.text.calculate_motor_speed)
                  00007a00    0000005c     libc.a : s_frexp.c.obj (.text.frexp)
                  00007a5c    00000058     clock.o (.text.SysTick_Init)
                  00007ab4    00000058     usart.o (.text.UART0_IRQHandler)
                  00007b0c    00000058     libc.a : _ltoa.c.obj (.text.__TI_ltoa)
                  00007b64    00000058            : _printfi.c.obj (.text._pconv_f)
                  00007bbc    00000056     libclang_rt.builtins.a : aeabi_idivmod.S.obj (.text.__aeabi_idivmod)
                  00007c12    00000002     --HOLE-- [fill = 0]
                  00007c14    00000054     ti_msp_dl_config.o (.text.SYSCFG_DL_I2C_BUS_init)
                  00007c68    00000054     u8g2_buffer.o (.text.u8g2_send_buffer)
                  00007cbc    00000052     libc.a : _printfi.c.obj (.text._ecpy)
                  00007d0e    00000002     --HOLE-- [fill = 0]
                  00007d10    0000004c     u8x8_d_ssd1306_128x64_noname.o (.text.u8x8_d_ssd1306_128x64_noname)
                  00007d5c    0000004a     libclang_rt.builtins.a : fixdfsi.S.obj (.text.__fixdfsi)
                  00007da6    0000004a     u8g2_buffer.o (.text.u8g2_NextPage)
                  00007df0    00000048     driverlib.a : dl_uart.o (.text.DL_UART_init)
                  00007e38    00000048     ti_msp_dl_config.o (.text.SYSCFG_DL_TIMER_TICK_init)
                  00007e80    00000048     ti_msp_dl_config.o (.text.SYSCFG_DL_init)
                  00007ec8    00000048     oled.o (.text.u8g2Init)
                  00007f10    00000044     driverlib.a : dl_sysctl_mspm0g1x0x_g3x0x.o (.text.DL_SYSCTL_switchMCLKfromSYSOSCtoHSCLK)
                  00007f54    00000040     draw.o (.text.OLED_SHOW)
                  00007f94    00000040     libclang_rt.builtins.a : aeabi_uidivmod.S.obj (.text.__aeabi_uidivmod)
                  00007fd4    00000040                            : extendsfdf2.S.obj (.text.__extendsfdf2)
                  00008014    00000040     libc.a : atoi.c.obj (.text.atoi)
                  00008054    00000040     clock.o (.text.delay_us)
                  00008094    00000040     libc.a : ti_fmax.c.obj (.text.fmaxf)
                  000080d4    00000040     interrupt.o (.text.get_encoder_count)
                  00008114    0000003e     libc.a : ti_fmax.c.obj (.text.fminf)
                  00008152    00000002     --HOLE-- [fill = 0]
                  00008154    0000003c     driverlib.a : dl_i2c.o (.text.DL_I2C_flushControllerTXFIFO)
                  00008190    0000003c     libclang_rt.builtins.a : floatsisf.S.obj (.text.__floatsisf)
                  000081cc    0000003c                            : comparesf2.S.obj (.text.__gtsf2)
                  00008208    0000003c     mpu6050_service.o (.text.mpu6050_i2c1_full_init)
                  00008244    0000003c     u8g2_d_setup.o (.text.u8g2_Setup_ssd1306_i2c_128x64_noname_f)
                  00008280    0000003c     libc.a : autoinit.c.obj (.text:__TI_auto_init_nobinit_nopinit)
                  000082bc    0000003a     libclang_rt.builtins.a : comparesf2.S.obj (.text.__eqsf2)
                  000082f6    00000002     --HOLE-- [fill = 0]
                  000082f8    0000003a                            : muldsi3.S.obj (.text.__muldsi3)
                  00008332    00000002     --HOLE-- [fill = 0]
                  00008334    00000038                            : fixsfsi.S.obj (.text.__fixsfsi)
                  0000836c    00000038     libc.a : sprintf.c.obj (.text.sprintf)
                  000083a4    00000034     clock.o (.text.mspm0_delay_ms)
                  000083d8    00000034     u8g2_setup.o (.text.u8g2_update_dimension_r0)
                  0000840c    00000030     driverlib.a : dl_i2c.o (.text.DL_I2C_flushControllerRXFIFO)
                  0000843c    00000030     ti_msp_dl_config.o (.text.SYSCFG_DL_I2C1_init)
                  0000846c    00000030     usart.o (.text.USART_SendString)
                  0000849c    00000030     libc.a : _printfi.c.obj (.text._fcpy)
                  000084cc    00000030     u8g2_cleardisplay.o (.text.u8g2_ClearDisplay)
                  000084fc    0000002c     interrupt.o (.text.SysTick_Handler)
                  00008528    0000002c     libclang_rt.builtins.a : floatsidf.S.obj (.text.__floatsidf)
                  00008554    0000002c     u8g2_buffer.o (.text.u8g2_FirstPage)
                  00008580    0000002c     u8x8_cad.o (.text.u8x8_i2c_data_transfer)
                  000085ac    00000028     libclang_rt.builtins.a : floatunsisf.S.obj (.text.__floatunsisf)
                  000085d4    00000028     u8x8_setup.o (.text.u8x8_Setup)
                  000085fc    00000028     libc.a : boot_cortex_m.c.obj (.text:_c_int00_noargs)
                  00008624    00000026     driverlib.a : dl_i2c.o (.text.DL_I2C_setClockConfig)
                  0000864a    00000002     --HOLE-- [fill = 0]
                  0000864c    00000024     libclang_rt.builtins.a : muldi3.S.obj (.text.__muldi3)
                  00008670    00000024     mpu6050.o (.text.i2c_read)
                  00008694    00000024     u8g2_font.o (.text.u8g2_add_vector_x)
                  000086b8    00000024     u8g2_font.o (.text.u8g2_add_vector_y)
                  000086dc    00000022     libc.a : memccpy.c.obj (.text.memccpy)
                  000086fe    00000020     mpu6050.o (.text.i2c_write)
                  0000871e    00000002     --HOLE-- [fill = 0]
                  00008720    0000001e     libclang_rt.builtins.a : ashldi3.S.obj (.text.__ashldi3)
                  0000873e    0000001e     u8x8_display.o (.text.u8x8_DrawTile)
                  0000875c    0000001c     driverlib.a : dl_sysctl_mspm0g1x0x_g3x0x.o (.text.DL_SYSCTL_configFCC)
                  00008778    0000001c                 : dl_timer.o (.text.DL_Timer_setCaptCompUpdateMethod)
                  00008794    0000001c                 : dl_timer.o (.text.DL_Timer_setClockConfig)
                  000087b0    0000001c     ti_msp_dl_config.o (.text.SYSCFG_DL_SYSTICK_init)
                  000087cc    0000001a     u8g2_buffer.o (.text.u8g2_SetBufferCurrTileRow)
                  000087e6    00000002     --HOLE-- [fill = 0]
                  000087e8    00000018     driverlib.a : dl_timer.o (.text.DL_Timer_setCaptureCompareOutCtl)
                  00008800    00000018     usart.o (.text.USART_Init)
                  00008818    00000018     libc.a : sprintf.c.obj (.text._outs)
                  00008830    00000016            : k_rem_pio2.c.obj (.text.OUTLINED_FUNCTION_0)
                  00008846    00000002     --HOLE-- [fill = 0]
                  00008848    00000010     libclang_rt.builtins.a : adddf3.S.obj (.tramp.__aeabi_dadd.1)
                  00008858    00000016     u8g2_buffer.o (.text.u8g2_ClearBuffer)
                  0000886e    00000016     u8g2_hvline.o (.text.u8g2_draw_hv_line_2dir)
                  00008884    00000014     libclang_rt.builtins.a : aeabi_uldivmod.S.obj (.text.__aeabi_uldivmod)
                  00008898    00000014     libc.a : _printfi.c.obj (.text.strchr)
                  000088ac    00000012     driverlib.a : dl_uart.o (.text.DL_UART_setClockConfig)
                  000088be    00000012     u8x8_byte.o (.text.u8x8_byte_SendByte)
                  000088d0    00000012     libc.a : copy_decompress_none.c.obj (.text:decompress:none)
                  000088e2    00000002     --HOLE-- [fill = 0]
                  000088e4    00000010     driverlib.a : dl_timer.o (.text.DL_Timer_setCaptureCompareValue)
                  000088f4    00000010     libc.a : k_rem_pio2.c.obj (.text.OUTLINED_FUNCTION_2)
                  00008904    00000010     electrical_machinery.o (.text.car_stop)
                  00008914    00000010     u8g2_font.o (.text.u8g2_DrawUTF8)
                  00008924    00000010     u8g2_setup.o (.text.u8g2_draw_l90_r0)
                  00008934    00000010     libc.a : wcslen.c.obj (.text.wcslen)
                  00008944    00000010            : copy_zero_init.c.obj (.text:decompress:ZI)
                  00008954    0000000e     libclang_rt.builtins.a : aeabi_memset.S.obj (.text.__aeabi_memset)
                  00008962    0000000e     u8x8_byte.o (.text.i2c_delay)
                  00008970    0000000e     libc.a : _printfi.c.obj (.text.strlen)
                  0000897e    0000000e     u8g2_font.o (.text.u8g2_font_get_word)
                  0000898c    0000000e     u8x8_display.o (.text.u8x8_InitDisplay)
                  0000899a    0000000e     u8x8_display.o (.text.u8x8_RefreshDisplay)
                  000089a8    0000000e     u8x8_display.o (.text.u8x8_SetPowerSave)
                  000089b6    0000000e     u8x8_display.o (.text.u8x8_SetupMemory)
                  000089c4    0000000e     u8x8_byte.o (.text.u8x8_byte_EndTransfer)
                  000089d2    0000000e     u8x8_byte.o (.text.u8x8_byte_SendBytes)
                  000089e0    0000000e     u8x8_byte.o (.text.u8x8_byte_StartTransfer)
                  000089ee    0000000e     u8x8_cad.o (.text.u8x8_cad_EndTransfer)
                  000089fc    0000000e     u8x8_cad.o (.text.u8x8_cad_SendArg)
                  00008a0a    0000000e     u8x8_cad.o (.text.u8x8_cad_SendCmd)
                  00008a18    0000000e     u8x8_cad.o (.text.u8x8_cad_SendData)
                  00008a26    0000000e     u8x8_cad.o (.text.u8x8_cad_StartTransfer)
                  00008a34    0000000c     libclang_rt.builtins.a : aeabi_memset.S.obj (.text.__aeabi_memclr)
                  00008a40    0000000c     mpu6050.o (.text.mpu6050_get_pitch)
                  00008a4c    0000000c     mpu6050.o (.text.mpu6050_get_roll)
                  00008a58    0000000c     mpu6050.o (.text.mpu6050_get_yaw)
                  00008a64    0000000c     mpu6050.o (.text.mpu6050_millis)
                  00008a70    0000000c     u8g2_hvline.o (.text.u8g2_SetDrawColor)
                  00008a7c    0000000c     u8g2_font.o (.text.u8g2_SetFontPosBaseline)
                  00008a88    0000000c     u8g2_d_memory.o (.text.u8g2_m_16_8_f)
                  00008a94    0000000a     driverlib.a : dl_common.o (.text.DL_Common_delayCycles)
                  00008a9e    0000000a     libc.a : _printfi.c.obj (.text.OUTLINED_FUNCTION_0)
                  00008aa8    00000010     libclang_rt.builtins.a : adddf3.S.obj (.tramp.__aeabi_dsub.1)
                  00008ab8    0000000a     libc.a : _printfi.c.obj (.text.OUTLINED_FUNCTION_1)
                  00008ac2    0000000a            : k_rem_pio2.c.obj (.text.OUTLINED_FUNCTION_1)
                  00008acc    0000000a            : s_cosf.c.obj (.text.OUTLINED_FUNCTION_3)
                  00008ad6    0000000a            : s_sinf.c.obj (.text.OUTLINED_FUNCTION_3)
                  00008ae0    0000000a            : sprintf.c.obj (.text._outc)
                  00008aea    0000000a     u8x8_display.o (.text.u8x8_d_helper_display_setup_memory)
                  00008af4    0000000a     u8x8_gpio.o (.text.u8x8_gpio_call)
                  00008afe    00000002     --HOLE-- [fill = 0]
                  00008b00    00000008     libc.a : aeabi_portable.c.obj (.text.__aeabi_errno_addr)
                  00008b08    00000008     libclang_rt.builtins.a : aeabi_memcpy.S.obj (.text.__aeabi_memcpy)
                  00008b10    00000008     mpu6050.o (.text.mpu6050_delay_ms)
                  00008b18    00000008     mpu6050.o (.text.mpu6050_get_data)
                  00008b20    00000008     u8x8_8x8.o (.text.u8x8_utf8_init)
                  00008b28    00000006     libc.a : e_asinf.c.obj (.text.OUTLINED_FUNCTION_0)
                  00008b2e    00000002     --HOLE-- [fill = 0]
                  00008b30    00000010     libclang_rt.builtins.a : mulsf3.S.obj (.tramp.__aeabi_fmul.1)
                  00008b40    00000006     libc.a : s_atanf.c.obj (.text.OUTLINED_FUNCTION_0)
                  00008b46    00000002     --HOLE-- [fill = 0]
                  00008b48    00000010     libclang_rt.builtins.a : divsf3.S.obj (.tramp.__aeabi_fdiv.1)
                  00008b58    00000006     libc.a : s_cosf.c.obj (.text.OUTLINED_FUNCTION_0)
                  00008b5e    00000002     --HOLE-- [fill = 0]
                  00008b60    00000010     libclang_rt.builtins.a : muldf3.S.obj (.tramp.__aeabi_dmul.1)
                  00008b70    00000006     libc.a : s_sinf.c.obj (.text.OUTLINED_FUNCTION_0)
                  00008b76    00000006            : s_cosf.c.obj (.text.OUTLINED_FUNCTION_1)
                  00008b7c    00000006            : s_sinf.c.obj (.text.OUTLINED_FUNCTION_1)
                  00008b82    00000006     u8g2_font.o (.text.u8g2_SetFontDirection)
                  00008b88    00000006     u8g2_font.o (.text.u8g2_SetFontMode)
                  00008b8e    00000006     libc.a : exit.c.obj (.text:abort)
                  00008b94    00000004     libsysbm.a : hostexit.c.obj (.text.HOSTexit)
                  00008b98    00000004     libc.a : s_atanf.c.obj (.text.OUTLINED_FUNCTION_1)
                  00008b9c    00000010     libclang_rt.builtins.a : addsf3.S.obj (.tramp.__aeabi_fadd.1)
                  00008bac    00000004     libc.a : s_cosf.c.obj (.text.OUTLINED_FUNCTION_2)
                  00008bb0    00000010     libclang_rt.builtins.a : extendsfdf2.S.obj (.tramp.__aeabi_f2d.1)
                  00008bc0    00000004     libc.a : s_sinf.c.obj (.text.OUTLINED_FUNCTION_2)
                  00008bc4    00000004     startup_mspm0g350x_ticlang.o (.text.Reset_Handler)
                  00008bc8    00000004     libc.a : pre_init.c.obj (.text._system_pre_init)
                  00008bcc    00000004     u8g2_font.o (.text.u8g2_font_calc_vref_font)

.cinit     0    00009800    000000f8     
                  00009800    000000d2     (.cinit..data.load) [load image, compression = lzss]
                  000098d2    00000002     --HOLE-- [fill = 0]
                  000098d4    0000000c     (__TI_handler_table)
                  000098e0    00000008     (.cinit..bss.load) [load image, compression = zero_init]
                  000098e8    00000010     (__TI_cinit_table)

.rodata    0    00008bd0    00000c30     
                  00008bd0    0000069f     chinesetxt.o (.rodata.u8g2_font_unifont_st16)
                  0000926f    00000001     --HOLE-- [fill = 0]
                  00009270    00000108     libc.a : k_rem_pio2.c.obj (.rodata.ipio2)
                  00009378    00000008     ti_msp_dl_config.o (.rodata.gPWMAConfig)
                  00009380    00000101     libc.a : aeabi_ctype.S.obj (.rodata:__aeabi_ctype_table_)
                  00009481    00000007     draw.o (.rodata..Lswitch.table.HOME_directory.60)
                  00009488    00000040     libc.a : k_rem_pio2.c.obj (.rodata.PIo2)
                  000094c8    00000035     u8x8_d_ssd1306_128x64_noname.o (.rodata.u8x8_d_ssd1306_128x64_noname_init_seq)
                  000094fd    00000030     line_follower.o (.rodata.str1.16609631131321844371.1)
                  0000952d    0000002f     empty.o (.rodata.str1.16704889451495720520.1)
                  0000955c    0000002c     mpu6050_service.o (.rodata.g_bus_config)
                  00009588    00000028     ti_msp_dl_config.o (.rodata.gSYSPLLConfig)
                  000095b0    00000020     libc.a : s_atanf.c.obj (.rodata.cst16)
                  000095d0    00000018     u8x8_d_ssd1306_128x64_noname.o (.rodata.u8x8_ssd1306_128x64_noname_display_info)
                  000095e8    00000014     ti_msp_dl_config.o (.rodata.gTIMER_TICKTimerConfig)
                  000095fc    00000014     empty.o (.rodata.str1.14685083708502177989.1)
                  00009610    00000012     empty.o (.rodata.str1.254342170260855183.1)
                  00009622    00000011     libc.a : _printfi.c.obj (.rodata.str1.10348868589481759720.1)
                  00009633    00000011     empty.o (.rodata.str1.10926989522752758884.1)
                  00009644    00000011     libc.a : _printfi.c.obj (.rodata.str1.15363888844622738466.1)
                  00009655    00000003     ti_msp_dl_config.o (.rodata.gPWMAClockConfig)
                  00009658    00000010     draw.o (.rodata..Lswitch.table.HOME_directory)
                  00009668    00000010     electrical_machinery.o (.rodata..Lswitch.table.reset_motor_speed)
                  00009678    00000010     draw.o (.rodata.cst16)
                  00009688    00000010     libc.a : k_rem_pio2.c.obj (.rodata.cst16)
                  00009698    0000000f     empty.o (.rodata.str1.9517790425240694019.1)
                  000096a7    0000000d     draw.o (.rodata.str1.15371446012953876463.1)
                  000096b4    0000000c     u8g2_setup.o (.rodata.u8g2_cb_r0)
                  000096c0    0000000b     empty.o (.rodata.str1.17669528882079347314.1)
                  000096cb    00000001     --HOLE-- [fill = 0]
                  000096cc    0000000a     ti_msp_dl_config.o (.rodata.gUART_0Config)
                  000096d6    0000000a     empty.o (.rodata.str1.11898133897667081452.1)
                  000096e0    00000009     draw.o (.rodata.str1.1222851238220204105.1)
                  000096e9    00000009     draw.o (.rodata.str1.16798678518866173547.1)
                  000096f2    00000002     ti_msp_dl_config.o (.rodata.gI2C1ClockConfig)
                  000096f4    00000008     ti_msp_dl_config.o (.rodata.gPWMBConfig)
                  000096fc    00000008     ti_msp_dl_config.o (.rodata.gPWMCConfig)
                  00009704    00000008     ti_msp_dl_config.o (.rodata.gPWMDConfig)
                  0000970c    00000007     draw.o (.rodata.str1.12927128395581683091.1)
                  00009713    00000007     draw.o (.rodata.str1.16920298533707407236.1)
                  0000971a    00000007     draw.o (.rodata.str1.2536505494550489181.1)
                  00009721    00000007     draw.o (.rodata.str1.4063744131834711033.1)
                  00009728    00000007     draw.o (.rodata.str1.4769186932343429571.1)
                  0000972f    00000007     draw.o (.rodata.str1.7599327456358374941.1)
                  00009736    00000007     u8x8_d_ssd1306_128x64_noname.o (.rodata.u8x8_d_ssd1306_128x64_noname_flip0_seq)
                  0000973d    00000007     u8x8_d_ssd1306_128x64_noname.o (.rodata.u8x8_d_ssd1306_128x64_noname_flip1_seq)
                  00009744    00000006     draw.o (.rodata.str1.17402708256360119916.1)
                  0000974a    00000006     draw.o (.rodata.str1.3087611109763544748.1)
                  00009750    00000006     draw.o (.rodata.str1.3993406505997153926.1)
                  00009756    00000006     draw.o (.rodata.str1.5092474850242601035.1)
                  0000975c    00000006     draw.o (.rodata.str1.8931661920520104013.1)
                  00009762    00000005     draw.o (.rodata.str1.13295882753961647737.1)
                  00009767    00000005     draw.o (.rodata.str1.15046184968404042663.1)
                  0000976c    00000005     draw.o (.rodata.str1.17067162139742542313.1)
                  00009771    00000005     draw.o (.rodata.str1.17985918111400082174.1)
                  00009776    00000005     draw.o (.rodata.str1.197789920646994554.1)
                  0000977b    00000005     draw.o (.rodata.str1.3856563774887557434.1)
                  00009780    00000005     draw.o (.rodata.str1.3977530377744300196.1)
                  00009785    00000005     draw.o (.rodata.str1.9461052618368317133.1)
                  0000978a    00000005     u8x8_d_ssd1306_128x64_noname.o (.rodata.u8x8_d_ssd1306_128x64_noname_powersave0_seq)
                  0000978f    00000005     u8x8_d_ssd1306_128x64_noname.o (.rodata.u8x8_d_ssd1306_128x64_noname_powersave1_seq)
                  00009794    00000004     draw.o (.rodata.str1.11662179543728856056.1)
                  00009798    00000004     draw.o (.rodata.str1.12753359286343333358.1)
                  0000979c    00000004     draw.o (.rodata.str1.13558645747875480796.1)
                  000097a0    00000004     draw.o (.rodata.str1.14187398005209213545.1)
                  000097a4    00000004     draw.o (.rodata.str1.14915676214180293299.1)
                  000097a8    00000004     draw.o (.rodata.str1.15074342113409833842.1)
                  000097ac    00000004     draw.o (.rodata.str1.16447675822648205255.1)
                  000097b0    00000004     draw.o (.rodata.str1.17167547962068192002.1)
                  000097b4    00000004     draw.o (.rodata.str1.17877410042743655113.1)
                  000097b8    00000004     draw.o (.rodata.str1.2680053455445061944.1)
                  000097bc    00000004     draw.o (.rodata.str1.3044352249193297061.1)
                  000097c0    00000004     draw.o (.rodata.str1.3602204908956033498.1)
                  000097c4    00000004     draw.o (.rodata.str1.439440656638192846.1)
                  000097c8    00000004     draw.o (.rodata.str1.7146124109294951569.1)
                  000097cc    00000004     draw.o (.rodata.str1.9363706946722908181.1)
                  000097d0    00000003     ti_msp_dl_config.o (.rodata.gPWMBClockConfig)
                  000097d3    00000003     ti_msp_dl_config.o (.rodata.gPWMCClockConfig)
                  000097d6    00000003     ti_msp_dl_config.o (.rodata.gPWMDClockConfig)
                  000097d9    00000003     ti_msp_dl_config.o (.rodata.gTIMER_TICKClockConfig)
                  000097dc    00000003     draw.o (.rodata.str1.11114186964174836109.1)
                  000097df    00000003     draw.o (.rodata.str1.12359765093345317632.1)
                  000097e2    00000003     draw.o (.rodata.str1.15032166160981136206.1)
                  000097e5    00000003     draw.o (.rodata.str1.3436235078410369563.1)
                  000097e8    00000003     empty.o (.rodata.str1.7401042497206923953.1)
                  000097eb    00000003     draw.o (.rodata.str1.9759785406605014316.1)
                  000097ee    00000002     ti_msp_dl_config.o (.rodata.gI2C_BUSClockConfig)
                  000097f0    00000002     ti_msp_dl_config.o (.rodata.gUART_0ClockConfig)
                  000097f2    00000002     draw.o (.rodata.str1.13621094816472248119.1)
                  000097f4    00000002     draw.o (.rodata.str1.13901186772788639667.1)
                  000097f6    00000002     draw.o (.rodata.str1.15981432797632722681.1)
                  000097f8    00000002     draw.o (.rodata.str1.16224708837686808630.1)
                  000097fa    00000002     draw.o (.rodata.str1.6764898206403387013.1)
                  000097fc    00000002     draw.o (.rodata.str1.7901478166373039286.1)
                  000097fe    00000002     --HOLE-- [fill = 0]

.init_array 
*          0    00000000    00000000     UNINITIALIZED

.binit     0    00000000    00000000     

.bss       0    20200000    00000636     UNINITIALIZED
                  20200000    00000400     u8g2_d_memory.o (.bss.u8g2_m_16_8_f.buf)
                  20200400    000000a0     (.common:gPWMBBackup)
                  202004a0    000000a0     (.common:gPWMDBackup)
                  20200540    00000040     mpu6050.o (.bss.g_data)
                  20200580    0000002c     mpu6050.o (.bss.g_bus)
                  202005ac    00000020     mpu6050.o (.bss.g_filter)
                  202005cc    00000004     mpu6050_service.o (.bss.g_next_sample_ms)
                  202005d0    00000010     interrupt.o (.bss.motor_encoderA)
                  202005e0    00000010     interrupt.o (.bss.motor_encoderB)
                  202005f0    00000010     interrupt.o (.bss.motor_encoderC)
                  20200600    00000010     interrupt.o (.bss.motor_encoderD)
                  20200610    00000004     electrical_machinery.o (.bss.motor_speed_A)
                  20200614    00000004     electrical_machinery.o (.bss.motor_speed_B)
                  20200618    00000004     electrical_machinery.o (.bss.motor_speed_C)
                  2020061c    00000004     electrical_machinery.o (.bss.motor_speed_D)
                  20200620    00000004     (.common:id)
                  20200624    00000004     (.common:start_time)
                  20200628    00000004     (.common:tick_ms)
                  2020062c    00000001     mpu6050.o (.bss.g_i2c_nack_seen)
                  2020062d    00000001     (.common:actual_speed)
                  2020062e    00000001     (.common:s1)
                  2020062f    00000001     (.common:s2)
                  20200630    00000001     (.common:s3)
                  20200631    00000001     (.common:s4)
                  20200632    00000001     (.common:s5)
                  20200633    00000001     (.common:s6)
                  20200634    00000001     (.common:s7)
                  20200635    00000001     (.common:s8)

.data      0    20200638    000001d7     UNINITIALIZED
                  20200638    00000080     usart.o (.data.recv0_buff)
                  202006b8    00000024     draw.o (.data..compoundliteral.35)
                  202006dc    00000020     draw.o (.data..compoundliteral.26)
                  202006fc    0000001c     draw.o (.data..compoundliteral.13)
                  20200718    0000001c     draw.o (.data..compoundliteral)
                  20200734    00000018     draw.o (.data..compoundliteral.38)
                  2020074c    00000014     draw.o (.data..compoundliteral.18)
                  20200760    00000014     draw.o (.data..compoundliteral.36)
                  20200774    00000008     draw.o (.data.directory)
                  2020077c    00000008     draw.o (.data.directory_num)
                  20200784    00000007     draw.o (.data..compoundliteral.40)
                  2020078b    00000001     interrupt.o (.data.SysTick_Handler.imu_tick)
                  2020078c    00000004     draw.o (.data..compoundliteral.37)
                  20200790    00000004     draw.o (.data..compoundliteral.6)
                  20200794    00000004     interrupt.o (.data.GROUP1_IRQHandler.KEY1_start_time)
                  20200798    00000004     interrupt.o (.data.GROUP1_IRQHandler.KEY2_start_time)
                  2020079c    00000004     interrupt.o (.data.GROUP1_IRQHandler.KEY3_start_time)
                  202007a0    00000004     interrupt.o (.data.GROUP1_IRQHandler.KEY4_start_time)
                  202007a4    00000004     electrical_machinery.o (.data.MAX)
                  202007a8    00000004     electrical_machinery.o (.data.MIN)
                  202007ac    00000004     electrical_machinery.o (.data.Velcity_Ki)
                  202007b0    00000004     electrical_machinery.o (.data.Velcity_Kp)
                  202007b4    00000004     libc.a : aeabi_portable.c.obj (.data.__aeabi_errno)
                  202007b8    00000004     electrical_machinery.o (.data.cv_A)
                  202007bc    00000004     electrical_machinery.o (.data.cv_B)
                  202007c0    00000004     electrical_machinery.o (.data.cv_C)
                  202007c4    00000004     electrical_machinery.o (.data.cv_D)
                  202007c8    00000004     line_follower.o (.data.integral)
                  202007cc    00000004     draw.o (.data.kd)
                  202007d0    00000004     draw.o (.data.ki)
                  202007d4    00000004     draw.o (.data.kp)
                  202007d8    00000004     line_follower.o (.data.last_error)
                  202007dc    00000004     line_follower.o (.data.last_valid_diff)
                  202007e0    00000004     electrical_machinery.o (.data.lb_A)
                  202007e4    00000004     electrical_machinery.o (.data.lb_B)
                  202007e8    00000004     electrical_machinery.o (.data.lb_C)
                  202007ec    00000004     electrical_machinery.o (.data.lb_D)
                  202007f0    00000004     line_follower.o (.data.line_folower.last_warn_ms)
                  202007f4    00000004     empty.o (.data.main.last_sensor_ms)
                  202007f8    00000004     interrupt.o (.data.nextway)
                  202007fc    00000004     draw.o (.data.pid_rate)
                  20200800    00000002     draw.o (.data..compoundliteral.39)
                  20200802    00000002     usart.o (.data.recv0_length)
                  20200804    00000001     draw.o (.data.base_speed)
                  20200805    00000001     draw.o (.data.directory_flag)
                  20200806    00000001     line_follower.o (.data.left_flage)
                  20200807    00000001     draw.o (.data.number_of_turns)
                  20200808    00000001     line_follower.o (.data.out_num)
                  20200809    00000001     usart.o (.data.recv0_flag)
                  2020080a    00000001     draw.o (.data.stop_flag)
                  2020080b    00000001     line_follower.o (.data.trun_flage)
                  2020080c    00000001     line_follower.o (.data.turn_dir_locked)
                  2020080d    00000001     u8x8_cad.o (.data.u8x8_cad_ssd13xx_fast_i2c.in_transfer)
                  2020080e    00000001     draw.o (.data.xspeed)

.stack     0    20207e00    00000200     UNINITIALIZED
                  20207e00    00000004     libc.a : boot_cortex_m.c.obj (.stack)
                  20207e04    000001fc     --HOLE--

__llvm_prf_cnts 
*          0    20200000    00000000     UNINITIALIZED

__llvm_prf_bits 
*          0    20200000    00000000     UNINITIALIZED

MODULE SUMMARY

       Module                           code    ro data   rw data
       ------                           ----    -------   -------
    .\
       ti_msp_dl_config.o               2276    123       320    
       empty.o                          580     141       4      
       startup_mspm0g350x_ticlang.o     6       192       0      
    +--+--------------------------------+-------+---------+---------+
       Total:                           2862    456       324    
                                                                 
    .\APPLICATION\
       line_follower.o                  896     48        29     
       grayscale_sensor.o               296     0         0      
    +--+--------------------------------+-------+---------+---------+
       Total:                           1192    48        29     
                                                                 
    .\BSP\
       electrical_machinery.o           1608    16        64     
       interrupt.o                      636     0         85     
       usart.o                          160     0         131    
       clock.o                          204     0         8      
    +--+--------------------------------+-------+---------+---------+
       Total:                           2608    16        288    
                                                                 
    .\OLED\
       draw.o                           2052    269       246    
       oled.o                           232     0         0      
    +--+--------------------------------+-------+---------+---------+
       Total:                           2284    269       246    
                                                                 
    .\OLED\csrc\
       u8g2_font.o                      1850    0         0      
       chinesetxt.o                     0       1695      0      
       u8g2_d_memory.o                  12      0         1024   
       u8x8_byte.o                      906     0         0      
       u8x8_cad.o                       582     0         1      
       u8x8_d_ssd1306_128x64_noname.o   456     101       0      
       u8g2_ll_hvline.o                 532     0         0      
       u8g2_hvline.o                    282     0         0      
       u8g2_setup.o                     260     12        0      
       u8g2_buffer.o                    250     0         0      
       u8g2_box.o                       236     0         0      
       u8x8_display.o                   202     0         0      
       u8x8_8x8.o                       136     0         0      
       u8g2_intersection.o              94      0         0      
       u8g2_d_setup.o                   60      0         0      
       u8g2_cleardisplay.o              48      0         0      
       u8x8_setup.o                     40      0         0      
       u8x8_gpio.o                      10      0         0      
    +--+--------------------------------+-------+---------+---------+
       Total:                           5956    1808      1025   
                                                                 
    .\mpu6050\
       mpu6050.o                        4848    0         141    
       mpu6050_service.o                652     44        4      
    +--+--------------------------------+-------+---------+---------+
       Total:                           5500    44        145    
                                                                 
    G:/MSPM0 3507/CCS/mspm0_sdk_2_10_00_04/source/ti/driverlib/lib/ticlang/m0p/mspm0g1x0x_g3x0x/driverlib.a
       dl_timer.o                       608     0         0      
       dl_sysctl_mspm0g1x0x_g3x0x.o     316     0         0      
       dl_i2c.o                         146     0         0      
       dl_uart.o                        90      0         0      
       dl_common.o                      10      0         0      
    +--+--------------------------------+-------+---------+---------+
       Total:                           1170    0         0      
                                                                 
    G:\MSPM0 3507\CCS\ccs\tools\compiler\ti-cgt-armllvm_4.0.4.LTS\lib\armv6m-ti-none-eabi/c/libc.a
       _printfi.c.obj                   4510    34        0      
       k_rem_pio2.c.obj                 1652    344       0      
       s_cosf.c.obj                     822     0         0      
       s_sinf.c.obj                     810     0         0      
       s_atanf.c.obj                    466     32        0      
       e_sqrt.c.obj                     368     0         0      
       e_asinf.c.obj                    358     0         0      
       s_floor.c.obj                    324     0         0      
       e_atan2f.c.obj                   280     0         0      
       aeabi_ctype.S.obj                0       257       0      
       s_scalbn.c.obj                   216     0         0      
       e_sqrtf.c.obj                    160     0         0      
       memcpy16.S.obj                   154     0         0      
       ti_fmax.c.obj                    126     0         0      
       copy_decompress_lzss.c.obj       124     0         0      
       memset16.S.obj                   98      0         0      
       s_frexp.c.obj                    92      0         0      
       sprintf.c.obj                    90      0         0      
       _ltoa.c.obj                      88      0         0      
       atoi.c.obj                       64      0         0      
       autoinit.c.obj                   60      0         0      
       boot_cortex_m.c.obj              40      0         0      
       memccpy.c.obj                    34      0         0      
       copy_decompress_none.c.obj       18      0         0      
       copy_zero_init.c.obj             16      0         0      
       wcslen.c.obj                     16      0         0      
       aeabi_portable.c.obj             8       0         4      
       exit.c.obj                       6       0         0      
       pre_init.c.obj                   4       0         0      
    +--+--------------------------------+-------+---------+---------+
       Total:                           11004   667       4      
                                                                 
    G:\MSPM0 3507\CCS\ccs\tools\compiler\ti-cgt-armllvm_4.0.4.LTS\lib\armv6m-ti-none-eabi/c/libsysbm.a
       hostexit.c.obj                   4       0         0      
    +--+--------------------------------+-------+---------+---------+
       Total:                           4       0         0      
                                                                 
    G:\MSPM0 3507\CCS\ccs\tools\compiler\ti-cgt-armllvm_4.0.4.LTS\lib\armv6m-ti-none-eabi/libclang_rt.builtins.a
       adddf3.S.obj                     434     0         0      
       divdf3.S.obj                     268     0         0      
       muldf3.S.obj                     244     0         0      
       addsf3.S.obj                     232     0         0      
       comparedf2.c.obj                 220     0         0      
       udivmoddi4.S.obj                 162     0         0      
       mulsf3.S.obj                     156     0         0      
       divsf3.S.obj                     146     0         0      
       comparesf2.S.obj                 118     0         0      
       truncdfsf2.S.obj                 116     0         0      
       aeabi_dcmp.S.obj                 98      0         0      
       aeabi_fcmp.S.obj                 98      0         0      
       aeabi_idivmod.S.obj              86      0         0      
       extendsfdf2.S.obj                80      0         0      
       fixdfsi.S.obj                    74      0         0      
       aeabi_uidivmod.S.obj             64      0         0      
       floatsisf.S.obj                  60      0         0      
       muldsi3.S.obj                    58      0         0      
       fixsfsi.S.obj                    56      0         0      
       floatsidf.S.obj                  44      0         0      
       floatunsisf.S.obj                40      0         0      
       muldi3.S.obj                     36      0         0      
       ashldi3.S.obj                    30      0         0      
       aeabi_memset.S.obj               26      0         0      
       aeabi_uldivmod.S.obj             20      0         0      
       aeabi_memcpy.S.obj               8       0         0      
       aeabi_div0.c.obj                 4       0         0      
    +--+--------------------------------+-------+---------+---------+
       Total:                           2978    0         0      
                                                                 
       Stack:                           0       0         512    
       Linker Generated:                0       246       0      
    +--+--------------------------------+-------+---------+---------+
       Grand Total:                     35558   3554      2573   


LINKER GENERATED COPY TABLES

__TI_cinit_table @ 000098e8 records: 2, size/record: 8, table size: 16
	.data: load addr=00009800, load size=000000d2 bytes, run addr=20200638, run size=000001d7 bytes, compression=lzss
	.bss: load addr=000098e0, load size=00000008 bytes, run addr=20200000, run size=00000636 bytes, compression=zero_init


LINKER GENERATED HANDLER TABLE

__TI_handler_table @ 000098d4 records: 3, size/record: 4, table size: 12
	index: 0, handler: __TI_decompress_lzss
	index: 1, handler: __TI_decompress_none
	index: 2, handler: __TI_zero_init


FAR CALL TRAMPOLINES

callee name               trampoline name
   callee addr  tramp addr   call addr  call info
--------------  -----------  ---------  ----------------
__aeabi_dadd              $Tramp$TT$L$PI$$__aeabi_dadd
   0000465f     00008848     00008844   libc.a : k_rem_pio2.c.obj (.text.OUTLINED_FUNCTION_0)
                             00008aca          : k_rem_pio2.c.obj (.text.OUTLINED_FUNCTION_1)
                             00008ad4          : s_cosf.c.obj (.text.OUTLINED_FUNCTION_3)
                             00008ade          : s_sinf.c.obj (.text.OUTLINED_FUNCTION_3)
__aeabi_dsub              $Tramp$TT$L$PI$$__aeabi_dsub
   00004655     00008aa8     00008aa6   libc.a : _printfi.c.obj (.text.OUTLINED_FUNCTION_0)
__aeabi_fmul              $Tramp$TT$L$PI$$__aeabi_fmul
   00006dc1     00008b30     00008b2c   libc.a : e_asinf.c.obj (.text.OUTLINED_FUNCTION_0)
__aeabi_fdiv              $Tramp$TT$L$PI$$__aeabi_fdiv
   00006f5d     00008b48     00008b44   libc.a : s_atanf.c.obj (.text.OUTLINED_FUNCTION_0)
__aeabi_dmul              $Tramp$TT$L$PI$$__aeabi_dmul
   0000618d     00008b60     00008b5c   libc.a : s_cosf.c.obj (.text.OUTLINED_FUNCTION_0)
                             00008b74          : s_sinf.c.obj (.text.OUTLINED_FUNCTION_0)
                             00008b7a          : s_cosf.c.obj (.text.OUTLINED_FUNCTION_1)
                             00008b80          : s_sinf.c.obj (.text.OUTLINED_FUNCTION_1)
__aeabi_fadd              $Tramp$TT$L$PI$$__aeabi_fadd
   0000642f     00008b9c     00008b9a   libc.a : s_atanf.c.obj (.text.OUTLINED_FUNCTION_1)
__aeabi_f2d               $Tramp$TT$L$PI$$__aeabi_f2d
   00007fd5     00008bb0     00008bae   libc.a : s_cosf.c.obj (.text.OUTLINED_FUNCTION_2)
                             00008bc2          : s_sinf.c.obj (.text.OUTLINED_FUNCTION_2)

[7 trampolines]
[14 trampoline calls]


GLOBAL SYMBOLS: SORTED ALPHABETICALLY BY Name 

address   name                                  
-------   ----                                  
000047e7  ADC0_IRQHandler                       
000047e7  ADC1_IRQHandler                       
000047e7  AES_IRQHandler                        
00008b94  C$$EXIT                               
000047e7  CANFD0_IRQHandler                     
00006e4d  CAR_CONTROL                           
000047e7  DAC0_IRQHandler                       
00008a95  DL_Common_delayCycles                 
0000840d  DL_I2C_flushControllerRXFIFO          
00008155  DL_I2C_flushControllerTXFIFO          
00008625  DL_I2C_setClockConfig                 
0000875d  DL_SYSCTL_configFCC                   
00006271  DL_SYSCTL_configSYSPLL                
00007f11  DL_SYSCTL_switchMCLKfromSYSOSCtoHSCLK 
00005ba5  DL_Timer_initFourCCPWMMode            
00005ead  DL_Timer_initTimerMode                
00008779  DL_Timer_setCaptCompUpdateMethod      
000087e9  DL_Timer_setCaptureCompareOutCtl      
000088e5  DL_Timer_setCaptureCompareValue       
00008795  DL_Timer_setClockConfig               
00007df1  DL_UART_init                          
000088ad  DL_UART_setClockConfig                
000047e7  DMA_IRQHandler                        
000047e7  Default_Handler                       
000047e7  GROUP0_IRQHandler                     
00004305  GROUP1_IRQHandler                     
00005199  Grayscale_Sensor_Read_All             
00001231  HOME_directory                        
00008b95  HOSTexit                              
000047e7  HardFault_Handler                     
000047e7  I2C0_IRQHandler                       
000047e7  I2C1_IRQHandler                       
202007a4  MAX                                   
202007a8  MIN                                   
00001f79  MOTOR_CONTROL                         
000053e9  MOTOR_RAW                             
000047e7  NMI_Handler                           
00007f55  OLED_SHOW                             
0000668d  PID_CONTROL                           
000047e7  PendSV_Handler                        
000047e7  RTC_IRQHandler                        
00008bc5  Reset_Handler                         
000047e7  SPI0_IRQHandler                       
000047e7  SPI1_IRQHandler                       
000047e7  SVC_Handler                           
000044b1  SYSCFG_DL_GPIO_init                   
0000843d  SYSCFG_DL_I2C1_init                   
00007c15  SYSCFG_DL_I2C_BUS_init                
000075c1  SYSCFG_DL_PWMA_init                   
000072b9  SYSCFG_DL_PWMB_init                   
00007329  SYSCFG_DL_PWMC_init                   
00007399  SYSCFG_DL_PWMD_init                   
0000261d  SYSCFG_DL_SYSCTL_SYSPLL_init          
0000674d  SYSCFG_DL_SYSCTL_init                 
000087b1  SYSCFG_DL_SYSTICK_init                
00007e39  SYSCFG_DL_TIMER_TICK_init             
00007409  SYSCFG_DL_UART_0_init                 
00007e81  SYSCFG_DL_init                        
00006ed5  SYSCFG_DL_initPower                   
000084fd  SysTick_Handler                       
00007a5d  SysTick_Init                          
000047e7  TIMA0_IRQHandler                      
000047e7  TIMA1_IRQHandler                      
000076f9  TIMG0_IRQHandler                      
000047e7  TIMG12_IRQHandler                     
000047e7  TIMG6_IRQHandler                      
000047e7  TIMG7_IRQHandler                      
000047e7  TIMG8_IRQHandler                      
00007ab5  UART0_IRQHandler                      
000047e7  UART1_IRQHandler                      
000047e7  UART2_IRQHandler                      
000047e7  UART3_IRQHandler                      
00008801  USART_Init                            
0000846d  USART_SendString                      
202007ac  Velcity_Ki                            
202007b0  Velcity_Kp                            
00007479  Velocity_ResetAll                     
20208000  __STACK_END                           
00000200  __STACK_SIZE                          
00000000  __TI_ATRegion0_region_sz              
00000000  __TI_ATRegion0_src_addr               
00000000  __TI_ATRegion0_trg_addr               
00000000  __TI_ATRegion1_region_sz              
00000000  __TI_ATRegion1_src_addr               
00000000  __TI_ATRegion1_trg_addr               
00000000  __TI_ATRegion2_region_sz              
00000000  __TI_ATRegion2_src_addr               
00000000  __TI_ATRegion2_trg_addr               
000098e8  __TI_CINIT_Base                       
000098f8  __TI_CINIT_Limit                      
000098f8  __TI_CINIT_Warm                       
000098d4  __TI_Handler_Table_Base               
000098e0  __TI_Handler_Table_Limit              
00008281  __TI_auto_init_nobinit_nopinit        
000070e1  __TI_decompress_lzss                  
000088d1  __TI_decompress_none                  
00007b0d  __TI_ltoa                             
ffffffff  __TI_pprof_out_hndl                   
000000c1  __TI_printfi                          
ffffffff  __TI_prof_data_size                   
ffffffff  __TI_prof_data_start                  
00000000  __TI_static_base__                    
00008945  __TI_zero_init                        
0000465f  __adddf3                              
0000642f  __addsf3                              
00009380  __aeabi_ctype_table_                  
00009380  __aeabi_ctype_table_C                 
000071d1  __aeabi_d2f                           
00007d5d  __aeabi_d2iz                          
0000465f  __aeabi_dadd                          
0000775d  __aeabi_dcmpeq                        
00007799  __aeabi_dcmpge                        
000077ad  __aeabi_dcmpgt                        
00007785  __aeabi_dcmple                        
00007771  __aeabi_dcmplt                        
00005a99  __aeabi_ddiv                          
0000618d  __aeabi_dmul                          
00004655  __aeabi_dsub                          
202007b4  __aeabi_errno                         
00008b01  __aeabi_errno_addr                    
00007fd5  __aeabi_f2d                           
00008335  __aeabi_f2iz                          
0000642f  __aeabi_fadd                          
000077c1  __aeabi_fcmpeq                        
000077fd  __aeabi_fcmpge                        
00007811  __aeabi_fcmpgt                        
000077e9  __aeabi_fcmple                        
000077d5  __aeabi_fcmplt                        
00006f5d  __aeabi_fdiv                          
00006dc1  __aeabi_fmul                          
00006425  __aeabi_fsub                          
00008529  __aeabi_i2d                           
00008191  __aeabi_i2f                           
00007bbd  __aeabi_idiv                          
0000562f  __aeabi_idiv0                         
00007bbd  __aeabi_idivmod                       
00005dab  __aeabi_ldiv0                         
00008721  __aeabi_llsl                          
0000864d  __aeabi_lmul                          
00008a35  __aeabi_memclr                        
00008a35  __aeabi_memclr4                       
00008a35  __aeabi_memclr8                       
00008b09  __aeabi_memcpy                        
00008b09  __aeabi_memcpy4                       
00008b09  __aeabi_memcpy8                       
00008955  __aeabi_memset                        
00008955  __aeabi_memset4                       
00008955  __aeabi_memset8                       
000085ad  __aeabi_ui2f                          
00007f95  __aeabi_uidiv                         
00007f95  __aeabi_uidivmod                      
00008885  __aeabi_uldivmod                      
00008721  __ashldi3                             
ffffffff  __binit__                             
00007629  __cmpdf2                              
000082bd  __cmpsf2                              
00005a99  __divdf3                              
00006f5d  __divsf3                              
00007629  __eqdf2                               
000082bd  __eqsf2                               
00007fd5  __extendsfdf2                         
00007d5d  __fixdfsi                             
00008335  __fixsfsi                             
00008529  __floatsidf                           
00008191  __floatsisf                           
000085ad  __floatunsisf                         
0000715d  __gedf2                               
000081cd  __gesf2                               
0000715d  __gtdf2                               
000081cd  __gtsf2                               
00001935  __kernel_rem_pio2                     
00007629  __ledf2                               
000082bd  __lesf2                               
00007629  __ltdf2                               
000082bd  __ltsf2                               
UNDEFED   __mpu_init                            
0000618d  __muldf3                              
0000864d  __muldi3                              
000082f9  __muldsi3                             
00006dc1  __mulsf3                              
00007629  __nedf2                               
000082bd  __nesf2                               
20207e00  __stack                               
20200000  __start___llvm_prf_bits               
20200000  __start___llvm_prf_cnts               
20200000  __stop___llvm_prf_bits                
20200000  __stop___llvm_prf_cnts                
00004655  __subdf3                              
00006425  __subsf3                              
000071d1  __truncdfsf2                          
00006a09  __udivmoddi4                          
000085fd  _c_int00_noargs                       
UNDEFED   _system_post_cinit                    
00008bc9  _system_pre_init                      
00008b8f  abort                                 
2020062d  actual_speed                          
00004db9  asinf                                 
0000586d  atan2f                                
00003bf5  atanf                                 
00008015  atoi                                  
20200804  base_speed                            
ffffffff  binit                                 
000079a5  calculate_motor_speed                 
00007245  car_run                               
00008905  car_stop                              
00003a21  cosf                                  
00008055  delay_us                              
20200774  directory                             
20200805  directory_flag                        
2020077c  directory_num                         
00004f19  floor                                 
00004f19  floorl                                
00008095  fmaxf                                 
00008115  fminf                                 
00007a01  frexp                                 
00007a01  frexpl                                
20200400  gPWMBBackup                           
202004a0  gPWMDBackup                           
000080d5  get_encoder_count                     
20200620  id                                    
00000000  interruptVectors                      
202007cc  kd                                    
202007d0  ki                                    
202007d4  kp                                    
0000634d  ldexp                                 
0000634d  ldexpl                                
20200806  left_flage                            
00006fe1  line_follower_update                  
000028c5  line_folower                          
00002d8d  main                                  
000086dd  memccpy                               
00006d25  memcpy                                
00007823  memset                                
00008b11  mpu6050_delay_ms                      
00008b19  mpu6050_get_data                      
00008a41  mpu6050_get_pitch                     
00008a4d  mpu6050_get_roll                      
00008a59  mpu6050_get_yaw                       
000052c1  mpu6050_init                          
00008a65  mpu6050_millis                        
00002b3d  mpu6050_service_init                  
00000a91  mpu6050_update                        
000083a5  mspm0_delay_ms                        
202007f8  nextway                               
20200807  number_of_turns                       
20200808  out_num                               
202007fc  pid_rate                              
20200638  recv0_buff                            
20200809  recv0_flag                            
20200802  recv0_length                          
2020062e  s1                                    
2020062f  s2                                    
20200630  s3                                    
20200631  s4                                    
20200632  s5                                    
20200633  s6                                    
20200634  s7                                    
20200635  s8                                    
0000634d  scalbn                                
0000634d  scalbnl                               
00003dbd  sinf                                  
0000836d  sprintf                               
00004ae1  sqrt                                  
00006aad  sqrtf                                 
00004ae1  sqrtl                                 
20200624  start_time                            
2020080a  stop_flag                             
20200628  tick_ms                               
2020080b  trun_flage                            
00007ec9  u8g2Init                              
00008859  u8g2_ClearBuffer                      
000084cd  u8g2_ClearDisplay                     
000060a1  u8g2_DrawBox                          
00005fa9  u8g2_DrawHVLine                       
00008915  u8g2_DrawUTF8                         
00008555  u8g2_FirstPage                        
00007945  u8g2_IsIntersection                   
00007da7  u8g2_NextPage                         
000087cd  u8g2_SetBufferCurrTileRow             
00008a71  u8g2_SetDrawColor                     
000065c9  u8g2_SetFont                          
00008b83  u8g2_SetFontDirection                 
00008b89  u8g2_SetFontMode                      
00008a7d  u8g2_SetFontPosBaseline               
00007885  u8g2_SetupBuffer                      
00008245  u8g2_Setup_ssd1306_i2c_128x64_noname_f
00008695  u8g2_add_vector_x                     
000086b9  u8g2_add_vector_y                     
000096b4  u8g2_cb_r0                            
0000886f  u8g2_draw_hv_line_2dir                
00008925  u8g2_draw_l90_r0                      
00008bcd  u8g2_font_calc_vref_font              
0000234d  u8g2_font_decode_glyph                
0000550d  u8g2_font_decode_len                  
00005ca9  u8g2_font_get_glyph_data              
00008bd0  u8g2_font_unifont_st16                
00003631  u8g2_ll_hvline_vertical_top_lsb       
00008a89  u8g2_m_16_8_f                         
000083d9  u8g2_update_dimension_r0              
000078e5  u8g2_update_page_win_r0               
0000873f  u8x8_DrawTile                         
0000898d  u8x8_InitDisplay                      
0000899b  u8x8_RefreshDisplay                   
000089a9  u8x8_SetPowerSave                     
000085d5  u8x8_Setup                            
000089b7  u8x8_SetupMemory                      
000089c5  u8x8_byte_EndTransfer                 
000088bf  u8x8_byte_SendByte                    
000089d3  u8x8_byte_SendBytes                   
000089e1  u8x8_byte_StartTransfer               
000047e9  u8x8_byte_sw_i2c                      
000089ef  u8x8_cad_EndTransfer                  
000089fd  u8x8_cad_SendArg                      
00008a0b  u8x8_cad_SendCmd                      
00008a19  u8x8_cad_SendData                     
000074e9  u8x8_cad_SendSequence                 
00008a27  u8x8_cad_StartTransfer                
00004c51  u8x8_cad_ssd13xx_fast_i2c             
00007555  u8x8_d_helper_display_init            
00008aeb  u8x8_d_helper_display_setup_memory    
00007d11  u8x8_d_ssd1306_128x64_noname          
00006b4d  u8x8_gpio_and_delay                   
00008af5  u8x8_gpio_call                        
00008b21  u8x8_utf8_init                        
00007061  u8x8_utf8_next                        
00008935  wcslen                                
2020080e  xspeed                                


GLOBAL SYMBOLS: SORTED BY Symbol Address 

address   name                                  
-------   ----                                  
00000000  __TI_ATRegion0_region_sz              
00000000  __TI_ATRegion0_src_addr               
00000000  __TI_ATRegion0_trg_addr               
00000000  __TI_ATRegion1_region_sz              
00000000  __TI_ATRegion1_src_addr               
00000000  __TI_ATRegion1_trg_addr               
00000000  __TI_ATRegion2_region_sz              
00000000  __TI_ATRegion2_src_addr               
00000000  __TI_ATRegion2_trg_addr               
00000000  __TI_static_base__                    
00000000  interruptVectors                      
000000c1  __TI_printfi                          
00000200  __STACK_SIZE                          
00000a91  mpu6050_update                        
00001231  HOME_directory                        
00001935  __kernel_rem_pio2                     
00001f79  MOTOR_CONTROL                         
0000234d  u8g2_font_decode_glyph                
0000261d  SYSCFG_DL_SYSCTL_SYSPLL_init          
000028c5  line_folower                          
00002b3d  mpu6050_service_init                  
00002d8d  main                                  
00003631  u8g2_ll_hvline_vertical_top_lsb       
00003a21  cosf                                  
00003bf5  atanf                                 
00003dbd  sinf                                  
00004305  GROUP1_IRQHandler                     
000044b1  SYSCFG_DL_GPIO_init                   
00004655  __aeabi_dsub                          
00004655  __subdf3                              
0000465f  __adddf3                              
0000465f  __aeabi_dadd                          
000047e7  ADC0_IRQHandler                       
000047e7  ADC1_IRQHandler                       
000047e7  AES_IRQHandler                        
000047e7  CANFD0_IRQHandler                     
000047e7  DAC0_IRQHandler                       
000047e7  DMA_IRQHandler                        
000047e7  Default_Handler                       
000047e7  GROUP0_IRQHandler                     
000047e7  HardFault_Handler                     
000047e7  I2C0_IRQHandler                       
000047e7  I2C1_IRQHandler                       
000047e7  NMI_Handler                           
000047e7  PendSV_Handler                        
000047e7  RTC_IRQHandler                        
000047e7  SPI0_IRQHandler                       
000047e7  SPI1_IRQHandler                       
000047e7  SVC_Handler                           
000047e7  TIMA0_IRQHandler                      
000047e7  TIMA1_IRQHandler                      
000047e7  TIMG12_IRQHandler                     
000047e7  TIMG6_IRQHandler                      
000047e7  TIMG7_IRQHandler                      
000047e7  TIMG8_IRQHandler                      
000047e7  UART1_IRQHandler                      
000047e7  UART2_IRQHandler                      
000047e7  UART3_IRQHandler                      
000047e9  u8x8_byte_sw_i2c                      
00004ae1  sqrt                                  
00004ae1  sqrtl                                 
00004c51  u8x8_cad_ssd13xx_fast_i2c             
00004db9  asinf                                 
00004f19  floor                                 
00004f19  floorl                                
00005199  Grayscale_Sensor_Read_All             
000052c1  mpu6050_init                          
000053e9  MOTOR_RAW                             
0000550d  u8g2_font_decode_len                  
0000562f  __aeabi_idiv0                         
0000586d  atan2f                                
00005a99  __aeabi_ddiv                          
00005a99  __divdf3                              
00005ba5  DL_Timer_initFourCCPWMMode            
00005ca9  u8g2_font_get_glyph_data              
00005dab  __aeabi_ldiv0                         
00005ead  DL_Timer_initTimerMode                
00005fa9  u8g2_DrawHVLine                       
000060a1  u8g2_DrawBox                          
0000618d  __aeabi_dmul                          
0000618d  __muldf3                              
00006271  DL_SYSCTL_configSYSPLL                
0000634d  ldexp                                 
0000634d  ldexpl                                
0000634d  scalbn                                
0000634d  scalbnl                               
00006425  __aeabi_fsub                          
00006425  __subsf3                              
0000642f  __addsf3                              
0000642f  __aeabi_fadd                          
000065c9  u8g2_SetFont                          
0000668d  PID_CONTROL                           
0000674d  SYSCFG_DL_SYSCTL_init                 
00006a09  __udivmoddi4                          
00006aad  sqrtf                                 
00006b4d  u8x8_gpio_and_delay                   
00006d25  memcpy                                
00006dc1  __aeabi_fmul                          
00006dc1  __mulsf3                              
00006e4d  CAR_CONTROL                           
00006ed5  SYSCFG_DL_initPower                   
00006f5d  __aeabi_fdiv                          
00006f5d  __divsf3                              
00006fe1  line_follower_update                  
00007061  u8x8_utf8_next                        
000070e1  __TI_decompress_lzss                  
0000715d  __gedf2                               
0000715d  __gtdf2                               
000071d1  __aeabi_d2f                           
000071d1  __truncdfsf2                          
00007245  car_run                               
000072b9  SYSCFG_DL_PWMB_init                   
00007329  SYSCFG_DL_PWMC_init                   
00007399  SYSCFG_DL_PWMD_init                   
00007409  SYSCFG_DL_UART_0_init                 
00007479  Velocity_ResetAll                     
000074e9  u8x8_cad_SendSequence                 
00007555  u8x8_d_helper_display_init            
000075c1  SYSCFG_DL_PWMA_init                   
00007629  __cmpdf2                              
00007629  __eqdf2                               
00007629  __ledf2                               
00007629  __ltdf2                               
00007629  __nedf2                               
000076f9  TIMG0_IRQHandler                      
0000775d  __aeabi_dcmpeq                        
00007771  __aeabi_dcmplt                        
00007785  __aeabi_dcmple                        
00007799  __aeabi_dcmpge                        
000077ad  __aeabi_dcmpgt                        
000077c1  __aeabi_fcmpeq                        
000077d5  __aeabi_fcmplt                        
000077e9  __aeabi_fcmple                        
000077fd  __aeabi_fcmpge                        
00007811  __aeabi_fcmpgt                        
00007823  memset                                
00007885  u8g2_SetupBuffer                      
000078e5  u8g2_update_page_win_r0               
00007945  u8g2_IsIntersection                   
000079a5  calculate_motor_speed                 
00007a01  frexp                                 
00007a01  frexpl                                
00007a5d  SysTick_Init                          
00007ab5  UART0_IRQHandler                      
00007b0d  __TI_ltoa                             
00007bbd  __aeabi_idiv                          
00007bbd  __aeabi_idivmod                       
00007c15  SYSCFG_DL_I2C_BUS_init                
00007d11  u8x8_d_ssd1306_128x64_noname          
00007d5d  __aeabi_d2iz                          
00007d5d  __fixdfsi                             
00007da7  u8g2_NextPage                         
00007df1  DL_UART_init                          
00007e39  SYSCFG_DL_TIMER_TICK_init             
00007e81  SYSCFG_DL_init                        
00007ec9  u8g2Init                              
00007f11  DL_SYSCTL_switchMCLKfromSYSOSCtoHSCLK 
00007f55  OLED_SHOW                             
00007f95  __aeabi_uidiv                         
00007f95  __aeabi_uidivmod                      
00007fd5  __aeabi_f2d                           
00007fd5  __extendsfdf2                         
00008015  atoi                                  
00008055  delay_us                              
00008095  fmaxf                                 
000080d5  get_encoder_count                     
00008115  fminf                                 
00008155  DL_I2C_flushControllerTXFIFO          
00008191  __aeabi_i2f                           
00008191  __floatsisf                           
000081cd  __gesf2                               
000081cd  __gtsf2                               
00008245  u8g2_Setup_ssd1306_i2c_128x64_noname_f
00008281  __TI_auto_init_nobinit_nopinit        
000082bd  __cmpsf2                              
000082bd  __eqsf2                               
000082bd  __lesf2                               
000082bd  __ltsf2                               
000082bd  __nesf2                               
000082f9  __muldsi3                             
00008335  __aeabi_f2iz                          
00008335  __fixsfsi                             
0000836d  sprintf                               
000083a5  mspm0_delay_ms                        
000083d9  u8g2_update_dimension_r0              
0000840d  DL_I2C_flushControllerRXFIFO          
0000843d  SYSCFG_DL_I2C1_init                   
0000846d  USART_SendString                      
000084cd  u8g2_ClearDisplay                     
000084fd  SysTick_Handler                       
00008529  __aeabi_i2d                           
00008529  __floatsidf                           
00008555  u8g2_FirstPage                        
000085ad  __aeabi_ui2f                          
000085ad  __floatunsisf                         
000085d5  u8x8_Setup                            
000085fd  _c_int00_noargs                       
00008625  DL_I2C_setClockConfig                 
0000864d  __aeabi_lmul                          
0000864d  __muldi3                              
00008695  u8g2_add_vector_x                     
000086b9  u8g2_add_vector_y                     
000086dd  memccpy                               
00008721  __aeabi_llsl                          
00008721  __ashldi3                             
0000873f  u8x8_DrawTile                         
0000875d  DL_SYSCTL_configFCC                   
00008779  DL_Timer_setCaptCompUpdateMethod      
00008795  DL_Timer_setClockConfig               
000087b1  SYSCFG_DL_SYSTICK_init                
000087cd  u8g2_SetBufferCurrTileRow             
000087e9  DL_Timer_setCaptureCompareOutCtl      
00008801  USART_Init                            
00008859  u8g2_ClearBuffer                      
0000886f  u8g2_draw_hv_line_2dir                
00008885  __aeabi_uldivmod                      
000088ad  DL_UART_setClockConfig                
000088bf  u8x8_byte_SendByte                    
000088d1  __TI_decompress_none                  
000088e5  DL_Timer_setCaptureCompareValue       
00008905  car_stop                              
00008915  u8g2_DrawUTF8                         
00008925  u8g2_draw_l90_r0                      
00008935  wcslen                                
00008945  __TI_zero_init                        
00008955  __aeabi_memset                        
00008955  __aeabi_memset4                       
00008955  __aeabi_memset8                       
0000898d  u8x8_InitDisplay                      
0000899b  u8x8_RefreshDisplay                   
000089a9  u8x8_SetPowerSave                     
000089b7  u8x8_SetupMemory                      
000089c5  u8x8_byte_EndTransfer                 
000089d3  u8x8_byte_SendBytes                   
000089e1  u8x8_byte_StartTransfer               
000089ef  u8x8_cad_EndTransfer                  
000089fd  u8x8_cad_SendArg                      
00008a0b  u8x8_cad_SendCmd                      
00008a19  u8x8_cad_SendData                     
00008a27  u8x8_cad_StartTransfer                
00008a35  __aeabi_memclr                        
00008a35  __aeabi_memclr4                       
00008a35  __aeabi_memclr8                       
00008a41  mpu6050_get_pitch                     
00008a4d  mpu6050_get_roll                      
00008a59  mpu6050_get_yaw                       
00008a65  mpu6050_millis                        
00008a71  u8g2_SetDrawColor                     
00008a7d  u8g2_SetFontPosBaseline               
00008a89  u8g2_m_16_8_f                         
00008a95  DL_Common_delayCycles                 
00008aeb  u8x8_d_helper_display_setup_memory    
00008af5  u8x8_gpio_call                        
00008b01  __aeabi_errno_addr                    
00008b09  __aeabi_memcpy                        
00008b09  __aeabi_memcpy4                       
00008b09  __aeabi_memcpy8                       
00008b11  mpu6050_delay_ms                      
00008b19  mpu6050_get_data                      
00008b21  u8x8_utf8_init                        
00008b83  u8g2_SetFontDirection                 
00008b89  u8g2_SetFontMode                      
00008b8f  abort                                 
00008b94  C$$EXIT                               
00008b95  HOSTexit                              
00008bc5  Reset_Handler                         
00008bc9  _system_pre_init                      
00008bcd  u8g2_font_calc_vref_font              
00008bd0  u8g2_font_unifont_st16                
00009380  __aeabi_ctype_table_                  
00009380  __aeabi_ctype_table_C                 
000096b4  u8g2_cb_r0                            
000098d4  __TI_Handler_Table_Base               
000098e0  __TI_Handler_Table_Limit              
000098e8  __TI_CINIT_Base                       
000098f8  __TI_CINIT_Limit                      
000098f8  __TI_CINIT_Warm                       
20200000  __start___llvm_prf_bits               
20200000  __start___llvm_prf_cnts               
20200000  __stop___llvm_prf_bits                
20200000  __stop___llvm_prf_cnts                
20200400  gPWMBBackup                           
202004a0  gPWMDBackup                           
20200620  id                                    
20200624  start_time                            
20200628  tick_ms                               
2020062d  actual_speed                          
2020062e  s1                                    
2020062f  s2                                    
20200630  s3                                    
20200631  s4                                    
20200632  s5                                    
20200633  s6                                    
20200634  s7                                    
20200635  s8                                    
20200638  recv0_buff                            
20200774  directory                             
2020077c  directory_num                         
202007a4  MAX                                   
202007a8  MIN                                   
202007ac  Velcity_Ki                            
202007b0  Velcity_Kp                            
202007b4  __aeabi_errno                         
202007cc  kd                                    
202007d0  ki                                    
202007d4  kp                                    
202007f8  nextway                               
202007fc  pid_rate                              
20200802  recv0_length                          
20200804  base_speed                            
20200805  directory_flag                        
20200806  left_flage                            
20200807  number_of_turns                       
20200808  out_num                               
20200809  recv0_flag                            
2020080a  stop_flag                             
2020080b  trun_flage                            
2020080e  xspeed                                
20207e00  __stack                               
20208000  __STACK_END                           
ffffffff  __TI_pprof_out_hndl                   
ffffffff  __TI_prof_data_size                   
ffffffff  __TI_prof_data_start                  
ffffffff  __binit__                             
ffffffff  binit                                 
UNDEFED   __mpu_init                            
UNDEFED   _system_post_cinit                    

[327 symbols]
