******************************************************************************
            TI ARM Clang Linker PC v4.0.4                      
******************************************************************************
>> Linked Mon Jun  1 11:24:28 2026

OUTPUT FILE NAME:   <Autocar.out>
ENTRY POINT SYMBOL: "_c_int00_noinit_noargs"  address: 00000421


MEMORY CONFIGURATION

         name            origin    length      used     unused   attr    fill
----------------------  --------  ---------  --------  --------  ----  --------
  FLASH                 00000000   00020000  00000470  0001fb90  R  X
  SRAM                  20200000   00008000  00000200  00007e00  RW X
  BCR_CONFIG            41c00000   000000ff  00000000  000000ff  R   
  BSL_CONFIG            41c00100   00000080  00000000  00000080  R   


SEGMENT ALLOCATION MAP

run origin  load origin   length   init length attrs members
----------  ----------- ---------- ----------- ----- -------
00000000    00000000    00000470   00000470    r-x
  00000000    00000000    000000c0   000000c0    r-- .intvecs
  000000c0    000000c0    000003b0   000003b0    r-x .text
20207e00    20207e00    00000200   00000000    rw-
  20207e00    20207e00    00000200   00000000    rw- .stack


SECTION ALLOCATION MAP

 output                                  attributes/
section   page    origin      length       input sections
--------  ----  ----------  ----------   ----------------
.intvecs   0    00000000    000000c0     
                  00000000    000000c0     startup_mspm0g350x_ticlang.o (.intvecs)

.text      0    000000c0    000003b0     
                  000000c0    000002d2     empty.o (.text.main)
                  00000392    00000002     startup_mspm0g350x_ticlang.o (.text.Default_Handler)
                  00000394    00000040     ti_msp_dl_config.o (.text.SYSCFG_DL_SYSCTL_init)
                  000003d4    0000002c     ti_msp_dl_config.o (.text.SYSCFG_DL_initPower)
                  00000400    00000020     ti_msp_dl_config.o (.text.SYSCFG_DL_GPIO_init)
                  00000420    00000020     libc.a : boot_cortex_m.c.obj (.text:_c_int00_noinit_noargs)
                  00000440    00000010     ti_msp_dl_config.o (.text.SYSCFG_DL_init)
                  00000450    0000000a     driverlib.a : dl_common.o (.text.DL_Common_delayCycles)
                  0000045a    00000006     libc.a : exit.c.obj (.text:abort)
                  00000460    00000004     libsysbm.a : hostexit.c.obj (.text.HOSTexit)
                  00000464    00000004     startup_mspm0g350x_ticlang.o (.text.Reset_Handler)
                  00000468    00000004     libc.a : pre_init.c.obj (.text._system_pre_init)
                  0000046c    00000004     --HOLE-- [fill = 0]

.cinit     0    00000000    00000000     

.init_array 
*          0    00000000    00000000     UNINITIALIZED

.binit     0    00000000    00000000     

.stack     0    20207e00    00000200     UNINITIALIZED
                  20207e00    00000004     libc.a : boot_cortex_m.c.obj (.stack)
                  20207e04    000001fc     --HOLE--

__llvm_prf_cnts 
*          0    20200000    00000000     UNINITIALIZED

__llvm_prf_bits 
*          0    20200000    00000000     UNINITIALIZED

MODULE SUMMARY

       Module                         code   ro data   rw data
       ------                         ----   -------   -------
    .\
       empty.o                        722    0         0      
       startup_mspm0g350x_ticlang.o   6      192       0      
       ti_msp_dl_config.o             156    0         0      
    +--+------------------------------+------+---------+---------+
       Total:                         884    192       0      
                                                              
    G:/MSPM0 3507/CCS/mspm0_sdk_2_10_00_04/source/ti/driverlib/lib/ticlang/m0p/mspm0g1x0x_g3x0x/driverlib.a
       dl_common.o                    10     0         0      
    +--+------------------------------+------+---------+---------+
       Total:                         10     0         0      
                                                              
    G:\MSPM0 3507\CCS\ccs\tools\compiler\ti-cgt-armllvm_4.0.4.LTS\lib\armv6m-ti-none-eabi/c/libc.a
       boot_cortex_m.c.obj            32     0         0      
       exit.c.obj                     6      0         0      
       pre_init.c.obj                 4      0         0      
    +--+------------------------------+------+---------+---------+
       Total:                         42     0         0      
                                                              
    G:\MSPM0 3507\CCS\ccs\tools\compiler\ti-cgt-armllvm_4.0.4.LTS\lib\armv6m-ti-none-eabi/c/libsysbm.a
       hostexit.c.obj                 4      0         0      
    +--+------------------------------+------+---------+---------+
       Total:                         4      0         0      
                                                              
       Stack:                         0      0         512    
    +--+------------------------------+------+---------+---------+
       Grand Total:                   940    192       512    


GLOBAL SYMBOLS: SORTED ALPHABETICALLY BY Name 

address   name                    
-------   ----                    
00000393  ADC0_IRQHandler         
00000393  ADC1_IRQHandler         
00000393  AES_IRQHandler          
00000460  C$$EXIT                 
00000393  CANFD0_IRQHandler       
00000393  DAC0_IRQHandler         
00000451  DL_Common_delayCycles   
00000393  DMA_IRQHandler          
00000393  Default_Handler         
00000393  GROUP0_IRQHandler       
00000393  GROUP1_IRQHandler       
00000461  HOSTexit                
00000393  HardFault_Handler       
00000393  I2C0_IRQHandler         
00000393  I2C1_IRQHandler         
00000393  NMI_Handler             
00000393  PendSV_Handler          
00000393  RTC_IRQHandler          
00000465  Reset_Handler           
00000393  SPI0_IRQHandler         
00000393  SPI1_IRQHandler         
00000393  SVC_Handler             
00000401  SYSCFG_DL_GPIO_init     
00000395  SYSCFG_DL_SYSCTL_init   
00000441  SYSCFG_DL_init          
000003d5  SYSCFG_DL_initPower     
00000393  SysTick_Handler         
00000393  TIMA0_IRQHandler        
00000393  TIMA1_IRQHandler        
00000393  TIMG0_IRQHandler        
00000393  TIMG12_IRQHandler       
00000393  TIMG6_IRQHandler        
00000393  TIMG7_IRQHandler        
00000393  TIMG8_IRQHandler        
00000393  UART0_IRQHandler        
00000393  UART1_IRQHandler        
00000393  UART2_IRQHandler        
00000393  UART3_IRQHandler        
20208000  __STACK_END             
00000200  __STACK_SIZE            
00000000  __TI_ATRegion0_region_sz
00000000  __TI_ATRegion0_src_addr 
00000000  __TI_ATRegion0_trg_addr 
00000000  __TI_ATRegion1_region_sz
00000000  __TI_ATRegion1_src_addr 
00000000  __TI_ATRegion1_trg_addr 
00000000  __TI_ATRegion2_region_sz
00000000  __TI_ATRegion2_src_addr 
00000000  __TI_ATRegion2_trg_addr 
00000000  __TI_CINIT_Base         
00000000  __TI_CINIT_Limit        
00000000  __TI_CINIT_Warm         
ffffffff  __TI_pprof_out_hndl     
ffffffff  __TI_prof_data_size     
ffffffff  __TI_prof_data_start    
00000000  __TI_static_base__      
ffffffff  __binit__               
UNDEFED   __mpu_init              
20207e00  __stack                 
20200000  __start___llvm_prf_bits 
20200000  __start___llvm_prf_cnts 
20200000  __stop___llvm_prf_bits  
20200000  __stop___llvm_prf_cnts  
00000421  _c_int00_noinit_noargs  
00000469  _system_pre_init        
0000045b  abort                   
ffffffff  binit                   
00000000  interruptVectors        
000000c1  main                    


GLOBAL SYMBOLS: SORTED BY Symbol Address 

address   name                    
-------   ----                    
00000000  __TI_ATRegion0_region_sz
00000000  __TI_ATRegion0_src_addr 
00000000  __TI_ATRegion0_trg_addr 
00000000  __TI_ATRegion1_region_sz
00000000  __TI_ATRegion1_src_addr 
00000000  __TI_ATRegion1_trg_addr 
00000000  __TI_ATRegion2_region_sz
00000000  __TI_ATRegion2_src_addr 
00000000  __TI_ATRegion2_trg_addr 
00000000  __TI_CINIT_Base         
00000000  __TI_CINIT_Limit        
00000000  __TI_CINIT_Warm         
00000000  __TI_static_base__      
00000000  interruptVectors        
000000c1  main                    
00000200  __STACK_SIZE            
00000393  ADC0_IRQHandler         
00000393  ADC1_IRQHandler         
00000393  AES_IRQHandler          
00000393  CANFD0_IRQHandler       
00000393  DAC0_IRQHandler         
00000393  DMA_IRQHandler          
00000393  Default_Handler         
00000393  GROUP0_IRQHandler       
00000393  GROUP1_IRQHandler       
00000393  HardFault_Handler       
00000393  I2C0_IRQHandler         
00000393  I2C1_IRQHandler         
00000393  NMI_Handler             
00000393  PendSV_Handler          
00000393  RTC_IRQHandler          
00000393  SPI0_IRQHandler         
00000393  SPI1_IRQHandler         
00000393  SVC_Handler             
00000393  SysTick_Handler         
00000393  TIMA0_IRQHandler        
00000393  TIMA1_IRQHandler        
00000393  TIMG0_IRQHandler        
00000393  TIMG12_IRQHandler       
00000393  TIMG6_IRQHandler        
00000393  TIMG7_IRQHandler        
00000393  TIMG8_IRQHandler        
00000393  UART0_IRQHandler        
00000393  UART1_IRQHandler        
00000393  UART2_IRQHandler        
00000393  UART3_IRQHandler        
00000395  SYSCFG_DL_SYSCTL_init   
000003d5  SYSCFG_DL_initPower     
00000401  SYSCFG_DL_GPIO_init     
00000421  _c_int00_noinit_noargs  
00000441  SYSCFG_DL_init          
00000451  DL_Common_delayCycles   
0000045b  abort                   
00000460  C$$EXIT                 
00000461  HOSTexit                
00000465  Reset_Handler           
00000469  _system_pre_init        
20200000  __start___llvm_prf_bits 
20200000  __start___llvm_prf_cnts 
20200000  __stop___llvm_prf_bits  
20200000  __stop___llvm_prf_cnts  
20207e00  __stack                 
20208000  __STACK_END             
ffffffff  __TI_pprof_out_hndl     
ffffffff  __TI_prof_data_size     
ffffffff  __TI_prof_data_start    
ffffffff  __binit__               
ffffffff  binit                   
UNDEFED   __mpu_init              

[69 symbols]
