******************************************************************************
            TI ARM Clang Linker PC v4.0.4                      
******************************************************************************
>> Linked Sun Jul 12 17:51:10 2026

OUTPUT FILE NAME:   <Autocar.out>
ENTRY POINT SYMBOL: "_c_int00_noargs"  address: 00001d85


MEMORY CONFIGURATION

         name            origin    length      used     unused   attr    fill
----------------------  --------  ---------  --------  --------  ----  --------
  FLASH                 00000000   00020000  00001fd0  0001e030  R  X
  SRAM                  20200000   00008000  0000046f  00007b91  RW X
  BCR_CONFIG            41c00000   000000ff  00000000  000000ff  R   
  BSL_CONFIG            41c00100   00000080  00000000  00000080  R   


SEGMENT ALLOCATION MAP

run origin  load origin   length   init length attrs members
----------  ----------- ---------- ----------- ----- -------
00000000    00000000    00001fd0   00001fd0    r-x
  00000000    00000000    000000c0   000000c0    r-- .intvecs
  000000c0    000000c0    00001e48   00001e48    r-x .text
  00001f08    00001f08    00000080   00000080    r-- .rodata
  00001f88    00001f88    00000048   00000048    r-- .cinit
20200000    20200000    00000270   00000000    rw-
  20200000    20200000    000001b3   00000000    rw- .bss
  202001b4    202001b4    000000bc   00000000    rw- .data
20207e00    20207e00    00000200   00000000    rw-
  20207e00    20207e00    00000200   00000000    rw- .stack


SECTION ALLOCATION MAP

 output                                  attributes/
section   page    origin      length       input sections
--------  ----  ----------  ----------   ----------------
.intvecs   0    00000000    000000c0     
                  00000000    000000c0     startup_mspm0g350x_ticlang.o (.intvecs)

.text      0    000000c0    00001e48     
                  000000c0    000003d8     line_follower.o (.text.line_folower)
                  00000498    000002ec     electrical_machinery.o (.text.MOTOR_CONTROL)
                  00000784    000002a8     ti_msp_dl_config.o (.text.SYSCFG_DL_SYSCTL_SYSPLL_init)
                  00000a2c    000001c8     interrupt.o (.text.GROUP1_IRQHandler)
                  00000bf4    00000174     ti_msp_dl_config.o (.text.SYSCFG_DL_GPIO_init)
                  00000d68    00000164     mspm0_motor_i2c.o (.text.mspm0_motor_i2c_read)
                  00000ecc    00000104     driverlib.a : dl_timer.o (.text.DL_Timer_initFourCCPWMMode)
                  00000fd0    000000fc                 : dl_timer.o (.text.DL_Timer_initTimerMode)
                  000010cc    000000f8     line_follower.o (.text.CAR_CONTROL)
                  000011c4    000000dc     driverlib.a : dl_sysctl_mspm0g1x0x_g3x0x.o (.text.DL_SYSCTL_configSYSPLL)
                  000012a0    000000d8     libclang_rt.builtins.a : addsf3.S.obj (.text)
                  00001378    000000b8     ti_msp_dl_config.o (.text.SYSCFG_DL_SYSCTL_init)
                  00001430    0000009a     libc.a : memcpy16.S.obj (.text:memcpy)
                  000014ca    00000002     startup_mspm0g350x_ticlang.o (.text.Default_Handler)
                  000014cc    0000008c     libclang_rt.builtins.a : mulsf3.S.obj (.text.__mulsf3)
                  00001558    0000007c     ti_msp_dl_config.o (.text.SYSCFG_DL_initPower)
                  000015d4    0000007c     libc.a : copy_decompress_lzss.c.obj (.text:decompress:lzss)
                  00001650    00000074     ti_msp_dl_config.o (.text.SYSCFG_DL_PWMB_init)
                  000016c4    00000074     ti_msp_dl_config.o (.text.SYSCFG_DL_PWMC_init)
                  00001738    00000074     ti_msp_dl_config.o (.text.SYSCFG_DL_PWMD_init)
                  000017ac    00000070     ti_msp_dl_config.o (.text.SYSCFG_DL_UART_0_init)
                  0000181c    0000006c     ti_msp_dl_config.o (.text.SYSCFG_DL_PWMA_init)
                  00001888    00000064     interrupt.o (.text.TIMG0_IRQHandler)
                  000018ec    00000060     empty.o (.text.main)
                  0000194c    00000058     clock.o (.text.SysTick_Init)
                  000019a4    00000058     usart.o (.text.UART0_IRQHandler)
                  000019fc    00000054     ti_msp_dl_config.o (.text.SYSCFG_DL_I2C_BUS_init)
                  00001a50    00000048     driverlib.a : dl_uart.o (.text.DL_UART_init)
                  00001a98    00000048     ti_msp_dl_config.o (.text.SYSCFG_DL_TIMER_TICK_init)
                  00001ae0    00000044     driverlib.a : dl_sysctl_mspm0g1x0x_g3x0x.o (.text.DL_SYSCTL_switchMCLKfromSYSOSCtoHSCLK)
                  00001b24    00000044     ti_msp_dl_config.o (.text.SYSCFG_DL_init)
                  00001b68    00000040     libclang_rt.builtins.a : aeabi_uidivmod.S.obj (.text.__aeabi_uidivmod)
                  00001ba8    00000040     interrupt.o (.text.get_encoder_count)
                  00001be8    0000003e     electrical_machinery.o (.text.car_run)
                  00001c26    00000002     libclang_rt.builtins.a : aeabi_div0.c.obj (.text.__aeabi_idiv0)
                  00001c28    0000003c     driverlib.a : dl_i2c.o (.text.DL_I2C_flushControllerTXFIFO)
                  00001c64    0000003c     libclang_rt.builtins.a : floatsisf.S.obj (.text.__floatsisf)
                  00001ca0    0000003c     libc.a : autoinit.c.obj (.text:__TI_auto_init_nobinit_nopinit)
                  00001cdc    0000003a     libclang_rt.builtins.a : muldsi3.S.obj (.text.__muldsi3)
                  00001d16    00000002     --HOLE-- [fill = 0]
                  00001d18    00000038                            : fixsfsi.S.obj (.text.__fixsfsi)
                  00001d50    00000034     clock.o (.text.mspm0_delay_ms)
                  00001d84    00000028     libc.a : boot_cortex_m.c.obj (.text:_c_int00_noargs)
                  00001dac    00000026     driverlib.a : dl_i2c.o (.text.DL_I2C_setClockConfig)
                  00001dd2    00000002     --HOLE-- [fill = 0]
                  00001dd4    0000001c                 : dl_sysctl_mspm0g1x0x_g3x0x.o (.text.DL_SYSCTL_configFCC)
                  00001df0    0000001c                 : dl_timer.o (.text.DL_Timer_setCaptCompUpdateMethod)
                  00001e0c    0000001c                 : dl_timer.o (.text.DL_Timer_setClockConfig)
                  00001e28    0000001c     ti_msp_dl_config.o (.text.SYSCFG_DL_SYSTICK_init)
                  00001e44    00000018     driverlib.a : dl_timer.o (.text.DL_Timer_setCaptureCompareOutCtl)
                  00001e5c    00000018     clock.o (.text.mspm0_get_clock_ms)
                  00001e74    00000016     libc.a : copy_zero_init.c.obj (.text:decompress:ZI:__TI_zero_init_nomemset)
                  00001e8a    00000012     driverlib.a : dl_uart.o (.text.DL_UART_setClockConfig)
                  00001e9c    00000012     libc.a : copy_decompress_none.c.obj (.text:decompress:none)
                  00001eae    00000002     --HOLE-- [fill = 0]
                  00001eb0    00000010     driverlib.a : dl_timer.o (.text.DL_Timer_setCaptureCompareValue)
                  00001ec0    00000010     interrupt.o (.text.SysTick_Handler)
                  00001ed0    00000010     electrical_machinery.o (.text.car_stop)
                  00001ee0    0000000a     driverlib.a : dl_common.o (.text.DL_Common_delayCycles)
                  00001eea    00000002     --HOLE-- [fill = 0]
                  00001eec    00000008     libclang_rt.builtins.a : aeabi_memcpy.S.obj (.text.__aeabi_memcpy)
                  00001ef4    00000006     libc.a : exit.c.obj (.text:abort)
                  00001efa    00000004     libsysbm.a : hostexit.c.obj (.text.HOSTexit)
                  00001efe    00000004     startup_mspm0g350x_ticlang.o (.text.Reset_Handler)
                  00001f02    00000004     libc.a : pre_init.c.obj (.text._system_pre_init)
                  00001f06    00000002     --HOLE-- [fill = 0]

.cinit     0    00001f88    00000048     
                  00001f88    0000001d     (.cinit..data.load) [load image, compression = lzss]
                  00001fa5    00000003     --HOLE-- [fill = 0]
                  00001fa8    0000000c     (__TI_handler_table)
                  00001fb4    00000008     (.cinit..bss.load) [load image, compression = zero_init]
                  00001fbc    00000010     (__TI_cinit_table)
                  00001fcc    00000004     --HOLE-- [fill = 0]

.rodata    0    00001f08    00000080     
                  00001f08    00000028     ti_msp_dl_config.o (.rodata.gSYSPLLConfig)
                  00001f30    00000014     ti_msp_dl_config.o (.rodata.gTIMER_TICKTimerConfig)
                  00001f44    0000000a     ti_msp_dl_config.o (.rodata.gUART_0Config)
                  00001f4e    00000002     ti_msp_dl_config.o (.rodata.gI2C_BUSClockConfig)
                  00001f50    00000008     ti_msp_dl_config.o (.rodata.gPWMAConfig)
                  00001f58    00000008     ti_msp_dl_config.o (.rodata.gPWMBConfig)
                  00001f60    00000008     ti_msp_dl_config.o (.rodata.gPWMCConfig)
                  00001f68    00000008     ti_msp_dl_config.o (.rodata.gPWMDConfig)
                  00001f70    00000003     ti_msp_dl_config.o (.rodata.gPWMAClockConfig)
                  00001f73    00000003     ti_msp_dl_config.o (.rodata.gPWMBClockConfig)
                  00001f76    00000003     ti_msp_dl_config.o (.rodata.gPWMCClockConfig)
                  00001f79    00000003     ti_msp_dl_config.o (.rodata.gPWMDClockConfig)
                  00001f7c    00000003     ti_msp_dl_config.o (.rodata.gTIMER_TICKClockConfig)
                  00001f7f    00000002     ti_msp_dl_config.o (.rodata.gUART_0ClockConfig)
                  00001f81    00000007     --HOLE-- [fill = 0]

.init_array 
*          0    00000000    00000000     UNINITIALIZED

.binit     0    00000000    00000000     

.bss       0    20200000    000001b3     UNINITIALIZED
                  20200000    000000a0     (.common:gPWMBBackup)
                  202000a0    000000a0     (.common:gPWMDBackup)
                  20200140    00000010     interrupt.o (.bss.motor_encoderA)
                  20200150    00000010     interrupt.o (.bss.motor_encoderB)
                  20200160    00000010     interrupt.o (.bss.motor_encoderC)
                  20200170    00000010     interrupt.o (.bss.motor_encoderD)
                  20200180    00000004     electrical_machinery.o (.bss.Velocity_A.ControlVelocity)
                  20200184    00000004     electrical_machinery.o (.bss.Velocity_A.Last_bias)
                  20200188    00000004     electrical_machinery.o (.bss.Velocity_B.ControlVelocity)
                  2020018c    00000004     electrical_machinery.o (.bss.Velocity_B.Last_bias)
                  20200190    00000004     electrical_machinery.o (.bss.Velocity_C.ControlVelocity)
                  20200194    00000004     electrical_machinery.o (.bss.Velocity_C.Last_bias)
                  20200198    00000004     electrical_machinery.o (.bss.Velocity_D.ControlVelocity)
                  2020019c    00000004     electrical_machinery.o (.bss.Velocity_D.Last_bias)
                  202001a0    00000004     (.common:start_time)
                  202001a4    00000004     (.common:tick_ms)
                  202001a8    00000002     (.common:IRbuf)
                  202001aa    00000001     (.common:actual_speed)
                  202001ab    00000001     (.common:s1)
                  202001ac    00000001     (.common:s2)
                  202001ad    00000001     (.common:s3)
                  202001ae    00000001     (.common:s4)
                  202001af    00000001     (.common:s5)
                  202001b0    00000001     (.common:s6)
                  202001b1    00000001     (.common:s7)
                  202001b2    00000001     (.common:s8)

.data      0    202001b4    000000bc     UNINITIALIZED
                  202001b4    00000080     usart.o (.data.recv0_buff)
                  20200234    00000004     interrupt.o (.data.GROUP1_IRQHandler.KEY1_start_time)
                  20200238    00000004     interrupt.o (.data.GROUP1_IRQHandler.KEY2_start_time)
                  2020023c    00000004     interrupt.o (.data.GROUP1_IRQHandler.KEY3_start_time)
                  20200240    00000004     interrupt.o (.data.GROUP1_IRQHandler.KEY4_start_time)
                  20200244    00000004     electrical_machinery.o (.data.Velcity_Ki)
                  20200248    00000004     electrical_machinery.o (.data.Velcity_Kp)
                  2020024c    00000004     line_follower.o (.data.error)
                  20200250    00000004     line_follower.o (.data.integral)
                  20200254    00000004     line_follower.o (.data.kd)
                  20200258    00000004     line_follower.o (.data.ki)
                  2020025c    00000004     line_follower.o (.data.kp)
                  20200260    00000004     line_follower.o (.data.last_error)
                  20200264    00000004     interrupt.o (.data.nextway)
                  20200268    00000002     usart.o (.data.recv0_length)
                  2020026a    00000001     line_follower.o (.data.base_speed)
                  2020026b    00000001     line_follower.o (.data.left_flage)
                  2020026c    00000001     line_follower.o (.data.out_num)
                  2020026d    00000001     usart.o (.data.recv0_flag)
                  2020026e    00000001     line_follower.o (.data.stop_flag)
                  2020026f    00000001     line_follower.o (.data.trun_flage)

.stack     0    20207e00    00000200     UNINITIALIZED
                  20207e00    00000004     libc.a : boot_cortex_m.c.obj (.stack)
                  20207e04    000001fc     --HOLE--

__llvm_prf_cnts 
*          0    20200000    00000000     UNINITIALIZED

__llvm_prf_bits 
*          0    20200000    00000000     UNINITIALIZED

MODULE SUMMARY

       Module                         code   ro data   rw data
       ------                         ----   -------   -------
    .\
       ti_msp_dl_config.o             2180   121       320    
       startup_mspm0g350x_ticlang.o   6      192       0      
       empty.o                        96     0         0      
    +--+------------------------------+------+---------+---------+
       Total:                         2282   313       320    
                                                              
    .\APPLICATION\
       line_follower.o                1232   0         40     
    +--+------------------------------+------+---------+---------+
       Total:                         1232   0         40     
                                                              
    .\BSP\
       electrical_machinery.o         826    0         40     
       interrupt.o                    636    0         84     
       mspm0_motor_i2c.o              356    0         0      
       usart.o                        88     0         131    
       clock.o                        164    0         8      
    +--+------------------------------+------+---------+---------+
       Total:                         2070   0         263    
                                                              
    G:/MSPM0 3507/CCS/mspm0_sdk_2_10_00_04/source/ti/driverlib/lib/ticlang/m0p/mspm0g1x0x_g3x0x/driverlib.a
       dl_timer.o                     608    0         0      
       dl_sysctl_mspm0g1x0x_g3x0x.o   316    0         0      
       dl_i2c.o                       98     0         0      
       dl_uart.o                      90     0         0      
       dl_common.o                    10     0         0      
    +--+------------------------------+------+---------+---------+
       Total:                         1122   0         0      
                                                              
    G:\MSPM0 3507\CCS\ccs\tools\compiler\ti-cgt-armllvm_4.0.4.LTS\lib\armv6m-ti-none-eabi/c/libc.a
       memcpy16.S.obj                 154    0         0      
       copy_decompress_lzss.c.obj     124    0         0      
       autoinit.c.obj                 60     0         0      
       boot_cortex_m.c.obj            40     0         0      
       copy_zero_init.c.obj           22     0         0      
       copy_decompress_none.c.obj     18     0         0      
       exit.c.obj                     6      0         0      
       pre_init.c.obj                 4      0         0      
    +--+------------------------------+------+---------+---------+
       Total:                         428    0         0      
                                                              
    G:\MSPM0 3507\CCS\ccs\tools\compiler\ti-cgt-armllvm_4.0.4.LTS\lib\armv6m-ti-none-eabi/c/libsysbm.a
       hostexit.c.obj                 4      0         0      
    +--+------------------------------+------+---------+---------+
       Total:                         4      0         0      
                                                              
    G:\MSPM0 3507\CCS\ccs\tools\compiler\ti-cgt-armllvm_4.0.4.LTS\lib\armv6m-ti-none-eabi/libclang_rt.builtins.a
       addsf3.S.obj                   216    0         0      
       mulsf3.S.obj                   140    0         0      
       aeabi_uidivmod.S.obj           64     0         0      
       floatsisf.S.obj                60     0         0      
       muldsi3.S.obj                  58     0         0      
       fixsfsi.S.obj                  56     0         0      
       aeabi_memcpy.S.obj             8      0         0      
       aeabi_div0.c.obj               2      0         0      
    +--+------------------------------+------+---------+---------+
       Total:                         604    0         0      
                                                              
       Stack:                         0      0         512    
       Linker Generated:              0      65        0      
    +--+------------------------------+------+---------+---------+
       Grand Total:                   7742   378       1135   


LINKER GENERATED COPY TABLES

__TI_cinit_table @ 00001fbc records: 2, size/record: 8, table size: 16
	.data: load addr=00001f88, load size=0000001d bytes, run addr=202001b4, run size=000000bc bytes, compression=lzss
	.bss: load addr=00001fb4, load size=00000008 bytes, run addr=20200000, run size=000001b3 bytes, compression=zero_init


LINKER GENERATED HANDLER TABLE

__TI_handler_table @ 00001fa8 records: 3, size/record: 4, table size: 12
	index: 0, handler: __TI_decompress_lzss
	index: 1, handler: __TI_decompress_none
	index: 2, handler: __TI_zero_init


GLOBAL SYMBOLS: SORTED ALPHABETICALLY BY Name 

address   name                                 
-------   ----                                 
000014cb  ADC0_IRQHandler                      
000014cb  ADC1_IRQHandler                      
000014cb  AES_IRQHandler                       
00001efa  C$$EXIT                              
000014cb  CANFD0_IRQHandler                    
000010cd  CAR_CONTROL                          
000014cb  DAC0_IRQHandler                      
00001ee1  DL_Common_delayCycles                
00001c29  DL_I2C_flushControllerTXFIFO         
00001dad  DL_I2C_setClockConfig                
00001dd5  DL_SYSCTL_configFCC                  
000011c5  DL_SYSCTL_configSYSPLL               
00001ae1  DL_SYSCTL_switchMCLKfromSYSOSCtoHSCLK
00000ecd  DL_Timer_initFourCCPWMMode           
00000fd1  DL_Timer_initTimerMode               
00001df1  DL_Timer_setCaptCompUpdateMethod     
00001e45  DL_Timer_setCaptureCompareOutCtl     
00001eb1  DL_Timer_setCaptureCompareValue      
00001e0d  DL_Timer_setClockConfig              
00001a51  DL_UART_init                         
00001e8b  DL_UART_setClockConfig               
000014cb  DMA_IRQHandler                       
000014cb  Default_Handler                      
000014cb  GROUP0_IRQHandler                    
00000a2d  GROUP1_IRQHandler                    
00001efb  HOSTexit                             
000014cb  HardFault_Handler                    
000014cb  I2C0_IRQHandler                      
000014cb  I2C1_IRQHandler                      
202001a8  IRbuf                                
00000499  MOTOR_CONTROL                        
000014cb  NMI_Handler                          
000014cb  PendSV_Handler                       
000014cb  RTC_IRQHandler                       
00001eff  Reset_Handler                        
000014cb  SPI0_IRQHandler                      
000014cb  SPI1_IRQHandler                      
000014cb  SVC_Handler                          
00000bf5  SYSCFG_DL_GPIO_init                  
000019fd  SYSCFG_DL_I2C_BUS_init               
0000181d  SYSCFG_DL_PWMA_init                  
00001651  SYSCFG_DL_PWMB_init                  
000016c5  SYSCFG_DL_PWMC_init                  
00001739  SYSCFG_DL_PWMD_init                  
00000785  SYSCFG_DL_SYSCTL_SYSPLL_init         
00001379  SYSCFG_DL_SYSCTL_init                
00001e29  SYSCFG_DL_SYSTICK_init               
00001a99  SYSCFG_DL_TIMER_TICK_init            
000017ad  SYSCFG_DL_UART_0_init                
00001b25  SYSCFG_DL_init                       
00001559  SYSCFG_DL_initPower                  
00001ec1  SysTick_Handler                      
0000194d  SysTick_Init                         
000014cb  TIMA0_IRQHandler                     
000014cb  TIMA1_IRQHandler                     
00001889  TIMG0_IRQHandler                     
000014cb  TIMG12_IRQHandler                    
000014cb  TIMG6_IRQHandler                     
000014cb  TIMG7_IRQHandler                     
000014cb  TIMG8_IRQHandler                     
000019a5  UART0_IRQHandler                     
000014cb  UART1_IRQHandler                     
000014cb  UART2_IRQHandler                     
000014cb  UART3_IRQHandler                     
20200244  Velcity_Ki                           
20200248  Velcity_Kp                           
20208000  __STACK_END                          
00000200  __STACK_SIZE                         
00000000  __TI_ATRegion0_region_sz             
00000000  __TI_ATRegion0_src_addr              
00000000  __TI_ATRegion0_trg_addr              
00000000  __TI_ATRegion1_region_sz             
00000000  __TI_ATRegion1_src_addr              
00000000  __TI_ATRegion1_trg_addr              
00000000  __TI_ATRegion2_region_sz             
00000000  __TI_ATRegion2_src_addr              
00000000  __TI_ATRegion2_trg_addr              
00001fbc  __TI_CINIT_Base                      
00001fcc  __TI_CINIT_Limit                     
00001fcc  __TI_CINIT_Warm                      
00001fa8  __TI_Handler_Table_Base              
00001fb4  __TI_Handler_Table_Limit             
00001ca1  __TI_auto_init_nobinit_nopinit       
000015d5  __TI_decompress_lzss                 
00001e9d  __TI_decompress_none                 
ffffffff  __TI_pprof_out_hndl                  
ffffffff  __TI_prof_data_size                  
ffffffff  __TI_prof_data_start                 
00000000  __TI_static_base__                   
00001e75  __TI_zero_init_nomemset              
000012ab  __addsf3                             
00001d19  __aeabi_f2iz                         
000012ab  __aeabi_fadd                         
000014cd  __aeabi_fmul                         
000012a1  __aeabi_fsub                         
00001c65  __aeabi_i2f                          
00001c27  __aeabi_idiv0                        
00001eed  __aeabi_memcpy                       
00001eed  __aeabi_memcpy4                      
00001eed  __aeabi_memcpy8                      
00001b69  __aeabi_uidiv                        
00001b69  __aeabi_uidivmod                     
ffffffff  __binit__                            
00001d19  __fixsfsi                            
00001c65  __floatsisf                          
UNDEFED   __mpu_init                           
00001cdd  __muldsi3                            
000014cd  __mulsf3                             
20207e00  __stack                              
20200000  __start___llvm_prf_bits              
20200000  __start___llvm_prf_cnts              
20200000  __stop___llvm_prf_bits               
20200000  __stop___llvm_prf_cnts               
000012a1  __subsf3                             
00001d85  _c_int00_noargs                      
UNDEFED   _system_post_cinit                   
00001f03  _system_pre_init                     
00001ef5  abort                                
202001aa  actual_speed                         
2020026a  base_speed                           
ffffffff  binit                                
00001be9  car_run                              
00001ed1  car_stop                             
20200000  gPWMBBackup                          
202000a0  gPWMDBackup                          
00001ba9  get_encoder_count                    
00000000  interruptVectors                     
20200254  kd                                   
20200258  ki                                   
2020025c  kp                                   
2020026b  left_flage                           
000000c1  line_folower                         
000018ed  main                                 
00001431  memcpy                               
00001d51  mspm0_delay_ms                       
00001e5d  mspm0_get_clock_ms                   
00000d69  mspm0_motor_i2c_read                 
20200264  nextway                              
2020026c  out_num                              
202001b4  recv0_buff                           
2020026d  recv0_flag                           
20200268  recv0_length                         
202001ab  s1                                   
202001ac  s2                                   
202001ad  s3                                   
202001ae  s4                                   
202001af  s5                                   
202001b0  s6                                   
202001b1  s7                                   
202001b2  s8                                   
202001a0  start_time                           
2020026e  stop_flag                            
202001a4  tick_ms                              
2020026f  trun_flage                           


GLOBAL SYMBOLS: SORTED BY Symbol Address 

address   name                                 
-------   ----                                 
00000000  __TI_ATRegion0_region_sz             
00000000  __TI_ATRegion0_src_addr              
00000000  __TI_ATRegion0_trg_addr              
00000000  __TI_ATRegion1_region_sz             
00000000  __TI_ATRegion1_src_addr              
00000000  __TI_ATRegion1_trg_addr              
00000000  __TI_ATRegion2_region_sz             
00000000  __TI_ATRegion2_src_addr              
00000000  __TI_ATRegion2_trg_addr              
00000000  __TI_static_base__                   
00000000  interruptVectors                     
000000c1  line_folower                         
00000200  __STACK_SIZE                         
00000499  MOTOR_CONTROL                        
00000785  SYSCFG_DL_SYSCTL_SYSPLL_init         
00000a2d  GROUP1_IRQHandler                    
00000bf5  SYSCFG_DL_GPIO_init                  
00000d69  mspm0_motor_i2c_read                 
00000ecd  DL_Timer_initFourCCPWMMode           
00000fd1  DL_Timer_initTimerMode               
000010cd  CAR_CONTROL                          
000011c5  DL_SYSCTL_configSYSPLL               
000012a1  __aeabi_fsub                         
000012a1  __subsf3                             
000012ab  __addsf3                             
000012ab  __aeabi_fadd                         
00001379  SYSCFG_DL_SYSCTL_init                
00001431  memcpy                               
000014cb  ADC0_IRQHandler                      
000014cb  ADC1_IRQHandler                      
000014cb  AES_IRQHandler                       
000014cb  CANFD0_IRQHandler                    
000014cb  DAC0_IRQHandler                      
000014cb  DMA_IRQHandler                       
000014cb  Default_Handler                      
000014cb  GROUP0_IRQHandler                    
000014cb  HardFault_Handler                    
000014cb  I2C0_IRQHandler                      
000014cb  I2C1_IRQHandler                      
000014cb  NMI_Handler                          
000014cb  PendSV_Handler                       
000014cb  RTC_IRQHandler                       
000014cb  SPI0_IRQHandler                      
000014cb  SPI1_IRQHandler                      
000014cb  SVC_Handler                          
000014cb  TIMA0_IRQHandler                     
000014cb  TIMA1_IRQHandler                     
000014cb  TIMG12_IRQHandler                    
000014cb  TIMG6_IRQHandler                     
000014cb  TIMG7_IRQHandler                     
000014cb  TIMG8_IRQHandler                     
000014cb  UART1_IRQHandler                     
000014cb  UART2_IRQHandler                     
000014cb  UART3_IRQHandler                     
000014cd  __aeabi_fmul                         
000014cd  __mulsf3                             
00001559  SYSCFG_DL_initPower                  
000015d5  __TI_decompress_lzss                 
00001651  SYSCFG_DL_PWMB_init                  
000016c5  SYSCFG_DL_PWMC_init                  
00001739  SYSCFG_DL_PWMD_init                  
000017ad  SYSCFG_DL_UART_0_init                
0000181d  SYSCFG_DL_PWMA_init                  
00001889  TIMG0_IRQHandler                     
000018ed  main                                 
0000194d  SysTick_Init                         
000019a5  UART0_IRQHandler                     
000019fd  SYSCFG_DL_I2C_BUS_init               
00001a51  DL_UART_init                         
00001a99  SYSCFG_DL_TIMER_TICK_init            
00001ae1  DL_SYSCTL_switchMCLKfromSYSOSCtoHSCLK
00001b25  SYSCFG_DL_init                       
00001b69  __aeabi_uidiv                        
00001b69  __aeabi_uidivmod                     
00001ba9  get_encoder_count                    
00001be9  car_run                              
00001c27  __aeabi_idiv0                        
00001c29  DL_I2C_flushControllerTXFIFO         
00001c65  __aeabi_i2f                          
00001c65  __floatsisf                          
00001ca1  __TI_auto_init_nobinit_nopinit       
00001cdd  __muldsi3                            
00001d19  __aeabi_f2iz                         
00001d19  __fixsfsi                            
00001d51  mspm0_delay_ms                       
00001d85  _c_int00_noargs                      
00001dad  DL_I2C_setClockConfig                
00001dd5  DL_SYSCTL_configFCC                  
00001df1  DL_Timer_setCaptCompUpdateMethod     
00001e0d  DL_Timer_setClockConfig              
00001e29  SYSCFG_DL_SYSTICK_init               
00001e45  DL_Timer_setCaptureCompareOutCtl     
00001e5d  mspm0_get_clock_ms                   
00001e75  __TI_zero_init_nomemset              
00001e8b  DL_UART_setClockConfig               
00001e9d  __TI_decompress_none                 
00001eb1  DL_Timer_setCaptureCompareValue      
00001ec1  SysTick_Handler                      
00001ed1  car_stop                             
00001ee1  DL_Common_delayCycles                
00001eed  __aeabi_memcpy                       
00001eed  __aeabi_memcpy4                      
00001eed  __aeabi_memcpy8                      
00001ef5  abort                                
00001efa  C$$EXIT                              
00001efb  HOSTexit                             
00001eff  Reset_Handler                        
00001f03  _system_pre_init                     
00001fa8  __TI_Handler_Table_Base              
00001fb4  __TI_Handler_Table_Limit             
00001fbc  __TI_CINIT_Base                      
00001fcc  __TI_CINIT_Limit                     
00001fcc  __TI_CINIT_Warm                      
20200000  __start___llvm_prf_bits              
20200000  __start___llvm_prf_cnts              
20200000  __stop___llvm_prf_bits               
20200000  __stop___llvm_prf_cnts               
20200000  gPWMBBackup                          
202000a0  gPWMDBackup                          
202001a0  start_time                           
202001a4  tick_ms                              
202001a8  IRbuf                                
202001aa  actual_speed                         
202001ab  s1                                   
202001ac  s2                                   
202001ad  s3                                   
202001ae  s4                                   
202001af  s5                                   
202001b0  s6                                   
202001b1  s7                                   
202001b2  s8                                   
202001b4  recv0_buff                           
20200244  Velcity_Ki                           
20200248  Velcity_Kp                           
20200254  kd                                   
20200258  ki                                   
2020025c  kp                                   
20200264  nextway                              
20200268  recv0_length                         
2020026a  base_speed                           
2020026b  left_flage                           
2020026c  out_num                              
2020026d  recv0_flag                           
2020026e  stop_flag                            
2020026f  trun_flage                           
20207e00  __stack                              
20208000  __STACK_END                          
ffffffff  __TI_pprof_out_hndl                  
ffffffff  __TI_prof_data_size                  
ffffffff  __TI_prof_data_start                 
ffffffff  __binit__                            
ffffffff  binit                                
UNDEFED   __mpu_init                           
UNDEFED   _system_post_cinit                   

[154 symbols]
