******************************************************************************
            TI ARM Clang Linker PC v4.0.4                      
******************************************************************************
>> Linked Tue Jul 21 14:40:15 2026

OUTPUT FILE NAME:   <Autocar.out>
ENTRY POINT SYMBOL: "_c_int00_noargs"  address: 00008781


MEMORY CONFIGURATION

         name            origin    length      used     unused   attr    fill
----------------------  --------  ---------  --------  --------  ----  --------
  FLASH                 00000000   00020000  000099f8  00016608  R  X
  SRAM                  20200000   00008000  00000a0e  000075f2  RW X
  BCR_CONFIG            41c00000   000000ff  00000000  000000ff  R   
  BSL_CONFIG            41c00100   00000080  00000000  00000080  R   


SEGMENT ALLOCATION MAP

run origin  load origin   length   init length attrs members
----------  ----------- ---------- ----------- ----- -------
00000000    00000000    000099f8   000099f8    r-x
  00000000    00000000    000000c0   000000c0    r-- .intvecs
  000000c0    000000c0    00008c90   00008c90    r-x .text
  00008d50    00008d50    00000bb0   00000bb0    r-- .rodata
  00009900    00009900    000000f8   000000f8    r-- .cinit
20200000    20200000    00000810   00000000    rw-
  20200000    20200000    00000636   00000000    rw- .bss
  20200638    20200638    000001d8   00000000    rw- .data
20207e00    20207e00    00000200   00000000    rw-
  20207e00    20207e00    00000200   00000000    rw- .stack


SECTION ALLOCATION MAP

 output                                  attributes/
section   page    origin      length       input sections
--------  ----  ----------  ----------   ----------------
.intvecs   0    00000000    000000c0     
                  00000000    000000c0     startup_mspm0g350x_ticlang.o (.intvecs)

.text      0    000000c0    00008c90     
                  000000c0    000009d0     libc.a : _printfi.c.obj (.text:__TI_printfi)
                  00000a90    00000744     mpu6050.o (.text.mpu6050_update)
                  000011d4    00000704     draw.o (.text.HOME_directory)
                  000018d8    00000644     libc.a : k_rem_pio2.c.obj (.text.__kernel_rem_pio2)
                  00001f1c    00000454     electrical_machinery.o (.text.MOTOR_CONTROL)
                  00002370    000002d0     u8g2_font.o (.text.u8g2_font_decode_glyph)
                  00002640    000002a8     ti_msp_dl_config.o (.text.SYSCFG_DL_SYSCTL_SYSPLL_init)
                  000028e8    0000027c     usart.o (.text.VOFA_SendFrame)
                  00002b64    00000270     line_follower.o (.text.line_folower)
                  00002dd4    00000250     mpu6050_service.o (.text.mpu6050_service_init)
                  00003024    00000224     mpu6050.o (.text.i2c_read_once)
                  00003248    00000220     libc.a : _printfi.c.obj (.text._pconv_a)
                  00003468    0000021c     mpu6050.o (.text.i2c_bus_recover)
                  00003684    00000214     u8g2_ll_hvline.o (.text.u8g2_ll_hvline_vertical_top_lsb)
                  00003898    000001dc     libc.a : _printfi.c.obj (.text._pconv_g)
                  00003a74    000001d4            : s_cosf.c.obj (.text.cosf)
                  00003c48    000001c8            : s_atanf.c.obj (.text.atanf)
                  00003e10    000001c8            : s_sinf.c.obj (.text.sinf)
                  00003fd8    000001c4     u8x8_byte.o (.text.i2c_write_byte)
                  0000419c    000001bc     mpu6050.o (.text.calibrate_gyro)
                  00004358    000001ac     interrupt.o (.text.GROUP1_IRQHandler)
                  00004504    000001a4     ti_msp_dl_config.o (.text.SYSCFG_DL_GPIO_init)
                  000046a8    00000192     libclang_rt.builtins.a : adddf3.S.obj (.text.adddf3_subdf3)
                  0000483a    00000002     startup_mspm0g350x_ticlang.o (.text.Default_Handler)
                  0000483c    0000017c     u8x8_byte.o (.text.u8x8_byte_sw_i2c)
                  000049b8    0000017c     u8x8_d_ssd1306_128x64_noname.o (.text.u8x8_d_ssd1306_sh1106_generic)
                  00004b34    00000174     empty.o (.text.main)
                  00004ca8    00000170     libc.a : e_sqrt.c.obj (.text.sqrt)
                  00004e18    00000168     u8x8_cad.o (.text.u8x8_cad_ssd13xx_fast_i2c)
                  00004f80    00000160     libc.a : e_asinf.c.obj (.text.asinf)
                  000050e0    00000144            : s_floor.c.obj (.text.floor)
                  00005224    0000013c            : _printfi.c.obj (.text.fcvt)
                  00005360    00000128     grayscale_sensor.o (.text.Grayscale_Sensor_Read_All)
                  00005488    00000128     mpu6050.o (.text.mpu6050_init)
                  000055b0    00000124     electrical_machinery.o (.text.MOTOR_RAW)
                  000056d4    00000122     u8g2_font.o (.text.u8g2_font_decode_len)
                  000057f6    00000002     libclang_rt.builtins.a : aeabi_div0.c.obj (.text.__aeabi_idiv0)
                  000057f8    00000120     libc.a : _printfi.c.obj (.text._pconv_e)
                  00005918    0000011c     mpu6050.o (.text.i2c_write_once)
                  00005a34    00000118     libc.a : e_atan2f.c.obj (.text.atan2f)
                  00005b4c    00000114     mpu6050.o (.text.configure_sensor)
                  00005c60    0000010c     libclang_rt.builtins.a : divdf3.S.obj (.text.__divdf3)
                  00005d6c    00000104     driverlib.a : dl_timer.o (.text.DL_Timer_initFourCCPWMMode)
                  00005e70    00000102     u8g2_font.o (.text.u8g2_font_get_glyph_data)
                  00005f72    00000002     libclang_rt.builtins.a : aeabi_div0.c.obj (.text.__aeabi_ldiv0)
                  00005f74    00000100     u8g2_font.o (.text.u8g2_draw_string)
                  00006074    000000fc     driverlib.a : dl_timer.o (.text.DL_Timer_initTimerMode)
                  00006170    000000f8     u8g2_hvline.o (.text.u8g2_DrawHVLine)
                  00006268    000000ec     u8g2_box.o (.text.u8g2_DrawBox)
                  00006354    000000e4     libclang_rt.builtins.a : muldf3.S.obj (.text.__muldf3)
                  00006438    000000dc     driverlib.a : dl_sysctl_mspm0g1x0x_g3x0x.o (.text.DL_SYSCTL_configSYSPLL)
                  00006514    000000d8     libc.a : s_scalbn.c.obj (.text.scalbn)
                  000065ec    000000d8     libclang_rt.builtins.a : addsf3.S.obj (.text)
                  000066c4    000000cc     mpu6050.o (.text.read_raw)
                  00006790    000000c4     u8g2_font.o (.text.u8g2_SetFont)
                  00006854    000000c0     draw.o (.text.PID_CONTROL)
                  00006914    000000b8     ti_msp_dl_config.o (.text.SYSCFG_DL_SYSCTL_init)
                  000069cc    000000ac     libc.a : s_cosf.c.obj (.text.__kernel_sindf)
                  00006a78    000000ac            : s_sinf.c.obj (.text.__kernel_sindf)
                  00006b24    000000ac     mpu6050.o (.text.set_initial_attitude)
                  00006bd0    000000a8     line_follower.o (.text.CAR_CONTROL)
                  00006c78    000000a2     libclang_rt.builtins.a : udivmoddi4.S.obj (.text)
                  00006d1a    00000002     --HOLE-- [fill = 0]
                  00006d1c    000000a0     libc.a : e_sqrtf.c.obj (.text.sqrtf)
                  00006dbc    000000a0     oled.o (.text.u8x8_gpio_and_delay)
                  00006e5c    0000009c     libc.a : s_cosf.c.obj (.text.__kernel_cosdf)
                  00006ef8    0000009c            : s_sinf.c.obj (.text.__kernel_cosdf)
                  00006f94    0000009a            : memcpy16.S.obj (.text:memcpy)
                  0000702e    00000002     --HOLE-- [fill = 0]
                  00007030    0000008c     libclang_rt.builtins.a : mulsf3.S.obj (.text.__mulsf3)
                  000070bc    00000088     ti_msp_dl_config.o (.text.SYSCFG_DL_initPower)
                  00007144    00000082     libclang_rt.builtins.a : divsf3.S.obj (.text.__divsf3)
                  000071c6    00000002     --HOLE-- [fill = 0]
                  000071c8    00000080     line_follower.o (.text.line_follower_update)
                  00007248    00000080     u8x8_8x8.o (.text.u8x8_utf8_next)
                  000072c8    0000007c     libc.a : copy_decompress_lzss.c.obj (.text:decompress:lzss)
                  00007344    00000074     libclang_rt.builtins.a : comparedf2.c.obj (.text.__gedf2)
                  000073b8    00000008     libc.a : aeabi_portable.c.obj (.text.__aeabi_errno_addr)
                  000073c0    00000074     libclang_rt.builtins.a : truncdfsf2.S.obj (.text.__truncdfsf2)
                  00007434    00000074     electrical_machinery.o (.text.car_run)
                  000074a8    00000070     ti_msp_dl_config.o (.text.SYSCFG_DL_PWMB_init)
                  00007518    00000070     ti_msp_dl_config.o (.text.SYSCFG_DL_PWMC_init)
                  00007588    00000070     ti_msp_dl_config.o (.text.SYSCFG_DL_PWMD_init)
                  000075f8    00000070     ti_msp_dl_config.o (.text.SYSCFG_DL_UART_0_init)
                  00007668    00000070     electrical_machinery.o (.text.Velocity_ResetAll)
                  000076d8    0000006c     u8x8_cad.o (.text.u8x8_cad_SendSequence)
                  00007744    0000006a     u8x8_display.o (.text.u8x8_d_helper_display_init)
                  000077ae    00000002     --HOLE-- [fill = 0]
                  000077b0    00000068     ti_msp_dl_config.o (.text.SYSCFG_DL_PWMA_init)
                  00007818    00000068     libclang_rt.builtins.a : comparedf2.c.obj (.text.__ledf2)
                  00007880    00000066     libc.a : _printfi.c.obj (.text._mcpy)
                  000078e6    00000002     --HOLE-- [fill = 0]
                  000078e8    00000064     interrupt.o (.text.TIMG0_IRQHandler)
                  0000794c    00000062     libclang_rt.builtins.a : aeabi_dcmp.S.obj (.text.__aeabi_dcmp)
                  000079ae    00000002     --HOLE-- [fill = 0]
                  000079b0    00000062                            : aeabi_fcmp.S.obj (.text.__aeabi_fcmp)
                  00007a12    00000062     libc.a : memset16.S.obj (.text:memset)
                  00007a74    00000060     u8g2_setup.o (.text.u8g2_SetupBuffer)
                  00007ad4    00000060     u8g2_setup.o (.text.u8g2_update_page_win_r0)
                  00007b34    0000005e     u8g2_intersection.o (.text.u8g2_IsIntersection)
                  00007b92    00000002     --HOLE-- [fill = 0]
                  00007b94    0000005c     libc.a : s_frexp.c.obj (.text.frexp)
                  00007bf0    00000058     clock.o (.text.SysTick_Init)
                  00007c48    00000058     libc.a : _ltoa.c.obj (.text.__TI_ltoa)
                  00007ca0    00000058            : _printfi.c.obj (.text._pconv_f)
                  00007cf8    00000056     libclang_rt.builtins.a : aeabi_idivmod.S.obj (.text.__aeabi_idivmod)
                  00007d4e    00000002     --HOLE-- [fill = 0]
                  00007d50    00000054     ti_msp_dl_config.o (.text.SYSCFG_DL_I2C_BUS_init)
                  00007da4    00000054     u8g2_buffer.o (.text.u8g2_send_buffer)
                  00007df8    00000052     libc.a : _printfi.c.obj (.text._ecpy)
                  00007e4a    00000002     --HOLE-- [fill = 0]
                  00007e4c    0000004c     u8x8_d_ssd1306_128x64_noname.o (.text.u8x8_d_ssd1306_128x64_noname)
                  00007e98    0000004a     libclang_rt.builtins.a : fixdfsi.S.obj (.text.__fixdfsi)
                  00007ee2    0000004a     u8g2_buffer.o (.text.u8g2_NextPage)
                  00007f2c    00000048     driverlib.a : dl_uart.o (.text.DL_UART_init)
                  00007f74    00000048     ti_msp_dl_config.o (.text.SYSCFG_DL_TIMER_TICK_init)
                  00007fbc    00000048     ti_msp_dl_config.o (.text.SYSCFG_DL_init)
                  00008004    00000048     oled.o (.text.u8g2Init)
                  0000804c    00000044     driverlib.a : dl_sysctl_mspm0g1x0x_g3x0x.o (.text.DL_SYSCTL_switchMCLKfromSYSOSCtoHSCLK)
                  00008090    00000044     usart.o (.text.UART0_IRQHandler)
                  000080d4    00000040     draw.o (.text.OLED_SHOW)
                  00008114    00000040     libclang_rt.builtins.a : aeabi_uidivmod.S.obj (.text.__aeabi_uidivmod)
                  00008154    00000040                            : extendsfdf2.S.obj (.text.__extendsfdf2)
                  00008194    00000040     libc.a : atoi.c.obj (.text.atoi)
                  000081d4    00000040     clock.o (.text.delay_us)
                  00008214    00000040     libc.a : ti_fmax.c.obj (.text.fmaxf)
                  00008254    00000040     interrupt.o (.text.get_encoder_count)
                  00008294    0000003e     libc.a : ti_fmax.c.obj (.text.fminf)
                  000082d2    00000002     --HOLE-- [fill = 0]
                  000082d4    0000003c     driverlib.a : dl_i2c.o (.text.DL_I2C_flushControllerTXFIFO)
                  00008310    0000003c     libclang_rt.builtins.a : floatsisf.S.obj (.text.__floatsisf)
                  0000834c    0000003c                            : comparesf2.S.obj (.text.__gtsf2)
                  00008388    0000003c     mpu6050_service.o (.text.mpu6050_i2c1_full_init)
                  000083c4    0000003c     u8g2_d_setup.o (.text.u8g2_Setup_ssd1306_i2c_128x64_noname_f)
                  00008400    0000003c     libc.a : autoinit.c.obj (.text:__TI_auto_init_nobinit_nopinit)
                  0000843c    0000003a     libclang_rt.builtins.a : comparesf2.S.obj (.text.__eqsf2)
                  00008476    00000002     --HOLE-- [fill = 0]
                  00008478    0000003a                            : muldsi3.S.obj (.text.__muldsi3)
                  000084b2    00000002     --HOLE-- [fill = 0]
                  000084b4    00000038                            : fixsfsi.S.obj (.text.__fixsfsi)
                  000084ec    00000038     libc.a : sprintf.c.obj (.text.sprintf)
                  00008524    00000034     clock.o (.text.mspm0_delay_ms)
                  00008558    00000034     u8g2_setup.o (.text.u8g2_update_dimension_r0)
                  0000858c    00000030     driverlib.a : dl_i2c.o (.text.DL_I2C_flushControllerRXFIFO)
                  000085bc    00000030     ti_msp_dl_config.o (.text.SYSCFG_DL_I2C1_init)
                  000085ec    00000030     interrupt.o (.text.SysTick_Handler)
                  0000861c    00000030     usart.o (.text.USART_SendString)
                  0000864c    00000030     libc.a : _printfi.c.obj (.text._fcpy)
                  0000867c    00000030     u8g2_cleardisplay.o (.text.u8g2_ClearDisplay)
                  000086ac    0000002c     libclang_rt.builtins.a : floatsidf.S.obj (.text.__floatsidf)
                  000086d8    0000002c     u8g2_buffer.o (.text.u8g2_FirstPage)
                  00008704    0000002c     u8x8_cad.o (.text.u8x8_i2c_data_transfer)
                  00008730    00000028     libclang_rt.builtins.a : floatunsisf.S.obj (.text.__floatunsisf)
                  00008758    00000028     u8x8_setup.o (.text.u8x8_Setup)
                  00008780    00000028     libc.a : boot_cortex_m.c.obj (.text:_c_int00_noargs)
                  000087a8    00000026     driverlib.a : dl_i2c.o (.text.DL_I2C_setClockConfig)
                  000087ce    00000002     --HOLE-- [fill = 0]
                  000087d0    00000024     libclang_rt.builtins.a : muldi3.S.obj (.text.__muldi3)
                  000087f4    00000024     mpu6050.o (.text.i2c_read)
                  00008818    00000024     u8g2_font.o (.text.u8g2_add_vector_x)
                  0000883c    00000024     u8g2_font.o (.text.u8g2_add_vector_y)
                  00008860    00000022     libc.a : memccpy.c.obj (.text.memccpy)
                  00008882    00000020     mpu6050.o (.text.i2c_write)
                  000088a2    00000002     --HOLE-- [fill = 0]
                  000088a4    0000001e     libclang_rt.builtins.a : ashldi3.S.obj (.text.__ashldi3)
                  000088c2    0000001e     u8x8_display.o (.text.u8x8_DrawTile)
                  000088e0    0000001c     driverlib.a : dl_sysctl_mspm0g1x0x_g3x0x.o (.text.DL_SYSCTL_configFCC)
                  000088fc    0000001c                 : dl_timer.o (.text.DL_Timer_setCaptCompUpdateMethod)
                  00008918    0000001c                 : dl_timer.o (.text.DL_Timer_setClockConfig)
                  00008934    0000001c     ti_msp_dl_config.o (.text.SYSCFG_DL_SYSTICK_init)
                  00008950    0000001a     u8g2_buffer.o (.text.u8g2_SetBufferCurrTileRow)
                  0000896a    00000002     --HOLE-- [fill = 0]
                  0000896c    00000018     driverlib.a : dl_timer.o (.text.DL_Timer_setCaptureCompareOutCtl)
                  00008984    00000018     usart.o (.text.USART_Init)
                  0000899c    00000018     libc.a : sprintf.c.obj (.text._outs)
                  000089b4    00000016            : k_rem_pio2.c.obj (.text.OUTLINED_FUNCTION_0)
                  000089ca    00000002     --HOLE-- [fill = 0]
                  000089cc    00000010     libclang_rt.builtins.a : adddf3.S.obj (.tramp.__aeabi_dadd.1)
                  000089dc    00000016     u8g2_buffer.o (.text.u8g2_ClearBuffer)
                  000089f2    00000016     u8g2_hvline.o (.text.u8g2_draw_hv_line_2dir)
                  00008a08    00000014     libclang_rt.builtins.a : aeabi_uldivmod.S.obj (.text.__aeabi_uldivmod)
                  00008a1c    00000014     libc.a : _printfi.c.obj (.text.strchr)
                  00008a30    00000012     driverlib.a : dl_uart.o (.text.DL_UART_setClockConfig)
                  00008a42    00000012     u8x8_byte.o (.text.u8x8_byte_SendByte)
                  00008a54    00000012     libc.a : copy_decompress_none.c.obj (.text:decompress:none)
                  00008a66    00000002     --HOLE-- [fill = 0]
                  00008a68    00000010     driverlib.a : dl_timer.o (.text.DL_Timer_setCaptureCompareValue)
                  00008a78    00000010     libc.a : k_rem_pio2.c.obj (.text.OUTLINED_FUNCTION_2)
                  00008a88    00000010     electrical_machinery.o (.text.car_stop)
                  00008a98    00000010     u8g2_font.o (.text.u8g2_DrawUTF8)
                  00008aa8    00000010     u8g2_setup.o (.text.u8g2_draw_l90_r0)
                  00008ab8    00000010     libc.a : wcslen.c.obj (.text.wcslen)
                  00008ac8    00000010            : copy_zero_init.c.obj (.text:decompress:ZI)
                  00008ad8    0000000e     libclang_rt.builtins.a : aeabi_memset.S.obj (.text.__aeabi_memset)
                  00008ae6    0000000e     u8x8_byte.o (.text.i2c_delay)
                  00008af4    0000000e     libc.a : _printfi.c.obj (.text.strlen)
                  00008b02    0000000e     u8g2_font.o (.text.u8g2_font_get_word)
                  00008b10    0000000e     u8x8_display.o (.text.u8x8_InitDisplay)
                  00008b1e    0000000e     u8x8_display.o (.text.u8x8_RefreshDisplay)
                  00008b2c    0000000e     u8x8_display.o (.text.u8x8_SetPowerSave)
                  00008b3a    0000000e     u8x8_display.o (.text.u8x8_SetupMemory)
                  00008b48    0000000e     u8x8_byte.o (.text.u8x8_byte_EndTransfer)
                  00008b56    0000000e     u8x8_byte.o (.text.u8x8_byte_SendBytes)
                  00008b64    0000000e     u8x8_byte.o (.text.u8x8_byte_StartTransfer)
                  00008b72    0000000e     u8x8_cad.o (.text.u8x8_cad_EndTransfer)
                  00008b80    0000000e     u8x8_cad.o (.text.u8x8_cad_SendArg)
                  00008b8e    0000000e     u8x8_cad.o (.text.u8x8_cad_SendCmd)
                  00008b9c    0000000e     u8x8_cad.o (.text.u8x8_cad_SendData)
                  00008baa    0000000e     u8x8_cad.o (.text.u8x8_cad_StartTransfer)
                  00008bb8    0000000c     libclang_rt.builtins.a : aeabi_memset.S.obj (.text.__aeabi_memclr)
                  00008bc4    0000000c     mpu6050.o (.text.mpu6050_get_pitch)
                  00008bd0    0000000c     mpu6050.o (.text.mpu6050_get_roll)
                  00008bdc    0000000c     mpu6050.o (.text.mpu6050_get_yaw)
                  00008be8    0000000c     mpu6050.o (.text.mpu6050_millis)
                  00008bf4    0000000c     u8g2_hvline.o (.text.u8g2_SetDrawColor)
                  00008c00    0000000c     u8g2_font.o (.text.u8g2_SetFontPosBaseline)
                  00008c0c    0000000c     u8g2_d_memory.o (.text.u8g2_m_16_8_f)
                  00008c18    0000000a     driverlib.a : dl_common.o (.text.DL_Common_delayCycles)
                  00008c22    0000000a     libc.a : _printfi.c.obj (.text.OUTLINED_FUNCTION_0)
                  00008c2c    00000010     libclang_rt.builtins.a : adddf3.S.obj (.tramp.__aeabi_dsub.1)
                  00008c3c    0000000a     libc.a : _printfi.c.obj (.text.OUTLINED_FUNCTION_1)
                  00008c46    0000000a            : k_rem_pio2.c.obj (.text.OUTLINED_FUNCTION_1)
                  00008c50    0000000a            : s_cosf.c.obj (.text.OUTLINED_FUNCTION_3)
                  00008c5a    0000000a            : s_sinf.c.obj (.text.OUTLINED_FUNCTION_3)
                  00008c64    0000000a            : sprintf.c.obj (.text._outc)
                  00008c6e    0000000a     u8x8_display.o (.text.u8x8_d_helper_display_setup_memory)
                  00008c78    0000000a     u8x8_gpio.o (.text.u8x8_gpio_call)
                  00008c82    00000002     --HOLE-- [fill = 0]
                  00008c84    00000008     libclang_rt.builtins.a : aeabi_memcpy.S.obj (.text.__aeabi_memcpy)
                  00008c8c    00000008     mpu6050.o (.text.mpu6050_delay_ms)
                  00008c94    00000008     u8x8_8x8.o (.text.u8x8_utf8_init)
                  00008c9c    00000006     libc.a : e_asinf.c.obj (.text.OUTLINED_FUNCTION_0)
                  00008ca2    00000002     --HOLE-- [fill = 0]
                  00008ca4    00000010     libclang_rt.builtins.a : mulsf3.S.obj (.tramp.__aeabi_fmul.1)
                  00008cb4    00000006     libc.a : s_atanf.c.obj (.text.OUTLINED_FUNCTION_0)
                  00008cba    00000002     --HOLE-- [fill = 0]
                  00008cbc    00000010     libclang_rt.builtins.a : divsf3.S.obj (.tramp.__aeabi_fdiv.1)
                  00008ccc    00000006     libc.a : s_cosf.c.obj (.text.OUTLINED_FUNCTION_0)
                  00008cd2    00000002     --HOLE-- [fill = 0]
                  00008cd4    00000010     libclang_rt.builtins.a : muldf3.S.obj (.tramp.__aeabi_dmul.1)
                  00008ce4    00000006     libc.a : s_sinf.c.obj (.text.OUTLINED_FUNCTION_0)
                  00008cea    00000006            : s_cosf.c.obj (.text.OUTLINED_FUNCTION_1)
                  00008cf0    00000006            : s_sinf.c.obj (.text.OUTLINED_FUNCTION_1)
                  00008cf6    00000006     u8g2_font.o (.text.u8g2_SetFontDirection)
                  00008cfc    00000006     u8g2_font.o (.text.u8g2_SetFontMode)
                  00008d02    00000006     libc.a : exit.c.obj (.text:abort)
                  00008d08    00000004     libsysbm.a : hostexit.c.obj (.text.HOSTexit)
                  00008d0c    00000004     libc.a : s_atanf.c.obj (.text.OUTLINED_FUNCTION_1)
                  00008d10    00000010     libclang_rt.builtins.a : addsf3.S.obj (.tramp.__aeabi_fadd.1)
                  00008d20    00000004     libc.a : s_cosf.c.obj (.text.OUTLINED_FUNCTION_2)
                  00008d24    00000010     libclang_rt.builtins.a : extendsfdf2.S.obj (.tramp.__aeabi_f2d.1)
                  00008d34    00000004     libc.a : s_sinf.c.obj (.text.OUTLINED_FUNCTION_2)
                  00008d38    00000004     startup_mspm0g350x_ticlang.o (.text.Reset_Handler)
                  00008d3c    00000004     libc.a : pre_init.c.obj (.text._system_pre_init)
                  00008d40    00000004     u8g2_font.o (.text.u8g2_font_calc_vref_font)
                  00008d44    0000000c     --HOLE-- [fill = 0]

.cinit     0    00009900    000000f8     
                  00009900    000000d1     (.cinit..data.load) [load image, compression = lzss]
                  000099d1    00000003     --HOLE-- [fill = 0]
                  000099d4    0000000c     (__TI_handler_table)
                  000099e0    00000008     (.cinit..bss.load) [load image, compression = zero_init]
                  000099e8    00000010     (__TI_cinit_table)

.rodata    0    00008d50    00000bb0     
                  00008d50    0000069f     chinesetxt.o (.rodata.u8g2_font_unifont_st16)
                  000093ef    00000001     --HOLE-- [fill = 0]
                  000093f0    00000108     libc.a : k_rem_pio2.c.obj (.rodata.ipio2)
                  000094f8    00000008     ti_msp_dl_config.o (.rodata.gPWMAConfig)
                  00009500    00000101     libc.a : aeabi_ctype.S.obj (.rodata:__aeabi_ctype_table_)
                  00009601    00000007     draw.o (.rodata..Lswitch.table.HOME_directory.60)
                  00009608    00000040     libc.a : k_rem_pio2.c.obj (.rodata.PIo2)
                  00009648    00000035     u8x8_d_ssd1306_128x64_noname.o (.rodata.u8x8_d_ssd1306_128x64_noname_init_seq)
                  0000967d    00000003     ti_msp_dl_config.o (.rodata.gPWMAClockConfig)
                  00009680    0000002c     mpu6050_service.o (.rodata.g_bus_config)
                  000096ac    00000028     ti_msp_dl_config.o (.rodata.gSYSPLLConfig)
                  000096d4    00000020     libc.a : s_atanf.c.obj (.rodata.cst16)
                  000096f4    00000018     u8x8_d_ssd1306_128x64_noname.o (.rodata.u8x8_ssd1306_128x64_noname_display_info)
                  0000970c    00000014     ti_msp_dl_config.o (.rodata.gTIMER_TICKTimerConfig)
                  00009720    00000014     empty.o (.rodata.str1.254342170260855183.1)
                  00009734    00000012     empty.o (.rodata.str1.9517790425240694019.1)
                  00009746    00000011     libc.a : _printfi.c.obj (.rodata.str1.10348868589481759720.1)
                  00009757    00000011     empty.o (.rodata.str1.10926989522752758884.1)
                  00009768    00000011     libc.a : _printfi.c.obj (.rodata.str1.15363888844622738466.1)
                  00009779    00000003     ti_msp_dl_config.o (.rodata.gPWMBClockConfig)
                  0000977c    00000010     draw.o (.rodata..Lswitch.table.HOME_directory)
                  0000978c    00000010     draw.o (.rodata.cst16)
                  0000979c    00000010     libc.a : k_rem_pio2.c.obj (.rodata.cst16)
                  000097ac    0000000d     draw.o (.rodata.str1.15371446012953876463.1)
                  000097b9    00000003     ti_msp_dl_config.o (.rodata.gPWMCClockConfig)
                  000097bc    0000000c     u8g2_setup.o (.rodata.u8g2_cb_r0)
                  000097c8    0000000b     empty.o (.rodata.str1.14685083708502177989.1)
                  000097d3    00000001     --HOLE-- [fill = 0]
                  000097d4    0000000a     ti_msp_dl_config.o (.rodata.gUART_0Config)
                  000097de    0000000a     empty.o (.rodata.str1.17669528882079347314.1)
                  000097e8    00000009     draw.o (.rodata.str1.1222851238220204105.1)
                  000097f1    00000009     draw.o (.rodata.str1.16798678518866173547.1)
                  000097fa    00000002     ti_msp_dl_config.o (.rodata.gI2C1ClockConfig)
                  000097fc    00000008     ti_msp_dl_config.o (.rodata.gPWMBConfig)
                  00009804    00000008     ti_msp_dl_config.o (.rodata.gPWMCConfig)
                  0000980c    00000008     ti_msp_dl_config.o (.rodata.gPWMDConfig)
                  00009814    00000007     draw.o (.rodata.str1.12927128395581683091.1)
                  0000981b    00000007     draw.o (.rodata.str1.16920298533707407236.1)
                  00009822    00000007     draw.o (.rodata.str1.2536505494550489181.1)
                  00009829    00000007     draw.o (.rodata.str1.4063744131834711033.1)
                  00009830    00000007     draw.o (.rodata.str1.4769186932343429571.1)
                  00009837    00000007     draw.o (.rodata.str1.7599327456358374941.1)
                  0000983e    00000007     u8x8_d_ssd1306_128x64_noname.o (.rodata.u8x8_d_ssd1306_128x64_noname_flip0_seq)
                  00009845    00000007     u8x8_d_ssd1306_128x64_noname.o (.rodata.u8x8_d_ssd1306_128x64_noname_flip1_seq)
                  0000984c    00000006     draw.o (.rodata.str1.17402708256360119916.1)
                  00009852    00000006     draw.o (.rodata.str1.3087611109763544748.1)
                  00009858    00000006     draw.o (.rodata.str1.3993406505997153926.1)
                  0000985e    00000006     draw.o (.rodata.str1.5092474850242601035.1)
                  00009864    00000006     draw.o (.rodata.str1.8931661920520104013.1)
                  0000986a    00000005     draw.o (.rodata.str1.13295882753961647737.1)
                  0000986f    00000005     draw.o (.rodata.str1.15046184968404042663.1)
                  00009874    00000005     draw.o (.rodata.str1.17067162139742542313.1)
                  00009879    00000005     draw.o (.rodata.str1.17985918111400082174.1)
                  0000987e    00000005     draw.o (.rodata.str1.197789920646994554.1)
                  00009883    00000005     draw.o (.rodata.str1.3856563774887557434.1)
                  00009888    00000005     draw.o (.rodata.str1.3977530377744300196.1)
                  0000988d    00000005     draw.o (.rodata.str1.9461052618368317133.1)
                  00009892    00000005     u8x8_d_ssd1306_128x64_noname.o (.rodata.u8x8_d_ssd1306_128x64_noname_powersave0_seq)
                  00009897    00000005     u8x8_d_ssd1306_128x64_noname.o (.rodata.u8x8_d_ssd1306_128x64_noname_powersave1_seq)
                  0000989c    00000004     draw.o (.rodata.str1.11662179543728856056.1)
                  000098a0    00000004     draw.o (.rodata.str1.12753359286343333358.1)
                  000098a4    00000004     draw.o (.rodata.str1.13558645747875480796.1)
                  000098a8    00000004     draw.o (.rodata.str1.14187398005209213545.1)
                  000098ac    00000004     draw.o (.rodata.str1.14915676214180293299.1)
                  000098b0    00000004     draw.o (.rodata.str1.15074342113409833842.1)
                  000098b4    00000004     draw.o (.rodata.str1.16447675822648205255.1)
                  000098b8    00000004     draw.o (.rodata.str1.17167547962068192002.1)
                  000098bc    00000004     draw.o (.rodata.str1.17877410042743655113.1)
                  000098c0    00000004     draw.o (.rodata.str1.2680053455445061944.1)
                  000098c4    00000004     draw.o (.rodata.str1.3044352249193297061.1)
                  000098c8    00000004     draw.o (.rodata.str1.3602204908956033498.1)
                  000098cc    00000004     draw.o (.rodata.str1.439440656638192846.1)
                  000098d0    00000004     draw.o (.rodata.str1.7146124109294951569.1)
                  000098d4    00000004     draw.o (.rodata.str1.9363706946722908181.1)
                  000098d8    00000003     ti_msp_dl_config.o (.rodata.gPWMDClockConfig)
                  000098db    00000003     ti_msp_dl_config.o (.rodata.gTIMER_TICKClockConfig)
                  000098de    00000003     draw.o (.rodata.str1.11114186964174836109.1)
                  000098e1    00000003     empty.o (.rodata.str1.11898133897667081452.1)
                  000098e4    00000003     draw.o (.rodata.str1.12359765093345317632.1)
                  000098e7    00000003     draw.o (.rodata.str1.15032166160981136206.1)
                  000098ea    00000003     draw.o (.rodata.str1.3436235078410369563.1)
                  000098ed    00000003     draw.o (.rodata.str1.9759785406605014316.1)
                  000098f0    00000002     ti_msp_dl_config.o (.rodata.gI2C_BUSClockConfig)
                  000098f2    00000002     ti_msp_dl_config.o (.rodata.gUART_0ClockConfig)
                  000098f4    00000002     draw.o (.rodata.str1.13621094816472248119.1)
                  000098f6    00000002     draw.o (.rodata.str1.13901186772788639667.1)
                  000098f8    00000002     draw.o (.rodata.str1.15981432797632722681.1)
                  000098fa    00000002     draw.o (.rodata.str1.16224708837686808630.1)
                  000098fc    00000002     draw.o (.rodata.str1.6764898206403387013.1)
                  000098fe    00000002     draw.o (.rodata.str1.7901478166373039286.1)

.init_array 
*          0    00000000    00000000     UNINITIALIZED

.binit     0    00000000    00000000     

.bss       0    20200000    00000636     UNINITIALIZED
                  20200000    00000400     u8g2_d_memory.o (.bss.u8g2_m_16_8_f.buf)
                  20200400    000000a0     (.common:gPWMBBackup)
                  202004a0    000000a0     (.common:gPWMDBackup)
                  20200540    00000040     mpu6050.o (.bss.g_data)
                  20200580    0000002c     mpu6050.o (.bss.g_bus)
                  202005ac    00000020     mpu6050.o (.bss.g_filter)
                  202005cc    00000004     mpu6050_service.o (.bss.g_next_sample_ms)
                  202005d0    00000010     interrupt.o (.bss.motor_encoderA)
                  202005e0    00000010     interrupt.o (.bss.motor_encoderB)
                  202005f0    00000010     interrupt.o (.bss.motor_encoderC)
                  20200600    00000010     interrupt.o (.bss.motor_encoderD)
                  20200610    00000004     electrical_machinery.o (.bss.motor_speed_A)
                  20200614    00000004     electrical_machinery.o (.bss.motor_speed_B)
                  20200618    00000004     electrical_machinery.o (.bss.motor_speed_C)
                  2020061c    00000004     electrical_machinery.o (.bss.motor_speed_D)
                  20200620    00000004     (.common:id)
                  20200624    00000004     (.common:start_time)
                  20200628    00000004     (.common:tick_ms)
                  2020062c    00000001     mpu6050.o (.bss.g_i2c_nack_seen)
                  2020062d    00000001     (.common:actual_speed)
                  2020062e    00000001     (.common:s1)
                  2020062f    00000001     (.common:s2)
                  20200630    00000001     (.common:s3)
                  20200631    00000001     (.common:s4)
                  20200632    00000001     (.common:s5)
                  20200633    00000001     (.common:s6)
                  20200634    00000001     (.common:s7)
                  20200635    00000001     (.common:s8)

.data      0    20200638    000001d8     UNINITIALIZED
                  20200638    00000080     usart.o (.data.recv0_buff)
                  202006b8    00000024     draw.o (.data..compoundliteral.35)
                  202006dc    00000020     draw.o (.data..compoundliteral.26)
                  202006fc    0000001c     draw.o (.data..compoundliteral.13)
                  20200718    0000001c     draw.o (.data..compoundliteral)
                  20200734    00000018     draw.o (.data..compoundliteral.38)
                  2020074c    00000014     draw.o (.data..compoundliteral.18)
                  20200760    00000014     draw.o (.data..compoundliteral.36)
                  20200774    00000008     draw.o (.data.directory)
                  2020077c    00000008     draw.o (.data.directory_num)
                  20200784    00000007     draw.o (.data..compoundliteral.40)
                  2020078b    00000001     interrupt.o (.data.SysTick_Handler.imu_tick)
                  2020078c    00000004     draw.o (.data..compoundliteral.37)
                  20200790    00000004     draw.o (.data..compoundliteral.6)
                  20200794    00000004     interrupt.o (.data.GROUP1_IRQHandler.KEY1_start_time)
                  20200798    00000004     interrupt.o (.data.GROUP1_IRQHandler.KEY2_start_time)
                  2020079c    00000004     interrupt.o (.data.GROUP1_IRQHandler.KEY3_start_time)
                  202007a0    00000004     interrupt.o (.data.GROUP1_IRQHandler.KEY4_start_time)
                  202007a4    00000004     electrical_machinery.o (.data.MAX)
                  202007a8    00000004     electrical_machinery.o (.data.MIN)
                  202007ac    00000004     electrical_machinery.o (.data.MOTOR_CONTROL.last_vofa)
                  202007b0    00000004     electrical_machinery.o (.data.Velcity_Ki)
                  202007b4    00000004     electrical_machinery.o (.data.Velcity_Kp)
                  202007b8    00000004     libc.a : aeabi_portable.c.obj (.data.__aeabi_errno)
                  202007bc    00000004     electrical_machinery.o (.data.cv_A)
                  202007c0    00000004     electrical_machinery.o (.data.cv_B)
                  202007c4    00000004     electrical_machinery.o (.data.cv_C)
                  202007c8    00000004     electrical_machinery.o (.data.cv_D)
                  202007cc    00000004     line_follower.o (.data.integral)
                  202007d0    00000004     draw.o (.data.kd)
                  202007d4    00000004     draw.o (.data.ki)
                  202007d8    00000004     draw.o (.data.kp)
                  202007dc    00000004     line_follower.o (.data.last_error)
                  202007e0    00000004     line_follower.o (.data.last_valid_diff)
                  202007e4    00000004     electrical_machinery.o (.data.lb_A)
                  202007e8    00000004     electrical_machinery.o (.data.lb_B)
                  202007ec    00000004     electrical_machinery.o (.data.lb_C)
                  202007f0    00000004     electrical_machinery.o (.data.lb_D)
                  202007f4    00000004     line_follower.o (.data.line_folower.last_warn_ms)
                  202007f8    00000004     interrupt.o (.data.nextway)
                  202007fc    00000004     draw.o (.data.pid_rate)
                  20200800    00000002     draw.o (.data..compoundliteral.39)
                  20200802    00000002     usart.o (.data.recv0_length)
                  20200804    00000001     draw.o (.data.base_speed)
                  20200805    00000001     draw.o (.data.directory_flag)
                  20200806    00000001     interrupt.o (.data.g_imu_update_flag)
                  20200807    00000001     line_follower.o (.data.left_flage)
                  20200808    00000001     draw.o (.data.number_of_turns)
                  20200809    00000001     line_follower.o (.data.out_num)
                  2020080a    00000001     usart.o (.data.recv0_flag)
                  2020080b    00000001     draw.o (.data.stop_flag)
                  2020080c    00000001     line_follower.o (.data.trun_flage)
                  2020080d    00000001     line_follower.o (.data.turn_dir_locked)
                  2020080e    00000001     u8x8_cad.o (.data.u8x8_cad_ssd13xx_fast_i2c.in_transfer)
                  2020080f    00000001     draw.o (.data.xspeed)

.stack     0    20207e00    00000200     UNINITIALIZED
                  20207e00    00000004     libc.a : boot_cortex_m.c.obj (.stack)
                  20207e04    000001fc     --HOLE--

__llvm_prf_cnts 
*          0    20200000    00000000     UNINITIALIZED

__llvm_prf_bits 
*          0    20200000    00000000     UNINITIALIZED

MODULE SUMMARY

       Module                           code    ro data   rw data
       ------                           ----    -------   -------
    .\
       ti_msp_dl_config.o               2276    123       320    
       empty.o                          372     79        0      
       startup_mspm0g350x_ticlang.o     6       192       0      
    +--+--------------------------------+-------+---------+---------+
       Total:                           2654    394       320    
                                                                 
    .\APPLICATION\
       line_follower.o                  920     0         29     
       grayscale_sensor.o               296     0         0      
    +--+--------------------------------+-------+---------+---------+
       Total:                           1216    0         29     
                                                                 
    .\BSP\
       electrical_machinery.o           1644    0         68     
       usart.o                          776     0         131    
       interrupt.o                      640     0         86     
       clock.o                          204     0         8      
    +--+--------------------------------+-------+---------+---------+
       Total:                           3264    0         293    
                                                                 
    .\OLED\
       draw.o                           2052    269       246    
       oled.o                           232     0         0      
    +--+--------------------------------+-------+---------+---------+
       Total:                           2284    269       246    
                                                                 
    .\OLED\csrc\
       u8g2_font.o                      1850    0         0      
       chinesetxt.o                     0       1695      0      
       u8g2_d_memory.o                  12      0         1024   
       u8x8_byte.o                      906     0         0      
       u8x8_cad.o                       582     0         1      
       u8x8_d_ssd1306_128x64_noname.o   456     101       0      
       u8g2_ll_hvline.o                 532     0         0      
       u8g2_hvline.o                    282     0         0      
       u8g2_setup.o                     260     12        0      
       u8g2_buffer.o                    250     0         0      
       u8g2_box.o                       236     0         0      
       u8x8_display.o                   202     0         0      
       u8x8_8x8.o                       136     0         0      
       u8g2_intersection.o              94      0         0      
       u8g2_d_setup.o                   60      0         0      
       u8g2_cleardisplay.o              48      0         0      
       u8x8_setup.o                     40      0         0      
       u8x8_gpio.o                      10      0         0      
    +--+--------------------------------+-------+---------+---------+
       Total:                           5956    1808      1025   
                                                                 
    .\mpu6050\
       mpu6050.o                        4748    0         141    
       mpu6050_service.o                652     44        4      
    +--+--------------------------------+-------+---------+---------+
       Total:                           5400    44        145    
                                                                 
    G:/MSPM0 3507/CCS/mspm0_sdk_2_10_00_04/source/ti/driverlib/lib/ticlang/m0p/mspm0g1x0x_g3x0x/driverlib.a
       dl_timer.o                       608     0         0      
       dl_sysctl_mspm0g1x0x_g3x0x.o     316     0         0      
       dl_i2c.o                         146     0         0      
       dl_uart.o                        90      0         0      
       dl_common.o                      10      0         0      
    +--+--------------------------------+-------+---------+---------+
       Total:                           1170    0         0      
                                                                 
    G:\MSPM0 3507\CCS\ccs\tools\compiler\ti-cgt-armllvm_4.0.4.LTS\lib\armv6m-ti-none-eabi/c/libc.a
       _printfi.c.obj                   4510    34        0      
       k_rem_pio2.c.obj                 1652    344       0      
       s_cosf.c.obj                     822     0         0      
       s_sinf.c.obj                     810     0         0      
       s_atanf.c.obj                    466     32        0      
       e_sqrt.c.obj                     368     0         0      
       e_asinf.c.obj                    358     0         0      
       s_floor.c.obj                    324     0         0      
       e_atan2f.c.obj                   280     0         0      
       aeabi_ctype.S.obj                0       257       0      
       s_scalbn.c.obj                   216     0         0      
       e_sqrtf.c.obj                    160     0         0      
       memcpy16.S.obj                   154     0         0      
       ti_fmax.c.obj                    126     0         0      
       copy_decompress_lzss.c.obj       124     0         0      
       memset16.S.obj                   98      0         0      
       s_frexp.c.obj                    92      0         0      
       sprintf.c.obj                    90      0         0      
       _ltoa.c.obj                      88      0         0      
       atoi.c.obj                       64      0         0      
       autoinit.c.obj                   60      0         0      
       boot_cortex_m.c.obj              40      0         0      
       memccpy.c.obj                    34      0         0      
       copy_decompress_none.c.obj       18      0         0      
       copy_zero_init.c.obj             16      0         0      
       wcslen.c.obj                     16      0         0      
       aeabi_portable.c.obj             8       0         4      
       exit.c.obj                       6       0         0      
       pre_init.c.obj                   4       0         0      
    +--+--------------------------------+-------+---------+---------+
       Total:                           11004   667       4      
                                                                 
    G:\MSPM0 3507\CCS\ccs\tools\compiler\ti-cgt-armllvm_4.0.4.LTS\lib\armv6m-ti-none-eabi/c/libsysbm.a
       hostexit.c.obj                   4       0         0      
    +--+--------------------------------+-------+---------+---------+
       Total:                           4       0         0      
                                                                 
    G:\MSPM0 3507\CCS\ccs\tools\compiler\ti-cgt-armllvm_4.0.4.LTS\lib\armv6m-ti-none-eabi/libclang_rt.builtins.a
       adddf3.S.obj                     434     0         0      
       divdf3.S.obj                     268     0         0      
       muldf3.S.obj                     244     0         0      
       addsf3.S.obj                     232     0         0      
       comparedf2.c.obj                 220     0         0      
       udivmoddi4.S.obj                 162     0         0      
       mulsf3.S.obj                     156     0         0      
       divsf3.S.obj                     146     0         0      
       comparesf2.S.obj                 118     0         0      
       truncdfsf2.S.obj                 116     0         0      
       aeabi_dcmp.S.obj                 98      0         0      
       aeabi_fcmp.S.obj                 98      0         0      
       aeabi_idivmod.S.obj              86      0         0      
       extendsfdf2.S.obj                80      0         0      
       fixdfsi.S.obj                    74      0         0      
       aeabi_uidivmod.S.obj             64      0         0      
       floatsisf.S.obj                  60      0         0      
       muldsi3.S.obj                    58      0         0      
       fixsfsi.S.obj                    56      0         0      
       floatsidf.S.obj                  44      0         0      
       floatunsisf.S.obj                40      0         0      
       muldi3.S.obj                     36      0         0      
       ashldi3.S.obj                    30      0         0      
       aeabi_memset.S.obj               26      0         0      
       aeabi_uldivmod.S.obj             20      0         0      
       aeabi_memcpy.S.obj               8       0         0      
       aeabi_div0.c.obj                 4       0         0      
    +--+--------------------------------+-------+---------+---------+
       Total:                           2978    0         0      
                                                                 
       Stack:                           0       0         512    
       Linker Generated:                0       245       0      
    +--+--------------------------------+-------+---------+---------+
       Grand Total:                     35930   3427      2574   


LINKER GENERATED COPY TABLES

__TI_cinit_table @ 000099e8 records: 2, size/record: 8, table size: 16
	.data: load addr=00009900, load size=000000d1 bytes, run addr=20200638, run size=000001d8 bytes, compression=lzss
	.bss: load addr=000099e0, load size=00000008 bytes, run addr=20200000, run size=00000636 bytes, compression=zero_init


LINKER GENERATED HANDLER TABLE

__TI_handler_table @ 000099d4 records: 3, size/record: 4, table size: 12
	index: 0, handler: __TI_decompress_lzss
	index: 1, handler: __TI_decompress_none
	index: 2, handler: __TI_zero_init


FAR CALL TRAMPOLINES

callee name               trampoline name
   callee addr  tramp addr   call addr  call info
--------------  -----------  ---------  ----------------
__aeabi_dadd              $Tramp$TT$L$PI$$__aeabi_dadd
   000046b3     000089cc     000089c8   libc.a : k_rem_pio2.c.obj (.text.OUTLINED_FUNCTION_0)
                             00008c4e          : k_rem_pio2.c.obj (.text.OUTLINED_FUNCTION_1)
                             00008c58          : s_cosf.c.obj (.text.OUTLINED_FUNCTION_3)
                             00008c62          : s_sinf.c.obj (.text.OUTLINED_FUNCTION_3)
__aeabi_dsub              $Tramp$TT$L$PI$$__aeabi_dsub
   000046a9     00008c2c     00008c2a   libc.a : _printfi.c.obj (.text.OUTLINED_FUNCTION_0)
__aeabi_fmul              $Tramp$TT$L$PI$$__aeabi_fmul
   00007031     00008ca4     00008ca0   libc.a : e_asinf.c.obj (.text.OUTLINED_FUNCTION_0)
__aeabi_fdiv              $Tramp$TT$L$PI$$__aeabi_fdiv
   00007145     00008cbc     00008cb8   libc.a : s_atanf.c.obj (.text.OUTLINED_FUNCTION_0)
__aeabi_dmul              $Tramp$TT$L$PI$$__aeabi_dmul
   00006355     00008cd4     00008cd0   libc.a : s_cosf.c.obj (.text.OUTLINED_FUNCTION_0)
                             00008ce8          : s_sinf.c.obj (.text.OUTLINED_FUNCTION_0)
                             00008cee          : s_cosf.c.obj (.text.OUTLINED_FUNCTION_1)
                             00008cf4          : s_sinf.c.obj (.text.OUTLINED_FUNCTION_1)
__aeabi_fadd              $Tramp$TT$L$PI$$__aeabi_fadd
   000065f7     00008d10     00008d0e   libc.a : s_atanf.c.obj (.text.OUTLINED_FUNCTION_1)
__aeabi_f2d               $Tramp$TT$L$PI$$__aeabi_f2d
   00008155     00008d24     00008d22   libc.a : s_cosf.c.obj (.text.OUTLINED_FUNCTION_2)
                             00008d36          : s_sinf.c.obj (.text.OUTLINED_FUNCTION_2)

[7 trampolines]
[14 trampoline calls]


GLOBAL SYMBOLS: SORTED ALPHABETICALLY BY Name 

address   name                                  
-------   ----                                  
0000483b  ADC0_IRQHandler                       
0000483b  ADC1_IRQHandler                       
0000483b  AES_IRQHandler                        
00008d08  C$$EXIT                               
0000483b  CANFD0_IRQHandler                     
00006bd1  CAR_CONTROL                           
0000483b  DAC0_IRQHandler                       
00008c19  DL_Common_delayCycles                 
0000858d  DL_I2C_flushControllerRXFIFO          
000082d5  DL_I2C_flushControllerTXFIFO          
000087a9  DL_I2C_setClockConfig                 
000088e1  DL_SYSCTL_configFCC                   
00006439  DL_SYSCTL_configSYSPLL                
0000804d  DL_SYSCTL_switchMCLKfromSYSOSCtoHSCLK 
00005d6d  DL_Timer_initFourCCPWMMode            
00006075  DL_Timer_initTimerMode                
000088fd  DL_Timer_setCaptCompUpdateMethod      
0000896d  DL_Timer_setCaptureCompareOutCtl      
00008a69  DL_Timer_setCaptureCompareValue       
00008919  DL_Timer_setClockConfig               
00007f2d  DL_UART_init                          
00008a31  DL_UART_setClockConfig                
0000483b  DMA_IRQHandler                        
0000483b  Default_Handler                       
0000483b  GROUP0_IRQHandler                     
00004359  GROUP1_IRQHandler                     
00005361  Grayscale_Sensor_Read_All             
000011d5  HOME_directory                        
00008d09  HOSTexit                              
0000483b  HardFault_Handler                     
0000483b  I2C0_IRQHandler                       
0000483b  I2C1_IRQHandler                       
202007a4  MAX                                   
202007a8  MIN                                   
00001f1d  MOTOR_CONTROL                         
000055b1  MOTOR_RAW                             
0000483b  NMI_Handler                           
000080d5  OLED_SHOW                             
00006855  PID_CONTROL                           
0000483b  PendSV_Handler                        
0000483b  RTC_IRQHandler                        
00008d39  Reset_Handler                         
0000483b  SPI0_IRQHandler                       
0000483b  SPI1_IRQHandler                       
0000483b  SVC_Handler                           
00004505  SYSCFG_DL_GPIO_init                   
000085bd  SYSCFG_DL_I2C1_init                   
00007d51  SYSCFG_DL_I2C_BUS_init                
000077b1  SYSCFG_DL_PWMA_init                   
000074a9  SYSCFG_DL_PWMB_init                   
00007519  SYSCFG_DL_PWMC_init                   
00007589  SYSCFG_DL_PWMD_init                   
00002641  SYSCFG_DL_SYSCTL_SYSPLL_init          
00006915  SYSCFG_DL_SYSCTL_init                 
00008935  SYSCFG_DL_SYSTICK_init                
00007f75  SYSCFG_DL_TIMER_TICK_init             
000075f9  SYSCFG_DL_UART_0_init                 
00007fbd  SYSCFG_DL_init                        
000070bd  SYSCFG_DL_initPower                   
000085ed  SysTick_Handler                       
00007bf1  SysTick_Init                          
0000483b  TIMA0_IRQHandler                      
0000483b  TIMA1_IRQHandler                      
000078e9  TIMG0_IRQHandler                      
0000483b  TIMG12_IRQHandler                     
0000483b  TIMG6_IRQHandler                      
0000483b  TIMG7_IRQHandler                      
0000483b  TIMG8_IRQHandler                      
00008091  UART0_IRQHandler                      
0000483b  UART1_IRQHandler                      
0000483b  UART2_IRQHandler                      
0000483b  UART3_IRQHandler                      
00008985  USART_Init                            
0000861d  USART_SendString                      
000028e9  VOFA_SendFrame                        
202007b0  Velcity_Ki                            
202007b4  Velcity_Kp                            
00007669  Velocity_ResetAll                     
20208000  __STACK_END                           
00000200  __STACK_SIZE                          
00000000  __TI_ATRegion0_region_sz              
00000000  __TI_ATRegion0_src_addr               
00000000  __TI_ATRegion0_trg_addr               
00000000  __TI_ATRegion1_region_sz              
00000000  __TI_ATRegion1_src_addr               
00000000  __TI_ATRegion1_trg_addr               
00000000  __TI_ATRegion2_region_sz              
00000000  __TI_ATRegion2_src_addr               
00000000  __TI_ATRegion2_trg_addr               
000099e8  __TI_CINIT_Base                       
000099f8  __TI_CINIT_Limit                      
000099f8  __TI_CINIT_Warm                       
000099d4  __TI_Handler_Table_Base               
000099e0  __TI_Handler_Table_Limit              
00008401  __TI_auto_init_nobinit_nopinit        
000072c9  __TI_decompress_lzss                  
00008a55  __TI_decompress_none                  
00007c49  __TI_ltoa                             
ffffffff  __TI_pprof_out_hndl                   
000000c1  __TI_printfi                          
ffffffff  __TI_prof_data_size                   
ffffffff  __TI_prof_data_start                  
00000000  __TI_static_base__                    
00008ac9  __TI_zero_init                        
000046b3  __adddf3                              
000065f7  __addsf3                              
00009500  __aeabi_ctype_table_                  
00009500  __aeabi_ctype_table_C                 
000073c1  __aeabi_d2f                           
00007e99  __aeabi_d2iz                          
000046b3  __aeabi_dadd                          
0000794d  __aeabi_dcmpeq                        
00007989  __aeabi_dcmpge                        
0000799d  __aeabi_dcmpgt                        
00007975  __aeabi_dcmple                        
00007961  __aeabi_dcmplt                        
00005c61  __aeabi_ddiv                          
00006355  __aeabi_dmul                          
000046a9  __aeabi_dsub                          
202007b8  __aeabi_errno                         
000073b9  __aeabi_errno_addr                    
00008155  __aeabi_f2d                           
000084b5  __aeabi_f2iz                          
000065f7  __aeabi_fadd                          
000079b1  __aeabi_fcmpeq                        
000079ed  __aeabi_fcmpge                        
00007a01  __aeabi_fcmpgt                        
000079d9  __aeabi_fcmple                        
000079c5  __aeabi_fcmplt                        
00007145  __aeabi_fdiv                          
00007031  __aeabi_fmul                          
000065ed  __aeabi_fsub                          
000086ad  __aeabi_i2d                           
00008311  __aeabi_i2f                           
00007cf9  __aeabi_idiv                          
000057f7  __aeabi_idiv0                         
00007cf9  __aeabi_idivmod                       
00005f73  __aeabi_ldiv0                         
000088a5  __aeabi_llsl                          
000087d1  __aeabi_lmul                          
00008bb9  __aeabi_memclr                        
00008bb9  __aeabi_memclr4                       
00008bb9  __aeabi_memclr8                       
00008c85  __aeabi_memcpy                        
00008c85  __aeabi_memcpy4                       
00008c85  __aeabi_memcpy8                       
00008ad9  __aeabi_memset                        
00008ad9  __aeabi_memset4                       
00008ad9  __aeabi_memset8                       
00008731  __aeabi_ui2f                          
00008115  __aeabi_uidiv                         
00008115  __aeabi_uidivmod                      
00008a09  __aeabi_uldivmod                      
000088a5  __ashldi3                             
ffffffff  __binit__                             
00007819  __cmpdf2                              
0000843d  __cmpsf2                              
00005c61  __divdf3                              
00007145  __divsf3                              
00007819  __eqdf2                               
0000843d  __eqsf2                               
00008155  __extendsfdf2                         
00007e99  __fixdfsi                             
000084b5  __fixsfsi                             
000086ad  __floatsidf                           
00008311  __floatsisf                           
00008731  __floatunsisf                         
00007345  __gedf2                               
0000834d  __gesf2                               
00007345  __gtdf2                               
0000834d  __gtsf2                               
000018d9  __kernel_rem_pio2                     
00007819  __ledf2                               
0000843d  __lesf2                               
00007819  __ltdf2                               
0000843d  __ltsf2                               
UNDEFED   __mpu_init                            
00006355  __muldf3                              
000087d1  __muldi3                              
00008479  __muldsi3                             
00007031  __mulsf3                              
00007819  __nedf2                               
0000843d  __nesf2                               
20207e00  __stack                               
20200000  __start___llvm_prf_bits               
20200000  __start___llvm_prf_cnts               
20200000  __stop___llvm_prf_bits                
20200000  __stop___llvm_prf_cnts                
000046a9  __subdf3                              
000065ed  __subsf3                              
000073c1  __truncdfsf2                          
00006c79  __udivmoddi4                          
00008781  _c_int00_noargs                       
UNDEFED   _system_post_cinit                    
00008d3d  _system_pre_init                      
00008d03  abort                                 
2020062d  actual_speed                          
00004f81  asinf                                 
00005a35  atan2f                                
00003c49  atanf                                 
00008195  atoi                                  
20200804  base_speed                            
ffffffff  binit                                 
00007435  car_run                               
00008a89  car_stop                              
00003a75  cosf                                  
000081d5  delay_us                              
20200774  directory                             
20200805  directory_flag                        
2020077c  directory_num                         
000050e1  floor                                 
000050e1  floorl                                
00008215  fmaxf                                 
00008295  fminf                                 
00007b95  frexp                                 
00007b95  frexpl                                
20200400  gPWMBBackup                           
202004a0  gPWMDBackup                           
20200806  g_imu_update_flag                     
00008255  get_encoder_count                     
20200620  id                                    
00000000  interruptVectors                      
202007d0  kd                                    
202007d4  ki                                    
202007d8  kp                                    
00006515  ldexp                                 
00006515  ldexpl                                
20200807  left_flage                            
000071c9  line_follower_update                  
00002b65  line_folower                          
00004b35  main                                  
00008861  memccpy                               
00006f95  memcpy                                
00007a13  memset                                
00008c8d  mpu6050_delay_ms                      
00008bc5  mpu6050_get_pitch                     
00008bd1  mpu6050_get_roll                      
00008bdd  mpu6050_get_yaw                       
00005489  mpu6050_init                          
00008be9  mpu6050_millis                        
00002dd5  mpu6050_service_init                  
00000a91  mpu6050_update                        
00008525  mspm0_delay_ms                        
202007f8  nextway                               
20200808  number_of_turns                       
20200809  out_num                               
202007fc  pid_rate                              
20200638  recv0_buff                            
2020080a  recv0_flag                            
20200802  recv0_length                          
2020062e  s1                                    
2020062f  s2                                    
20200630  s3                                    
20200631  s4                                    
20200632  s5                                    
20200633  s6                                    
20200634  s7                                    
20200635  s8                                    
00006515  scalbn                                
00006515  scalbnl                               
00003e11  sinf                                  
000084ed  sprintf                               
00004ca9  sqrt                                  
00006d1d  sqrtf                                 
00004ca9  sqrtl                                 
20200624  start_time                            
2020080b  stop_flag                             
20200628  tick_ms                               
2020080c  trun_flage                            
00008005  u8g2Init                              
000089dd  u8g2_ClearBuffer                      
0000867d  u8g2_ClearDisplay                     
00006269  u8g2_DrawBox                          
00006171  u8g2_DrawHVLine                       
00008a99  u8g2_DrawUTF8                         
000086d9  u8g2_FirstPage                        
00007b35  u8g2_IsIntersection                   
00007ee3  u8g2_NextPage                         
00008951  u8g2_SetBufferCurrTileRow             
00008bf5  u8g2_SetDrawColor                     
00006791  u8g2_SetFont                          
00008cf7  u8g2_SetFontDirection                 
00008cfd  u8g2_SetFontMode                      
00008c01  u8g2_SetFontPosBaseline               
00007a75  u8g2_SetupBuffer                      
000083c5  u8g2_Setup_ssd1306_i2c_128x64_noname_f
00008819  u8g2_add_vector_x                     
0000883d  u8g2_add_vector_y                     
000097bc  u8g2_cb_r0                            
000089f3  u8g2_draw_hv_line_2dir                
00008aa9  u8g2_draw_l90_r0                      
00008d41  u8g2_font_calc_vref_font              
00002371  u8g2_font_decode_glyph                
000056d5  u8g2_font_decode_len                  
00005e71  u8g2_font_get_glyph_data              
00008d50  u8g2_font_unifont_st16                
00003685  u8g2_ll_hvline_vertical_top_lsb       
00008c0d  u8g2_m_16_8_f                         
00008559  u8g2_update_dimension_r0              
00007ad5  u8g2_update_page_win_r0               
000088c3  u8x8_DrawTile                         
00008b11  u8x8_InitDisplay                      
00008b1f  u8x8_RefreshDisplay                   
00008b2d  u8x8_SetPowerSave                     
00008759  u8x8_Setup                            
00008b3b  u8x8_SetupMemory                      
00008b49  u8x8_byte_EndTransfer                 
00008a43  u8x8_byte_SendByte                    
00008b57  u8x8_byte_SendBytes                   
00008b65  u8x8_byte_StartTransfer               
0000483d  u8x8_byte_sw_i2c                      
00008b73  u8x8_cad_EndTransfer                  
00008b81  u8x8_cad_SendArg                      
00008b8f  u8x8_cad_SendCmd                      
00008b9d  u8x8_cad_SendData                     
000076d9  u8x8_cad_SendSequence                 
00008bab  u8x8_cad_StartTransfer                
00004e19  u8x8_cad_ssd13xx_fast_i2c             
00007745  u8x8_d_helper_display_init            
00008c6f  u8x8_d_helper_display_setup_memory    
00007e4d  u8x8_d_ssd1306_128x64_noname          
00006dbd  u8x8_gpio_and_delay                   
00008c79  u8x8_gpio_call                        
00008c95  u8x8_utf8_init                        
00007249  u8x8_utf8_next                        
00008ab9  wcslen                                
2020080f  xspeed                                


GLOBAL SYMBOLS: SORTED BY Symbol Address 

address   name                                  
-------   ----                                  
00000000  __TI_ATRegion0_region_sz              
00000000  __TI_ATRegion0_src_addr               
00000000  __TI_ATRegion0_trg_addr               
00000000  __TI_ATRegion1_region_sz              
00000000  __TI_ATRegion1_src_addr               
00000000  __TI_ATRegion1_trg_addr               
00000000  __TI_ATRegion2_region_sz              
00000000  __TI_ATRegion2_src_addr               
00000000  __TI_ATRegion2_trg_addr               
00000000  __TI_static_base__                    
00000000  interruptVectors                      
000000c1  __TI_printfi                          
00000200  __STACK_SIZE                          
00000a91  mpu6050_update                        
000011d5  HOME_directory                        
000018d9  __kernel_rem_pio2                     
00001f1d  MOTOR_CONTROL                         
00002371  u8g2_font_decode_glyph                
00002641  SYSCFG_DL_SYSCTL_SYSPLL_init          
000028e9  VOFA_SendFrame                        
00002b65  line_folower                          
00002dd5  mpu6050_service_init                  
00003685  u8g2_ll_hvline_vertical_top_lsb       
00003a75  cosf                                  
00003c49  atanf                                 
00003e11  sinf                                  
00004359  GROUP1_IRQHandler                     
00004505  SYSCFG_DL_GPIO_init                   
000046a9  __aeabi_dsub                          
000046a9  __subdf3                              
000046b3  __adddf3                              
000046b3  __aeabi_dadd                          
0000483b  ADC0_IRQHandler                       
0000483b  ADC1_IRQHandler                       
0000483b  AES_IRQHandler                        
0000483b  CANFD0_IRQHandler                     
0000483b  DAC0_IRQHandler                       
0000483b  DMA_IRQHandler                        
0000483b  Default_Handler                       
0000483b  GROUP0_IRQHandler                     
0000483b  HardFault_Handler                     
0000483b  I2C0_IRQHandler                       
0000483b  I2C1_IRQHandler                       
0000483b  NMI_Handler                           
0000483b  PendSV_Handler                        
0000483b  RTC_IRQHandler                        
0000483b  SPI0_IRQHandler                       
0000483b  SPI1_IRQHandler                       
0000483b  SVC_Handler                           
0000483b  TIMA0_IRQHandler                      
0000483b  TIMA1_IRQHandler                      
0000483b  TIMG12_IRQHandler                     
0000483b  TIMG6_IRQHandler                      
0000483b  TIMG7_IRQHandler                      
0000483b  TIMG8_IRQHandler                      
0000483b  UART1_IRQHandler                      
0000483b  UART2_IRQHandler                      
0000483b  UART3_IRQHandler                      
0000483d  u8x8_byte_sw_i2c                      
00004b35  main                                  
00004ca9  sqrt                                  
00004ca9  sqrtl                                 
00004e19  u8x8_cad_ssd13xx_fast_i2c             
00004f81  asinf                                 
000050e1  floor                                 
000050e1  floorl                                
00005361  Grayscale_Sensor_Read_All             
00005489  mpu6050_init                          
000055b1  MOTOR_RAW                             
000056d5  u8g2_font_decode_len                  
000057f7  __aeabi_idiv0                         
00005a35  atan2f                                
00005c61  __aeabi_ddiv                          
00005c61  __divdf3                              
00005d6d  DL_Timer_initFourCCPWMMode            
00005e71  u8g2_font_get_glyph_data              
00005f73  __aeabi_ldiv0                         
00006075  DL_Timer_initTimerMode                
00006171  u8g2_DrawHVLine                       
00006269  u8g2_DrawBox                          
00006355  __aeabi_dmul                          
00006355  __muldf3                              
00006439  DL_SYSCTL_configSYSPLL                
00006515  ldexp                                 
00006515  ldexpl                                
00006515  scalbn                                
00006515  scalbnl                               
000065ed  __aeabi_fsub                          
000065ed  __subsf3                              
000065f7  __addsf3                              
000065f7  __aeabi_fadd                          
00006791  u8g2_SetFont                          
00006855  PID_CONTROL                           
00006915  SYSCFG_DL_SYSCTL_init                 
00006bd1  CAR_CONTROL                           
00006c79  __udivmoddi4                          
00006d1d  sqrtf                                 
00006dbd  u8x8_gpio_and_delay                   
00006f95  memcpy                                
00007031  __aeabi_fmul                          
00007031  __mulsf3                              
000070bd  SYSCFG_DL_initPower                   
00007145  __aeabi_fdiv                          
00007145  __divsf3                              
000071c9  line_follower_update                  
00007249  u8x8_utf8_next                        
000072c9  __TI_decompress_lzss                  
00007345  __gedf2                               
00007345  __gtdf2                               
000073b9  __aeabi_errno_addr                    
000073c1  __aeabi_d2f                           
000073c1  __truncdfsf2                          
00007435  car_run                               
000074a9  SYSCFG_DL_PWMB_init                   
00007519  SYSCFG_DL_PWMC_init                   
00007589  SYSCFG_DL_PWMD_init                   
000075f9  SYSCFG_DL_UART_0_init                 
00007669  Velocity_ResetAll                     
000076d9  u8x8_cad_SendSequence                 
00007745  u8x8_d_helper_display_init            
000077b1  SYSCFG_DL_PWMA_init                   
00007819  __cmpdf2                              
00007819  __eqdf2                               
00007819  __ledf2                               
00007819  __ltdf2                               
00007819  __nedf2                               
000078e9  TIMG0_IRQHandler                      
0000794d  __aeabi_dcmpeq                        
00007961  __aeabi_dcmplt                        
00007975  __aeabi_dcmple                        
00007989  __aeabi_dcmpge                        
0000799d  __aeabi_dcmpgt                        
000079b1  __aeabi_fcmpeq                        
000079c5  __aeabi_fcmplt                        
000079d9  __aeabi_fcmple                        
000079ed  __aeabi_fcmpge                        
00007a01  __aeabi_fcmpgt                        
00007a13  memset                                
00007a75  u8g2_SetupBuffer                      
00007ad5  u8g2_update_page_win_r0               
00007b35  u8g2_IsIntersection                   
00007b95  frexp                                 
00007b95  frexpl                                
00007bf1  SysTick_Init                          
00007c49  __TI_ltoa                             
00007cf9  __aeabi_idiv                          
00007cf9  __aeabi_idivmod                       
00007d51  SYSCFG_DL_I2C_BUS_init                
00007e4d  u8x8_d_ssd1306_128x64_noname          
00007e99  __aeabi_d2iz                          
00007e99  __fixdfsi                             
00007ee3  u8g2_NextPage                         
00007f2d  DL_UART_init                          
00007f75  SYSCFG_DL_TIMER_TICK_init             
00007fbd  SYSCFG_DL_init                        
00008005  u8g2Init                              
0000804d  DL_SYSCTL_switchMCLKfromSYSOSCtoHSCLK 
00008091  UART0_IRQHandler                      
000080d5  OLED_SHOW                             
00008115  __aeabi_uidiv                         
00008115  __aeabi_uidivmod                      
00008155  __aeabi_f2d                           
00008155  __extendsfdf2                         
00008195  atoi                                  
000081d5  delay_us                              
00008215  fmaxf                                 
00008255  get_encoder_count                     
00008295  fminf                                 
000082d5  DL_I2C_flushControllerTXFIFO          
00008311  __aeabi_i2f                           
00008311  __floatsisf                           
0000834d  __gesf2                               
0000834d  __gtsf2                               
000083c5  u8g2_Setup_ssd1306_i2c_128x64_noname_f
00008401  __TI_auto_init_nobinit_nopinit        
0000843d  __cmpsf2                              
0000843d  __eqsf2                               
0000843d  __lesf2                               
0000843d  __ltsf2                               
0000843d  __nesf2                               
00008479  __muldsi3                             
000084b5  __aeabi_f2iz                          
000084b5  __fixsfsi                             
000084ed  sprintf                               
00008525  mspm0_delay_ms                        
00008559  u8g2_update_dimension_r0              
0000858d  DL_I2C_flushControllerRXFIFO          
000085bd  SYSCFG_DL_I2C1_init                   
000085ed  SysTick_Handler                       
0000861d  USART_SendString                      
0000867d  u8g2_ClearDisplay                     
000086ad  __aeabi_i2d                           
000086ad  __floatsidf                           
000086d9  u8g2_FirstPage                        
00008731  __aeabi_ui2f                          
00008731  __floatunsisf                         
00008759  u8x8_Setup                            
00008781  _c_int00_noargs                       
000087a9  DL_I2C_setClockConfig                 
000087d1  __aeabi_lmul                          
000087d1  __muldi3                              
00008819  u8g2_add_vector_x                     
0000883d  u8g2_add_vector_y                     
00008861  memccpy                               
000088a5  __aeabi_llsl                          
000088a5  __ashldi3                             
000088c3  u8x8_DrawTile                         
000088e1  DL_SYSCTL_configFCC                   
000088fd  DL_Timer_setCaptCompUpdateMethod      
00008919  DL_Timer_setClockConfig               
00008935  SYSCFG_DL_SYSTICK_init                
00008951  u8g2_SetBufferCurrTileRow             
0000896d  DL_Timer_setCaptureCompareOutCtl      
00008985  USART_Init                            
000089dd  u8g2_ClearBuffer                      
000089f3  u8g2_draw_hv_line_2dir                
00008a09  __aeabi_uldivmod                      
00008a31  DL_UART_setClockConfig                
00008a43  u8x8_byte_SendByte                    
00008a55  __TI_decompress_none                  
00008a69  DL_Timer_setCaptureCompareValue       
00008a89  car_stop                              
00008a99  u8g2_DrawUTF8                         
00008aa9  u8g2_draw_l90_r0                      
00008ab9  wcslen                                
00008ac9  __TI_zero_init                        
00008ad9  __aeabi_memset                        
00008ad9  __aeabi_memset4                       
00008ad9  __aeabi_memset8                       
00008b11  u8x8_InitDisplay                      
00008b1f  u8x8_RefreshDisplay                   
00008b2d  u8x8_SetPowerSave                     
00008b3b  u8x8_SetupMemory                      
00008b49  u8x8_byte_EndTransfer                 
00008b57  u8x8_byte_SendBytes                   
00008b65  u8x8_byte_StartTransfer               
00008b73  u8x8_cad_EndTransfer                  
00008b81  u8x8_cad_SendArg                      
00008b8f  u8x8_cad_SendCmd                      
00008b9d  u8x8_cad_SendData                     
00008bab  u8x8_cad_StartTransfer                
00008bb9  __aeabi_memclr                        
00008bb9  __aeabi_memclr4                       
00008bb9  __aeabi_memclr8                       
00008bc5  mpu6050_get_pitch                     
00008bd1  mpu6050_get_roll                      
00008bdd  mpu6050_get_yaw                       
00008be9  mpu6050_millis                        
00008bf5  u8g2_SetDrawColor                     
00008c01  u8g2_SetFontPosBaseline               
00008c0d  u8g2_m_16_8_f                         
00008c19  DL_Common_delayCycles                 
00008c6f  u8x8_d_helper_display_setup_memory    
00008c79  u8x8_gpio_call                        
00008c85  __aeabi_memcpy                        
00008c85  __aeabi_memcpy4                       
00008c85  __aeabi_memcpy8                       
00008c8d  mpu6050_delay_ms                      
00008c95  u8x8_utf8_init                        
00008cf7  u8g2_SetFontDirection                 
00008cfd  u8g2_SetFontMode                      
00008d03  abort                                 
00008d08  C$$EXIT                               
00008d09  HOSTexit                              
00008d39  Reset_Handler                         
00008d3d  _system_pre_init                      
00008d41  u8g2_font_calc_vref_font              
00008d50  u8g2_font_unifont_st16                
00009500  __aeabi_ctype_table_                  
00009500  __aeabi_ctype_table_C                 
000097bc  u8g2_cb_r0                            
000099d4  __TI_Handler_Table_Base               
000099e0  __TI_Handler_Table_Limit              
000099e8  __TI_CINIT_Base                       
000099f8  __TI_CINIT_Limit                      
000099f8  __TI_CINIT_Warm                       
20200000  __start___llvm_prf_bits               
20200000  __start___llvm_prf_cnts               
20200000  __stop___llvm_prf_bits                
20200000  __stop___llvm_prf_cnts                
20200400  gPWMBBackup                           
202004a0  gPWMDBackup                           
20200620  id                                    
20200624  start_time                            
20200628  tick_ms                               
2020062d  actual_speed                          
2020062e  s1                                    
2020062f  s2                                    
20200630  s3                                    
20200631  s4                                    
20200632  s5                                    
20200633  s6                                    
20200634  s7                                    
20200635  s8                                    
20200638  recv0_buff                            
20200774  directory                             
2020077c  directory_num                         
202007a4  MAX                                   
202007a8  MIN                                   
202007b0  Velcity_Ki                            
202007b4  Velcity_Kp                            
202007b8  __aeabi_errno                         
202007d0  kd                                    
202007d4  ki                                    
202007d8  kp                                    
202007f8  nextway                               
202007fc  pid_rate                              
20200802  recv0_length                          
20200804  base_speed                            
20200805  directory_flag                        
20200806  g_imu_update_flag                     
20200807  left_flage                            
20200808  number_of_turns                       
20200809  out_num                               
2020080a  recv0_flag                            
2020080b  stop_flag                             
2020080c  trun_flage                            
2020080f  xspeed                                
20207e00  __stack                               
20208000  __STACK_END                           
ffffffff  __TI_pprof_out_hndl                   
ffffffff  __TI_prof_data_size                   
ffffffff  __TI_prof_data_start                  
ffffffff  __binit__                             
ffffffff  binit                                 
UNDEFED   __mpu_init                            
UNDEFED   _system_post_cinit                    

[327 symbols]
