******************************************************************************
            TI ARM Clang Linker PC v4.0.4                      
******************************************************************************
>> Linked Thu Jul 16 14:30:39 2026

OUTPUT FILE NAME:   <Autocar.out>
ENTRY POINT SYMBOL: "_c_int00_noargs"  address: 00004d05


MEMORY CONFIGURATION

         name            origin    length      used     unused   attr    fill
----------------------  --------  ---------  --------  --------  ----  --------
  FLASH                 00000000   00020000  00005d00  0001a300  R  X
  SRAM                  20200000   00008000  0000095a  000076a6  RW X
  BCR_CONFIG            41c00000   000000ff  00000000  000000ff  R   
  BSL_CONFIG            41c00100   00000080  00000000  00000080  R   


SEGMENT ALLOCATION MAP

run origin  load origin   length   init length attrs members
----------  ----------- ---------- ----------- ----- -------
00000000    00000000    00005d00   00005d00    r-x
  00000000    00000000    000000c0   000000c0    r-- .intvecs
  000000c0    000000c0    000050c0   000050c0    r-x .text
  00005180    00005180    00000a70   00000a70    r-- .rodata
  00005bf0    00005bf0    00000110   00000110    r-- .cinit
20200000    20200000    0000075a   00000000    rw-
  20200000    20200000    0000059c   00000000    rw- .bss
  2020059c    2020059c    000001be   00000000    rw- .data
20207e00    20207e00    00000200   00000000    rw-
  20207e00    20207e00    00000200   00000000    rw- .stack


SECTION ALLOCATION MAP

 output                                  attributes/
section   page    origin      length       input sections
--------  ----  ----------  ----------   ----------------
.intvecs   0    00000000    000000c0     
                  00000000    000000c0     startup_mspm0g350x_ticlang.o (.intvecs)

.text      0    000000c0    000050c0     
                  000000c0    000009d0     libc.a : _printfi.c.obj (.text:__TI_printfi)
                  00000a90    00000534     draw.o (.text.HOME_directory)
                  00000fc4    000002d0     u8g2_font.o (.text.u8g2_font_decode_glyph)
                  00001294    000002a8     ti_msp_dl_config.o (.text.SYSCFG_DL_SYSCTL_SYSPLL_init)
                  0000153c    00000220     libc.a : _printfi.c.obj (.text._pconv_a)
                  0000175c    00000214     u8g2_ll_hvline.o (.text.u8g2_ll_hvline_vertical_top_lsb)
                  00001970    000001dc     libc.a : _printfi.c.obj (.text._pconv_g)
                  00001b4c    000001c4     u8x8_byte.o (.text.i2c_write_byte)
                  00001d10    000001ac     interrupt.o (.text.GROUP1_IRQHandler)
                  00001ebc    000001a4     ti_msp_dl_config.o (.text.SYSCFG_DL_GPIO_init)
                  00002060    00000192     libclang_rt.builtins.a : adddf3.S.obj (.text.adddf3_subdf3)
                  000021f2    00000002     startup_mspm0g350x_ticlang.o (.text.Default_Handler)
                  000021f4    0000017c     u8x8_byte.o (.text.u8x8_byte_sw_i2c)
                  00002370    0000017c     u8x8_d_ssd1306_128x64_noname.o (.text.u8x8_d_ssd1306_sh1106_generic)
                  000024ec    00000168     u8x8_cad.o (.text.u8x8_cad_ssd13xx_fast_i2c)
                  00002654    0000013c     libc.a : _printfi.c.obj (.text.fcvt)
                  00002790    00000122     u8g2_font.o (.text.u8g2_font_decode_len)
                  000028b2    00000002     libclang_rt.builtins.a : aeabi_div0.c.obj (.text.__aeabi_idiv0)
                  000028b4    00000120     libc.a : _printfi.c.obj (.text._pconv_e)
                  000029d4    0000010c     libclang_rt.builtins.a : divdf3.S.obj (.text.__divdf3)
                  00002ae0    00000104     driverlib.a : dl_timer.o (.text.DL_Timer_initFourCCPWMMode)
                  00002be4    00000102     u8g2_font.o (.text.u8g2_font_get_glyph_data)
                  00002ce6    00000002     libclang_rt.builtins.a : aeabi_div0.c.obj (.text.__aeabi_ldiv0)
                  00002ce8    00000100     u8g2_font.o (.text.u8g2_draw_string)
                  00002de8    000000fc     driverlib.a : dl_timer.o (.text.DL_Timer_initTimerMode)
                  00002ee4    000000f8     u8g2_hvline.o (.text.u8g2_DrawHVLine)
                  00002fdc    000000ec     u8g2_box.o (.text.u8g2_DrawBox)
                  000030c8    000000e4     libclang_rt.builtins.a : muldf3.S.obj (.text.__muldf3)
                  000031ac    000000dc     driverlib.a : dl_sysctl_mspm0g1x0x_g3x0x.o (.text.DL_SYSCTL_configSYSPLL)
                  00003288    000000d8     empty.o (.text.main)
                  00003360    000000d8     libc.a : s_scalbn.c.obj (.text.scalbn)
                  00003438    000000d8     libclang_rt.builtins.a : addsf3.S.obj (.text)
                  00003510    000000c4     u8g2_font.o (.text.u8g2_SetFont)
                  000035d4    000000c0     draw.o (.text.PID_CONTROL)
                  00003694    000000b8     ti_msp_dl_config.o (.text.SYSCFG_DL_SYSCTL_init)
                  0000374c    000000a2     libclang_rt.builtins.a : udivmoddi4.S.obj (.text)
                  000037ee    00000002     --HOLE-- [fill = 0]
                  000037f0    000000a0     oled.o (.text.u8x8_gpio_and_delay)
                  00003890    0000009a     libc.a : memcpy16.S.obj (.text:memcpy)
                  0000392a    00000002     --HOLE-- [fill = 0]
                  0000392c    0000008c     libclang_rt.builtins.a : mulsf3.S.obj (.text.__mulsf3)
                  000039b8    00000088     ti_msp_dl_config.o (.text.SYSCFG_DL_initPower)
                  00003a40    00000080     u8x8_8x8.o (.text.u8x8_utf8_next)
                  00003ac0    0000007c     libc.a : copy_decompress_lzss.c.obj (.text:decompress:lzss)
                  00003b3c    00000074     libclang_rt.builtins.a : comparedf2.c.obj (.text.__gedf2)
                  00003bb0    00000074                            : truncdfsf2.S.obj (.text.__truncdfsf2)
                  00003c24    00000070     ti_msp_dl_config.o (.text.SYSCFG_DL_PWMB_init)
                  00003c94    00000070     ti_msp_dl_config.o (.text.SYSCFG_DL_PWMC_init)
                  00003d04    00000070     ti_msp_dl_config.o (.text.SYSCFG_DL_PWMD_init)
                  00003d74    00000070     ti_msp_dl_config.o (.text.SYSCFG_DL_UART_0_init)
                  00003de4    0000006c     u8x8_cad.o (.text.u8x8_cad_SendSequence)
                  00003e50    0000006a     u8x8_display.o (.text.u8x8_d_helper_display_init)
                  00003eba    00000002     --HOLE-- [fill = 0]
                  00003ebc    00000068     ti_msp_dl_config.o (.text.SYSCFG_DL_PWMA_init)
                  00003f24    00000068     libclang_rt.builtins.a : comparedf2.c.obj (.text.__ledf2)
                  00003f8c    00000066     libc.a : _printfi.c.obj (.text._mcpy)
                  00003ff2    00000002     --HOLE-- [fill = 0]
                  00003ff4    00000064     interrupt.o (.text.TIMG0_IRQHandler)
                  00004058    00000062     libclang_rt.builtins.a : aeabi_dcmp.S.obj (.text.__aeabi_dcmp)
                  000040ba    00000002     --HOLE-- [fill = 0]
                  000040bc    00000062                            : aeabi_fcmp.S.obj (.text.__aeabi_fcmp)
                  0000411e    00000062     libc.a : memset16.S.obj (.text:memset)
                  00004180    00000060     u8g2_setup.o (.text.u8g2_SetupBuffer)
                  000041e0    00000060     u8g2_setup.o (.text.u8g2_update_page_win_r0)
                  00004240    0000005e     u8g2_intersection.o (.text.u8g2_IsIntersection)
                  0000429e    00000002     --HOLE-- [fill = 0]
                  000042a0    0000005c     electrical_machinery.o (.text.calculate_motor_speed)
                  000042fc    0000005c     libc.a : s_frexp.c.obj (.text.frexp)
                  00004358    00000058     clock.o (.text.SysTick_Init)
                  000043b0    00000058     usart.o (.text.UART0_IRQHandler)
                  00004408    00000058     libc.a : _ltoa.c.obj (.text.__TI_ltoa)
                  00004460    00000058            : _printfi.c.obj (.text._pconv_f)
                  000044b8    00000056     libclang_rt.builtins.a : aeabi_idivmod.S.obj (.text.__aeabi_idivmod)
                  0000450e    00000002     --HOLE-- [fill = 0]
                  00004510    00000054     ti_msp_dl_config.o (.text.SYSCFG_DL_I2C_BUS_init)
                  00004564    00000054     u8g2_buffer.o (.text.u8g2_send_buffer)
                  000045b8    00000052     libc.a : _printfi.c.obj (.text._ecpy)
                  0000460a    00000002     --HOLE-- [fill = 0]
                  0000460c    0000004c     u8x8_d_ssd1306_128x64_noname.o (.text.u8x8_d_ssd1306_128x64_noname)
                  00004658    0000004a     libclang_rt.builtins.a : fixdfsi.S.obj (.text.__fixdfsi)
                  000046a2    0000004a     u8g2_buffer.o (.text.u8g2_NextPage)
                  000046ec    00000048     driverlib.a : dl_uart.o (.text.DL_UART_init)
                  00004734    00000048     ti_msp_dl_config.o (.text.SYSCFG_DL_TIMER_TICK_init)
                  0000477c    00000048     ti_msp_dl_config.o (.text.SYSCFG_DL_init)
                  000047c4    00000048     oled.o (.text.u8g2Init)
                  0000480c    00000044     driverlib.a : dl_sysctl_mspm0g1x0x_g3x0x.o (.text.DL_SYSCTL_switchMCLKfromSYSOSCtoHSCLK)
                  00004850    00000040     draw.o (.text.OLED_SHOW)
                  00004890    00000040     libclang_rt.builtins.a : aeabi_uidivmod.S.obj (.text.__aeabi_uidivmod)
                  000048d0    00000040                            : extendsfdf2.S.obj (.text.__extendsfdf2)
                  00004910    00000040     libc.a : atoi.c.obj (.text.atoi)
                  00004950    00000040     interrupt.o (.text.get_encoder_count)
                  00004990    0000003c     libclang_rt.builtins.a : floatsisf.S.obj (.text.__floatsisf)
                  000049cc    0000003c                            : comparesf2.S.obj (.text.__gtsf2)
                  00004a08    0000003c     u8g2_d_setup.o (.text.u8g2_Setup_ssd1306_i2c_128x64_noname_f)
                  00004a44    0000003c     libc.a : autoinit.c.obj (.text:__TI_auto_init_nobinit_nopinit)
                  00004a80    0000003a     libclang_rt.builtins.a : comparesf2.S.obj (.text.__eqsf2)
                  00004aba    00000002     --HOLE-- [fill = 0]
                  00004abc    0000003a                            : muldsi3.S.obj (.text.__muldsi3)
                  00004af6    00000002     --HOLE-- [fill = 0]
                  00004af8    00000038     libc.a : sprintf.c.obj (.text.sprintf)
                  00004b30    00000034     clock.o (.text.mspm0_delay_ms)
                  00004b64    00000034     u8g2_setup.o (.text.u8g2_update_dimension_r0)
                  00004b98    00000030     ti_msp_dl_config.o (.text.SYSCFG_DL_I2C1_init)
                  00004bc8    00000030     usart.o (.text.USART_SendString)
                  00004bf8    00000030     libc.a : _printfi.c.obj (.text._fcpy)
                  00004c28    00000030     u8g2_cleardisplay.o (.text.u8g2_ClearDisplay)
                  00004c58    0000002c     libclang_rt.builtins.a : floatsidf.S.obj (.text.__floatsidf)
                  00004c84    0000002c     u8g2_buffer.o (.text.u8g2_FirstPage)
                  00004cb0    0000002c     u8x8_cad.o (.text.u8x8_i2c_data_transfer)
                  00004cdc    00000028     u8x8_setup.o (.text.u8x8_Setup)
                  00004d04    00000028     libc.a : boot_cortex_m.c.obj (.text:_c_int00_noargs)
                  00004d2c    00000026     driverlib.a : dl_i2c.o (.text.DL_I2C_setClockConfig)
                  00004d52    00000002     --HOLE-- [fill = 0]
                  00004d54    00000024     libclang_rt.builtins.a : muldi3.S.obj (.text.__muldi3)
                  00004d78    00000024     u8g2_font.o (.text.u8g2_add_vector_x)
                  00004d9c    00000024     u8g2_font.o (.text.u8g2_add_vector_y)
                  00004dc0    00000022     libc.a : memccpy.c.obj (.text.memccpy)
                  00004de2    00000002     --HOLE-- [fill = 0]
                  00004de4    0000001e     libclang_rt.builtins.a : ashldi3.S.obj (.text.__ashldi3)
                  00004e02    0000001e     u8x8_display.o (.text.u8x8_DrawTile)
                  00004e20    0000001c     driverlib.a : dl_sysctl_mspm0g1x0x_g3x0x.o (.text.DL_SYSCTL_configFCC)
                  00004e3c    0000001c                 : dl_timer.o (.text.DL_Timer_setCaptCompUpdateMethod)
                  00004e58    0000001c                 : dl_timer.o (.text.DL_Timer_setClockConfig)
                  00004e74    0000001c     ti_msp_dl_config.o (.text.SYSCFG_DL_SYSTICK_init)
                  00004e90    0000001a     u8g2_buffer.o (.text.u8g2_SetBufferCurrTileRow)
                  00004eaa    00000002     --HOLE-- [fill = 0]
                  00004eac    00000018     driverlib.a : dl_timer.o (.text.DL_Timer_setCaptureCompareOutCtl)
                  00004ec4    00000018     usart.o (.text.USART_Init)
                  00004edc    00000018     libc.a : sprintf.c.obj (.text._outs)
                  00004ef4    00000016     u8g2_buffer.o (.text.u8g2_ClearBuffer)
                  00004f0a    00000016     u8g2_hvline.o (.text.u8g2_draw_hv_line_2dir)
                  00004f20    00000014     libclang_rt.builtins.a : aeabi_uldivmod.S.obj (.text.__aeabi_uldivmod)
                  00004f34    00000014     libc.a : _printfi.c.obj (.text.strchr)
                  00004f48    00000012     driverlib.a : dl_uart.o (.text.DL_UART_setClockConfig)
                  00004f5a    00000012     u8x8_byte.o (.text.u8x8_byte_SendByte)
                  00004f6c    00000012     libc.a : copy_decompress_none.c.obj (.text:decompress:none)
                  00004f7e    00000002     --HOLE-- [fill = 0]
                  00004f80    00000010     driverlib.a : dl_timer.o (.text.DL_Timer_setCaptureCompareValue)
                  00004f90    00000010     interrupt.o (.text.SysTick_Handler)
                  00004fa0    00000010     u8g2_font.o (.text.u8g2_DrawUTF8)
                  00004fb0    00000010     u8g2_setup.o (.text.u8g2_draw_l90_r0)
                  00004fc0    00000010     libc.a : wcslen.c.obj (.text.wcslen)
                  00004fd0    00000010            : copy_zero_init.c.obj (.text:decompress:ZI)
                  00004fe0    0000000e     libclang_rt.builtins.a : aeabi_memset.S.obj (.text.__aeabi_memset)
                  00004fee    0000000e     u8x8_byte.o (.text.i2c_delay)
                  00004ffc    0000000e     libc.a : _printfi.c.obj (.text.strlen)
                  0000500a    0000000e     u8g2_font.o (.text.u8g2_font_get_word)
                  00005018    0000000e     u8x8_display.o (.text.u8x8_InitDisplay)
                  00005026    0000000e     u8x8_display.o (.text.u8x8_RefreshDisplay)
                  00005034    0000000e     u8x8_display.o (.text.u8x8_SetPowerSave)
                  00005042    0000000e     u8x8_display.o (.text.u8x8_SetupMemory)
                  00005050    0000000e     u8x8_byte.o (.text.u8x8_byte_EndTransfer)
                  0000505e    0000000e     u8x8_byte.o (.text.u8x8_byte_SendBytes)
                  0000506c    0000000e     u8x8_byte.o (.text.u8x8_byte_StartTransfer)
                  0000507a    0000000e     u8x8_cad.o (.text.u8x8_cad_EndTransfer)
                  00005088    0000000e     u8x8_cad.o (.text.u8x8_cad_SendArg)
                  00005096    0000000e     u8x8_cad.o (.text.u8x8_cad_SendCmd)
                  000050a4    0000000e     u8x8_cad.o (.text.u8x8_cad_SendData)
                  000050b2    0000000e     u8x8_cad.o (.text.u8x8_cad_StartTransfer)
                  000050c0    0000000c     libclang_rt.builtins.a : aeabi_memset.S.obj (.text.__aeabi_memclr)
                  000050cc    0000000c     u8g2_hvline.o (.text.u8g2_SetDrawColor)
                  000050d8    0000000c     u8g2_font.o (.text.u8g2_SetFontPosBaseline)
                  000050e4    0000000c     u8g2_d_memory.o (.text.u8g2_m_16_8_f)
                  000050f0    0000000a     driverlib.a : dl_common.o (.text.DL_Common_delayCycles)
                  000050fa    0000000a     libc.a : _printfi.c.obj (.text.OUTLINED_FUNCTION_0)
                  00005104    00000010     libclang_rt.builtins.a : adddf3.S.obj (.tramp.__aeabi_dsub.1)
                  00005114    0000000a     libc.a : _printfi.c.obj (.text.OUTLINED_FUNCTION_1)
                  0000511e    0000000a            : sprintf.c.obj (.text._outc)
                  00005128    0000000a     u8x8_display.o (.text.u8x8_d_helper_display_setup_memory)
                  00005132    0000000a     u8x8_gpio.o (.text.u8x8_gpio_call)
                  0000513c    00000008     libc.a : aeabi_portable.c.obj (.text.__aeabi_errno_addr)
                  00005144    00000008     libclang_rt.builtins.a : aeabi_memcpy.S.obj (.text.__aeabi_memcpy)
                  0000514c    00000008     u8x8_8x8.o (.text.u8x8_utf8_init)
                  00005154    00000006     u8g2_font.o (.text.u8g2_SetFontDirection)
                  0000515a    00000006     u8g2_font.o (.text.u8g2_SetFontMode)
                  00005160    00000006     libc.a : exit.c.obj (.text:abort)
                  00005166    00000004     libsysbm.a : hostexit.c.obj (.text.HOSTexit)
                  0000516a    00000004     startup_mspm0g350x_ticlang.o (.text.Reset_Handler)
                  0000516e    00000004     libc.a : pre_init.c.obj (.text._system_pre_init)
                  00005172    00000004     u8g2_font.o (.text.u8g2_font_calc_vref_font)
                  00005176    0000000a     --HOLE-- [fill = 0]

.cinit     0    00005bf0    00000110     
                  00005bf0    000000ea     (.cinit..data.load) [load image, compression = lzss]
                  00005cda    00000002     --HOLE-- [fill = 0]
                  00005cdc    0000000c     (__TI_handler_table)
                  00005ce8    00000008     (.cinit..bss.load) [load image, compression = zero_init]
                  00005cf0    00000010     (__TI_cinit_table)

.rodata    0    00005180    00000a70     
                  00005180    0000069f     chinesetxt.o (.rodata.u8g2_font_unifont_st16)
                  0000581f    00000001     --HOLE-- [fill = 0]
                  00005820    00000101     libc.a : aeabi_ctype.S.obj (.rodata:__aeabi_ctype_table_)
                  00005921    00000035     u8x8_d_ssd1306_128x64_noname.o (.rodata.u8x8_d_ssd1306_128x64_noname_init_seq)
                  00005956    0000002a     empty.o (.rodata.str1.254342170260855183.1)
                  00005980    00000028     ti_msp_dl_config.o (.rodata.gSYSPLLConfig)
                  000059a8    00000018     u8x8_d_ssd1306_128x64_noname.o (.rodata.u8x8_ssd1306_128x64_noname_display_info)
                  000059c0    00000014     ti_msp_dl_config.o (.rodata.gTIMER_TICKTimerConfig)
                  000059d4    00000011     libc.a : _printfi.c.obj (.rodata.str1.10348868589481759720.1)
                  000059e5    00000011            : _printfi.c.obj (.rodata.str1.15363888844622738466.1)
                  000059f6    00000002     ti_msp_dl_config.o (.rodata.gI2C1ClockConfig)
                  000059f8    00000010     draw.o (.rodata..Lswitch.table.HOME_directory)
                  00005a08    00000010     electrical_machinery.o (.rodata..Lswitch.table.reset_motor_speed)
                  00005a18    00000010     draw.o (.rodata.cst16)
                  00005a28    0000000f     empty.o (.rodata.str1.9517790425240694019.1)
                  00005a37    0000000d     draw.o (.rodata.str1.11662179543728856056.1)
                  00005a44    0000000d     draw.o (.rodata.str1.15371446012953876463.1)
                  00005a51    0000000d     draw.o (.rodata.str1.3044352249193297061.1)
                  00005a5e    0000000d     draw.o (.rodata.str1.3977530377744300196.1)
                  00005a6b    0000000d     draw.o (.rodata.str1.9363706946722908181.1)
                  00005a78    0000000c     u8g2_setup.o (.rodata.u8g2_cb_r0)
                  00005a84    0000000b     draw.o (.rodata.str1.16798678518866173547.1)
                  00005a8f    0000000b     draw.o (.rodata.str1.17985918111400082174.1)
                  00005a9a    0000000b     draw.o (.rodata.str1.5092474850242601035.1)
                  00005aa5    00000001     --HOLE-- [fill = 0]
                  00005aa6    0000000a     ti_msp_dl_config.o (.rodata.gUART_0Config)
                  00005ab0    00000009     draw.o (.rodata.str1.8450940598119648634.1)
                  00005ab9    00000003     ti_msp_dl_config.o (.rodata.gPWMAClockConfig)
                  00005abc    00000008     ti_msp_dl_config.o (.rodata.gPWMAConfig)
                  00005ac4    00000008     ti_msp_dl_config.o (.rodata.gPWMBConfig)
                  00005acc    00000008     ti_msp_dl_config.o (.rodata.gPWMCConfig)
                  00005ad4    00000008     ti_msp_dl_config.o (.rodata.gPWMDConfig)
                  00005adc    00000007     draw.o (.rodata..Lswitch.table.HOME_directory.69)
                  00005ae3    00000007     draw.o (.rodata.str1.1222851238220204105.1)
                  00005aea    00000007     draw.o (.rodata.str1.12927128395581683091.1)
                  00005af1    00000007     draw.o (.rodata.str1.15032166160981136206.1)
                  00005af8    00000007     draw.o (.rodata.str1.4063744131834711033.1)
                  00005aff    00000007     draw.o (.rodata.str1.4769186932343429571.1)
                  00005b06    00000007     draw.o (.rodata.str1.6628805185763255565.1)
                  00005b0d    00000007     draw.o (.rodata.str1.7599327456358374941.1)
                  00005b14    00000007     u8x8_d_ssd1306_128x64_noname.o (.rodata.u8x8_d_ssd1306_128x64_noname_flip0_seq)
                  00005b1b    00000007     u8x8_d_ssd1306_128x64_noname.o (.rodata.u8x8_d_ssd1306_128x64_noname_flip1_seq)
                  00005b22    00000006     draw.o (.rodata.str1.11299763840726973552.1)
                  00005b28    00000006     draw.o (.rodata.str1.17402708256360119916.1)
                  00005b2e    00000006     draw.o (.rodata.str1.3087611109763544748.1)
                  00005b34    00000006     draw.o (.rodata.str1.3993406505997153926.1)
                  00005b3a    00000006     draw.o (.rodata.str1.8931661920520104013.1)
                  00005b40    00000005     draw.o (.rodata.str1.13295882753961647737.1)
                  00005b45    00000005     draw.o (.rodata.str1.15046184968404042663.1)
                  00005b4a    00000005     draw.o (.rodata.str1.16920298533707407236.1)
                  00005b4f    00000005     draw.o (.rodata.str1.197789920646994554.1)
                  00005b54    00000005     draw.o (.rodata.str1.3856563774887557434.1)
                  00005b59    00000005     draw.o (.rodata.str1.5892703727588417526.1)
                  00005b5e    00000005     draw.o (.rodata.str1.8511851625829648913.1)
                  00005b63    00000005     draw.o (.rodata.str1.9759785406605014316.1)
                  00005b68    00000005     u8x8_d_ssd1306_128x64_noname.o (.rodata.u8x8_d_ssd1306_128x64_noname_powersave0_seq)
                  00005b6d    00000005     u8x8_d_ssd1306_128x64_noname.o (.rodata.u8x8_d_ssd1306_128x64_noname_powersave1_seq)
                  00005b72    00000004     draw.o (.rodata.str1.10860614167785051322.1)
                  00005b76    00000004     draw.o (.rodata.str1.12753359286343333358.1)
                  00005b7a    00000004     draw.o (.rodata.str1.13558645747875480796.1)
                  00005b7e    00000004     draw.o (.rodata.str1.14915676214180293299.1)
                  00005b82    00000004     draw.o (.rodata.str1.15074342113409833842.1)
                  00005b86    00000004     draw.o (.rodata.str1.17067162139742542313.1)
                  00005b8a    00000004     draw.o (.rodata.str1.17104632844336190317.1)
                  00005b8e    00000004     draw.o (.rodata.str1.17167547962068192002.1)
                  00005b92    00000004     draw.o (.rodata.str1.17323698585101302928.1)
                  00005b96    00000004     draw.o (.rodata.str1.17877410042743655113.1)
                  00005b9a    00000004     draw.o (.rodata.str1.2536505494550489181.1)
                  00005b9e    00000004     draw.o (.rodata.str1.2680053455445061944.1)
                  00005ba2    00000004     draw.o (.rodata.str1.3293259928865538337.1)
                  00005ba6    00000004     draw.o (.rodata.str1.3602204908956033498.1)
                  00005baa    00000004     draw.o (.rodata.str1.439440656638192846.1)
                  00005bae    00000004     draw.o (.rodata.str1.4799947621604406399.1)
                  00005bb2    00000004     draw.o (.rodata.str1.9387805006866944833.1)
                  00005bb6    00000004     draw.o (.rodata.str1.9461052618368317133.1)
                  00005bba    00000004     draw.o (.rodata.str1.9590535064981708106.1)
                  00005bbe    00000004     draw.o (.rodata.str1.9976906776139131669.1)
                  00005bc2    00000003     ti_msp_dl_config.o (.rodata.gPWMBClockConfig)
                  00005bc5    00000003     ti_msp_dl_config.o (.rodata.gPWMCClockConfig)
                  00005bc8    00000003     ti_msp_dl_config.o (.rodata.gPWMDClockConfig)
                  00005bcb    00000003     ti_msp_dl_config.o (.rodata.gTIMER_TICKClockConfig)
                  00005bce    00000003     draw.o (.rodata.str1.3436235078410369563.1)
                  00005bd1    00000003     draw.o (.rodata.str1.4274189854934693450.1)
                  00005bd4    00000002     ti_msp_dl_config.o (.rodata.gI2C_BUSClockConfig)
                  00005bd6    00000002     ti_msp_dl_config.o (.rodata.gUART_0ClockConfig)
                  00005bd8    00000002     draw.o (.rodata.str1.13621094816472248119.1)
                  00005bda    00000002     draw.o (.rodata.str1.13901186772788639667.1)
                  00005bdc    00000002     draw.o (.rodata.str1.15981432797632722681.1)
                  00005bde    00000002     draw.o (.rodata.str1.16224708837686808630.1)
                  00005be0    00000002     draw.o (.rodata.str1.6764898206403387013.1)
                  00005be2    00000002     draw.o (.rodata.str1.7901478166373039286.1)
                  00005be4    0000000c     --HOLE-- [fill = 0]

.init_array 
*          0    00000000    00000000     UNINITIALIZED

.binit     0    00000000    00000000     

.bss       0    20200000    0000059c     UNINITIALIZED
                  20200000    00000400     u8g2_d_memory.o (.bss.u8g2_m_16_8_f.buf)
                  20200400    000000a0     (.common:gPWMBBackup)
                  202004a0    000000a0     (.common:gPWMDBackup)
                  20200540    00000010     interrupt.o (.bss.motor_encoderA)
                  20200550    00000010     interrupt.o (.bss.motor_encoderB)
                  20200560    00000010     interrupt.o (.bss.motor_encoderC)
                  20200570    00000010     interrupt.o (.bss.motor_encoderD)
                  20200580    00000004     electrical_machinery.o (.bss.motor_speed_A)
                  20200584    00000004     electrical_machinery.o (.bss.motor_speed_B)
                  20200588    00000004     electrical_machinery.o (.bss.motor_speed_C)
                  2020058c    00000004     electrical_machinery.o (.bss.motor_speed_D)
                  20200590    00000004     (.common:id)
                  20200594    00000004     (.common:start_time)
                  20200598    00000004     (.common:tick_ms)

.data      0    2020059c    000001be     UNINITIALIZED
                  2020059c    00000080     usart.o (.data.recv0_buff)
                  2020061c    00000024     draw.o (.data..compoundliteral.35)
                  20200640    00000024     draw.o (.data..compoundliteral.44)
                  20200664    00000020     draw.o (.data..compoundliteral.26)
                  20200684    0000001c     draw.o (.data..compoundliteral.13)
                  202006a0    0000001c     draw.o (.data..compoundliteral.51)
                  202006bc    0000001c     draw.o (.data..compoundliteral)
                  202006d8    00000018     draw.o (.data..compoundliteral.52)
                  202006f0    00000014     draw.o (.data..compoundliteral.18)
                  20200704    00000008     draw.o (.data.directory)
                  2020070c    00000008     draw.o (.data.directory_num)
                  20200714    00000007     draw.o (.data..compoundliteral.54)
                  2020071b    00000001     draw.o (.data.base_speed)
                  2020071c    00000004     draw.o (.data..compoundliteral.6)
                  20200720    00000004     interrupt.o (.data.GROUP1_IRQHandler.KEY1_start_time)
                  20200724    00000004     interrupt.o (.data.GROUP1_IRQHandler.KEY2_start_time)
                  20200728    00000004     interrupt.o (.data.GROUP1_IRQHandler.KEY3_start_time)
                  2020072c    00000004     interrupt.o (.data.GROUP1_IRQHandler.KEY4_start_time)
                  20200730    00000004     electrical_machinery.o (.data.MAX)
                  20200734    00000004     electrical_machinery.o (.data.MIN)
                  20200738    00000004     libc.a : aeabi_portable.c.obj (.data.__aeabi_errno)
                  2020073c    00000004     draw.o (.data.kd)
                  20200740    00000004     draw.o (.data.ki)
                  20200744    00000004     draw.o (.data.kp)
                  20200748    00000004     interrupt.o (.data.nextway)
                  2020074c    00000004     draw.o (.data.pid_rate)
                  20200750    00000002     draw.o (.data..compoundliteral.53)
                  20200752    00000002     usart.o (.data.recv0_length)
                  20200754    00000001     draw.o (.data.directory_flag)
                  20200755    00000001     draw.o (.data.number_of_turns)
                  20200756    00000001     usart.o (.data.recv0_flag)
                  20200757    00000001     draw.o (.data.stop_flag)
                  20200758    00000001     u8x8_cad.o (.data.u8x8_cad_ssd13xx_fast_i2c.in_transfer)
                  20200759    00000001     draw.o (.data.xspeed)

.stack     0    20207e00    00000200     UNINITIALIZED
                  20207e00    00000004     libc.a : boot_cortex_m.c.obj (.stack)
                  20207e04    000001fc     --HOLE--

__llvm_prf_cnts 
*          0    20200000    00000000     UNINITIALIZED

__llvm_prf_bits 
*          0    20200000    00000000     UNINITIALIZED

MODULE SUMMARY

       Module                           code    ro data   rw data
       ------                           ----    -------   -------
    .\
       ti_msp_dl_config.o               2276    123       320    
       empty.o                          216     57        0      
       startup_mspm0g350x_ticlang.o     6       192       0      
    +--+--------------------------------+-------+---------+---------+
       Total:                           2498    372       320    
                                                                 
    .\BSP\
       interrupt.o                      608     0         84     
       usart.o                          160     0         131    
       clock.o                          140     0         8      
       electrical_machinery.o           92      16        24     
    +--+--------------------------------+-------+---------+---------+
       Total:                           1000    16        247    
                                                                 
    .\OLED\
       draw.o                           1588    363       286    
       oled.o                           232     0         0      
    +--+--------------------------------+-------+---------+---------+
       Total:                           1820    363       286    
                                                                 
    .\OLED\csrc\
       u8g2_font.o                      1850    0         0      
       chinesetxt.o                     0       1695      0      
       u8g2_d_memory.o                  12      0         1024   
       u8x8_byte.o                      906     0         0      
       u8x8_cad.o                       582     0         1      
       u8x8_d_ssd1306_128x64_noname.o   456     101       0      
       u8g2_ll_hvline.o                 532     0         0      
       u8g2_hvline.o                    282     0         0      
       u8g2_setup.o                     260     12        0      
       u8g2_buffer.o                    250     0         0      
       u8g2_box.o                       236     0         0      
       u8x8_display.o                   202     0         0      
       u8x8_8x8.o                       136     0         0      
       u8g2_intersection.o              94      0         0      
       u8g2_d_setup.o                   60      0         0      
       u8g2_cleardisplay.o              48      0         0      
       u8x8_setup.o                     40      0         0      
       u8x8_gpio.o                      10      0         0      
    +--+--------------------------------+-------+---------+---------+
       Total:                           5956    1808      1025   
                                                                 
    G:/MSPM0 3507/CCS/mspm0_sdk_2_10_00_04/source/ti/driverlib/lib/ticlang/m0p/mspm0g1x0x_g3x0x/driverlib.a
       dl_timer.o                       608     0         0      
       dl_sysctl_mspm0g1x0x_g3x0x.o     316     0         0      
       dl_uart.o                        90      0         0      
       dl_i2c.o                         38      0         0      
       dl_common.o                      10      0         0      
    +--+--------------------------------+-------+---------+---------+
       Total:                           1062    0         0      
                                                                 
    G:\MSPM0 3507\CCS\ccs\tools\compiler\ti-cgt-armllvm_4.0.4.LTS\lib\armv6m-ti-none-eabi/c/libc.a
       _printfi.c.obj                   4510    34        0      
       aeabi_ctype.S.obj                0       257       0      
       s_scalbn.c.obj                   216     0         0      
       memcpy16.S.obj                   154     0         0      
       copy_decompress_lzss.c.obj       124     0         0      
       memset16.S.obj                   98      0         0      
       s_frexp.c.obj                    92      0         0      
       sprintf.c.obj                    90      0         0      
       _ltoa.c.obj                      88      0         0      
       atoi.c.obj                       64      0         0      
       autoinit.c.obj                   60      0         0      
       boot_cortex_m.c.obj              40      0         0      
       memccpy.c.obj                    34      0         0      
       copy_decompress_none.c.obj       18      0         0      
       copy_zero_init.c.obj             16      0         0      
       wcslen.c.obj                     16      0         0      
       aeabi_portable.c.obj             8       0         4      
       exit.c.obj                       6       0         0      
       pre_init.c.obj                   4       0         0      
    +--+--------------------------------+-------+---------+---------+
       Total:                           5638    291       4      
                                                                 
    G:\MSPM0 3507\CCS\ccs\tools\compiler\ti-cgt-armllvm_4.0.4.LTS\lib\armv6m-ti-none-eabi/c/libsysbm.a
       hostexit.c.obj                   4       0         0      
    +--+--------------------------------+-------+---------+---------+
       Total:                           4       0         0      
                                                                 
    G:\MSPM0 3507\CCS\ccs\tools\compiler\ti-cgt-armllvm_4.0.4.LTS\lib\armv6m-ti-none-eabi/libclang_rt.builtins.a
       adddf3.S.obj                     418     0         0      
       divdf3.S.obj                     268     0         0      
       muldf3.S.obj                     228     0         0      
       comparedf2.c.obj                 220     0         0      
       addsf3.S.obj                     216     0         0      
       udivmoddi4.S.obj                 162     0         0      
       mulsf3.S.obj                     140     0         0      
       comparesf2.S.obj                 118     0         0      
       truncdfsf2.S.obj                 116     0         0      
       aeabi_dcmp.S.obj                 98      0         0      
       aeabi_fcmp.S.obj                 98      0         0      
       aeabi_idivmod.S.obj              86      0         0      
       fixdfsi.S.obj                    74      0         0      
       aeabi_uidivmod.S.obj             64      0         0      
       extendsfdf2.S.obj                64      0         0      
       floatsisf.S.obj                  60      0         0      
       muldsi3.S.obj                    58      0         0      
       floatsidf.S.obj                  44      0         0      
       muldi3.S.obj                     36      0         0      
       ashldi3.S.obj                    30      0         0      
       aeabi_memset.S.obj               26      0         0      
       aeabi_uldivmod.S.obj             20      0         0      
       aeabi_memcpy.S.obj               8       0         0      
       aeabi_div0.c.obj                 4       0         0      
    +--+--------------------------------+-------+---------+---------+
       Total:                           2656    0         0      
                                                                 
       Stack:                           0       0         512    
       Linker Generated:                0       270       0      
    +--+--------------------------------+-------+---------+---------+
       Grand Total:                     20634   3120      2394   


LINKER GENERATED COPY TABLES

__TI_cinit_table @ 00005cf0 records: 2, size/record: 8, table size: 16
	.data: load addr=00005bf0, load size=000000ea bytes, run addr=2020059c, run size=000001be bytes, compression=lzss
	.bss: load addr=00005ce8, load size=00000008 bytes, run addr=20200000, run size=0000059c bytes, compression=zero_init


LINKER GENERATED HANDLER TABLE

__TI_handler_table @ 00005cdc records: 3, size/record: 4, table size: 12
	index: 0, handler: __TI_decompress_lzss
	index: 1, handler: __TI_decompress_none
	index: 2, handler: __TI_zero_init


FAR CALL TRAMPOLINES

callee name               trampoline name
   callee addr  tramp addr   call addr  call info
--------------  -----------  ---------  ----------------
__aeabi_dsub              $Tramp$TT$L$PI$$__aeabi_dsub
   00002061     00005104     00005102   libc.a : _printfi.c.obj (.text.OUTLINED_FUNCTION_0)

[1 trampolines]
[1 trampoline calls]


GLOBAL SYMBOLS: SORTED ALPHABETICALLY BY Name 

address   name                                  
-------   ----                                  
000021f3  ADC0_IRQHandler                       
000021f3  ADC1_IRQHandler                       
000021f3  AES_IRQHandler                        
00005166  C$$EXIT                               
000021f3  CANFD0_IRQHandler                     
000021f3  DAC0_IRQHandler                       
000050f1  DL_Common_delayCycles                 
00004d2d  DL_I2C_setClockConfig                 
00004e21  DL_SYSCTL_configFCC                   
000031ad  DL_SYSCTL_configSYSPLL                
0000480d  DL_SYSCTL_switchMCLKfromSYSOSCtoHSCLK 
00002ae1  DL_Timer_initFourCCPWMMode            
00002de9  DL_Timer_initTimerMode                
00004e3d  DL_Timer_setCaptCompUpdateMethod      
00004ead  DL_Timer_setCaptureCompareOutCtl      
00004f81  DL_Timer_setCaptureCompareValue       
00004e59  DL_Timer_setClockConfig               
000046ed  DL_UART_init                          
00004f49  DL_UART_setClockConfig                
000021f3  DMA_IRQHandler                        
000021f3  Default_Handler                       
000021f3  GROUP0_IRQHandler                     
00001d11  GROUP1_IRQHandler                     
00000a91  HOME_directory                        
00005167  HOSTexit                              
000021f3  HardFault_Handler                     
000021f3  I2C0_IRQHandler                       
000021f3  I2C1_IRQHandler                       
20200730  MAX                                   
20200734  MIN                                   
000021f3  NMI_Handler                           
00004851  OLED_SHOW                             
000035d5  PID_CONTROL                           
000021f3  PendSV_Handler                        
000021f3  RTC_IRQHandler                        
0000516b  Reset_Handler                         
000021f3  SPI0_IRQHandler                       
000021f3  SPI1_IRQHandler                       
000021f3  SVC_Handler                           
00001ebd  SYSCFG_DL_GPIO_init                   
00004b99  SYSCFG_DL_I2C1_init                   
00004511  SYSCFG_DL_I2C_BUS_init                
00003ebd  SYSCFG_DL_PWMA_init                   
00003c25  SYSCFG_DL_PWMB_init                   
00003c95  SYSCFG_DL_PWMC_init                   
00003d05  SYSCFG_DL_PWMD_init                   
00001295  SYSCFG_DL_SYSCTL_SYSPLL_init          
00003695  SYSCFG_DL_SYSCTL_init                 
00004e75  SYSCFG_DL_SYSTICK_init                
00004735  SYSCFG_DL_TIMER_TICK_init             
00003d75  SYSCFG_DL_UART_0_init                 
0000477d  SYSCFG_DL_init                        
000039b9  SYSCFG_DL_initPower                   
00004f91  SysTick_Handler                       
00004359  SysTick_Init                          
000021f3  TIMA0_IRQHandler                      
000021f3  TIMA1_IRQHandler                      
00003ff5  TIMG0_IRQHandler                      
000021f3  TIMG12_IRQHandler                     
000021f3  TIMG6_IRQHandler                      
000021f3  TIMG7_IRQHandler                      
000021f3  TIMG8_IRQHandler                      
000043b1  UART0_IRQHandler                      
000021f3  UART1_IRQHandler                      
000021f3  UART2_IRQHandler                      
000021f3  UART3_IRQHandler                      
00004ec5  USART_Init                            
00004bc9  USART_SendString                      
20208000  __STACK_END                           
00000200  __STACK_SIZE                          
00000000  __TI_ATRegion0_region_sz              
00000000  __TI_ATRegion0_src_addr               
00000000  __TI_ATRegion0_trg_addr               
00000000  __TI_ATRegion1_region_sz              
00000000  __TI_ATRegion1_src_addr               
00000000  __TI_ATRegion1_trg_addr               
00000000  __TI_ATRegion2_region_sz              
00000000  __TI_ATRegion2_src_addr               
00000000  __TI_ATRegion2_trg_addr               
00005cf0  __TI_CINIT_Base                       
00005d00  __TI_CINIT_Limit                      
00005d00  __TI_CINIT_Warm                       
00005cdc  __TI_Handler_Table_Base               
00005ce8  __TI_Handler_Table_Limit              
00004a45  __TI_auto_init_nobinit_nopinit        
00003ac1  __TI_decompress_lzss                  
00004f6d  __TI_decompress_none                  
00004409  __TI_ltoa                             
ffffffff  __TI_pprof_out_hndl                   
000000c1  __TI_printfi                          
ffffffff  __TI_prof_data_size                   
ffffffff  __TI_prof_data_start                  
00000000  __TI_static_base__                    
00004fd1  __TI_zero_init                        
0000206b  __adddf3                              
00003443  __addsf3                              
00005820  __aeabi_ctype_table_                  
00005820  __aeabi_ctype_table_C                 
00003bb1  __aeabi_d2f                           
00004659  __aeabi_d2iz                          
0000206b  __aeabi_dadd                          
00004059  __aeabi_dcmpeq                        
00004095  __aeabi_dcmpge                        
000040a9  __aeabi_dcmpgt                        
00004081  __aeabi_dcmple                        
0000406d  __aeabi_dcmplt                        
000029d5  __aeabi_ddiv                          
000030c9  __aeabi_dmul                          
00002061  __aeabi_dsub                          
20200738  __aeabi_errno                         
0000513d  __aeabi_errno_addr                    
000048d1  __aeabi_f2d                           
00003443  __aeabi_fadd                          
000040bd  __aeabi_fcmpeq                        
000040f9  __aeabi_fcmpge                        
0000410d  __aeabi_fcmpgt                        
000040e5  __aeabi_fcmple                        
000040d1  __aeabi_fcmplt                        
0000392d  __aeabi_fmul                          
00003439  __aeabi_fsub                          
00004c59  __aeabi_i2d                           
00004991  __aeabi_i2f                           
000044b9  __aeabi_idiv                          
000028b3  __aeabi_idiv0                         
000044b9  __aeabi_idivmod                       
00002ce7  __aeabi_ldiv0                         
00004de5  __aeabi_llsl                          
00004d55  __aeabi_lmul                          
000050c1  __aeabi_memclr                        
000050c1  __aeabi_memclr4                       
000050c1  __aeabi_memclr8                       
00005145  __aeabi_memcpy                        
00005145  __aeabi_memcpy4                       
00005145  __aeabi_memcpy8                       
00004fe1  __aeabi_memset                        
00004fe1  __aeabi_memset4                       
00004fe1  __aeabi_memset8                       
00004891  __aeabi_uidiv                         
00004891  __aeabi_uidivmod                      
00004f21  __aeabi_uldivmod                      
00004de5  __ashldi3                             
ffffffff  __binit__                             
00003f25  __cmpdf2                              
00004a81  __cmpsf2                              
000029d5  __divdf3                              
00003f25  __eqdf2                               
00004a81  __eqsf2                               
000048d1  __extendsfdf2                         
00004659  __fixdfsi                             
00004c59  __floatsidf                           
00004991  __floatsisf                           
00003b3d  __gedf2                               
000049cd  __gesf2                               
00003b3d  __gtdf2                               
000049cd  __gtsf2                               
00003f25  __ledf2                               
00004a81  __lesf2                               
00003f25  __ltdf2                               
00004a81  __ltsf2                               
UNDEFED   __mpu_init                            
000030c9  __muldf3                              
00004d55  __muldi3                              
00004abd  __muldsi3                             
0000392d  __mulsf3                              
00003f25  __nedf2                               
00004a81  __nesf2                               
20207e00  __stack                               
20200000  __start___llvm_prf_bits               
20200000  __start___llvm_prf_cnts               
20200000  __stop___llvm_prf_bits                
20200000  __stop___llvm_prf_cnts                
00002061  __subdf3                              
00003439  __subsf3                              
00003bb1  __truncdfsf2                          
0000374d  __udivmoddi4                          
00004d05  _c_int00_noargs                       
UNDEFED   _system_post_cinit                    
0000516f  _system_pre_init                      
00005161  abort                                 
00004911  atoi                                  
2020071b  base_speed                            
ffffffff  binit                                 
000042a1  calculate_motor_speed                 
20200704  directory                             
20200754  directory_flag                        
2020070c  directory_num                         
000042fd  frexp                                 
000042fd  frexpl                                
20200400  gPWMBBackup                           
202004a0  gPWMDBackup                           
00004951  get_encoder_count                     
20200590  id                                    
00000000  interruptVectors                      
2020073c  kd                                    
20200740  ki                                    
20200744  kp                                    
00003361  ldexp                                 
00003361  ldexpl                                
00003289  main                                  
00004dc1  memccpy                               
00003891  memcpy                                
0000411f  memset                                
00004b31  mspm0_delay_ms                        
20200748  nextway                               
20200755  number_of_turns                       
2020074c  pid_rate                              
2020059c  recv0_buff                            
20200756  recv0_flag                            
20200752  recv0_length                          
00003361  scalbn                                
00003361  scalbnl                               
00004af9  sprintf                               
20200594  start_time                            
20200757  stop_flag                             
20200598  tick_ms                               
000047c5  u8g2Init                              
00004ef5  u8g2_ClearBuffer                      
00004c29  u8g2_ClearDisplay                     
00002fdd  u8g2_DrawBox                          
00002ee5  u8g2_DrawHVLine                       
00004fa1  u8g2_DrawUTF8                         
00004c85  u8g2_FirstPage                        
00004241  u8g2_IsIntersection                   
000046a3  u8g2_NextPage                         
00004e91  u8g2_SetBufferCurrTileRow             
000050cd  u8g2_SetDrawColor                     
00003511  u8g2_SetFont                          
00005155  u8g2_SetFontDirection                 
0000515b  u8g2_SetFontMode                      
000050d9  u8g2_SetFontPosBaseline               
00004181  u8g2_SetupBuffer                      
00004a09  u8g2_Setup_ssd1306_i2c_128x64_noname_f
00004d79  u8g2_add_vector_x                     
00004d9d  u8g2_add_vector_y                     
00005a78  u8g2_cb_r0                            
00004f0b  u8g2_draw_hv_line_2dir                
00004fb1  u8g2_draw_l90_r0                      
00005173  u8g2_font_calc_vref_font              
00000fc5  u8g2_font_decode_glyph                
00002791  u8g2_font_decode_len                  
00002be5  u8g2_font_get_glyph_data              
00005180  u8g2_font_unifont_st16                
0000175d  u8g2_ll_hvline_vertical_top_lsb       
000050e5  u8g2_m_16_8_f                         
00004b65  u8g2_update_dimension_r0              
000041e1  u8g2_update_page_win_r0               
00004e03  u8x8_DrawTile                         
00005019  u8x8_InitDisplay                      
00005027  u8x8_RefreshDisplay                   
00005035  u8x8_SetPowerSave                     
00004cdd  u8x8_Setup                            
00005043  u8x8_SetupMemory                      
00005051  u8x8_byte_EndTransfer                 
00004f5b  u8x8_byte_SendByte                    
0000505f  u8x8_byte_SendBytes                   
0000506d  u8x8_byte_StartTransfer               
000021f5  u8x8_byte_sw_i2c                      
0000507b  u8x8_cad_EndTransfer                  
00005089  u8x8_cad_SendArg                      
00005097  u8x8_cad_SendCmd                      
000050a5  u8x8_cad_SendData                     
00003de5  u8x8_cad_SendSequence                 
000050b3  u8x8_cad_StartTransfer                
000024ed  u8x8_cad_ssd13xx_fast_i2c             
00003e51  u8x8_d_helper_display_init            
00005129  u8x8_d_helper_display_setup_memory    
0000460d  u8x8_d_ssd1306_128x64_noname          
000037f1  u8x8_gpio_and_delay                   
00005133  u8x8_gpio_call                        
0000514d  u8x8_utf8_init                        
00003a41  u8x8_utf8_next                        
00004fc1  wcslen                                
20200759  xspeed                                


GLOBAL SYMBOLS: SORTED BY Symbol Address 

address   name                                  
-------   ----                                  
00000000  __TI_ATRegion0_region_sz              
00000000  __TI_ATRegion0_src_addr               
00000000  __TI_ATRegion0_trg_addr               
00000000  __TI_ATRegion1_region_sz              
00000000  __TI_ATRegion1_src_addr               
00000000  __TI_ATRegion1_trg_addr               
00000000  __TI_ATRegion2_region_sz              
00000000  __TI_ATRegion2_src_addr               
00000000  __TI_ATRegion2_trg_addr               
00000000  __TI_static_base__                    
00000000  interruptVectors                      
000000c1  __TI_printfi                          
00000200  __STACK_SIZE                          
00000a91  HOME_directory                        
00000fc5  u8g2_font_decode_glyph                
00001295  SYSCFG_DL_SYSCTL_SYSPLL_init          
0000175d  u8g2_ll_hvline_vertical_top_lsb       
00001d11  GROUP1_IRQHandler                     
00001ebd  SYSCFG_DL_GPIO_init                   
00002061  __aeabi_dsub                          
00002061  __subdf3                              
0000206b  __adddf3                              
0000206b  __aeabi_dadd                          
000021f3  ADC0_IRQHandler                       
000021f3  ADC1_IRQHandler                       
000021f3  AES_IRQHandler                        
000021f3  CANFD0_IRQHandler                     
000021f3  DAC0_IRQHandler                       
000021f3  DMA_IRQHandler                        
000021f3  Default_Handler                       
000021f3  GROUP0_IRQHandler                     
000021f3  HardFault_Handler                     
000021f3  I2C0_IRQHandler                       
000021f3  I2C1_IRQHandler                       
000021f3  NMI_Handler                           
000021f3  PendSV_Handler                        
000021f3  RTC_IRQHandler                        
000021f3  SPI0_IRQHandler                       
000021f3  SPI1_IRQHandler                       
000021f3  SVC_Handler                           
000021f3  TIMA0_IRQHandler                      
000021f3  TIMA1_IRQHandler                      
000021f3  TIMG12_IRQHandler                     
000021f3  TIMG6_IRQHandler                      
000021f3  TIMG7_IRQHandler                      
000021f3  TIMG8_IRQHandler                      
000021f3  UART1_IRQHandler                      
000021f3  UART2_IRQHandler                      
000021f3  UART3_IRQHandler                      
000021f5  u8x8_byte_sw_i2c                      
000024ed  u8x8_cad_ssd13xx_fast_i2c             
00002791  u8g2_font_decode_len                  
000028b3  __aeabi_idiv0                         
000029d5  __aeabi_ddiv                          
000029d5  __divdf3                              
00002ae1  DL_Timer_initFourCCPWMMode            
00002be5  u8g2_font_get_glyph_data              
00002ce7  __aeabi_ldiv0                         
00002de9  DL_Timer_initTimerMode                
00002ee5  u8g2_DrawHVLine                       
00002fdd  u8g2_DrawBox                          
000030c9  __aeabi_dmul                          
000030c9  __muldf3                              
000031ad  DL_SYSCTL_configSYSPLL                
00003289  main                                  
00003361  ldexp                                 
00003361  ldexpl                                
00003361  scalbn                                
00003361  scalbnl                               
00003439  __aeabi_fsub                          
00003439  __subsf3                              
00003443  __addsf3                              
00003443  __aeabi_fadd                          
00003511  u8g2_SetFont                          
000035d5  PID_CONTROL                           
00003695  SYSCFG_DL_SYSCTL_init                 
0000374d  __udivmoddi4                          
000037f1  u8x8_gpio_and_delay                   
00003891  memcpy                                
0000392d  __aeabi_fmul                          
0000392d  __mulsf3                              
000039b9  SYSCFG_DL_initPower                   
00003a41  u8x8_utf8_next                        
00003ac1  __TI_decompress_lzss                  
00003b3d  __gedf2                               
00003b3d  __gtdf2                               
00003bb1  __aeabi_d2f                           
00003bb1  __truncdfsf2                          
00003c25  SYSCFG_DL_PWMB_init                   
00003c95  SYSCFG_DL_PWMC_init                   
00003d05  SYSCFG_DL_PWMD_init                   
00003d75  SYSCFG_DL_UART_0_init                 
00003de5  u8x8_cad_SendSequence                 
00003e51  u8x8_d_helper_display_init            
00003ebd  SYSCFG_DL_PWMA_init                   
00003f25  __cmpdf2                              
00003f25  __eqdf2                               
00003f25  __ledf2                               
00003f25  __ltdf2                               
00003f25  __nedf2                               
00003ff5  TIMG0_IRQHandler                      
00004059  __aeabi_dcmpeq                        
0000406d  __aeabi_dcmplt                        
00004081  __aeabi_dcmple                        
00004095  __aeabi_dcmpge                        
000040a9  __aeabi_dcmpgt                        
000040bd  __aeabi_fcmpeq                        
000040d1  __aeabi_fcmplt                        
000040e5  __aeabi_fcmple                        
000040f9  __aeabi_fcmpge                        
0000410d  __aeabi_fcmpgt                        
0000411f  memset                                
00004181  u8g2_SetupBuffer                      
000041e1  u8g2_update_page_win_r0               
00004241  u8g2_IsIntersection                   
000042a1  calculate_motor_speed                 
000042fd  frexp                                 
000042fd  frexpl                                
00004359  SysTick_Init                          
000043b1  UART0_IRQHandler                      
00004409  __TI_ltoa                             
000044b9  __aeabi_idiv                          
000044b9  __aeabi_idivmod                       
00004511  SYSCFG_DL_I2C_BUS_init                
0000460d  u8x8_d_ssd1306_128x64_noname          
00004659  __aeabi_d2iz                          
00004659  __fixdfsi                             
000046a3  u8g2_NextPage                         
000046ed  DL_UART_init                          
00004735  SYSCFG_DL_TIMER_TICK_init             
0000477d  SYSCFG_DL_init                        
000047c5  u8g2Init                              
0000480d  DL_SYSCTL_switchMCLKfromSYSOSCtoHSCLK 
00004851  OLED_SHOW                             
00004891  __aeabi_uidiv                         
00004891  __aeabi_uidivmod                      
000048d1  __aeabi_f2d                           
000048d1  __extendsfdf2                         
00004911  atoi                                  
00004951  get_encoder_count                     
00004991  __aeabi_i2f                           
00004991  __floatsisf                           
000049cd  __gesf2                               
000049cd  __gtsf2                               
00004a09  u8g2_Setup_ssd1306_i2c_128x64_noname_f
00004a45  __TI_auto_init_nobinit_nopinit        
00004a81  __cmpsf2                              
00004a81  __eqsf2                               
00004a81  __lesf2                               
00004a81  __ltsf2                               
00004a81  __nesf2                               
00004abd  __muldsi3                             
00004af9  sprintf                               
00004b31  mspm0_delay_ms                        
00004b65  u8g2_update_dimension_r0              
00004b99  SYSCFG_DL_I2C1_init                   
00004bc9  USART_SendString                      
00004c29  u8g2_ClearDisplay                     
00004c59  __aeabi_i2d                           
00004c59  __floatsidf                           
00004c85  u8g2_FirstPage                        
00004cdd  u8x8_Setup                            
00004d05  _c_int00_noargs                       
00004d2d  DL_I2C_setClockConfig                 
00004d55  __aeabi_lmul                          
00004d55  __muldi3                              
00004d79  u8g2_add_vector_x                     
00004d9d  u8g2_add_vector_y                     
00004dc1  memccpy                               
00004de5  __aeabi_llsl                          
00004de5  __ashldi3                             
00004e03  u8x8_DrawTile                         
00004e21  DL_SYSCTL_configFCC                   
00004e3d  DL_Timer_setCaptCompUpdateMethod      
00004e59  DL_Timer_setClockConfig               
00004e75  SYSCFG_DL_SYSTICK_init                
00004e91  u8g2_SetBufferCurrTileRow             
00004ead  DL_Timer_setCaptureCompareOutCtl      
00004ec5  USART_Init                            
00004ef5  u8g2_ClearBuffer                      
00004f0b  u8g2_draw_hv_line_2dir                
00004f21  __aeabi_uldivmod                      
00004f49  DL_UART_setClockConfig                
00004f5b  u8x8_byte_SendByte                    
00004f6d  __TI_decompress_none                  
00004f81  DL_Timer_setCaptureCompareValue       
00004f91  SysTick_Handler                       
00004fa1  u8g2_DrawUTF8                         
00004fb1  u8g2_draw_l90_r0                      
00004fc1  wcslen                                
00004fd1  __TI_zero_init                        
00004fe1  __aeabi_memset                        
00004fe1  __aeabi_memset4                       
00004fe1  __aeabi_memset8                       
00005019  u8x8_InitDisplay                      
00005027  u8x8_RefreshDisplay                   
00005035  u8x8_SetPowerSave                     
00005043  u8x8_SetupMemory                      
00005051  u8x8_byte_EndTransfer                 
0000505f  u8x8_byte_SendBytes                   
0000506d  u8x8_byte_StartTransfer               
0000507b  u8x8_cad_EndTransfer                  
00005089  u8x8_cad_SendArg                      
00005097  u8x8_cad_SendCmd                      
000050a5  u8x8_cad_SendData                     
000050b3  u8x8_cad_StartTransfer                
000050c1  __aeabi_memclr                        
000050c1  __aeabi_memclr4                       
000050c1  __aeabi_memclr8                       
000050cd  u8g2_SetDrawColor                     
000050d9  u8g2_SetFontPosBaseline               
000050e5  u8g2_m_16_8_f                         
000050f1  DL_Common_delayCycles                 
00005129  u8x8_d_helper_display_setup_memory    
00005133  u8x8_gpio_call                        
0000513d  __aeabi_errno_addr                    
00005145  __aeabi_memcpy                        
00005145  __aeabi_memcpy4                       
00005145  __aeabi_memcpy8                       
0000514d  u8x8_utf8_init                        
00005155  u8g2_SetFontDirection                 
0000515b  u8g2_SetFontMode                      
00005161  abort                                 
00005166  C$$EXIT                               
00005167  HOSTexit                              
0000516b  Reset_Handler                         
0000516f  _system_pre_init                      
00005173  u8g2_font_calc_vref_font              
00005180  u8g2_font_unifont_st16                
00005820  __aeabi_ctype_table_                  
00005820  __aeabi_ctype_table_C                 
00005a78  u8g2_cb_r0                            
00005cdc  __TI_Handler_Table_Base               
00005ce8  __TI_Handler_Table_Limit              
00005cf0  __TI_CINIT_Base                       
00005d00  __TI_CINIT_Limit                      
00005d00  __TI_CINIT_Warm                       
20200000  __start___llvm_prf_bits               
20200000  __start___llvm_prf_cnts               
20200000  __stop___llvm_prf_bits                
20200000  __stop___llvm_prf_cnts                
20200400  gPWMBBackup                           
202004a0  gPWMDBackup                           
20200590  id                                    
20200594  start_time                            
20200598  tick_ms                               
2020059c  recv0_buff                            
20200704  directory                             
2020070c  directory_num                         
2020071b  base_speed                            
20200730  MAX                                   
20200734  MIN                                   
20200738  __aeabi_errno                         
2020073c  kd                                    
20200740  ki                                    
20200744  kp                                    
20200748  nextway                               
2020074c  pid_rate                              
20200752  recv0_length                          
20200754  directory_flag                        
20200755  number_of_turns                       
20200756  recv0_flag                            
20200757  stop_flag                             
20200759  xspeed                                
20207e00  __stack                               
20208000  __STACK_END                           
ffffffff  __TI_pprof_out_hndl                   
ffffffff  __TI_prof_data_size                   
ffffffff  __TI_prof_data_start                  
ffffffff  __binit__                             
ffffffff  binit                                 
UNDEFED   __mpu_init                            
UNDEFED   _system_post_cinit                    

[273 symbols]
