<?xml version="1.0" encoding="ISO-8859-1" ?>
<link_info>
   <banner>TI ARM Clang Linker PC v4.0.4.LTS</banner>
   <copyright>Copyright (c) 1996-2018 Texas Instruments Incorporated</copyright>
   <command_line>G:\MSPM0 3507\CCS\ccs\tools\compiler\ti-cgt-armllvm_4.0.4.LTS\bin\tiarmlnk -IG:\MSPM0 3507\CCS\ccs\tools\compiler\ti-cgt-armllvm_4.0.4.LTS\lib -o Autocar.out -mAutocar.map -iG:/MSPM0 3507/CCS/mspm0_sdk_2_10_00_04/source -iG:/dong_car_code/Autocar/APPLICATION -iG:/dong_car_code/Autocar/OLED/csrc -iG:/dong_car_code/Autocar/OLED -iG:/dong_car_code/Autocar -iG:/dong_car_code/Autocar/Debug/syscfg -iG:/MSPM0 3507/CCS/ccs/tools/compiler/ti-cgt-armllvm_4.0.4.LTS/lib --diag_wrap=off --display_error_number --warn_sections --xml_link_info=Autocar_linkInfo.xml --rom_model ./empty.o ./ti_msp_dl_config.o ./startup_mspm0g350x_ticlang.o ./APPLICATION/grayscale_sensor.o ./APPLICATION/key.o ./APPLICATION/line_follower.o ./APPLICATION/velocity_pid.o ./APPLICATION/velocity_pid_adapter.o ./APPLICATION/velocity_pid_usage_example.o ./BSP/clock.o ./BSP/electrical_machinery.o ./BSP/hc05.o ./BSP/interrupt.o ./BSP/motor_test.o ./BSP/mspm0_motor_i2c.o ./BSP/usart.o ./OLED/csrc/chinesetxt.o ./OLED/csrc/mui.o ./OLED/csrc/mui_u8g2.o ./OLED/csrc/u8g2_arc.o ./OLED/csrc/u8g2_bitmap.o ./OLED/csrc/u8g2_box.o ./OLED/csrc/u8g2_buffer.o ./OLED/csrc/u8g2_button.o ./OLED/csrc/u8g2_circle.o ./OLED/csrc/u8g2_cleardisplay.o ./OLED/csrc/u8g2_d_memory.o ./OLED/csrc/u8g2_d_setup.o ./OLED/csrc/u8g2_font.o ./OLED/csrc/u8g2_fonts.o ./OLED/csrc/u8g2_hvline.o ./OLED/csrc/u8g2_input_value.o ./OLED/csrc/u8g2_intersection.o ./OLED/csrc/u8g2_kerning.o ./OLED/csrc/u8g2_line.o ./OLED/csrc/u8g2_ll_hvline.o ./OLED/csrc/u8g2_message.o ./OLED/csrc/u8g2_polygon.o ./OLED/csrc/u8g2_selection_list.o ./OLED/csrc/u8g2_setup.o ./OLED/csrc/u8log.o ./OLED/csrc/u8log_u8g2.o ./OLED/csrc/u8log_u8x8.o ./OLED/csrc/u8x8_8x8.o ./OLED/csrc/u8x8_byte.o ./OLED/csrc/u8x8_cad.o ./OLED/csrc/u8x8_capture.o ./OLED/csrc/u8x8_d_ssd1306_128x64_noname.o ./OLED/csrc/u8x8_debounce.o ./OLED/csrc/u8x8_display.o ./OLED/csrc/u8x8_fonts.o ./OLED/csrc/u8x8_gpio.o ./OLED/csrc/u8x8_input_value.o ./OLED/csrc/u8x8_message.o ./OLED/csrc/u8x8_selection_list.o ./OLED/csrc/u8x8_setup.o ./OLED/csrc/u8x8_string.o ./OLED/csrc/u8x8_u16toa.o ./OLED/csrc/u8x8_u8toa.o ./OLED/draw.o ./OLED/oled.o ./mpu6050/mpu6050.o ./mpu6050/mpu6050_service.o -l./device_linker.cmd -ldevice.cmd.genlibs -llibc.a --start-group -llibc++.a -llibc++abi.a -llibc.a -llibsys.a -llibsysbm.a -llibclang_rt.builtins.a -llibclang_rt.profile.a --end-group --cg_opt_level=2</command_line>
   <link_time>0x6a5cdd19</link_time>
   <link_errors>0x0</link_errors>
   <output_file>G:\dong_car_code\Autocar\Debug\Autocar.out</output_file>
   <entry_point>
      <name>_c_int00_noargs</name>
      <address>0x83d9</address>
   </entry_point>
   <input_file_list>
      <input_file id="fl-1">
         <path>G:\dong_car_code\Autocar\Debug\.\</path>
         <kind>object</kind>
         <file>empty.o</file>
         <name>empty.o</name>
      </input_file>
      <input_file id="fl-2">
         <path>G:\dong_car_code\Autocar\Debug\.\</path>
         <kind>object</kind>
         <file>ti_msp_dl_config.o</file>
         <name>ti_msp_dl_config.o</name>
      </input_file>
      <input_file id="fl-3">
         <path>G:\dong_car_code\Autocar\Debug\.\</path>
         <kind>object</kind>
         <file>startup_mspm0g350x_ticlang.o</file>
         <name>startup_mspm0g350x_ticlang.o</name>
      </input_file>
      <input_file id="fl-4">
         <path>G:\dong_car_code\Autocar\Debug\.\APPLICATION\</path>
         <kind>object</kind>
         <file>grayscale_sensor.o</file>
         <name>grayscale_sensor.o</name>
      </input_file>
      <input_file id="fl-5">
         <path>G:\dong_car_code\Autocar\Debug\.\APPLICATION\</path>
         <kind>object</kind>
         <file>key.o</file>
         <name>key.o</name>
      </input_file>
      <input_file id="fl-6">
         <path>G:\dong_car_code\Autocar\Debug\.\APPLICATION\</path>
         <kind>object</kind>
         <file>line_follower.o</file>
         <name>line_follower.o</name>
      </input_file>
      <input_file id="fl-7">
         <path>G:\dong_car_code\Autocar\Debug\.\APPLICATION\</path>
         <kind>object</kind>
         <file>velocity_pid.o</file>
         <name>velocity_pid.o</name>
      </input_file>
      <input_file id="fl-8">
         <path>G:\dong_car_code\Autocar\Debug\.\APPLICATION\</path>
         <kind>object</kind>
         <file>velocity_pid_adapter.o</file>
         <name>velocity_pid_adapter.o</name>
      </input_file>
      <input_file id="fl-9">
         <path>G:\dong_car_code\Autocar\Debug\.\APPLICATION\</path>
         <kind>object</kind>
         <file>velocity_pid_usage_example.o</file>
         <name>velocity_pid_usage_example.o</name>
      </input_file>
      <input_file id="fl-a">
         <path>G:\dong_car_code\Autocar\Debug\.\BSP\</path>
         <kind>object</kind>
         <file>clock.o</file>
         <name>clock.o</name>
      </input_file>
      <input_file id="fl-b">
         <path>G:\dong_car_code\Autocar\Debug\.\BSP\</path>
         <kind>object</kind>
         <file>electrical_machinery.o</file>
         <name>electrical_machinery.o</name>
      </input_file>
      <input_file id="fl-c">
         <path>G:\dong_car_code\Autocar\Debug\.\BSP\</path>
         <kind>object</kind>
         <file>hc05.o</file>
         <name>hc05.o</name>
      </input_file>
      <input_file id="fl-d">
         <path>G:\dong_car_code\Autocar\Debug\.\BSP\</path>
         <kind>object</kind>
         <file>interrupt.o</file>
         <name>interrupt.o</name>
      </input_file>
      <input_file id="fl-e">
         <path>G:\dong_car_code\Autocar\Debug\.\BSP\</path>
         <kind>object</kind>
         <file>motor_test.o</file>
         <name>motor_test.o</name>
      </input_file>
      <input_file id="fl-f">
         <path>G:\dong_car_code\Autocar\Debug\.\BSP\</path>
         <kind>object</kind>
         <file>mspm0_motor_i2c.o</file>
         <name>mspm0_motor_i2c.o</name>
      </input_file>
      <input_file id="fl-10">
         <path>G:\dong_car_code\Autocar\Debug\.\BSP\</path>
         <kind>object</kind>
         <file>usart.o</file>
         <name>usart.o</name>
      </input_file>
      <input_file id="fl-11">
         <path>G:\dong_car_code\Autocar\Debug\.\OLED\csrc\</path>
         <kind>object</kind>
         <file>chinesetxt.o</file>
         <name>chinesetxt.o</name>
      </input_file>
      <input_file id="fl-12">
         <path>G:\dong_car_code\Autocar\Debug\.\OLED\csrc\</path>
         <kind>object</kind>
         <file>mui.o</file>
         <name>mui.o</name>
      </input_file>
      <input_file id="fl-13">
         <path>G:\dong_car_code\Autocar\Debug\.\OLED\csrc\</path>
         <kind>object</kind>
         <file>mui_u8g2.o</file>
         <name>mui_u8g2.o</name>
      </input_file>
      <input_file id="fl-14">
         <path>G:\dong_car_code\Autocar\Debug\.\OLED\csrc\</path>
         <kind>object</kind>
         <file>u8g2_arc.o</file>
         <name>u8g2_arc.o</name>
      </input_file>
      <input_file id="fl-15">
         <path>G:\dong_car_code\Autocar\Debug\.\OLED\csrc\</path>
         <kind>object</kind>
         <file>u8g2_bitmap.o</file>
         <name>u8g2_bitmap.o</name>
      </input_file>
      <input_file id="fl-16">
         <path>G:\dong_car_code\Autocar\Debug\.\OLED\csrc\</path>
         <kind>object</kind>
         <file>u8g2_box.o</file>
         <name>u8g2_box.o</name>
      </input_file>
      <input_file id="fl-17">
         <path>G:\dong_car_code\Autocar\Debug\.\OLED\csrc\</path>
         <kind>object</kind>
         <file>u8g2_buffer.o</file>
         <name>u8g2_buffer.o</name>
      </input_file>
      <input_file id="fl-18">
         <path>G:\dong_car_code\Autocar\Debug\.\OLED\csrc\</path>
         <kind>object</kind>
         <file>u8g2_button.o</file>
         <name>u8g2_button.o</name>
      </input_file>
      <input_file id="fl-19">
         <path>G:\dong_car_code\Autocar\Debug\.\OLED\csrc\</path>
         <kind>object</kind>
         <file>u8g2_circle.o</file>
         <name>u8g2_circle.o</name>
      </input_file>
      <input_file id="fl-1a">
         <path>G:\dong_car_code\Autocar\Debug\.\OLED\csrc\</path>
         <kind>object</kind>
         <file>u8g2_cleardisplay.o</file>
         <name>u8g2_cleardisplay.o</name>
      </input_file>
      <input_file id="fl-1b">
         <path>G:\dong_car_code\Autocar\Debug\.\OLED\csrc\</path>
         <kind>object</kind>
         <file>u8g2_d_memory.o</file>
         <name>u8g2_d_memory.o</name>
      </input_file>
      <input_file id="fl-1c">
         <path>G:\dong_car_code\Autocar\Debug\.\OLED\csrc\</path>
         <kind>object</kind>
         <file>u8g2_d_setup.o</file>
         <name>u8g2_d_setup.o</name>
      </input_file>
      <input_file id="fl-1d">
         <path>G:\dong_car_code\Autocar\Debug\.\OLED\csrc\</path>
         <kind>object</kind>
         <file>u8g2_font.o</file>
         <name>u8g2_font.o</name>
      </input_file>
      <input_file id="fl-1e">
         <path>G:\dong_car_code\Autocar\Debug\.\OLED\csrc\</path>
         <kind>object</kind>
         <file>u8g2_fonts.o</file>
         <name>u8g2_fonts.o</name>
      </input_file>
      <input_file id="fl-1f">
         <path>G:\dong_car_code\Autocar\Debug\.\OLED\csrc\</path>
         <kind>object</kind>
         <file>u8g2_hvline.o</file>
         <name>u8g2_hvline.o</name>
      </input_file>
      <input_file id="fl-20">
         <path>G:\dong_car_code\Autocar\Debug\.\OLED\csrc\</path>
         <kind>object</kind>
         <file>u8g2_input_value.o</file>
         <name>u8g2_input_value.o</name>
      </input_file>
      <input_file id="fl-21">
         <path>G:\dong_car_code\Autocar\Debug\.\OLED\csrc\</path>
         <kind>object</kind>
         <file>u8g2_intersection.o</file>
         <name>u8g2_intersection.o</name>
      </input_file>
      <input_file id="fl-22">
         <path>G:\dong_car_code\Autocar\Debug\.\OLED\csrc\</path>
         <kind>object</kind>
         <file>u8g2_kerning.o</file>
         <name>u8g2_kerning.o</name>
      </input_file>
      <input_file id="fl-23">
         <path>G:\dong_car_code\Autocar\Debug\.\OLED\csrc\</path>
         <kind>object</kind>
         <file>u8g2_line.o</file>
         <name>u8g2_line.o</name>
      </input_file>
      <input_file id="fl-24">
         <path>G:\dong_car_code\Autocar\Debug\.\OLED\csrc\</path>
         <kind>object</kind>
         <file>u8g2_ll_hvline.o</file>
         <name>u8g2_ll_hvline.o</name>
      </input_file>
      <input_file id="fl-25">
         <path>G:\dong_car_code\Autocar\Debug\.\OLED\csrc\</path>
         <kind>object</kind>
         <file>u8g2_message.o</file>
         <name>u8g2_message.o</name>
      </input_file>
      <input_file id="fl-26">
         <path>G:\dong_car_code\Autocar\Debug\.\OLED\csrc\</path>
         <kind>object</kind>
         <file>u8g2_polygon.o</file>
         <name>u8g2_polygon.o</name>
      </input_file>
      <input_file id="fl-27">
         <path>G:\dong_car_code\Autocar\Debug\.\OLED\csrc\</path>
         <kind>object</kind>
         <file>u8g2_selection_list.o</file>
         <name>u8g2_selection_list.o</name>
      </input_file>
      <input_file id="fl-28">
         <path>G:\dong_car_code\Autocar\Debug\.\OLED\csrc\</path>
         <kind>object</kind>
         <file>u8g2_setup.o</file>
         <name>u8g2_setup.o</name>
      </input_file>
      <input_file id="fl-29">
         <path>G:\dong_car_code\Autocar\Debug\.\OLED\csrc\</path>
         <kind>object</kind>
         <file>u8log.o</file>
         <name>u8log.o</name>
      </input_file>
      <input_file id="fl-2a">
         <path>G:\dong_car_code\Autocar\Debug\.\OLED\csrc\</path>
         <kind>object</kind>
         <file>u8log_u8g2.o</file>
         <name>u8log_u8g2.o</name>
      </input_file>
      <input_file id="fl-2b">
         <path>G:\dong_car_code\Autocar\Debug\.\OLED\csrc\</path>
         <kind>object</kind>
         <file>u8log_u8x8.o</file>
         <name>u8log_u8x8.o</name>
      </input_file>
      <input_file id="fl-2c">
         <path>G:\dong_car_code\Autocar\Debug\.\OLED\csrc\</path>
         <kind>object</kind>
         <file>u8x8_8x8.o</file>
         <name>u8x8_8x8.o</name>
      </input_file>
      <input_file id="fl-2d">
         <path>G:\dong_car_code\Autocar\Debug\.\OLED\csrc\</path>
         <kind>object</kind>
         <file>u8x8_byte.o</file>
         <name>u8x8_byte.o</name>
      </input_file>
      <input_file id="fl-2e">
         <path>G:\dong_car_code\Autocar\Debug\.\OLED\csrc\</path>
         <kind>object</kind>
         <file>u8x8_cad.o</file>
         <name>u8x8_cad.o</name>
      </input_file>
      <input_file id="fl-2f">
         <path>G:\dong_car_code\Autocar\Debug\.\OLED\csrc\</path>
         <kind>object</kind>
         <file>u8x8_capture.o</file>
         <name>u8x8_capture.o</name>
      </input_file>
      <input_file id="fl-30">
         <path>G:\dong_car_code\Autocar\Debug\.\OLED\csrc\</path>
         <kind>object</kind>
         <file>u8x8_d_ssd1306_128x64_noname.o</file>
         <name>u8x8_d_ssd1306_128x64_noname.o</name>
      </input_file>
      <input_file id="fl-31">
         <path>G:\dong_car_code\Autocar\Debug\.\OLED\csrc\</path>
         <kind>object</kind>
         <file>u8x8_debounce.o</file>
         <name>u8x8_debounce.o</name>
      </input_file>
      <input_file id="fl-32">
         <path>G:\dong_car_code\Autocar\Debug\.\OLED\csrc\</path>
         <kind>object</kind>
         <file>u8x8_display.o</file>
         <name>u8x8_display.o</name>
      </input_file>
      <input_file id="fl-33">
         <path>G:\dong_car_code\Autocar\Debug\.\OLED\csrc\</path>
         <kind>object</kind>
         <file>u8x8_fonts.o</file>
         <name>u8x8_fonts.o</name>
      </input_file>
      <input_file id="fl-34">
         <path>G:\dong_car_code\Autocar\Debug\.\OLED\csrc\</path>
         <kind>object</kind>
         <file>u8x8_gpio.o</file>
         <name>u8x8_gpio.o</name>
      </input_file>
      <input_file id="fl-35">
         <path>G:\dong_car_code\Autocar\Debug\.\OLED\csrc\</path>
         <kind>object</kind>
         <file>u8x8_input_value.o</file>
         <name>u8x8_input_value.o</name>
      </input_file>
      <input_file id="fl-36">
         <path>G:\dong_car_code\Autocar\Debug\.\OLED\csrc\</path>
         <kind>object</kind>
         <file>u8x8_message.o</file>
         <name>u8x8_message.o</name>
      </input_file>
      <input_file id="fl-37">
         <path>G:\dong_car_code\Autocar\Debug\.\OLED\csrc\</path>
         <kind>object</kind>
         <file>u8x8_selection_list.o</file>
         <name>u8x8_selection_list.o</name>
      </input_file>
      <input_file id="fl-38">
         <path>G:\dong_car_code\Autocar\Debug\.\OLED\csrc\</path>
         <kind>object</kind>
         <file>u8x8_setup.o</file>
         <name>u8x8_setup.o</name>
      </input_file>
      <input_file id="fl-39">
         <path>G:\dong_car_code\Autocar\Debug\.\OLED\csrc\</path>
         <kind>object</kind>
         <file>u8x8_string.o</file>
         <name>u8x8_string.o</name>
      </input_file>
      <input_file id="fl-3a">
         <path>G:\dong_car_code\Autocar\Debug\.\OLED\csrc\</path>
         <kind>object</kind>
         <file>u8x8_u16toa.o</file>
         <name>u8x8_u16toa.o</name>
      </input_file>
      <input_file id="fl-3b">
         <path>G:\dong_car_code\Autocar\Debug\.\OLED\csrc\</path>
         <kind>object</kind>
         <file>u8x8_u8toa.o</file>
         <name>u8x8_u8toa.o</name>
      </input_file>
      <input_file id="fl-3c">
         <path>G:\dong_car_code\Autocar\Debug\.\OLED\</path>
         <kind>object</kind>
         <file>draw.o</file>
         <name>draw.o</name>
      </input_file>
      <input_file id="fl-3d">
         <path>G:\dong_car_code\Autocar\Debug\.\OLED\</path>
         <kind>object</kind>
         <file>oled.o</file>
         <name>oled.o</name>
      </input_file>
      <input_file id="fl-3e">
         <path>G:\dong_car_code\Autocar\Debug\.\mpu6050\</path>
         <kind>object</kind>
         <file>mpu6050.o</file>
         <name>mpu6050.o</name>
      </input_file>
      <input_file id="fl-3f">
         <path>G:\dong_car_code\Autocar\Debug\.\mpu6050\</path>
         <kind>object</kind>
         <file>mpu6050_service.o</file>
         <name>mpu6050_service.o</name>
      </input_file>
      <input_file id="fl-4c">
         <path>G:\dong_car_code\Autocar\Debug\</path>
         <kind>object</kind>
         <file>&lt;internal&gt;</file>
         <name>&lt;internal&gt;</name>
      </input_file>
      <input_file id="fl-4d">
         <path>G:\MSPM0 3507\CCS\mspm0_sdk_2_10_00_04\source\ti\driverlib\lib\ticlang\m0p\mspm0g1x0x_g3x0x\</path>
         <kind>archive</kind>
         <file>driverlib.a</file>
         <name>dl_common.o</name>
      </input_file>
      <input_file id="fl-4e">
         <path>G:\MSPM0 3507\CCS\mspm0_sdk_2_10_00_04\source\ti\driverlib\lib\ticlang\m0p\mspm0g1x0x_g3x0x\</path>
         <kind>archive</kind>
         <file>driverlib.a</file>
         <name>dl_i2c.o</name>
      </input_file>
      <input_file id="fl-4f">
         <path>G:\MSPM0 3507\CCS\mspm0_sdk_2_10_00_04\source\ti\driverlib\lib\ticlang\m0p\mspm0g1x0x_g3x0x\</path>
         <kind>archive</kind>
         <file>driverlib.a</file>
         <name>dl_timer.o</name>
      </input_file>
      <input_file id="fl-50">
         <path>G:\MSPM0 3507\CCS\mspm0_sdk_2_10_00_04\source\ti\driverlib\lib\ticlang\m0p\mspm0g1x0x_g3x0x\</path>
         <kind>archive</kind>
         <file>driverlib.a</file>
         <name>dl_uart.o</name>
      </input_file>
      <input_file id="fl-51">
         <path>G:\MSPM0 3507\CCS\mspm0_sdk_2_10_00_04\source\ti\driverlib\lib\ticlang\m0p\mspm0g1x0x_g3x0x\</path>
         <kind>archive</kind>
         <file>driverlib.a</file>
         <name>dl_sysctl_mspm0g1x0x_g3x0x.o</name>
      </input_file>
      <input_file id="fl-68">
         <path>G:\MSPM0 3507\CCS\ccs\tools\compiler\ti-cgt-armllvm_4.0.4.LTS\lib\armv6m-ti-none-eabi\c\</path>
         <kind>archive</kind>
         <file>libc.a</file>
         <name>ti_fmax.c.obj</name>
      </input_file>
      <input_file id="fl-69">
         <path>G:\MSPM0 3507\CCS\ccs\tools\compiler\ti-cgt-armllvm_4.0.4.LTS\lib\armv6m-ti-none-eabi\c\</path>
         <kind>archive</kind>
         <file>libc.a</file>
         <name>e_asinf.c.obj</name>
      </input_file>
      <input_file id="fl-6a">
         <path>G:\MSPM0 3507\CCS\ccs\tools\compiler\ti-cgt-armllvm_4.0.4.LTS\lib\armv6m-ti-none-eabi\c\</path>
         <kind>archive</kind>
         <file>libc.a</file>
         <name>e_atan2f.c.obj</name>
      </input_file>
      <input_file id="fl-6b">
         <path>G:\MSPM0 3507\CCS\ccs\tools\compiler\ti-cgt-armllvm_4.0.4.LTS\lib\armv6m-ti-none-eabi\c\</path>
         <kind>archive</kind>
         <file>libc.a</file>
         <name>e_sqrtf.c.obj</name>
      </input_file>
      <input_file id="fl-6c">
         <path>G:\MSPM0 3507\CCS\ccs\tools\compiler\ti-cgt-armllvm_4.0.4.LTS\lib\armv6m-ti-none-eabi\c\</path>
         <kind>archive</kind>
         <file>libc.a</file>
         <name>s_atanf.c.obj</name>
      </input_file>
      <input_file id="fl-6d">
         <path>G:\MSPM0 3507\CCS\ccs\tools\compiler\ti-cgt-armllvm_4.0.4.LTS\lib\armv6m-ti-none-eabi\c\</path>
         <kind>archive</kind>
         <file>libc.a</file>
         <name>s_cosf.c.obj</name>
      </input_file>
      <input_file id="fl-6e">
         <path>G:\MSPM0 3507\CCS\ccs\tools\compiler\ti-cgt-armllvm_4.0.4.LTS\lib\armv6m-ti-none-eabi\c\</path>
         <kind>archive</kind>
         <file>libc.a</file>
         <name>s_sinf.c.obj</name>
      </input_file>
      <input_file id="fl-6f">
         <path>G:\MSPM0 3507\CCS\ccs\tools\compiler\ti-cgt-armllvm_4.0.4.LTS\lib\armv6m-ti-none-eabi\c\</path>
         <kind>archive</kind>
         <file>libc.a</file>
         <name>sprintf.c.obj</name>
      </input_file>
      <input_file id="fl-70">
         <path>G:\MSPM0 3507\CCS\ccs\tools\compiler\ti-cgt-armllvm_4.0.4.LTS\lib\armv6m-ti-none-eabi\c\</path>
         <kind>archive</kind>
         <file>libc.a</file>
         <name>aeabi_portable.c.obj</name>
      </input_file>
      <input_file id="fl-71">
         <path>G:\MSPM0 3507\CCS\ccs\tools\compiler\ti-cgt-armllvm_4.0.4.LTS\lib\armv6m-ti-none-eabi\c\</path>
         <kind>archive</kind>
         <file>libc.a</file>
         <name>k_rem_pio2.c.obj</name>
      </input_file>
      <input_file id="fl-72">
         <path>G:\MSPM0 3507\CCS\ccs\tools\compiler\ti-cgt-armllvm_4.0.4.LTS\lib\armv6m-ti-none-eabi\c\</path>
         <kind>archive</kind>
         <file>libc.a</file>
         <name>assert.c.obj</name>
      </input_file>
      <input_file id="fl-73">
         <path>G:\MSPM0 3507\CCS\ccs\tools\compiler\ti-cgt-armllvm_4.0.4.LTS\lib\armv6m-ti-none-eabi\c\</path>
         <kind>archive</kind>
         <file>libc.a</file>
         <name>defs.c.obj</name>
      </input_file>
      <input_file id="fl-74">
         <path>G:\MSPM0 3507\CCS\ccs\tools\compiler\ti-cgt-armllvm_4.0.4.LTS\lib\armv6m-ti-none-eabi\c\</path>
         <kind>archive</kind>
         <file>libc.a</file>
         <name>memory.c.obj</name>
      </input_file>
      <input_file id="fl-75">
         <path>G:\MSPM0 3507\CCS\ccs\tools\compiler\ti-cgt-armllvm_4.0.4.LTS\lib\armv6m-ti-none-eabi\c\</path>
         <kind>archive</kind>
         <file>libc.a</file>
         <name>boot_cortex_m.c.obj</name>
      </input_file>
      <input_file id="fl-76">
         <path>G:\MSPM0 3507\CCS\ccs\tools\compiler\ti-cgt-armllvm_4.0.4.LTS\lib\armv6m-ti-none-eabi\c\</path>
         <kind>archive</kind>
         <file>libc.a</file>
         <name>mathacl_init.c.obj</name>
      </input_file>
      <input_file id="fl-77">
         <path>G:\MSPM0 3507\CCS\ccs\tools\compiler\ti-cgt-armllvm_4.0.4.LTS\lib\armv6m-ti-none-eabi\c\</path>
         <kind>archive</kind>
         <file>libc.a</file>
         <name>autoinit.c.obj</name>
      </input_file>
      <input_file id="fl-78">
         <path>G:\MSPM0 3507\CCS\ccs\tools\compiler\ti-cgt-armllvm_4.0.4.LTS\lib\armv6m-ti-none-eabi\c\</path>
         <kind>archive</kind>
         <file>libc.a</file>
         <name>pre_init.c.obj</name>
      </input_file>
      <input_file id="fl-79">
         <path>G:\MSPM0 3507\CCS\ccs\tools\compiler\ti-cgt-armllvm_4.0.4.LTS\lib\armv6m-ti-none-eabi\c\</path>
         <kind>archive</kind>
         <file>libc.a</file>
         <name>cpy_tbl.c.obj</name>
      </input_file>
      <input_file id="fl-7a">
         <path>G:\MSPM0 3507\CCS\ccs\tools\compiler\ti-cgt-armllvm_4.0.4.LTS\lib\armv6m-ti-none-eabi\c\</path>
         <kind>archive</kind>
         <file>libc.a</file>
         <name>copy_zero_init.c.obj</name>
      </input_file>
      <input_file id="fl-7b">
         <path>G:\MSPM0 3507\CCS\ccs\tools\compiler\ti-cgt-armllvm_4.0.4.LTS\lib\armv6m-ti-none-eabi\c\</path>
         <kind>archive</kind>
         <file>libc.a</file>
         <name>copy_decompress_none.c.obj</name>
      </input_file>
      <input_file id="fl-7c">
         <path>G:\MSPM0 3507\CCS\ccs\tools\compiler\ti-cgt-armllvm_4.0.4.LTS\lib\armv6m-ti-none-eabi\c\</path>
         <kind>archive</kind>
         <file>libc.a</file>
         <name>copy_decompress_lzss.c.obj</name>
      </input_file>
      <input_file id="fl-7d">
         <path>G:\MSPM0 3507\CCS\ccs\tools\compiler\ti-cgt-armllvm_4.0.4.LTS\lib\armv6m-ti-none-eabi\c\</path>
         <kind>archive</kind>
         <file>libc.a</file>
         <name>e_sqrt.c.obj</name>
      </input_file>
      <input_file id="fl-7e">
         <path>G:\MSPM0 3507\CCS\ccs\tools\compiler\ti-cgt-armllvm_4.0.4.LTS\lib\armv6m-ti-none-eabi\c\</path>
         <kind>archive</kind>
         <file>libc.a</file>
         <name>s_floor.c.obj</name>
      </input_file>
      <input_file id="fl-7f">
         <path>G:\MSPM0 3507\CCS\ccs\tools\compiler\ti-cgt-armllvm_4.0.4.LTS\lib\armv6m-ti-none-eabi\c\</path>
         <kind>archive</kind>
         <file>libc.a</file>
         <name>s_scalbn.c.obj</name>
      </input_file>
      <input_file id="fl-80">
         <path>G:\MSPM0 3507\CCS\ccs\tools\compiler\ti-cgt-armllvm_4.0.4.LTS\lib\armv6m-ti-none-eabi\c\</path>
         <kind>archive</kind>
         <file>libc.a</file>
         <name>_printfi.c.obj</name>
      </input_file>
      <input_file id="fl-81">
         <path>G:\MSPM0 3507\CCS\ccs\tools\compiler\ti-cgt-armllvm_4.0.4.LTS\lib\armv6m-ti-none-eabi\c\</path>
         <kind>archive</kind>
         <file>libc.a</file>
         <name>fflush.c.obj</name>
      </input_file>
      <input_file id="fl-82">
         <path>G:\MSPM0 3507\CCS\ccs\tools\compiler\ti-cgt-armllvm_4.0.4.LTS\lib\armv6m-ti-none-eabi\c\</path>
         <kind>archive</kind>
         <file>libc.a</file>
         <name>exit.c.obj</name>
      </input_file>
      <input_file id="fl-83">
         <path>G:\MSPM0 3507\CCS\ccs\tools\compiler\ti-cgt-armllvm_4.0.4.LTS\lib\armv6m-ti-none-eabi\c\</path>
         <kind>archive</kind>
         <file>libc.a</file>
         <name>_lock.c.obj</name>
      </input_file>
      <input_file id="fl-84">
         <path>G:\MSPM0 3507\CCS\ccs\tools\compiler\ti-cgt-armllvm_4.0.4.LTS\lib\armv6m-ti-none-eabi\c\</path>
         <kind>archive</kind>
         <file>libc.a</file>
         <name>_ltoa.c.obj</name>
      </input_file>
      <input_file id="fl-85">
         <path>G:\MSPM0 3507\CCS\ccs\tools\compiler\ti-cgt-armllvm_4.0.4.LTS\lib\armv6m-ti-none-eabi\c\</path>
         <kind>archive</kind>
         <file>libc.a</file>
         <name>args_main.c.obj</name>
      </input_file>
      <input_file id="fl-86">
         <path>G:\MSPM0 3507\CCS\ccs\tools\compiler\ti-cgt-armllvm_4.0.4.LTS\lib\armv6m-ti-none-eabi\c\</path>
         <kind>archive</kind>
         <file>libc.a</file>
         <name>atoi.c.obj</name>
      </input_file>
      <input_file id="fl-87">
         <path>G:\MSPM0 3507\CCS\ccs\tools\compiler\ti-cgt-armllvm_4.0.4.LTS\lib\armv6m-ti-none-eabi\c\</path>
         <kind>archive</kind>
         <file>libc.a</file>
         <name>memccpy.c.obj</name>
      </input_file>
      <input_file id="fl-88">
         <path>G:\MSPM0 3507\CCS\ccs\tools\compiler\ti-cgt-armllvm_4.0.4.LTS\lib\armv6m-ti-none-eabi\c\</path>
         <kind>archive</kind>
         <file>libc.a</file>
         <name>s_frexp.c.obj</name>
      </input_file>
      <input_file id="fl-89">
         <path>G:\MSPM0 3507\CCS\ccs\tools\compiler\ti-cgt-armllvm_4.0.4.LTS\lib\armv6m-ti-none-eabi\c\</path>
         <kind>archive</kind>
         <file>libc.a</file>
         <name>wcslen.c.obj</name>
      </input_file>
      <input_file id="fl-8a">
         <path>G:\MSPM0 3507\CCS\ccs\tools\compiler\ti-cgt-armllvm_4.0.4.LTS\lib\armv6m-ti-none-eabi\c\</path>
         <kind>archive</kind>
         <file>libc.a</file>
         <name>aeabi_ctype.S.obj</name>
      </input_file>
      <input_file id="fl-12a">
         <path>G:\MSPM0 3507\CCS\ccs\tools\compiler\ti-cgt-armllvm_4.0.4.LTS\lib\armv6m-ti-none-eabi\c\</path>
         <kind>archive</kind>
         <file>libsysbm.a</file>
         <name>hostexit.c.obj</name>
      </input_file>
      <input_file id="fl-12b">
         <path>G:\MSPM0 3507\CCS\ccs\tools\compiler\ti-cgt-armllvm_4.0.4.LTS\lib\armv6m-ti-none-eabi\c\</path>
         <kind>archive</kind>
         <file>libsysbm.a</file>
         <name>write.c.obj</name>
      </input_file>
      <input_file id="fl-12c">
         <path>G:\MSPM0 3507\CCS\ccs\tools\compiler\ti-cgt-armllvm_4.0.4.LTS\lib\armv6m-ti-none-eabi\c\</path>
         <kind>archive</kind>
         <file>libsysbm.a</file>
         <name>host_device.c.obj</name>
      </input_file>
      <input_file id="fl-12d">
         <path>G:\MSPM0 3507\CCS\ccs\tools\compiler\ti-cgt-armllvm_4.0.4.LTS\lib\armv6m-ti-none-eabi\c\</path>
         <kind>archive</kind>
         <file>libsysbm.a</file>
         <name>hostclose.c.obj</name>
      </input_file>
      <input_file id="fl-12e">
         <path>G:\MSPM0 3507\CCS\ccs\tools\compiler\ti-cgt-armllvm_4.0.4.LTS\lib\armv6m-ti-none-eabi\c\</path>
         <kind>archive</kind>
         <file>libsysbm.a</file>
         <name>hostlseek.c.obj</name>
      </input_file>
      <input_file id="fl-12f">
         <path>G:\MSPM0 3507\CCS\ccs\tools\compiler\ti-cgt-armllvm_4.0.4.LTS\lib\armv6m-ti-none-eabi\c\</path>
         <kind>archive</kind>
         <file>libsysbm.a</file>
         <name>hostopen.c.obj</name>
      </input_file>
      <input_file id="fl-130">
         <path>G:\MSPM0 3507\CCS\ccs\tools\compiler\ti-cgt-armllvm_4.0.4.LTS\lib\armv6m-ti-none-eabi\c\</path>
         <kind>archive</kind>
         <file>libsysbm.a</file>
         <name>hostread.c.obj</name>
      </input_file>
      <input_file id="fl-131">
         <path>G:\MSPM0 3507\CCS\ccs\tools\compiler\ti-cgt-armllvm_4.0.4.LTS\lib\armv6m-ti-none-eabi\c\</path>
         <kind>archive</kind>
         <file>libsysbm.a</file>
         <name>hostrename.c.obj</name>
      </input_file>
      <input_file id="fl-132">
         <path>G:\MSPM0 3507\CCS\ccs\tools\compiler\ti-cgt-armllvm_4.0.4.LTS\lib\armv6m-ti-none-eabi\c\</path>
         <kind>archive</kind>
         <file>libsysbm.a</file>
         <name>hostunlink.c.obj</name>
      </input_file>
      <input_file id="fl-133">
         <path>G:\MSPM0 3507\CCS\ccs\tools\compiler\ti-cgt-armllvm_4.0.4.LTS\lib\armv6m-ti-none-eabi\c\</path>
         <kind>archive</kind>
         <file>libsysbm.a</file>
         <name>hostwrite.c.obj</name>
      </input_file>
      <input_file id="fl-134">
         <path>G:\MSPM0 3507\CCS\ccs\tools\compiler\ti-cgt-armllvm_4.0.4.LTS\lib\armv6m-ti-none-eabi\c\</path>
         <kind>archive</kind>
         <file>libsysbm.a</file>
         <name>trgmsg.c.obj</name>
      </input_file>
      <input_file id="fl-135">
         <path>G:\MSPM0 3507\CCS\ccs\tools\compiler\ti-cgt-armllvm_4.0.4.LTS\lib\armv6m-ti-none-eabi\</path>
         <kind>archive</kind>
         <file>libclang_rt.builtins.a</file>
         <name>addsf3.S.obj</name>
      </input_file>
      <input_file id="fl-136">
         <path>G:\MSPM0 3507\CCS\ccs\tools\compiler\ti-cgt-armllvm_4.0.4.LTS\lib\armv6m-ti-none-eabi\</path>
         <kind>archive</kind>
         <file>libclang_rt.builtins.a</file>
         <name>adddf3.S.obj</name>
      </input_file>
      <input_file id="fl-137">
         <path>G:\MSPM0 3507\CCS\ccs\tools\compiler\ti-cgt-armllvm_4.0.4.LTS\lib\armv6m-ti-none-eabi\</path>
         <kind>archive</kind>
         <file>libclang_rt.builtins.a</file>
         <name>muldf3.S.obj</name>
      </input_file>
      <input_file id="fl-138">
         <path>G:\MSPM0 3507\CCS\ccs\tools\compiler\ti-cgt-armllvm_4.0.4.LTS\lib\armv6m-ti-none-eabi\</path>
         <kind>archive</kind>
         <file>libclang_rt.builtins.a</file>
         <name>muldsi3.S.obj</name>
      </input_file>
      <input_file id="fl-139">
         <path>G:\MSPM0 3507\CCS\ccs\tools\compiler\ti-cgt-armllvm_4.0.4.LTS\lib\armv6m-ti-none-eabi\</path>
         <kind>archive</kind>
         <file>libclang_rt.builtins.a</file>
         <name>mulsf3.S.obj</name>
      </input_file>
      <input_file id="fl-13a">
         <path>G:\MSPM0 3507\CCS\ccs\tools\compiler\ti-cgt-armllvm_4.0.4.LTS\lib\armv6m-ti-none-eabi\</path>
         <kind>archive</kind>
         <file>libclang_rt.builtins.a</file>
         <name>divsf3.S.obj</name>
      </input_file>
      <input_file id="fl-13b">
         <path>G:\MSPM0 3507\CCS\ccs\tools\compiler\ti-cgt-armllvm_4.0.4.LTS\lib\armv6m-ti-none-eabi\</path>
         <kind>archive</kind>
         <file>libclang_rt.builtins.a</file>
         <name>divdf3.S.obj</name>
      </input_file>
      <input_file id="fl-13c">
         <path>G:\MSPM0 3507\CCS\ccs\tools\compiler\ti-cgt-armllvm_4.0.4.LTS\lib\armv6m-ti-none-eabi\</path>
         <kind>archive</kind>
         <file>libclang_rt.builtins.a</file>
         <name>extendsfdf2.S.obj</name>
      </input_file>
      <input_file id="fl-13d">
         <path>G:\MSPM0 3507\CCS\ccs\tools\compiler\ti-cgt-armllvm_4.0.4.LTS\lib\armv6m-ti-none-eabi\</path>
         <kind>archive</kind>
         <file>libclang_rt.builtins.a</file>
         <name>fixdfsi.S.obj</name>
      </input_file>
      <input_file id="fl-13e">
         <path>G:\MSPM0 3507\CCS\ccs\tools\compiler\ti-cgt-armllvm_4.0.4.LTS\lib\armv6m-ti-none-eabi\</path>
         <kind>archive</kind>
         <file>libclang_rt.builtins.a</file>
         <name>fixsfsi.S.obj</name>
      </input_file>
      <input_file id="fl-13f">
         <path>G:\MSPM0 3507\CCS\ccs\tools\compiler\ti-cgt-armllvm_4.0.4.LTS\lib\armv6m-ti-none-eabi\</path>
         <kind>archive</kind>
         <file>libclang_rt.builtins.a</file>
         <name>floatsidf.S.obj</name>
      </input_file>
      <input_file id="fl-140">
         <path>G:\MSPM0 3507\CCS\ccs\tools\compiler\ti-cgt-armllvm_4.0.4.LTS\lib\armv6m-ti-none-eabi\</path>
         <kind>archive</kind>
         <file>libclang_rt.builtins.a</file>
         <name>floatsisf.S.obj</name>
      </input_file>
      <input_file id="fl-141">
         <path>G:\MSPM0 3507\CCS\ccs\tools\compiler\ti-cgt-armllvm_4.0.4.LTS\lib\armv6m-ti-none-eabi\</path>
         <kind>archive</kind>
         <file>libclang_rt.builtins.a</file>
         <name>floatunsisf.S.obj</name>
      </input_file>
      <input_file id="fl-142">
         <path>G:\MSPM0 3507\CCS\ccs\tools\compiler\ti-cgt-armllvm_4.0.4.LTS\lib\armv6m-ti-none-eabi\</path>
         <kind>archive</kind>
         <file>libclang_rt.builtins.a</file>
         <name>muldi3.S.obj</name>
      </input_file>
      <input_file id="fl-143">
         <path>G:\MSPM0 3507\CCS\ccs\tools\compiler\ti-cgt-armllvm_4.0.4.LTS\lib\armv6m-ti-none-eabi\</path>
         <kind>archive</kind>
         <file>libclang_rt.builtins.a</file>
         <name>truncdfsf2.S.obj</name>
      </input_file>
      <input_file id="fl-144">
         <path>G:\MSPM0 3507\CCS\ccs\tools\compiler\ti-cgt-armllvm_4.0.4.LTS\lib\armv6m-ti-none-eabi\</path>
         <kind>archive</kind>
         <file>libclang_rt.builtins.a</file>
         <name>aeabi_dcmp.S.obj</name>
      </input_file>
      <input_file id="fl-145">
         <path>G:\MSPM0 3507\CCS\ccs\tools\compiler\ti-cgt-armllvm_4.0.4.LTS\lib\armv6m-ti-none-eabi\</path>
         <kind>archive</kind>
         <file>libclang_rt.builtins.a</file>
         <name>aeabi_fcmp.S.obj</name>
      </input_file>
      <input_file id="fl-146">
         <path>G:\MSPM0 3507\CCS\ccs\tools\compiler\ti-cgt-armllvm_4.0.4.LTS\lib\armv6m-ti-none-eabi\</path>
         <kind>archive</kind>
         <file>libclang_rt.builtins.a</file>
         <name>aeabi_idivmod.S.obj</name>
      </input_file>
      <input_file id="fl-147">
         <path>G:\MSPM0 3507\CCS\ccs\tools\compiler\ti-cgt-armllvm_4.0.4.LTS\lib\armv6m-ti-none-eabi\</path>
         <kind>archive</kind>
         <file>libclang_rt.builtins.a</file>
         <name>aeabi_memcpy.S.obj</name>
      </input_file>
      <input_file id="fl-148">
         <path>G:\MSPM0 3507\CCS\ccs\tools\compiler\ti-cgt-armllvm_4.0.4.LTS\lib\armv6m-ti-none-eabi\</path>
         <kind>archive</kind>
         <file>libclang_rt.builtins.a</file>
         <name>aeabi_memset.S.obj</name>
      </input_file>
      <input_file id="fl-149">
         <path>G:\MSPM0 3507\CCS\ccs\tools\compiler\ti-cgt-armllvm_4.0.4.LTS\lib\armv6m-ti-none-eabi\</path>
         <kind>archive</kind>
         <file>libclang_rt.builtins.a</file>
         <name>aeabi_uidivmod.S.obj</name>
      </input_file>
      <input_file id="fl-14a">
         <path>G:\MSPM0 3507\CCS\ccs\tools\compiler\ti-cgt-armllvm_4.0.4.LTS\lib\armv6m-ti-none-eabi\</path>
         <kind>archive</kind>
         <file>libclang_rt.builtins.a</file>
         <name>aeabi_uldivmod.S.obj</name>
      </input_file>
      <input_file id="fl-14b">
         <path>G:\MSPM0 3507\CCS\ccs\tools\compiler\ti-cgt-armllvm_4.0.4.LTS\lib\armv6m-ti-none-eabi\</path>
         <kind>archive</kind>
         <file>libclang_rt.builtins.a</file>
         <name>comparesf2.S.obj</name>
      </input_file>
      <input_file id="fl-14c">
         <path>G:\MSPM0 3507\CCS\ccs\tools\compiler\ti-cgt-armllvm_4.0.4.LTS\lib\armv6m-ti-none-eabi\</path>
         <kind>archive</kind>
         <file>libclang_rt.builtins.a</file>
         <name>udivmoddi4.S.obj</name>
      </input_file>
      <input_file id="fl-14d">
         <path>G:\MSPM0 3507\CCS\ccs\tools\compiler\ti-cgt-armllvm_4.0.4.LTS\lib\armv6m-ti-none-eabi\</path>
         <kind>archive</kind>
         <file>libclang_rt.builtins.a</file>
         <name>ashldi3.S.obj</name>
      </input_file>
      <input_file id="fl-14e">
         <path>G:\MSPM0 3507\CCS\ccs\tools\compiler\ti-cgt-armllvm_4.0.4.LTS\lib\armv6m-ti-none-eabi\</path>
         <kind>archive</kind>
         <file>libclang_rt.builtins.a</file>
         <name>comparedf2.c.obj</name>
      </input_file>
      <input_file id="fl-14f">
         <path>G:\MSPM0 3507\CCS\ccs\tools\compiler\ti-cgt-armllvm_4.0.4.LTS\lib\armv6m-ti-none-eabi\</path>
         <kind>archive</kind>
         <file>libclang_rt.builtins.a</file>
         <name>aeabi_div0.c.obj</name>
      </input_file>
      <input_file id="fl-150">
         <path>G:\MSPM0 3507\CCS\ccs\tools\compiler\ti-cgt-armllvm_4.0.4.LTS\lib\armv6m-ti-none-eabi\c\</path>
         <kind>archive</kind>
         <file>libc.a</file>
         <name>memcpy16.S.obj</name>
      </input_file>
      <input_file id="fl-151">
         <path>G:\MSPM0 3507\CCS\ccs\tools\compiler\ti-cgt-armllvm_4.0.4.LTS\lib\armv6m-ti-none-eabi\c\</path>
         <kind>archive</kind>
         <file>libc.a</file>
         <name>memset16.S.obj</name>
      </input_file>
   </input_file_list>
   <object_component_list>
      <object_component id="oc-18">
         <name>.intvecs</name>
         <load_address>0x0</load_address>
         <readonly>true</readonly>
         <run_address>0x0</run_address>
         <size>0xc0</size>
         <alignment>0x4</alignment>
         <input_file_ref idref="fl-3"/>
      </object_component>
      <object_component id="oc-2d1">
         <name>.text:__TI_printfi</name>
         <load_address>0xc0</load_address>
         <readonly>true</readonly>
         <executable>true</executable>
         <run_address>0xc0</run_address>
         <size>0x9d0</size>
         <alignment>0x4</alignment>
         <input_file_ref idref="fl-80"/>
      </object_component>
      <object_component id="oc-63">
         <name>.text.mpu6050_update</name>
         <load_address>0xa90</load_address>
         <readonly>true</readonly>
         <executable>true</executable>
         <run_address>0xa90</run_address>
         <size>0x7a0</size>
         <alignment>0x4</alignment>
         <input_file_ref idref="fl-3e"/>
      </object_component>
      <object_component id="oc-1be">
         <name>.text.HOME_directory</name>
         <load_address>0x1230</load_address>
         <readonly>true</readonly>
         <executable>true</executable>
         <run_address>0x1230</run_address>
         <size>0x704</size>
         <alignment>0x4</alignment>
         <input_file_ref idref="fl-3c"/>
      </object_component>
      <object_component id="oc-36b">
         <name>.text.__kernel_rem_pio2</name>
         <load_address>0x1934</load_address>
         <readonly>true</readonly>
         <executable>true</executable>
         <run_address>0x1934</run_address>
         <size>0x644</size>
         <alignment>0x4</alignment>
         <input_file_ref idref="fl-71"/>
      </object_component>
      <object_component id="oc-1cb">
         <name>.text.MOTOR_CONTROL</name>
         <load_address>0x1f78</load_address>
         <readonly>true</readonly>
         <executable>true</executable>
         <run_address>0x1f78</run_address>
         <size>0x3d0</size>
         <alignment>0x4</alignment>
         <input_file_ref idref="fl-b"/>
      </object_component>
      <object_component id="oc-37c">
         <name>.text.u8g2_font_decode_glyph</name>
         <load_address>0x2348</load_address>
         <readonly>true</readonly>
         <executable>true</executable>
         <run_address>0x2348</run_address>
         <size>0x2d0</size>
         <alignment>0x4</alignment>
         <input_file_ref idref="fl-1d"/>
      </object_component>
      <object_component id="oc-214">
         <name>.text.SYSCFG_DL_SYSCTL_SYSPLL_init</name>
         <load_address>0x2618</load_address>
         <readonly>true</readonly>
         <executable>true</executable>
         <run_address>0x2618</run_address>
         <size>0x2a8</size>
         <alignment>0x4</alignment>
         <input_file_ref idref="fl-2"/>
      </object_component>
      <object_component id="oc-e8">
         <name>.text.mpu6050_service_init</name>
         <load_address>0x28c0</load_address>
         <readonly>true</readonly>
         <executable>true</executable>
         <run_address>0x28c0</run_address>
         <size>0x250</size>
         <alignment>0x4</alignment>
         <input_file_ref idref="fl-3f"/>
      </object_component>
      <object_component id="oc-8a">
         <name>.text.main</name>
         <load_address>0x2b10</load_address>
         <readonly>true</readonly>
         <executable>true</executable>
         <run_address>0x2b10</run_address>
         <size>0x244</size>
         <alignment>0x4</alignment>
         <input_file_ref idref="fl-1"/>
      </object_component>
      <object_component id="oc-1ce">
         <name>.text.line_folower</name>
         <load_address>0x2d54</load_address>
         <readonly>true</readonly>
         <executable>true</executable>
         <run_address>0x2d54</run_address>
         <size>0x228</size>
         <alignment>0x4</alignment>
         <input_file_ref idref="fl-6"/>
      </object_component>
      <object_component id="oc-139">
         <name>.text.i2c_read_once</name>
         <load_address>0x2f7c</load_address>
         <readonly>true</readonly>
         <executable>true</executable>
         <run_address>0x2f7c</run_address>
         <size>0x224</size>
         <alignment>0x4</alignment>
         <input_file_ref idref="fl-3e"/>
      </object_component>
      <object_component id="oc-349">
         <name>.text._pconv_a</name>
         <load_address>0x31a0</load_address>
         <readonly>true</readonly>
         <executable>true</executable>
         <run_address>0x31a0</run_address>
         <size>0x220</size>
         <alignment>0x4</alignment>
         <input_file_ref idref="fl-80"/>
      </object_component>
      <object_component id="oc-13a">
         <name>.text.i2c_bus_recover</name>
         <load_address>0x33c0</load_address>
         <readonly>true</readonly>
         <executable>true</executable>
         <run_address>0x33c0</run_address>
         <size>0x21c</size>
         <alignment>0x4</alignment>
         <input_file_ref idref="fl-3e"/>
      </object_component>
      <object_component id="oc-255">
         <name>.text.u8g2_ll_hvline_vertical_top_lsb</name>
         <load_address>0x35dc</load_address>
         <readonly>true</readonly>
         <executable>true</executable>
         <run_address>0x35dc</run_address>
         <size>0x214</size>
         <alignment>0x4</alignment>
         <input_file_ref idref="fl-24"/>
      </object_component>
      <object_component id="oc-34e">
         <name>.text._pconv_g</name>
         <load_address>0x37f0</load_address>
         <readonly>true</readonly>
         <executable>true</executable>
         <run_address>0x37f0</run_address>
         <size>0x1dc</size>
         <alignment>0x4</alignment>
         <input_file_ref idref="fl-80"/>
      </object_component>
      <object_component id="oc-30c">
         <name>.text.cosf</name>
         <load_address>0x39cc</load_address>
         <readonly>true</readonly>
         <executable>true</executable>
         <run_address>0x39cc</run_address>
         <size>0x1d4</size>
         <alignment>0x4</alignment>
         <input_file_ref idref="fl-6d"/>
      </object_component>
      <object_component id="oc-15a">
         <name>.text.atanf</name>
         <load_address>0x3ba0</load_address>
         <readonly>true</readonly>
         <executable>true</executable>
         <run_address>0x3ba0</run_address>
         <size>0x1c8</size>
         <alignment>0x4</alignment>
         <input_file_ref idref="fl-6c"/>
      </object_component>
      <object_component id="oc-312">
         <name>.text.sinf</name>
         <load_address>0x3d68</load_address>
         <readonly>true</readonly>
         <executable>true</executable>
         <run_address>0x3d68</run_address>
         <size>0x1c8</size>
         <alignment>0x4</alignment>
         <input_file_ref idref="fl-6e"/>
      </object_component>
      <object_component id="oc-26f">
         <name>.text.i2c_write_byte</name>
         <load_address>0x3f30</load_address>
         <readonly>true</readonly>
         <executable>true</executable>
         <run_address>0x3f30</run_address>
         <size>0x1c4</size>
         <alignment>0x2</alignment>
         <input_file_ref idref="fl-2d"/>
      </object_component>
      <object_component id="oc-275">
         <name>.text.calibrate_gyro</name>
         <load_address>0x40f4</load_address>
         <readonly>true</readonly>
         <executable>true</executable>
         <run_address>0x40f4</run_address>
         <size>0x1bc</size>
         <alignment>0x4</alignment>
         <input_file_ref idref="fl-3e"/>
      </object_component>
      <object_component id="oc-39">
         <name>.text.GROUP1_IRQHandler</name>
         <load_address>0x42b0</load_address>
         <readonly>true</readonly>
         <executable>true</executable>
         <run_address>0x42b0</run_address>
         <size>0x1ac</size>
         <alignment>0x4</alignment>
         <input_file_ref idref="fl-d"/>
      </object_component>
      <object_component id="oc-181">
         <name>.text.SYSCFG_DL_GPIO_init</name>
         <load_address>0x445c</load_address>
         <readonly>true</readonly>
         <executable>true</executable>
         <run_address>0x445c</run_address>
         <size>0x1a4</size>
         <alignment>0x4</alignment>
         <input_file_ref idref="fl-2"/>
      </object_component>
      <object_component id="oc-172">
         <name>.text.adddf3_subdf3</name>
         <load_address>0x4600</load_address>
         <readonly>true</readonly>
         <executable>true</executable>
         <run_address>0x4600</run_address>
         <size>0x192</size>
         <alignment>0x4</alignment>
         <input_file_ref idref="fl-136"/>
      </object_component>
      <object_component id="oc-33">
         <name>.text.Default_Handler</name>
         <load_address>0x4792</load_address>
         <readonly>true</readonly>
         <executable>true</executable>
         <run_address>0x4792</run_address>
         <size>0x2</size>
         <alignment>0x2</alignment>
         <input_file_ref idref="fl-3"/>
      </object_component>
      <object_component id="oc-1a9">
         <name>.text.u8x8_byte_sw_i2c</name>
         <load_address>0x4794</load_address>
         <readonly>true</readonly>
         <executable>true</executable>
         <run_address>0x4794</run_address>
         <size>0x17c</size>
         <alignment>0x4</alignment>
         <input_file_ref idref="fl-2d"/>
      </object_component>
      <object_component id="oc-2f1">
         <name>.text.u8x8_d_ssd1306_sh1106_generic</name>
         <load_address>0x4910</load_address>
         <readonly>true</readonly>
         <executable>true</executable>
         <run_address>0x4910</run_address>
         <size>0x17c</size>
         <alignment>0x4</alignment>
         <input_file_ref idref="fl-30"/>
      </object_component>
      <object_component id="oc-16e">
         <name>.text.sqrt</name>
         <load_address>0x4a8c</load_address>
         <readonly>true</readonly>
         <executable>true</executable>
         <run_address>0x4a8c</run_address>
         <size>0x170</size>
         <alignment>0x4</alignment>
         <input_file_ref idref="fl-7d"/>
      </object_component>
      <object_component id="oc-24f">
         <name>.text.u8x8_cad_ssd13xx_fast_i2c</name>
         <load_address>0x4bfc</load_address>
         <readonly>true</readonly>
         <executable>true</executable>
         <run_address>0x4bfc</run_address>
         <size>0x168</size>
         <alignment>0x4</alignment>
         <input_file_ref idref="fl-2e"/>
      </object_component>
      <object_component id="oc-c2">
         <name>.text.asinf</name>
         <load_address>0x4d64</load_address>
         <readonly>true</readonly>
         <executable>true</executable>
         <run_address>0x4d64</run_address>
         <size>0x160</size>
         <alignment>0x4</alignment>
         <input_file_ref idref="fl-69"/>
      </object_component>
      <object_component id="oc-3c4">
         <name>.text.floor</name>
         <load_address>0x4ec4</load_address>
         <readonly>true</readonly>
         <executable>true</executable>
         <run_address>0x4ec4</run_address>
         <size>0x144</size>
         <alignment>0x4</alignment>
         <input_file_ref idref="fl-7e"/>
      </object_component>
      <object_component id="oc-3b7">
         <name>.text.fcvt</name>
         <load_address>0x5008</load_address>
         <readonly>true</readonly>
         <executable>true</executable>
         <run_address>0x5008</run_address>
         <size>0x13c</size>
         <alignment>0x4</alignment>
         <input_file_ref idref="fl-80"/>
      </object_component>
      <object_component id="oc-1c2">
         <name>.text.Grayscale_Sensor_Read_All</name>
         <load_address>0x5144</load_address>
         <readonly>true</readonly>
         <executable>true</executable>
         <run_address>0x5144</run_address>
         <size>0x128</size>
         <alignment>0x4</alignment>
         <input_file_ref idref="fl-4"/>
      </object_component>
      <object_component id="oc-1b6">
         <name>.text.mpu6050_init</name>
         <load_address>0x526c</load_address>
         <readonly>true</readonly>
         <executable>true</executable>
         <run_address>0x526c</run_address>
         <size>0x128</size>
         <alignment>0x4</alignment>
         <input_file_ref idref="fl-3e"/>
      </object_component>
      <object_component id="oc-3d3">
         <name>.text.u8g2_font_decode_len</name>
         <load_address>0x5394</load_address>
         <readonly>true</readonly>
         <executable>true</executable>
         <run_address>0x5394</run_address>
         <size>0x122</size>
         <alignment>0x2</alignment>
         <input_file_ref idref="fl-1d"/>
      </object_component>
      <object_component id="oc-351">
         <name>.text.__aeabi_idiv0</name>
         <load_address>0x54b6</load_address>
         <readonly>true</readonly>
         <executable>true</executable>
         <run_address>0x54b6</run_address>
         <size>0x2</size>
         <alignment>0x2</alignment>
         <input_file_ref idref="fl-14f"/>
      </object_component>
      <object_component id="oc-350">
         <name>.text._pconv_e</name>
         <load_address>0x54b8</load_address>
         <readonly>true</readonly>
         <executable>true</executable>
         <run_address>0x54b8</run_address>
         <size>0x120</size>
         <alignment>0x4</alignment>
         <input_file_ref idref="fl-80"/>
      </object_component>
      <object_component id="oc-155">
         <name>.text.i2c_write_once</name>
         <load_address>0x55d8</load_address>
         <readonly>true</readonly>
         <executable>true</executable>
         <run_address>0x55d8</run_address>
         <size>0x11c</size>
         <alignment>0x4</alignment>
         <input_file_ref idref="fl-3e"/>
      </object_component>
      <object_component id="oc-b7">
         <name>.text.atan2f</name>
         <load_address>0x56f4</load_address>
         <readonly>true</readonly>
         <executable>true</executable>
         <run_address>0x56f4</run_address>
         <size>0x118</size>
         <alignment>0x4</alignment>
         <input_file_ref idref="fl-6a"/>
      </object_component>
      <object_component id="oc-af">
         <name>.text.configure_sensor</name>
         <load_address>0x580c</load_address>
         <readonly>true</readonly>
         <executable>true</executable>
         <run_address>0x580c</run_address>
         <size>0x114</size>
         <alignment>0x2</alignment>
         <input_file_ref idref="fl-3e"/>
      </object_component>
      <object_component id="oc-3b3">
         <name>.text.__divdf3</name>
         <load_address>0x5920</load_address>
         <readonly>true</readonly>
         <executable>true</executable>
         <run_address>0x5920</run_address>
         <size>0x10c</size>
         <alignment>0x4</alignment>
         <input_file_ref idref="fl-13b"/>
      </object_component>
      <object_component id="oc-21d">
         <name>.text.DL_Timer_initFourCCPWMMode</name>
         <load_address>0x5a2c</load_address>
         <readonly>true</readonly>
         <executable>true</executable>
         <run_address>0x5a2c</run_address>
         <size>0x104</size>
         <alignment>0x4</alignment>
         <input_file_ref idref="fl-4f"/>
      </object_component>
      <object_component id="oc-37b">
         <name>.text.u8g2_font_get_glyph_data</name>
         <load_address>0x5b30</load_address>
         <readonly>true</readonly>
         <executable>true</executable>
         <run_address>0x5b30</run_address>
         <size>0x102</size>
         <alignment>0x2</alignment>
         <input_file_ref idref="fl-1d"/>
      </object_component>
      <object_component id="oc-3f3">
         <name>.text.__aeabi_ldiv0</name>
         <load_address>0x5c32</load_address>
         <readonly>true</readonly>
         <executable>true</executable>
         <run_address>0x5c32</run_address>
         <size>0x2</size>
         <alignment>0x2</alignment>
         <input_file_ref idref="fl-14f"/>
      </object_component>
      <object_component id="oc-31b">
         <name>.text.u8g2_draw_string</name>
         <load_address>0x5c34</load_address>
         <readonly>true</readonly>
         <executable>true</executable>
         <run_address>0x5c34</run_address>
         <size>0x100</size>
         <alignment>0x4</alignment>
         <input_file_ref idref="fl-1d"/>
      </object_component>
      <object_component id="oc-229">
         <name>.text.DL_Timer_initTimerMode</name>
         <load_address>0x5d34</load_address>
         <readonly>true</readonly>
         <executable>true</executable>
         <run_address>0x5d34</run_address>
         <size>0xfc</size>
         <alignment>0x4</alignment>
         <input_file_ref idref="fl-4f"/>
      </object_component>
      <object_component id="oc-324">
         <name>.text.u8g2_DrawHVLine</name>
         <load_address>0x5e30</load_address>
         <readonly>true</readonly>
         <executable>true</executable>
         <run_address>0x5e30</run_address>
         <size>0xf8</size>
         <alignment>0x2</alignment>
         <input_file_ref idref="fl-1f"/>
      </object_component>
      <object_component id="oc-294">
         <name>.text.u8g2_DrawBox</name>
         <load_address>0x5f28</load_address>
         <readonly>true</readonly>
         <executable>true</executable>
         <run_address>0x5f28</run_address>
         <size>0xec</size>
         <alignment>0x4</alignment>
         <input_file_ref idref="fl-16"/>
      </object_component>
      <object_component id="oc-165">
         <name>.text.__muldf3</name>
         <load_address>0x6014</load_address>
         <readonly>true</readonly>
         <executable>true</executable>
         <run_address>0x6014</run_address>
         <size>0xe4</size>
         <alignment>0x4</alignment>
         <input_file_ref idref="fl-137"/>
      </object_component>
      <object_component id="oc-20e">
         <name>.text.DL_SYSCTL_configSYSPLL</name>
         <load_address>0x60f8</load_address>
         <readonly>true</readonly>
         <executable>true</executable>
         <run_address>0x60f8</run_address>
         <size>0xdc</size>
         <alignment>0x4</alignment>
         <input_file_ref idref="fl-51"/>
      </object_component>
      <object_component id="oc-39a">
         <name>.text.scalbn</name>
         <load_address>0x61d4</load_address>
         <readonly>true</readonly>
         <executable>true</executable>
         <run_address>0x61d4</run_address>
         <size>0xd8</size>
         <alignment>0x4</alignment>
         <input_file_ref idref="fl-7f"/>
      </object_component>
      <object_component id="oc-a7">
         <name>.text</name>
         <load_address>0x62ac</load_address>
         <readonly>true</readonly>
         <executable>true</executable>
         <run_address>0x62ac</run_address>
         <size>0xd8</size>
         <alignment>0x4</alignment>
         <input_file_ref idref="fl-135"/>
      </object_component>
      <object_component id="oc-9a">
         <name>.text.read_raw</name>
         <load_address>0x6384</load_address>
         <readonly>true</readonly>
         <executable>true</executable>
         <run_address>0x6384</run_address>
         <size>0xcc</size>
         <alignment>0x4</alignment>
         <input_file_ref idref="fl-3e"/>
      </object_component>
      <object_component id="oc-288">
         <name>.text.u8g2_SetFont</name>
         <load_address>0x6450</load_address>
         <readonly>true</readonly>
         <executable>true</executable>
         <run_address>0x6450</run_address>
         <size>0xc4</size>
         <alignment>0x2</alignment>
         <input_file_ref idref="fl-1d"/>
      </object_component>
      <object_component id="oc-278">
         <name>.text.PID_CONTROL</name>
         <load_address>0x6514</load_address>
         <readonly>true</readonly>
         <executable>true</executable>
         <run_address>0x6514</run_address>
         <size>0xc0</size>
         <alignment>0x4</alignment>
         <input_file_ref idref="fl-3c"/>
      </object_component>
      <object_component id="oc-182">
         <name>.text.SYSCFG_DL_SYSCTL_init</name>
         <load_address>0x65d4</load_address>
         <readonly>true</readonly>
         <executable>true</executable>
         <run_address>0x65d4</run_address>
         <size>0xb8</size>
         <alignment>0x4</alignment>
         <input_file_ref idref="fl-2"/>
      </object_component>
      <object_component id="oc-371">
         <name>.text.__kernel_sindf</name>
         <load_address>0x668c</load_address>
         <readonly>true</readonly>
         <executable>true</executable>
         <run_address>0x668c</run_address>
         <size>0xac</size>
         <alignment>0x4</alignment>
         <input_file_ref idref="fl-6d"/>
      </object_component>
      <object_component id="oc-377">
         <name>.text.__kernel_sindf</name>
         <load_address>0x6738</load_address>
         <readonly>true</readonly>
         <executable>true</executable>
         <run_address>0x6738</run_address>
         <size>0xac</size>
         <alignment>0x4</alignment>
         <input_file_ref idref="fl-6e"/>
      </object_component>
      <object_component id="oc-276">
         <name>.text.set_initial_attitude</name>
         <load_address>0x67e4</load_address>
         <readonly>true</readonly>
         <executable>true</executable>
         <run_address>0x67e4</run_address>
         <size>0xac</size>
         <alignment>0x4</alignment>
         <input_file_ref idref="fl-3e"/>
      </object_component>
      <object_component id="oc-391">
         <name>.text</name>
         <load_address>0x6890</load_address>
         <readonly>true</readonly>
         <executable>true</executable>
         <run_address>0x6890</run_address>
         <size>0xa2</size>
         <alignment>0x4</alignment>
         <input_file_ref idref="fl-14c"/>
      </object_component>
      <object_component id="oc-ab">
         <name>.text.sqrtf</name>
         <load_address>0x6934</load_address>
         <readonly>true</readonly>
         <executable>true</executable>
         <run_address>0x6934</run_address>
         <size>0xa0</size>
         <alignment>0x4</alignment>
         <input_file_ref idref="fl-6b"/>
      </object_component>
      <object_component id="oc-1af">
         <name>.text.u8x8_gpio_and_delay</name>
         <load_address>0x69d4</load_address>
         <readonly>true</readonly>
         <executable>true</executable>
         <run_address>0x69d4</run_address>
         <size>0xa0</size>
         <alignment>0x4</alignment>
         <input_file_ref idref="fl-3d"/>
      </object_component>
      <object_component id="oc-365">
         <name>.text.__kernel_cosdf</name>
         <load_address>0x6a74</load_address>
         <readonly>true</readonly>
         <executable>true</executable>
         <run_address>0x6a74</run_address>
         <size>0x9c</size>
         <alignment>0x4</alignment>
         <input_file_ref idref="fl-6d"/>
      </object_component>
      <object_component id="oc-376">
         <name>.text.__kernel_cosdf</name>
         <load_address>0x6b10</load_address>
         <readonly>true</readonly>
         <executable>true</executable>
         <run_address>0x6b10</run_address>
         <size>0x9c</size>
         <alignment>0x4</alignment>
         <input_file_ref idref="fl-6e"/>
      </object_component>
      <object_component id="oc-d4">
         <name>.text:memcpy</name>
         <load_address>0x6bac</load_address>
         <readonly>true</readonly>
         <executable>true</executable>
         <run_address>0x6bac</run_address>
         <size>0x9a</size>
         <alignment>0x1</alignment>
         <input_file_ref idref="fl-150"/>
      </object_component>
      <object_component id="oc-9f">
         <name>.text.__mulsf3</name>
         <load_address>0x6c48</load_address>
         <readonly>true</readonly>
         <executable>true</executable>
         <run_address>0x6c48</run_address>
         <size>0x8c</size>
         <alignment>0x4</alignment>
         <input_file_ref idref="fl-139"/>
      </object_component>
      <object_component id="oc-17f">
         <name>.text.SYSCFG_DL_initPower</name>
         <load_address>0x6cd4</load_address>
         <readonly>true</readonly>
         <executable>true</executable>
         <run_address>0x6cd4</run_address>
         <size>0x88</size>
         <alignment>0x4</alignment>
         <input_file_ref idref="fl-2"/>
      </object_component>
      <object_component id="oc-b3">
         <name>.text.__divsf3</name>
         <load_address>0x6d5c</load_address>
         <readonly>true</readonly>
         <executable>true</executable>
         <run_address>0x6d5c</run_address>
         <size>0x82</size>
         <alignment>0x4</alignment>
         <input_file_ref idref="fl-13a"/>
      </object_component>
      <object_component id="oc-f4">
         <name>.text.line_follower_update</name>
         <load_address>0x6de0</load_address>
         <readonly>true</readonly>
         <executable>true</executable>
         <run_address>0x6de0</run_address>
         <size>0x80</size>
         <alignment>0x4</alignment>
         <input_file_ref idref="fl-6"/>
      </object_component>
      <object_component id="oc-31c">
         <name>.text.u8x8_utf8_next</name>
         <load_address>0x6e60</load_address>
         <readonly>true</readonly>
         <executable>true</executable>
         <run_address>0x6e60</run_address>
         <size>0x80</size>
         <alignment>0x4</alignment>
         <input_file_ref idref="fl-2c"/>
      </object_component>
      <object_component id="oc-fe">
         <name>.text.CAR_CONTROL</name>
         <load_address>0x6ee0</load_address>
         <readonly>true</readonly>
         <executable>true</executable>
         <run_address>0x6ee0</run_address>
         <size>0x7c</size>
         <alignment>0x4</alignment>
         <input_file_ref idref="fl-6"/>
      </object_component>
      <object_component id="oc-1c">
         <name>.text:decompress:lzss</name>
         <load_address>0x6f5c</load_address>
         <readonly>true</readonly>
         <executable>true</executable>
         <run_address>0x6f5c</run_address>
         <size>0x7c</size>
         <alignment>0x4</alignment>
         <input_file_ref idref="fl-7c"/>
      </object_component>
      <object_component id="oc-3b1">
         <name>.text.__gedf2</name>
         <load_address>0x6fd8</load_address>
         <readonly>true</readonly>
         <executable>true</executable>
         <run_address>0x6fd8</run_address>
         <size>0x74</size>
         <alignment>0x4</alignment>
         <input_file_ref idref="fl-14e"/>
      </object_component>
      <object_component id="oc-1e2">
         <name>.text.HOSTexit</name>
         <load_address>0x704c</load_address>
         <readonly>true</readonly>
         <executable>true</executable>
         <run_address>0x704c</run_address>
         <size>0x4</size>
         <alignment>0x2</alignment>
         <input_file_ref idref="fl-12a"/>
      </object_component>
      <object_component id="oc-169">
         <name>.text.__truncdfsf2</name>
         <load_address>0x7050</load_address>
         <readonly>true</readonly>
         <executable>true</executable>
         <run_address>0x7050</run_address>
         <size>0x74</size>
         <alignment>0x10</alignment>
         <input_file_ref idref="fl-143"/>
      </object_component>
      <object_component id="oc-184">
         <name>.text.SYSCFG_DL_PWMB_init</name>
         <load_address>0x70c4</load_address>
         <readonly>true</readonly>
         <executable>true</executable>
         <run_address>0x70c4</run_address>
         <size>0x70</size>
         <alignment>0x4</alignment>
         <input_file_ref idref="fl-2"/>
      </object_component>
      <object_component id="oc-185">
         <name>.text.SYSCFG_DL_PWMC_init</name>
         <load_address>0x7134</load_address>
         <readonly>true</readonly>
         <executable>true</executable>
         <run_address>0x7134</run_address>
         <size>0x70</size>
         <alignment>0x4</alignment>
         <input_file_ref idref="fl-2"/>
      </object_component>
      <object_component id="oc-186">
         <name>.text.SYSCFG_DL_PWMD_init</name>
         <load_address>0x71a4</load_address>
         <readonly>true</readonly>
         <executable>true</executable>
         <run_address>0x71a4</run_address>
         <size>0x70</size>
         <alignment>0x4</alignment>
         <input_file_ref idref="fl-2"/>
      </object_component>
      <object_component id="oc-18a">
         <name>.text.SYSCFG_DL_UART_0_init</name>
         <load_address>0x7214</load_address>
         <readonly>true</readonly>
         <executable>true</executable>
         <run_address>0x7214</run_address>
         <size>0x70</size>
         <alignment>0x4</alignment>
         <input_file_ref idref="fl-2"/>
      </object_component>
      <object_component id="oc-2f3">
         <name>.text.u8x8_cad_SendSequence</name>
         <load_address>0x7284</load_address>
         <readonly>true</readonly>
         <executable>true</executable>
         <run_address>0x7284</run_address>
         <size>0x6c</size>
         <alignment>0x2</alignment>
         <input_file_ref idref="fl-2e"/>
      </object_component>
      <object_component id="oc-2f2">
         <name>.text.u8x8_d_helper_display_init</name>
         <load_address>0x72f0</load_address>
         <readonly>true</readonly>
         <executable>true</executable>
         <run_address>0x72f0</run_address>
         <size>0x6a</size>
         <alignment>0x2</alignment>
         <input_file_ref idref="fl-32"/>
      </object_component>
      <object_component id="oc-183">
         <name>.text.SYSCFG_DL_PWMA_init</name>
         <load_address>0x735c</load_address>
         <readonly>true</readonly>
         <executable>true</executable>
         <run_address>0x735c</run_address>
         <size>0x68</size>
         <alignment>0x4</alignment>
         <input_file_ref idref="fl-2"/>
      </object_component>
      <object_component id="oc-3ab">
         <name>.text.__ledf2</name>
         <load_address>0x73c4</load_address>
         <readonly>true</readonly>
         <executable>true</executable>
         <run_address>0x73c4</run_address>
         <size>0x68</size>
         <alignment>0x4</alignment>
         <input_file_ref idref="fl-14e"/>
      </object_component>
      <object_component id="oc-3aa">
         <name>.text._mcpy</name>
         <load_address>0x742c</load_address>
         <readonly>true</readonly>
         <executable>true</executable>
         <run_address>0x742c</run_address>
         <size>0x66</size>
         <alignment>0x2</alignment>
         <input_file_ref idref="fl-80"/>
      </object_component>
      <object_component id="oc-40">
         <name>.text.TIMG0_IRQHandler</name>
         <load_address>0x7494</load_address>
         <readonly>true</readonly>
         <executable>true</executable>
         <run_address>0x7494</run_address>
         <size>0x64</size>
         <alignment>0x4</alignment>
         <input_file_ref idref="fl-d"/>
      </object_component>
      <object_component id="oc-34a">
         <name>.text.__aeabi_dcmp</name>
         <load_address>0x74f8</load_address>
         <readonly>true</readonly>
         <executable>true</executable>
         <run_address>0x74f8</run_address>
         <size>0x62</size>
         <alignment>0x4</alignment>
         <input_file_ref idref="fl-144"/>
      </object_component>
      <object_component id="oc-a3">
         <name>.text.__aeabi_fcmp</name>
         <load_address>0x755c</load_address>
         <readonly>true</readonly>
         <executable>true</executable>
         <run_address>0x755c</run_address>
         <size>0x62</size>
         <alignment>0x4</alignment>
         <input_file_ref idref="fl-145"/>
      </object_component>
      <object_component id="oc-17e">
         <name>.text:memset</name>
         <load_address>0x75be</load_address>
         <readonly>true</readonly>
         <executable>true</executable>
         <run_address>0x75be</run_address>
         <size>0x62</size>
         <alignment>0x1</alignment>
         <input_file_ref idref="fl-151"/>
      </object_component>
      <object_component id="oc-244">
         <name>.text.u8g2_SetupBuffer</name>
         <load_address>0x7620</load_address>
         <readonly>true</readonly>
         <executable>true</executable>
         <run_address>0x7620</run_address>
         <size>0x60</size>
         <alignment>0x4</alignment>
         <input_file_ref idref="fl-28"/>
      </object_component>
      <object_component id="oc-266">
         <name>.text.u8g2_update_page_win_r0</name>
         <load_address>0x7680</load_address>
         <readonly>true</readonly>
         <executable>true</executable>
         <run_address>0x7680</run_address>
         <size>0x60</size>
         <alignment>0x2</alignment>
         <input_file_ref idref="fl-28"/>
      </object_component>
      <object_component id="oc-302">
         <name>.text.u8g2_IsIntersection</name>
         <load_address>0x76e0</load_address>
         <readonly>true</readonly>
         <executable>true</executable>
         <run_address>0x76e0</run_address>
         <size>0x5e</size>
         <alignment>0x2</alignment>
         <input_file_ref idref="fl-21"/>
      </object_component>
      <object_component id="oc-100">
         <name>.text.calculate_motor_speed</name>
         <load_address>0x7740</load_address>
         <readonly>true</readonly>
         <executable>true</executable>
         <run_address>0x7740</run_address>
         <size>0x5c</size>
         <alignment>0x4</alignment>
         <input_file_ref idref="fl-b"/>
      </object_component>
      <object_component id="oc-396">
         <name>.text.frexp</name>
         <load_address>0x779c</load_address>
         <readonly>true</readonly>
         <executable>true</executable>
         <run_address>0x779c</run_address>
         <size>0x5c</size>
         <alignment>0x4</alignment>
         <input_file_ref idref="fl-88"/>
      </object_component>
      <object_component id="oc-de">
         <name>.text.SysTick_Init</name>
         <load_address>0x77f8</load_address>
         <readonly>true</readonly>
         <executable>true</executable>
         <run_address>0x77f8</run_address>
         <size>0x58</size>
         <alignment>0x4</alignment>
         <input_file_ref idref="fl-a"/>
      </object_component>
      <object_component id="oc-3a">
         <name>.text.UART0_IRQHandler</name>
         <load_address>0x7850</load_address>
         <readonly>true</readonly>
         <executable>true</executable>
         <run_address>0x7850</run_address>
         <size>0x58</size>
         <alignment>0x4</alignment>
         <input_file_ref idref="fl-10"/>
      </object_component>
      <object_component id="oc-39e">
         <name>.text.__TI_ltoa</name>
         <load_address>0x78a8</load_address>
         <readonly>true</readonly>
         <executable>true</executable>
         <run_address>0x78a8</run_address>
         <size>0x58</size>
         <alignment>0x2</alignment>
         <input_file_ref idref="fl-84"/>
      </object_component>
      <object_component id="oc-34f">
         <name>.text._pconv_f</name>
         <load_address>0x7900</load_address>
         <readonly>true</readonly>
         <executable>true</executable>
         <run_address>0x7900</run_address>
         <size>0x58</size>
         <alignment>0x2</alignment>
         <input_file_ref idref="fl-80"/>
      </object_component>
      <object_component id="oc-3bf">
         <name>.text.__aeabi_idivmod</name>
         <load_address>0x7958</load_address>
         <readonly>true</readonly>
         <executable>true</executable>
         <run_address>0x7958</run_address>
         <size>0x56</size>
         <alignment>0x4</alignment>
         <input_file_ref idref="fl-146"/>
      </object_component>
      <object_component id="oc-188">
         <name>.text.SYSCFG_DL_I2C_BUS_init</name>
         <load_address>0x79b0</load_address>
         <readonly>true</readonly>
         <executable>true</executable>
         <run_address>0x79b0</run_address>
         <size>0x54</size>
         <alignment>0x4</alignment>
         <input_file_ref idref="fl-2"/>
      </object_component>
      <object_component id="oc-2b2">
         <name>.text.u8g2_send_buffer</name>
         <load_address>0x7a04</load_address>
         <readonly>true</readonly>
         <executable>true</executable>
         <run_address>0x7a04</run_address>
         <size>0x54</size>
         <alignment>0x4</alignment>
         <input_file_ref idref="fl-17"/>
      </object_component>
      <object_component id="oc-3a8">
         <name>.text._ecpy</name>
         <load_address>0x7a58</load_address>
         <readonly>true</readonly>
         <executable>true</executable>
         <run_address>0x7a58</run_address>
         <size>0x52</size>
         <alignment>0x2</alignment>
         <input_file_ref idref="fl-80"/>
      </object_component>
      <object_component id="oc-249">
         <name>.text.u8x8_d_ssd1306_128x64_noname</name>
         <load_address>0x7aac</load_address>
         <readonly>true</readonly>
         <executable>true</executable>
         <run_address>0x7aac</run_address>
         <size>0x4c</size>
         <alignment>0x4</alignment>
         <input_file_ref idref="fl-30"/>
      </object_component>
      <object_component id="oc-366">
         <name>.text.__fixdfsi</name>
         <load_address>0x7af8</load_address>
         <readonly>true</readonly>
         <executable>true</executable>
         <run_address>0x7af8</run_address>
         <size>0x4a</size>
         <alignment>0x4</alignment>
         <input_file_ref idref="fl-13d"/>
      </object_component>
      <object_component id="oc-1bf">
         <name>.text.u8g2_NextPage</name>
         <load_address>0x7b42</load_address>
         <readonly>true</readonly>
         <executable>true</executable>
         <run_address>0x7b42</run_address>
         <size>0x4a</size>
         <alignment>0x2</alignment>
         <input_file_ref idref="fl-17"/>
      </object_component>
      <object_component id="oc-235">
         <name>.text.DL_UART_init</name>
         <load_address>0x7b8c</load_address>
         <readonly>true</readonly>
         <executable>true</executable>
         <run_address>0x7b8c</run_address>
         <size>0x48</size>
         <alignment>0x4</alignment>
         <input_file_ref idref="fl-50"/>
      </object_component>
      <object_component id="oc-187">
         <name>.text.SYSCFG_DL_TIMER_TICK_init</name>
         <load_address>0x7bd4</load_address>
         <readonly>true</readonly>
         <executable>true</executable>
         <run_address>0x7bd4</run_address>
         <size>0x48</size>
         <alignment>0x4</alignment>
         <input_file_ref idref="fl-2"/>
      </object_component>
      <object_component id="oc-d9">
         <name>.text.SYSCFG_DL_init</name>
         <load_address>0x7c1c</load_address>
         <readonly>true</readonly>
         <executable>true</executable>
         <run_address>0x7c1c</run_address>
         <size>0x48</size>
         <alignment>0x4</alignment>
         <input_file_ref idref="fl-2"/>
      </object_component>
      <object_component id="oc-e1">
         <name>.text.u8g2Init</name>
         <load_address>0x7c64</load_address>
         <readonly>true</readonly>
         <executable>true</executable>
         <run_address>0x7c64</run_address>
         <size>0x48</size>
         <alignment>0x4</alignment>
         <input_file_ref idref="fl-3d"/>
      </object_component>
      <object_component id="oc-215">
         <name>.text.DL_SYSCTL_switchMCLKfromSYSOSCtoHSCLK</name>
         <load_address>0x7cac</load_address>
         <readonly>true</readonly>
         <executable>true</executable>
         <run_address>0x7cac</run_address>
         <size>0x44</size>
         <alignment>0x4</alignment>
         <input_file_ref idref="fl-51"/>
      </object_component>
      <object_component id="oc-ee">
         <name>.text.OLED_SHOW</name>
         <load_address>0x7cf0</load_address>
         <readonly>true</readonly>
         <executable>true</executable>
         <run_address>0x7cf0</run_address>
         <size>0x40</size>
         <alignment>0x2</alignment>
         <input_file_ref idref="fl-3c"/>
      </object_component>
      <object_component id="oc-2e2">
         <name>.text.__aeabi_uidivmod</name>
         <load_address>0x7d30</load_address>
         <readonly>true</readonly>
         <executable>true</executable>
         <run_address>0x7d30</run_address>
         <size>0x40</size>
         <alignment>0x4</alignment>
         <input_file_ref idref="fl-149"/>
      </object_component>
      <object_component id="oc-102">
         <name>.text.__extendsfdf2</name>
         <load_address>0x7d70</load_address>
         <readonly>true</readonly>
         <executable>true</executable>
         <run_address>0x7d70</run_address>
         <size>0x40</size>
         <alignment>0x4</alignment>
         <input_file_ref idref="fl-13c"/>
      </object_component>
      <object_component id="oc-338">
         <name>.text.atoi</name>
         <load_address>0x7db0</load_address>
         <readonly>true</readonly>
         <executable>true</executable>
         <run_address>0x7db0</run_address>
         <size>0x40</size>
         <alignment>0x4</alignment>
         <input_file_ref idref="fl-86"/>
      </object_component>
      <object_component id="oc-1d3">
         <name>.text.car_run</name>
         <load_address>0x7df0</load_address>
[...]
         <object_component_ref idref="oc-220"/>
      </symbol>
      <symbol id="sm-433">
         <name>DL_Timer_setCaptCompUpdateMethod</name>
         <value>0x8555</value>
         <object_component_ref idref="oc-21f"/>
      </symbol>
      <symbol id="sm-434">
         <name>DL_Timer_setCaptureCompareOutCtl</name>
         <value>0x85c5</value>
         <object_component_ref idref="oc-21e"/>
      </symbol>
      <symbol id="sm-435">
         <name>DL_Timer_initFourCCPWMMode</name>
         <value>0x5a2d</value>
         <object_component_ref idref="oc-21d"/>
      </symbol>
      <symbol id="sm-442">
         <name>DL_UART_init</name>
         <value>0x7b8d</value>
         <object_component_ref idref="oc-235"/>
      </symbol>
      <symbol id="sm-443">
         <name>DL_UART_setClockConfig</name>
         <value>0x8689</value>
         <object_component_ref idref="oc-22f"/>
      </symbol>
      <symbol id="sm-454">
         <name>DL_SYSCTL_configSYSPLL</name>
         <value>0x60f9</value>
         <object_component_ref idref="oc-20e"/>
      </symbol>
      <symbol id="sm-455">
         <name>DL_SYSCTL_switchMCLKfromSYSOSCtoHSCLK</name>
         <value>0x7cad</value>
         <object_component_ref idref="oc-215"/>
      </symbol>
      <symbol id="sm-456">
         <name>DL_SYSCTL_configFCC</name>
         <value>0x8539</value>
         <object_component_ref idref="oc-2e1"/>
      </symbol>
      <symbol id="sm-462">
         <name>fmaxf</name>
         <value>0x7e71</value>
         <object_component_ref idref="oc-c1"/>
      </symbol>
      <symbol id="sm-463">
         <name>fminf</name>
         <value>0x7ef1</value>
         <object_component_ref idref="oc-bb"/>
      </symbol>
      <symbol id="sm-471">
         <name>asinf</name>
         <value>0x4d65</value>
         <object_component_ref idref="oc-c2"/>
      </symbol>
      <symbol id="sm-47f">
         <name>atan2f</name>
         <value>0x56f5</value>
         <object_component_ref idref="oc-b7"/>
      </symbol>
      <symbol id="sm-489">
         <name>sqrtf</name>
         <value>0x6935</value>
         <object_component_ref idref="oc-ab"/>
      </symbol>
      <symbol id="sm-49d">
         <name>atanf</name>
         <value>0x3ba1</value>
         <object_component_ref idref="oc-15a"/>
      </symbol>
      <symbol id="sm-4bc">
         <name>cosf</name>
         <value>0x39cd</value>
         <object_component_ref idref="oc-30c"/>
      </symbol>
      <symbol id="sm-4db">
         <name>sinf</name>
         <value>0x3d69</value>
         <object_component_ref idref="oc-312"/>
      </symbol>
      <symbol id="sm-4ec">
         <name>sprintf</name>
         <value>0x8149</value>
         <object_component_ref idref="oc-106"/>
      </symbol>
      <symbol id="sm-4f7">
         <name>__aeabi_errno_addr</name>
         <value>0x88dd</value>
         <object_component_ref idref="oc-14d"/>
      </symbol>
      <symbol id="sm-4f8">
         <name>__aeabi_errno</name>
         <value>0x202007d4</value>
         <object_component_ref idref="oc-1fd"/>
      </symbol>
      <symbol id="sm-514">
         <name>__kernel_rem_pio2</name>
         <value>0x1935</value>
         <object_component_ref idref="oc-36b"/>
      </symbol>
      <symbol id="sm-522">
         <name>_c_int00_noargs</name>
         <value>0x83d9</value>
         <object_component_ref idref="oc-5c"/>
      </symbol>
      <symbol id="sm-523">
         <name>__stack</name>
         <value>0x20207e00</value>
         <object_component_ref idref="oc-1a"/>
      </symbol>
      <symbol id="sm-52f">
         <name>__TI_auto_init_nobinit_nopinit</name>
         <value>0x805d</value>
         <object_component_ref idref="oc-127"/>
      </symbol>
      <symbol id="sm-537">
         <name>_system_pre_init</name>
         <value>0x89a1</value>
         <object_component_ref idref="oc-86"/>
      </symbol>
      <symbol id="sm-542">
         <name>__TI_zero_init</name>
         <value>0x8721</value>
         <object_component_ref idref="oc-59"/>
      </symbol>
      <symbol id="sm-54b">
         <name>__TI_decompress_none</name>
         <value>0x86ad</value>
         <object_component_ref idref="oc-20"/>
      </symbol>
      <symbol id="sm-556">
         <name>__TI_decompress_lzss</name>
         <value>0x6f5d</value>
         <object_component_ref idref="oc-1c"/>
      </symbol>
      <symbol id="sm-560">
         <name>sqrt</name>
         <value>0x4a8d</value>
         <object_component_ref idref="oc-16e"/>
      </symbol>
      <symbol id="sm-561">
         <name>sqrtl</name>
         <value>0x4a8d</value>
         <object_component_ref idref="oc-16e"/>
      </symbol>
      <symbol id="sm-56b">
         <name>floor</name>
         <value>0x4ec5</value>
         <object_component_ref idref="oc-3c4"/>
      </symbol>
      <symbol id="sm-56c">
         <name>floorl</name>
         <value>0x4ec5</value>
         <object_component_ref idref="oc-3c4"/>
      </symbol>
      <symbol id="sm-576">
         <name>scalbn</name>
         <value>0x61d5</value>
         <object_component_ref idref="oc-39a"/>
      </symbol>
      <symbol id="sm-577">
         <name>ldexp</name>
         <value>0x61d5</value>
         <object_component_ref idref="oc-39a"/>
      </symbol>
      <symbol id="sm-578">
         <name>scalbnl</name>
         <value>0x61d5</value>
         <object_component_ref idref="oc-39a"/>
      </symbol>
      <symbol id="sm-579">
         <name>ldexpl</name>
         <value>0x61d5</value>
         <object_component_ref idref="oc-39a"/>
      </symbol>
      <symbol id="sm-5c2">
         <name>__TI_printfi</name>
         <value>0xc1</value>
         <object_component_ref idref="oc-2d1"/>
      </symbol>
      <symbol id="sm-5cd">
         <name>abort</name>
         <value>0x896b</value>
         <object_component_ref idref="oc-120"/>
      </symbol>
      <symbol id="sm-5d7">
         <name>__TI_ltoa</name>
         <value>0x78a9</value>
         <object_component_ref idref="oc-39e"/>
      </symbol>
      <symbol id="sm-5e2">
         <name>atoi</name>
         <value>0x7db1</value>
         <object_component_ref idref="oc-338"/>
      </symbol>
      <symbol id="sm-5eb">
         <name>memccpy</name>
         <value>0x84b9</value>
         <object_component_ref idref="oc-331"/>
      </symbol>
      <symbol id="sm-5f5">
         <name>frexp</name>
         <value>0x779d</value>
         <object_component_ref idref="oc-396"/>
      </symbol>
      <symbol id="sm-5f6">
         <name>frexpl</name>
         <value>0x779d</value>
         <object_component_ref idref="oc-396"/>
      </symbol>
      <symbol id="sm-5ff">
         <name>wcslen</name>
         <value>0x8711</value>
         <object_component_ref idref="oc-33c"/>
      </symbol>
      <symbol id="sm-600">
         <name>__aeabi_ctype_table_</name>
         <value>0x9160</value>
         <object_component_ref idref="oc-389"/>
      </symbol>
      <symbol id="sm-601">
         <name>__aeabi_ctype_table_C</name>
         <value>0x9160</value>
         <object_component_ref idref="oc-389"/>
      </symbol>
      <symbol id="sm-609">
         <name>HOSTexit</name>
         <value>0x704d</value>
         <object_component_ref idref="oc-1e2"/>
      </symbol>
      <symbol id="sm-60a">
         <name>C$$EXIT</name>
         <value>0x704c</value>
         <object_component_ref idref="oc-1e2"/>
      </symbol>
      <symbol id="sm-61a">
         <name>__aeabi_fadd</name>
         <value>0x62b7</value>
         <object_component_ref idref="oc-a7"/>
      </symbol>
      <symbol id="sm-61b">
         <name>__addsf3</name>
         <value>0x62b7</value>
         <object_component_ref idref="oc-a7"/>
      </symbol>
      <symbol id="sm-61c">
         <name>__aeabi_fsub</name>
         <value>0x62ad</value>
         <object_component_ref idref="oc-a7"/>
      </symbol>
      <symbol id="sm-61d">
         <name>__subsf3</name>
         <value>0x62ad</value>
         <object_component_ref idref="oc-a7"/>
      </symbol>
      <symbol id="sm-626">
         <name>__aeabi_dadd</name>
         <value>0x460b</value>
         <object_component_ref idref="oc-172"/>
      </symbol>
      <symbol id="sm-627">
         <name>__adddf3</name>
         <value>0x460b</value>
         <object_component_ref idref="oc-172"/>
      </symbol>
      <symbol id="sm-628">
         <name>__aeabi_dsub</name>
         <value>0x4601</value>
         <object_component_ref idref="oc-172"/>
      </symbol>
      <symbol id="sm-629">
         <name>__subdf3</name>
         <value>0x4601</value>
         <object_component_ref idref="oc-172"/>
      </symbol>
      <symbol id="sm-635">
         <name>__aeabi_dmul</name>
         <value>0x6015</value>
         <object_component_ref idref="oc-165"/>
      </symbol>
      <symbol id="sm-636">
         <name>__muldf3</name>
         <value>0x6015</value>
         <object_component_ref idref="oc-165"/>
      </symbol>
      <symbol id="sm-63f">
         <name>__muldsi3</name>
         <value>0x80d5</value>
         <object_component_ref idref="oc-140"/>
      </symbol>
      <symbol id="sm-645">
         <name>__aeabi_fmul</name>
         <value>0x6c49</value>
         <object_component_ref idref="oc-9f"/>
      </symbol>
      <symbol id="sm-646">
         <name>__mulsf3</name>
         <value>0x6c49</value>
         <object_component_ref idref="oc-9f"/>
      </symbol>
      <symbol id="sm-64f">
         <name>__aeabi_fdiv</name>
         <value>0x6d5d</value>
         <object_component_ref idref="oc-b3"/>
      </symbol>
      <symbol id="sm-650">
         <name>__divsf3</name>
         <value>0x6d5d</value>
         <object_component_ref idref="oc-b3"/>
      </symbol>
      <symbol id="sm-659">
         <name>__aeabi_ddiv</name>
         <value>0x5921</value>
         <object_component_ref idref="oc-3b3"/>
      </symbol>
      <symbol id="sm-65a">
         <name>__divdf3</name>
         <value>0x5921</value>
         <object_component_ref idref="oc-3b3"/>
      </symbol>
      <symbol id="sm-660">
         <name>__aeabi_f2d</name>
         <value>0x7d71</value>
         <object_component_ref idref="oc-102"/>
      </symbol>
      <symbol id="sm-661">
         <name>__extendsfdf2</name>
         <value>0x7d71</value>
         <object_component_ref idref="oc-102"/>
      </symbol>
      <symbol id="sm-66a">
         <name>__aeabi_d2iz</name>
         <value>0x7af9</value>
         <object_component_ref idref="oc-366"/>
      </symbol>
      <symbol id="sm-66b">
         <name>__fixdfsi</name>
         <value>0x7af9</value>
         <object_component_ref idref="oc-366"/>
      </symbol>
      <symbol id="sm-671">
         <name>__aeabi_f2iz</name>
         <value>0x8111</value>
         <object_component_ref idref="oc-1cf"/>
      </symbol>
      <symbol id="sm-672">
         <name>__fixsfsi</name>
         <value>0x8111</value>
         <object_component_ref idref="oc-1cf"/>
      </symbol>
      <symbol id="sm-678">
         <name>__aeabi_i2d</name>
         <value>0x8305</value>
         <object_component_ref idref="oc-3a2"/>
      </symbol>
      <symbol id="sm-679">
         <name>__floatsidf</name>
         <value>0x8305</value>
         <object_component_ref idref="oc-3a2"/>
      </symbol>
      <symbol id="sm-67f">
         <name>__aeabi_i2f</name>
         <value>0x7f6d</value>
         <object_component_ref idref="oc-13b"/>
      </symbol>
      <symbol id="sm-680">
         <name>__floatsisf</name>
         <value>0x7f6d</value>
         <object_component_ref idref="oc-13b"/>
      </symbol>
      <symbol id="sm-686">
         <name>__aeabi_ui2f</name>
         <value>0x8389</value>
         <object_component_ref idref="oc-9b"/>
      </symbol>
      <symbol id="sm-687">
         <name>__floatunsisf</name>
         <value>0x8389</value>
         <object_component_ref idref="oc-9b"/>
      </symbol>
      <symbol id="sm-68d">
         <name>__aeabi_lmul</name>
         <value>0x8429</value>
         <object_component_ref idref="oc-340"/>
      </symbol>
      <symbol id="sm-68e">
         <name>__muldi3</name>
         <value>0x8429</value>
         <object_component_ref idref="oc-340"/>
      </symbol>
      <symbol id="sm-695">
         <name>__aeabi_d2f</name>
         <value>0x7051</value>
         <object_component_ref idref="oc-169"/>
      </symbol>
      <symbol id="sm-696">
         <name>__truncdfsf2</name>
         <value>0x7051</value>
         <object_component_ref idref="oc-169"/>
      </symbol>
      <symbol id="sm-69c">
         <name>__aeabi_dcmpeq</name>
         <value>0x74f9</value>
         <object_component_ref idref="oc-34a"/>
      </symbol>
      <symbol id="sm-69d">
         <name>__aeabi_dcmplt</name>
         <value>0x750d</value>
         <object_component_ref idref="oc-34a"/>
      </symbol>
      <symbol id="sm-69e">
         <name>__aeabi_dcmple</name>
         <value>0x7521</value>
         <object_component_ref idref="oc-34a"/>
      </symbol>
      <symbol id="sm-69f">
         <name>__aeabi_dcmpge</name>
         <value>0x7535</value>
         <object_component_ref idref="oc-34a"/>
      </symbol>
      <symbol id="sm-6a0">
         <name>__aeabi_dcmpgt</name>
         <value>0x7549</value>
         <object_component_ref idref="oc-34a"/>
      </symbol>
      <symbol id="sm-6a6">
         <name>__aeabi_fcmpeq</name>
         <value>0x755d</value>
         <object_component_ref idref="oc-a3"/>
      </symbol>
      <symbol id="sm-6a7">
         <name>__aeabi_fcmplt</name>
         <value>0x7571</value>
         <object_component_ref idref="oc-a3"/>
      </symbol>
      <symbol id="sm-6a8">
         <name>__aeabi_fcmple</name>
         <value>0x7585</value>
         <object_component_ref idref="oc-a3"/>
      </symbol>
      <symbol id="sm-6a9">
         <name>__aeabi_fcmpge</name>
         <value>0x7599</value>
         <object_component_ref idref="oc-a3"/>
      </symbol>
      <symbol id="sm-6aa">
         <name>__aeabi_fcmpgt</name>
         <value>0x75ad</value>
         <object_component_ref idref="oc-a3"/>
      </symbol>
      <symbol id="sm-6b0">
         <name>__aeabi_idiv</name>
         <value>0x7959</value>
         <object_component_ref idref="oc-3bf"/>
      </symbol>
      <symbol id="sm-6b1">
         <name>__aeabi_idivmod</name>
         <value>0x7959</value>
         <object_component_ref idref="oc-3bf"/>
      </symbol>
      <symbol id="sm-6b7">
         <name>__aeabi_memcpy</name>
         <value>0x88e5</value>
         <object_component_ref idref="oc-4c"/>
      </symbol>
      <symbol id="sm-6b8">
         <name>__aeabi_memcpy4</name>
         <value>0x88e5</value>
         <object_component_ref idref="oc-4c"/>
      </symbol>
      <symbol id="sm-6b9">
         <name>__aeabi_memcpy8</name>
         <value>0x88e5</value>
         <object_component_ref idref="oc-4c"/>
      </symbol>
      <symbol id="sm-6c2">
         <name>__aeabi_memset</name>
         <value>0x8731</value>
         <object_component_ref idref="oc-330"/>
      </symbol>
      <symbol id="sm-6c3">
         <name>__aeabi_memset4</name>
         <value>0x8731</value>
         <object_component_ref idref="oc-330"/>
      </symbol>
      <symbol id="sm-6c4">
         <name>__aeabi_memset8</name>
         <value>0x8731</value>
         <object_component_ref idref="oc-330"/>
      </symbol>
      <symbol id="sm-6c5">
         <name>__aeabi_memclr</name>
         <value>0x8811</value>
         <object_component_ref idref="oc-81"/>
      </symbol>
      <symbol id="sm-6c6">
         <name>__aeabi_memclr4</name>
         <value>0x8811</value>
         <object_component_ref idref="oc-81"/>
      </symbol>
      <symbol id="sm-6c7">
         <name>__aeabi_memclr8</name>
         <value>0x8811</value>
         <object_component_ref idref="oc-81"/>
      </symbol>
      <symbol id="sm-6cd">
         <name>__aeabi_uidiv</name>
         <value>0x7d31</value>
         <object_component_ref idref="oc-2e2"/>
      </symbol>
      <symbol id="sm-6ce">
         <name>__aeabi_uidivmod</name>
         <value>0x7d31</value>
         <object_component_ref idref="oc-2e2"/>
      </symbol>
      <symbol id="sm-6d4">
         <name>__aeabi_uldivmod</name>
         <value>0x8661</value>
         <object_component_ref idref="oc-345"/>
      </symbol>
      <symbol id="sm-6dd">
         <name>__eqsf2</name>
         <value>0x8099</value>
         <object_component_ref idref="oc-145"/>
      </symbol>
      <symbol id="sm-6de">
         <name>__lesf2</name>
         <value>0x8099</value>
         <object_component_ref idref="oc-145"/>
      </symbol>
      <symbol id="sm-6df">
         <name>__ltsf2</name>
         <value>0x8099</value>
         <object_component_ref idref="oc-145"/>
      </symbol>
      <symbol id="sm-6e0">
         <name>__nesf2</name>
         <value>0x8099</value>
         <object_component_ref idref="oc-145"/>
      </symbol>
      <symbol id="sm-6e1">
         <name>__cmpsf2</name>
         <value>0x8099</value>
         <object_component_ref idref="oc-145"/>
      </symbol>
      <symbol id="sm-6e2">
         <name>__gtsf2</name>
         <value>0x7fa9</value>
         <object_component_ref idref="oc-14a"/>
      </symbol>
      <symbol id="sm-6e3">
         <name>__gesf2</name>
         <value>0x7fa9</value>
         <object_component_ref idref="oc-14a"/>
      </symbol>
      <symbol id="sm-6e9">
         <name>__udivmoddi4</name>
         <value>0x6891</value>
         <object_component_ref idref="oc-391"/>
      </symbol>
      <symbol id="sm-6ef">
         <name>__aeabi_llsl</name>
         <value>0x84fd</value>
         <object_component_ref idref="oc-3f4"/>
      </symbol>
      <symbol id="sm-6f0">
         <name>__ashldi3</name>
         <value>0x84fd</value>
         <object_component_ref idref="oc-3f4"/>
      </symbol>
      <symbol id="sm-6fe">
         <name>__ledf2</name>
         <value>0x73c5</value>
         <object_component_ref idref="oc-3ab"/>
      </symbol>
      <symbol id="sm-6ff">
         <name>__gedf2</name>
         <value>0x6fd9</value>
         <object_component_ref idref="oc-3b1"/>
      </symbol>
      <symbol id="sm-700">
         <name>__cmpdf2</name>
         <value>0x73c5</value>
         <object_component_ref idref="oc-3ab"/>
      </symbol>
      <symbol id="sm-701">
         <name>__eqdf2</name>
         <value>0x73c5</value>
         <object_component_ref idref="oc-3ab"/>
      </symbol>
      <symbol id="sm-702">
         <name>__ltdf2</name>
         <value>0x73c5</value>
         <object_component_ref idref="oc-3ab"/>
      </symbol>
      <symbol id="sm-703">
         <name>__nedf2</name>
         <value>0x73c5</value>
         <object_component_ref idref="oc-3ab"/>
      </symbol>
      <symbol id="sm-704">
         <name>__gtdf2</name>
         <value>0x6fd9</value>
         <object_component_ref idref="oc-3b1"/>
      </symbol>
      <symbol id="sm-710">
         <name>__aeabi_idiv0</name>
         <value>0x54b7</value>
         <object_component_ref idref="oc-351"/>
      </symbol>
      <symbol id="sm-711">
         <name>__aeabi_ldiv0</name>
         <value>0x5c33</value>
         <object_component_ref idref="oc-3f3"/>
      </symbol>
      <symbol id="sm-72a">
         <name>memcpy</name>
         <value>0x6bad</value>
         <object_component_ref idref="oc-d4"/>
      </symbol>
      <symbol id="sm-739">
         <name>memset</name>
         <value>0x75bf</value>
         <object_component_ref idref="oc-17e"/>
      </symbol>
      <symbol id="sm-73a">
         <name>__TI_static_base__</name>
         <value>0x0</value>
      </symbol>
      <symbol id="sm-73e">
         <name>__mpu_init</name>
         <value>0x0</value>
      </symbol>
      <symbol id="sm-73f">
         <name>_system_post_cinit</name>
         <value>0x0</value>
      </symbol>
   </symbol_table>
   <title>Link successful</title>
</link_info>
