******************************************************************************
            TI ARM Clang Linker PC v4.0.4                      
******************************************************************************
>> Linked Thu Jul 16 15:26:03 2026

OUTPUT FILE NAME:   <Autocar.out>
ENTRY POINT SYMBOL: "_c_int00_noargs"  address: 00007a09


MEMORY CONFIGURATION

         name            origin    length      used     unused   attr    fill
----------------------  --------  ---------  --------  --------  ----  --------
  FLASH                 00000000   00020000  00008d60  000172a0  R  X
  SRAM                  20200000   00008000  000009f8  00007608  RW X
  BCR_CONFIG            41c00000   000000ff  00000000  000000ff  R   
  BSL_CONFIG            41c00100   00000080  00000000  00000080  R   


SEGMENT ALLOCATION MAP

run origin  load origin   length   init length attrs members
----------  ----------- ---------- ----------- ----- -------
00000000    00000000    00008d60   00008d60    r-x
  00000000    00000000    000000c0   000000c0    r-- .intvecs
  000000c0    000000c0    00007f10   00007f10    r-x .text
  00007fd0    00007fd0    00000c70   00000c70    r-- .rodata
  00008c40    00008c40    00000120   00000120    r-- .cinit
20200000    20200000    000007fb   00000000    rw-
  20200000    20200000    0000062d   00000000    rw- .bss
  20200630    20200630    000001cb   00000000    rw- .data
20207e00    20207e00    00000200   00000000    rw-
  20207e00    20207e00    00000200   00000000    rw- .stack


SECTION ALLOCATION MAP

 output                                  attributes/
section   page    origin      length       input sections
--------  ----  ----------  ----------   ----------------
.intvecs   0    00000000    000000c0     
                  00000000    000000c0     startup_mspm0g350x_ticlang.o (.intvecs)

.text      0    000000c0    00007f10     
                  000000c0    000009d0     libc.a : _printfi.c.obj (.text:__TI_printfi)
                  00000a90    00000788     mpu6050.o (.text.mpu6050_update)
                  00001218    00000644     libc.a : k_rem_pio2.c.obj (.text.__kernel_rem_pio2)
                  0000185c    00000600     draw.o (.text.HOME_directory)
                  00001e5c    000002d0     u8g2_font.o (.text.u8g2_font_decode_glyph)
                  0000212c    000002a8     ti_msp_dl_config.o (.text.SYSCFG_DL_SYSCTL_SYSPLL_init)
                  000023d4    00000250     mpu6050_service.o (.text.mpu6050_service_init)
                  00002624    00000224     mpu6050.o (.text.i2c_read_once)
                  00002848    00000220     libc.a : _printfi.c.obj (.text._pconv_a)
                  00002a68    0000021c     mpu6050.o (.text.i2c_bus_recover)
                  00002c84    00000214     u8g2_ll_hvline.o (.text.u8g2_ll_hvline_vertical_top_lsb)
                  00002e98    000001f4     empty.o (.text.main)
                  0000308c    000001dc     libc.a : _printfi.c.obj (.text._pconv_g)
                  00003268    000001d4            : s_cosf.c.obj (.text.cosf)
                  0000343c    000001c8            : s_atanf.c.obj (.text.atanf)
                  00003604    000001c8            : s_sinf.c.obj (.text.sinf)
                  000037cc    000001c4     u8x8_byte.o (.text.i2c_write_byte)
                  00003990    000001bc     mpu6050.o (.text.calibrate_gyro)
                  00003b4c    000001ac     interrupt.o (.text.GROUP1_IRQHandler)
                  00003cf8    000001a4     ti_msp_dl_config.o (.text.SYSCFG_DL_GPIO_init)
                  00003e9c    00000192     libclang_rt.builtins.a : adddf3.S.obj (.text.adddf3_subdf3)
                  0000402e    00000002     startup_mspm0g350x_ticlang.o (.text.Default_Handler)
                  00004030    0000017c     u8x8_byte.o (.text.u8x8_byte_sw_i2c)
                  000041ac    0000017c     u8x8_d_ssd1306_128x64_noname.o (.text.u8x8_d_ssd1306_sh1106_generic)
                  00004328    00000170     libc.a : e_sqrt.c.obj (.text.sqrt)
                  00004498    00000168     u8x8_cad.o (.text.u8x8_cad_ssd13xx_fast_i2c)
                  00004600    00000160     libc.a : e_asinf.c.obj (.text.asinf)
                  00004760    00000144            : s_floor.c.obj (.text.floor)
                  000048a4    0000013c            : _printfi.c.obj (.text.fcvt)
                  000049e0    00000128     mpu6050.o (.text.mpu6050_init)
                  00004b08    00000122     u8g2_font.o (.text.u8g2_font_decode_len)
                  00004c2a    00000002     libclang_rt.builtins.a : aeabi_div0.c.obj (.text.__aeabi_idiv0)
                  00004c2c    00000120     libc.a : _printfi.c.obj (.text._pconv_e)
                  00004d4c    0000011c     mpu6050.o (.text.i2c_write_once)
                  00004e68    00000118     libc.a : e_atan2f.c.obj (.text.atan2f)
                  00004f80    00000114     mpu6050.o (.text.configure_sensor)
                  00005094    0000010c     libclang_rt.builtins.a : divdf3.S.obj (.text.__divdf3)
                  000051a0    00000104     driverlib.a : dl_timer.o (.text.DL_Timer_initFourCCPWMMode)
                  000052a4    00000102     u8g2_font.o (.text.u8g2_font_get_glyph_data)
                  000053a6    00000002     libclang_rt.builtins.a : aeabi_div0.c.obj (.text.__aeabi_ldiv0)
                  000053a8    00000100     u8g2_font.o (.text.u8g2_draw_string)
                  000054a8    000000fc     driverlib.a : dl_timer.o (.text.DL_Timer_initTimerMode)
                  000055a4    000000f8     u8g2_hvline.o (.text.u8g2_DrawHVLine)
                  0000569c    000000ec     u8g2_box.o (.text.u8g2_DrawBox)
                  00005788    000000e4     libclang_rt.builtins.a : muldf3.S.obj (.text.__muldf3)
                  0000586c    000000dc     driverlib.a : dl_sysctl_mspm0g1x0x_g3x0x.o (.text.DL_SYSCTL_configSYSPLL)
                  00005948    000000d8     libc.a : s_scalbn.c.obj (.text.scalbn)
                  00005a20    000000d8     libclang_rt.builtins.a : addsf3.S.obj (.text)
                  00005af8    000000cc     mpu6050.o (.text.read_raw)
                  00005bc4    000000c4     u8g2_font.o (.text.u8g2_SetFont)
                  00005c88    000000c0     draw.o (.text.PID_CONTROL)
                  00005d48    000000b8     ti_msp_dl_config.o (.text.SYSCFG_DL_SYSCTL_init)
                  00005e00    000000ac     libc.a : s_cosf.c.obj (.text.__kernel_sindf)
                  00005eac    000000ac            : s_sinf.c.obj (.text.__kernel_sindf)
                  00005f58    000000ac     mpu6050.o (.text.set_initial_attitude)
                  00006004    000000a2     libclang_rt.builtins.a : udivmoddi4.S.obj (.text)
                  000060a6    00000002     --HOLE-- [fill = 0]
                  000060a8    000000a0     libc.a : e_sqrtf.c.obj (.text.sqrtf)
                  00006148    000000a0     oled.o (.text.u8x8_gpio_and_delay)
                  000061e8    0000009c     libc.a : s_cosf.c.obj (.text.__kernel_cosdf)
                  00006284    0000009c            : s_sinf.c.obj (.text.__kernel_cosdf)
                  00006320    0000009a            : memcpy16.S.obj (.text:memcpy)
                  000063ba    00000002     --HOLE-- [fill = 0]
                  000063bc    0000008c     libclang_rt.builtins.a : mulsf3.S.obj (.text.__mulsf3)
                  00006448    00000088     ti_msp_dl_config.o (.text.SYSCFG_DL_initPower)
                  000064d0    00000082     libclang_rt.builtins.a : divsf3.S.obj (.text.__divsf3)
                  00006552    00000002     --HOLE-- [fill = 0]
                  00006554    00000080     u8x8_8x8.o (.text.u8x8_utf8_next)
                  000065d4    0000007c     libc.a : copy_decompress_lzss.c.obj (.text:decompress:lzss)
                  00006650    00000074     libclang_rt.builtins.a : comparedf2.c.obj (.text.__gedf2)
                  000066c4    0000000c                            : aeabi_memset.S.obj (.text.__aeabi_memclr)
                  000066d0    00000074                            : truncdfsf2.S.obj (.text.__truncdfsf2)
                  00006744    00000070     ti_msp_dl_config.o (.text.SYSCFG_DL_PWMB_init)
                  000067b4    00000070     ti_msp_dl_config.o (.text.SYSCFG_DL_PWMC_init)
                  00006824    00000070     ti_msp_dl_config.o (.text.SYSCFG_DL_PWMD_init)
                  00006894    00000070     ti_msp_dl_config.o (.text.SYSCFG_DL_UART_0_init)
                  00006904    0000006c     u8x8_cad.o (.text.u8x8_cad_SendSequence)
                  00006970    0000006a     u8x8_display.o (.text.u8x8_d_helper_display_init)
                  000069da    00000002     --HOLE-- [fill = 0]
                  000069dc    00000068     ti_msp_dl_config.o (.text.SYSCFG_DL_PWMA_init)
                  00006a44    00000068     libclang_rt.builtins.a : comparedf2.c.obj (.text.__ledf2)
                  00006aac    00000066     libc.a : _printfi.c.obj (.text._mcpy)
                  00006b12    00000002     --HOLE-- [fill = 0]
                  00006b14    00000064     interrupt.o (.text.TIMG0_IRQHandler)
                  00006b78    00000062     libclang_rt.builtins.a : aeabi_dcmp.S.obj (.text.__aeabi_dcmp)
                  00006bda    00000002     --HOLE-- [fill = 0]
                  00006bdc    00000062                            : aeabi_fcmp.S.obj (.text.__aeabi_fcmp)
                  00006c3e    00000062     libc.a : memset16.S.obj (.text:memset)
                  00006ca0    00000060     u8g2_setup.o (.text.u8g2_SetupBuffer)
                  00006d00    00000060     u8g2_setup.o (.text.u8g2_update_page_win_r0)
                  00006d60    0000005e     u8g2_intersection.o (.text.u8g2_IsIntersection)
                  00006dbe    00000002     --HOLE-- [fill = 0]
                  00006dc0    0000005c     electrical_machinery.o (.text.calculate_motor_speed)
                  00006e1c    0000005c     libc.a : s_frexp.c.obj (.text.frexp)
                  00006e78    0000005c     mpu6050_service.o (.text.mpu6050_service_process)
                  00006ed4    00000058     clock.o (.text.SysTick_Init)
                  00006f2c    00000058     usart.o (.text.UART0_IRQHandler)
                  00006f84    00000058     libc.a : _ltoa.c.obj (.text.__TI_ltoa)
                  00006fdc    00000058            : _printfi.c.obj (.text._pconv_f)
                  00007034    00000056     libclang_rt.builtins.a : aeabi_idivmod.S.obj (.text.__aeabi_idivmod)
                  0000708a    00000002     --HOLE-- [fill = 0]
                  0000708c    00000054     ti_msp_dl_config.o (.text.SYSCFG_DL_I2C_BUS_init)
                  000070e0    00000054     u8g2_buffer.o (.text.u8g2_send_buffer)
                  00007134    00000052     libc.a : _printfi.c.obj (.text._ecpy)
                  00007186    00000002     --HOLE-- [fill = 0]
                  00007188    0000004c     u8x8_d_ssd1306_128x64_noname.o (.text.u8x8_d_ssd1306_128x64_noname)
                  000071d4    0000004a     libclang_rt.builtins.a : fixdfsi.S.obj (.text.__fixdfsi)
                  0000721e    0000004a     u8g2_buffer.o (.text.u8g2_NextPage)
                  00007268    00000048     driverlib.a : dl_uart.o (.text.DL_UART_init)
                  000072b0    00000048     ti_msp_dl_config.o (.text.SYSCFG_DL_TIMER_TICK_init)
                  000072f8    00000048     ti_msp_dl_config.o (.text.SYSCFG_DL_init)
                  00007340    00000048     oled.o (.text.u8g2Init)
                  00007388    00000044     driverlib.a : dl_sysctl_mspm0g1x0x_g3x0x.o (.text.DL_SYSCTL_switchMCLKfromSYSOSCtoHSCLK)
                  000073cc    00000040     draw.o (.text.OLED_SHOW)
                  0000740c    00000040     libclang_rt.builtins.a : aeabi_uidivmod.S.obj (.text.__aeabi_uidivmod)
                  0000744c    00000040                            : extendsfdf2.S.obj (.text.__extendsfdf2)
                  0000748c    00000040     libc.a : atoi.c.obj (.text.atoi)
                  000074cc    00000040            : ti_fmax.c.obj (.text.fmaxf)
                  0000750c    00000040     interrupt.o (.text.get_encoder_count)
                  0000754c    0000003e     libc.a : ti_fmax.c.obj (.text.fminf)
                  0000758a    00000002     --HOLE-- [fill = 0]
                  0000758c    0000003c     driverlib.a : dl_i2c.o (.text.DL_I2C_flushControllerTXFIFO)
                  000075c8    0000003c     libclang_rt.builtins.a : floatsisf.S.obj (.text.__floatsisf)
                  00007604    0000003c                            : comparesf2.S.obj (.text.__gtsf2)
                  00007640    0000003c     mpu6050_service.o (.text.mpu6050_i2c1_full_init)
                  0000767c    0000003c     u8g2_d_setup.o (.text.u8g2_Setup_ssd1306_i2c_128x64_noname_f)
                  000076b8    0000003c     libc.a : autoinit.c.obj (.text:__TI_auto_init_nobinit_nopinit)
                  000076f4    0000003a     libclang_rt.builtins.a : comparesf2.S.obj (.text.__eqsf2)
                  0000772e    00000002     --HOLE-- [fill = 0]
                  00007730    0000003a                            : muldsi3.S.obj (.text.__muldsi3)
                  0000776a    00000002     --HOLE-- [fill = 0]
                  0000776c    00000038                            : fixsfsi.S.obj (.text.__fixsfsi)
                  000077a4    00000038     libc.a : sprintf.c.obj (.text.sprintf)
                  000077dc    00000034     clock.o (.text.mspm0_delay_ms)
                  00007810    00000034     u8g2_setup.o (.text.u8g2_update_dimension_r0)
                  00007844    00000030     driverlib.a : dl_i2c.o (.text.DL_I2C_flushControllerRXFIFO)
                  00007874    00000030     ti_msp_dl_config.o (.text.SYSCFG_DL_I2C1_init)
                  000078a4    00000030     usart.o (.text.USART_SendString)
                  000078d4    00000030     libc.a : _printfi.c.obj (.text._fcpy)
                  00007904    00000030     u8g2_cleardisplay.o (.text.u8g2_ClearDisplay)
                  00007934    0000002c     libclang_rt.builtins.a : floatsidf.S.obj (.text.__floatsidf)
                  00007960    0000002c     u8g2_buffer.o (.text.u8g2_FirstPage)
                  0000798c    0000002c     u8x8_cad.o (.text.u8x8_i2c_data_transfer)
                  000079b8    00000028     libclang_rt.builtins.a : floatunsisf.S.obj (.text.__floatunsisf)
                  000079e0    00000028     u8x8_setup.o (.text.u8x8_Setup)
                  00007a08    00000028     libc.a : boot_cortex_m.c.obj (.text:_c_int00_noargs)
                  00007a30    00000026     driverlib.a : dl_i2c.o (.text.DL_I2C_setClockConfig)
                  00007a56    00000002     --HOLE-- [fill = 0]
                  00007a58    00000024     libclang_rt.builtins.a : muldi3.S.obj (.text.__muldi3)
                  00007a7c    00000024     mpu6050.o (.text.i2c_read)
                  00007aa0    00000024     u8g2_font.o (.text.u8g2_add_vector_x)
                  00007ac4    00000024     u8g2_font.o (.text.u8g2_add_vector_y)
                  00007ae8    00000022     libc.a : memccpy.c.obj (.text.memccpy)
                  00007b0a    00000020     mpu6050.o (.text.i2c_write)
                  00007b2a    00000002     --HOLE-- [fill = 0]
                  00007b2c    0000001e     libclang_rt.builtins.a : ashldi3.S.obj (.text.__ashldi3)
                  00007b4a    0000001e     u8x8_display.o (.text.u8x8_DrawTile)
                  00007b68    0000001c     driverlib.a : dl_sysctl_mspm0g1x0x_g3x0x.o (.text.DL_SYSCTL_configFCC)
                  00007b84    0000001c                 : dl_timer.o (.text.DL_Timer_setCaptCompUpdateMethod)
                  00007ba0    0000001c                 : dl_timer.o (.text.DL_Timer_setClockConfig)
                  00007bbc    0000001c     ti_msp_dl_config.o (.text.SYSCFG_DL_SYSTICK_init)
                  00007bd8    0000001a     u8g2_buffer.o (.text.u8g2_SetBufferCurrTileRow)
                  00007bf2    00000002     --HOLE-- [fill = 0]
                  00007bf4    00000018     driverlib.a : dl_timer.o (.text.DL_Timer_setCaptureCompareOutCtl)
                  00007c0c    00000018     usart.o (.text.USART_Init)
                  00007c24    00000018     libc.a : sprintf.c.obj (.text._outs)
                  00007c3c    00000016            : k_rem_pio2.c.obj (.text.OUTLINED_FUNCTION_0)
                  00007c52    00000002     --HOLE-- [fill = 0]
                  00007c54    00000010     libclang_rt.builtins.a : adddf3.S.obj (.tramp.__aeabi_dadd.1)
                  00007c64    00000016     u8g2_buffer.o (.text.u8g2_ClearBuffer)
                  00007c7a    00000016     u8g2_hvline.o (.text.u8g2_draw_hv_line_2dir)
                  00007c90    00000014     libclang_rt.builtins.a : aeabi_uldivmod.S.obj (.text.__aeabi_uldivmod)
                  00007ca4    00000014     libc.a : _printfi.c.obj (.text.strchr)
                  00007cb8    00000012     driverlib.a : dl_uart.o (.text.DL_UART_setClockConfig)
                  00007cca    00000012     u8x8_byte.o (.text.u8x8_byte_SendByte)
                  00007cdc    00000012     libc.a : copy_decompress_none.c.obj (.text:decompress:none)
                  00007cee    00000002     --HOLE-- [fill = 0]
                  00007cf0    00000010     driverlib.a : dl_timer.o (.text.DL_Timer_setCaptureCompareValue)
                  00007d00    00000010     libc.a : k_rem_pio2.c.obj (.text.OUTLINED_FUNCTION_2)
                  00007d10    00000010     interrupt.o (.text.SysTick_Handler)
                  00007d20    00000010     u8g2_font.o (.text.u8g2_DrawUTF8)
                  00007d30    00000010     u8g2_setup.o (.text.u8g2_draw_l90_r0)
                  00007d40    00000010     libc.a : wcslen.c.obj (.text.wcslen)
                  00007d50    00000010            : copy_zero_init.c.obj (.text:decompress:ZI)
                  00007d60    0000000e     libclang_rt.builtins.a : aeabi_memset.S.obj (.text.__aeabi_memset)
                  00007d6e    0000000e     u8x8_byte.o (.text.i2c_delay)
                  00007d7c    0000000e     libc.a : _printfi.c.obj (.text.strlen)
                  00007d8a    0000000e     u8g2_font.o (.text.u8g2_font_get_word)
                  00007d98    0000000e     u8x8_display.o (.text.u8x8_InitDisplay)
                  00007da6    0000000e     u8x8_display.o (.text.u8x8_RefreshDisplay)
                  00007db4    0000000e     u8x8_display.o (.text.u8x8_SetPowerSave)
                  00007dc2    0000000e     u8x8_display.o (.text.u8x8_SetupMemory)
                  00007dd0    0000000e     u8x8_byte.o (.text.u8x8_byte_EndTransfer)
                  00007dde    0000000e     u8x8_byte.o (.text.u8x8_byte_SendBytes)
                  00007dec    0000000e     u8x8_byte.o (.text.u8x8_byte_StartTransfer)
                  00007dfa    0000000e     u8x8_cad.o (.text.u8x8_cad_EndTransfer)
                  00007e08    0000000e     u8x8_cad.o (.text.u8x8_cad_SendArg)
                  00007e16    0000000e     u8x8_cad.o (.text.u8x8_cad_SendCmd)
                  00007e24    0000000e     u8x8_cad.o (.text.u8x8_cad_SendData)
                  00007e32    0000000e     u8x8_cad.o (.text.u8x8_cad_StartTransfer)
                  00007e40    0000000c     mpu6050.o (.text.mpu6050_get_pitch)
                  00007e4c    0000000c     mpu6050.o (.text.mpu6050_get_roll)
                  00007e58    0000000c     mpu6050.o (.text.mpu6050_get_yaw)
                  00007e64    0000000c     mpu6050.o (.text.mpu6050_millis)
                  00007e70    0000000c     u8g2_hvline.o (.text.u8g2_SetDrawColor)
                  00007e7c    0000000c     u8g2_font.o (.text.u8g2_SetFontPosBaseline)
                  00007e88    0000000c     u8g2_d_memory.o (.text.u8g2_m_16_8_f)
                  00007e94    0000000a     driverlib.a : dl_common.o (.text.DL_Common_delayCycles)
                  00007e9e    0000000a     libc.a : _printfi.c.obj (.text.OUTLINED_FUNCTION_0)
                  00007ea8    00000010     libclang_rt.builtins.a : adddf3.S.obj (.tramp.__aeabi_dsub.1)
                  00007eb8    0000000a     libc.a : _printfi.c.obj (.text.OUTLINED_FUNCTION_1)
                  00007ec2    0000000a            : k_rem_pio2.c.obj (.text.OUTLINED_FUNCTION_1)
                  00007ecc    0000000a            : s_cosf.c.obj (.text.OUTLINED_FUNCTION_3)
                  00007ed6    0000000a            : s_sinf.c.obj (.text.OUTLINED_FUNCTION_3)
                  00007ee0    0000000a            : sprintf.c.obj (.text._outc)
                  00007eea    0000000a     u8x8_display.o (.text.u8x8_d_helper_display_setup_memory)
                  00007ef4    0000000a     u8x8_gpio.o (.text.u8x8_gpio_call)
                  00007efe    00000002     --HOLE-- [fill = 0]
                  00007f00    00000008     libc.a : aeabi_portable.c.obj (.text.__aeabi_errno_addr)
                  00007f08    00000008     libclang_rt.builtins.a : aeabi_memcpy.S.obj (.text.__aeabi_memcpy)
                  00007f10    00000008     mpu6050.o (.text.mpu6050_delay_ms)
                  00007f18    00000008     u8x8_8x8.o (.text.u8x8_utf8_init)
                  00007f20    00000006     libc.a : e_asinf.c.obj (.text.OUTLINED_FUNCTION_0)
                  00007f26    00000002     --HOLE-- [fill = 0]
                  00007f28    00000010     libclang_rt.builtins.a : mulsf3.S.obj (.tramp.__aeabi_fmul.1)
                  00007f38    00000006     libc.a : s_atanf.c.obj (.text.OUTLINED_FUNCTION_0)
                  00007f3e    00000002     --HOLE-- [fill = 0]
                  00007f40    00000010     libclang_rt.builtins.a : divsf3.S.obj (.tramp.__aeabi_fdiv.1)
                  00007f50    00000006     libc.a : s_cosf.c.obj (.text.OUTLINED_FUNCTION_0)
                  00007f56    00000002     --HOLE-- [fill = 0]
                  00007f58    00000010     libclang_rt.builtins.a : muldf3.S.obj (.tramp.__aeabi_dmul.1)
                  00007f68    00000006     libc.a : s_sinf.c.obj (.text.OUTLINED_FUNCTION_0)
                  00007f6e    00000006            : s_cosf.c.obj (.text.OUTLINED_FUNCTION_1)
                  00007f74    00000006            : s_sinf.c.obj (.text.OUTLINED_FUNCTION_1)
                  00007f7a    00000006     u8g2_font.o (.text.u8g2_SetFontDirection)
                  00007f80    00000006     u8g2_font.o (.text.u8g2_SetFontMode)
                  00007f86    00000006     libc.a : exit.c.obj (.text:abort)
                  00007f8c    00000004     libsysbm.a : hostexit.c.obj (.text.HOSTexit)
                  00007f90    00000004     libc.a : s_atanf.c.obj (.text.OUTLINED_FUNCTION_1)
                  00007f94    00000010     libclang_rt.builtins.a : addsf3.S.obj (.tramp.__aeabi_fadd.1)
                  00007fa4    00000004     libc.a : s_cosf.c.obj (.text.OUTLINED_FUNCTION_2)
                  00007fa8    00000010     libclang_rt.builtins.a : extendsfdf2.S.obj (.tramp.__aeabi_f2d.1)
                  00007fb8    00000004     libc.a : s_sinf.c.obj (.text.OUTLINED_FUNCTION_2)
                  00007fbc    00000004     startup_mspm0g350x_ticlang.o (.text.Reset_Handler)
                  00007fc0    00000004     libc.a : pre_init.c.obj (.text._system_pre_init)
                  00007fc4    00000004     u8g2_font.o (.text.u8g2_font_calc_vref_font)
                  00007fc8    00000008     --HOLE-- [fill = 0]

.cinit     0    00008c40    00000120     
                  00008c40    000000f8     (.cinit..data.load) [load image, compression = lzss]
                  00008d38    0000000c     (__TI_handler_table)
                  00008d44    00000008     (.cinit..bss.load) [load image, compression = zero_init]
                  00008d4c    00000010     (__TI_cinit_table)
                  00008d5c    00000004     --HOLE-- [fill = 0]

.rodata    0    00007fd0    00000c70     
                  00007fd0    0000069f     chinesetxt.o (.rodata.u8g2_font_unifont_st16)
                  0000866f    00000001     --HOLE-- [fill = 0]
                  00008670    00000108     libc.a : k_rem_pio2.c.obj (.rodata.ipio2)
                  00008778    00000008     ti_msp_dl_config.o (.rodata.gPWMAConfig)
                  00008780    00000101     libc.a : aeabi_ctype.S.obj (.rodata:__aeabi_ctype_table_)
                  00008881    00000007     draw.o (.rodata..Lswitch.table.HOME_directory.74)
                  00008888    00000040     libc.a : k_rem_pio2.c.obj (.rodata.PIo2)
                  000088c8    00000035     u8x8_d_ssd1306_128x64_noname.o (.rodata.u8x8_d_ssd1306_128x64_noname_init_seq)
                  000088fd    00000003     ti_msp_dl_config.o (.rodata.gPWMAClockConfig)
                  00008900    0000002c     mpu6050_service.o (.rodata.g_bus_config)
                  0000892c    0000002a     empty.o (.rodata.str1.16704889451495720520.1)
                  00008956    00000002     ti_msp_dl_config.o (.rodata.gI2C1ClockConfig)
                  00008958    00000028     ti_msp_dl_config.o (.rodata.gSYSPLLConfig)
                  00008980    00000020     libc.a : s_atanf.c.obj (.rodata.cst16)
                  000089a0    00000018     u8x8_d_ssd1306_128x64_noname.o (.rodata.u8x8_ssd1306_128x64_noname_display_info)
                  000089b8    00000014     ti_msp_dl_config.o (.rodata.gTIMER_TICKTimerConfig)
                  000089cc    00000014     empty.o (.rodata.str1.14685083708502177989.1)
                  000089e0    00000012     empty.o (.rodata.str1.254342170260855183.1)
                  000089f2    00000011     libc.a : _printfi.c.obj (.rodata.str1.10348868589481759720.1)
                  00008a03    00000011     empty.o (.rodata.str1.10926989522752758884.1)
                  00008a14    00000011     libc.a : _printfi.c.obj (.rodata.str1.15363888844622738466.1)
                  00008a25    00000003     ti_msp_dl_config.o (.rodata.gPWMBClockConfig)
                  00008a28    00000010     draw.o (.rodata..Lswitch.table.HOME_directory)
                  00008a38    00000010     electrical_machinery.o (.rodata..Lswitch.table.reset_motor_speed)
                  00008a48    00000010     draw.o (.rodata.cst16)
                  00008a58    00000010     libc.a : k_rem_pio2.c.obj (.rodata.cst16)
                  00008a68    0000000f     empty.o (.rodata.str1.9517790425240694019.1)
                  00008a77    0000000d     draw.o (.rodata.str1.11662179543728856056.1)
                  00008a84    0000000d     draw.o (.rodata.str1.15371446012953876463.1)
                  00008a91    0000000d     draw.o (.rodata.str1.3044352249193297061.1)
                  00008a9e    0000000d     draw.o (.rodata.str1.7146124109294951569.1)
                  00008aab    0000000d     draw.o (.rodata.str1.9363706946722908181.1)
                  00008ab8    0000000c     u8g2_setup.o (.rodata.u8g2_cb_r0)
                  00008ac4    0000000b     draw.o (.rodata.str1.16798678518866173547.1)
                  00008acf    0000000b     empty.o (.rodata.str1.17669528882079347314.1)
                  00008ada    0000000b     draw.o (.rodata.str1.3977530377744300196.1)
                  00008ae5    0000000b     draw.o (.rodata.str1.5092474850242601035.1)
                  00008af0    0000000a     ti_msp_dl_config.o (.rodata.gUART_0Config)
                  00008afa    0000000a     empty.o (.rodata.str1.11898133897667081452.1)
                  00008b04    00000009     draw.o (.rodata.str1.8511851625829648913.1)
                  00008b0d    00000003     ti_msp_dl_config.o (.rodata.gPWMCClockConfig)
                  00008b10    00000008     ti_msp_dl_config.o (.rodata.gPWMBConfig)
                  00008b18    00000008     ti_msp_dl_config.o (.rodata.gPWMCConfig)
                  00008b20    00000008     ti_msp_dl_config.o (.rodata.gPWMDConfig)
                  00008b28    00000007     draw.o (.rodata.str1.1222851238220204105.1)
                  00008b2f    00000007     draw.o (.rodata.str1.12927128395581683091.1)
                  00008b36    00000007     draw.o (.rodata.str1.16920298533707407236.1)
                  00008b3d    00000007     draw.o (.rodata.str1.3087611109763544748.1)
                  00008b44    00000007     draw.o (.rodata.str1.4769186932343429571.1)
                  00008b4b    00000007     draw.o (.rodata.str1.5047273646867282875.1)
                  00008b52    00000007     draw.o (.rodata.str1.7599327456358374941.1)
                  00008b59    00000007     u8x8_d_ssd1306_128x64_noname.o (.rodata.u8x8_d_ssd1306_128x64_noname_flip0_seq)
                  00008b60    00000007     u8x8_d_ssd1306_128x64_noname.o (.rodata.u8x8_d_ssd1306_128x64_noname_flip1_seq)
                  00008b67    00000006     draw.o (.rodata.str1.13516724617619185742.1)
                  00008b6d    00000006     draw.o (.rodata.str1.15074342113409833842.1)
                  00008b73    00000006     draw.o (.rodata.str1.3293259928865538337.1)
                  00008b79    00000006     draw.o (.rodata.str1.3993406505997153926.1)
                  00008b7f    00000006     draw.o (.rodata.str1.8931661920520104013.1)
                  00008b85    00000005     draw.o (.rodata.str1.11299763840726973552.1)
                  00008b8a    00000005     draw.o (.rodata.str1.13205193003298517140.1)
                  00008b8f    00000005     draw.o (.rodata.str1.15046184968404042663.1)
                  00008b94    00000005     draw.o (.rodata.str1.197789920646994554.1)
                  00008b99    00000005     draw.o (.rodata.str1.3856563774887557434.1)
                  00008b9e    00000005     draw.o (.rodata.str1.4274189854934693450.1)
                  00008ba3    00000005     draw.o (.rodata.str1.5892703727588417526.1)
                  00008ba8    00000005     draw.o (.rodata.str1.9387805006866944833.1)
                  00008bad    00000005     u8x8_d_ssd1306_128x64_noname.o (.rodata.u8x8_d_ssd1306_128x64_noname_powersave0_seq)
                  00008bb2    00000005     u8x8_d_ssd1306_128x64_noname.o (.rodata.u8x8_d_ssd1306_128x64_noname_powersave1_seq)
                  00008bb7    00000004     draw.o (.rodata.str1.10860614167785051322.1)
                  00008bbb    00000004     draw.o (.rodata.str1.11114186964174836109.1)
                  00008bbf    00000004     draw.o (.rodata.str1.11460969316090338202.1)
                  00008bc3    00000004     draw.o (.rodata.str1.13558645747875480796.1)
                  00008bc7    00000004     draw.o (.rodata.str1.13766420662825426875.1)
                  00008bcb    00000004     draw.o (.rodata.str1.14915676214180293299.1)
                  00008bcf    00000004     draw.o (.rodata.str1.16216427480567439757.1)
                  00008bd3    00000004     draw.o (.rodata.str1.17067162139742542313.1)
                  00008bd7    00000004     draw.o (.rodata.str1.17104632844336190317.1)
                  00008bdb    00000004     draw.o (.rodata.str1.17323698585101302928.1)
                  00008bdf    00000004     draw.o (.rodata.str1.17877410042743655113.1)
                  00008be3    00000004     draw.o (.rodata.str1.2536505494550489181.1)
                  00008be7    00000004     draw.o (.rodata.str1.2680053455445061944.1)
                  00008beb    00000004     draw.o (.rodata.str1.3602204908956033498.1)
                  00008bef    00000004     draw.o (.rodata.str1.4063744131834711033.1)
                  00008bf3    00000004     draw.o (.rodata.str1.4176646092053031004.1)
                  00008bf7    00000004     draw.o (.rodata.str1.439440656638192846.1)
                  00008bfb    00000004     draw.o (.rodata.str1.6628805185763255565.1)
                  00008bff    00000004     draw.o (.rodata.str1.9461052618368317133.1)
                  00008c03    00000004     draw.o (.rodata.str1.9590535064981708106.1)
                  00008c07    00000004     draw.o (.rodata.str1.9976906776139131669.1)
                  00008c0b    00000003     ti_msp_dl_config.o (.rodata.gPWMDClockConfig)
                  00008c0e    00000003     ti_msp_dl_config.o (.rodata.gTIMER_TICKClockConfig)
                  00008c11    00000003     draw.o (.rodata.str1.10335834370773872660.1)
                  00008c14    00000003     draw.o (.rodata.str1.12379070312978826538.1)
                  00008c17    00000003     draw.o (.rodata.str1.12753359286343333358.1)
                  00008c1a    00000003     draw.o (.rodata.str1.13338964051441701904.1)
                  00008c1d    00000003     empty.o (.rodata.str1.7401042497206923953.1)
                  00008c20    00000003     draw.o (.rodata.str1.8450940598119648634.1)
                  00008c23    00000002     ti_msp_dl_config.o (.rodata.gI2C_BUSClockConfig)
                  00008c25    00000002     ti_msp_dl_config.o (.rodata.gUART_0ClockConfig)
                  00008c27    00000002     draw.o (.rodata.str1.13901186772788639667.1)
                  00008c29    00000002     draw.o (.rodata.str1.15981432797632722681.1)
                  00008c2b    00000002     draw.o (.rodata.str1.16224708837686808630.1)
                  00008c2d    00000002     draw.o (.rodata.str1.17167547962068192002.1)
                  00008c2f    00000002     draw.o (.rodata.str1.6764898206403387013.1)
                  00008c31    00000002     draw.o (.rodata.str1.7901478166373039286.1)
                  00008c33    0000000d     --HOLE-- [fill = 0]

.init_array 
*          0    00000000    00000000     UNINITIALIZED

.binit     0    00000000    00000000     

.bss       0    20200000    0000062d     UNINITIALIZED
                  20200000    00000400     u8g2_d_memory.o (.bss.u8g2_m_16_8_f.buf)
                  20200400    000000a0     (.common:gPWMBBackup)
                  202004a0    000000a0     (.common:gPWMDBackup)
                  20200540    00000040     mpu6050.o (.bss.g_data)
                  20200580    0000002c     mpu6050.o (.bss.g_bus)
                  202005ac    00000020     mpu6050.o (.bss.g_filter)
                  202005cc    00000004     mpu6050_service.o (.bss.g_next_sample_ms)
                  202005d0    00000010     interrupt.o (.bss.motor_encoderA)
                  202005e0    00000010     interrupt.o (.bss.motor_encoderB)
                  202005f0    00000010     interrupt.o (.bss.motor_encoderC)
                  20200600    00000010     interrupt.o (.bss.motor_encoderD)
                  20200610    00000004     electrical_machinery.o (.bss.motor_speed_A)
                  20200614    00000004     electrical_machinery.o (.bss.motor_speed_B)
                  20200618    00000004     electrical_machinery.o (.bss.motor_speed_C)
                  2020061c    00000004     electrical_machinery.o (.bss.motor_speed_D)
                  20200620    00000004     (.common:id)
                  20200624    00000004     (.common:start_time)
                  20200628    00000004     (.common:tick_ms)
                  2020062c    00000001     mpu6050.o (.bss.g_i2c_nack_seen)

.data      0    20200630    000001cb     UNINITIALIZED
                  20200630    00000080     usart.o (.data.recv0_buff)
                  202006b0    00000024     draw.o (.data..compoundliteral.36)
                  202006d4    00000024     draw.o (.data..compoundliteral.45)
                  202006f8    00000020     draw.o (.data..compoundliteral.27)
                  20200718    00000020     draw.o (.data..compoundliteral)
                  20200738    0000001c     draw.o (.data..compoundliteral.14)
                  20200754    0000001c     draw.o (.data..compoundliteral.52)
                  20200770    0000001c     draw.o (.data..compoundliteral.54)
                  2020078c    00000014     draw.o (.data..compoundliteral.19)
                  202007a0    00000008     draw.o (.data..compoundliteral.56)
                  202007a8    00000008     draw.o (.data.directory)
                  202007b0    00000008     draw.o (.data.directory_num)
                  202007b8    00000004     draw.o (.data..compoundliteral.53)
                  202007bc    00000004     draw.o (.data..compoundliteral.7)
                  202007c0    00000004     interrupt.o (.data.GROUP1_IRQHandler.KEY1_start_time)
                  202007c4    00000004     interrupt.o (.data.GROUP1_IRQHandler.KEY2_start_time)
                  202007c8    00000004     interrupt.o (.data.GROUP1_IRQHandler.KEY3_start_time)
                  202007cc    00000004     interrupt.o (.data.GROUP1_IRQHandler.KEY4_start_time)
                  202007d0    00000004     electrical_machinery.o (.data.MAX)
                  202007d4    00000004     electrical_machinery.o (.data.MIN)
                  202007d8    00000004     libc.a : aeabi_portable.c.obj (.data.__aeabi_errno)
                  202007dc    00000004     draw.o (.data.kd)
                  202007e0    00000004     draw.o (.data.ki)
                  202007e4    00000004     draw.o (.data.kp)
                  202007e8    00000004     interrupt.o (.data.nextway)
                  202007ec    00000004     draw.o (.data.pid_rate)
                  202007f0    00000002     draw.o (.data..compoundliteral.55)
                  202007f2    00000002     usart.o (.data.recv0_length)
                  202007f4    00000001     draw.o (.data.base_speed)
                  202007f5    00000001     draw.o (.data.directory_flag)
                  202007f6    00000001     draw.o (.data.number_of_turns)
                  202007f7    00000001     usart.o (.data.recv0_flag)
                  202007f8    00000001     draw.o (.data.stop_flag)
                  202007f9    00000001     u8x8_cad.o (.data.u8x8_cad_ssd13xx_fast_i2c.in_transfer)
                  202007fa    00000001     draw.o (.data.xspeed)

.stack     0    20207e00    00000200     UNINITIALIZED
                  20207e00    00000004     libc.a : boot_cortex_m.c.obj (.stack)
                  20207e04    000001fc     --HOLE--

__llvm_prf_cnts 
*          0    20200000    00000000     UNINITIALIZED

__llvm_prf_bits 
*          0    20200000    00000000     UNINITIALIZED

MODULE SUMMARY

       Module                           code    ro data   rw data
       ------                           ----    -------   -------
    .\
       ti_msp_dl_config.o               2276    123       320    
       empty.o                          500     136       0      
       startup_mspm0g350x_ticlang.o     6       192       0      
    +--+--------------------------------+-------+---------+---------+
       Total:                           2782    451       320    
                                                                 
    .\BSP\
       interrupt.o                      608     0         84     
       usart.o                          160     0         131    
       clock.o                          140     0         8      
       electrical_machinery.o           92      16        24     
    +--+--------------------------------+-------+---------+---------+
       Total:                           1000    16        247    
                                                                 
    .\OLED\
       draw.o                           1792    376       299    
       oled.o                           232     0         0      
    +--+--------------------------------+-------+---------+---------+
       Total:                           2024    376       299    
                                                                 
    .\OLED\csrc\
       u8g2_font.o                      1850    0         0      
       chinesetxt.o                     0       1695      0      
       u8g2_d_memory.o                  12      0         1024   
       u8x8_byte.o                      906     0         0      
       u8x8_cad.o                       582     0         1      
       u8x8_d_ssd1306_128x64_noname.o   456     101       0      
       u8g2_ll_hvline.o                 532     0         0      
       u8g2_hvline.o                    282     0         0      
       u8g2_setup.o                     260     12        0      
       u8g2_buffer.o                    250     0         0      
       u8g2_box.o                       236     0         0      
       u8x8_display.o                   202     0         0      
       u8x8_8x8.o                       136     0         0      
       u8g2_intersection.o              94      0         0      
       u8g2_d_setup.o                   60      0         0      
       u8g2_cleardisplay.o              48      0         0      
       u8x8_setup.o                     40      0         0      
       u8x8_gpio.o                      10      0         0      
    +--+--------------------------------+-------+---------+---------+
       Total:                           5956    1808      1025   
                                                                 
    .\mpu6050\
       mpu6050.o                        4816    0         141    
       mpu6050_service.o                744     44        4      
    +--+--------------------------------+-------+---------+---------+
       Total:                           5560    44        145    
                                                                 
    G:/MSPM0 3507/CCS/mspm0_sdk_2_10_00_04/source/ti/driverlib/lib/ticlang/m0p/mspm0g1x0x_g3x0x/driverlib.a
       dl_timer.o                       608     0         0      
       dl_sysctl_mspm0g1x0x_g3x0x.o     316     0         0      
       dl_i2c.o                         146     0         0      
       dl_uart.o                        90      0         0      
       dl_common.o                      10      0         0      
    +--+--------------------------------+-------+---------+---------+
       Total:                           1170    0         0      
                                                                 
    G:\MSPM0 3507\CCS\ccs\tools\compiler\ti-cgt-armllvm_4.0.4.LTS\lib\armv6m-ti-none-eabi/c/libc.a
       _printfi.c.obj                   4510    34        0      
       k_rem_pio2.c.obj                 1652    344       0      
       s_cosf.c.obj                     822     0         0      
       s_sinf.c.obj                     810     0         0      
       s_atanf.c.obj                    466     32        0      
       e_sqrt.c.obj                     368     0         0      
       e_asinf.c.obj                    358     0         0      
       s_floor.c.obj                    324     0         0      
       e_atan2f.c.obj                   280     0         0      
       aeabi_ctype.S.obj                0       257       0      
       s_scalbn.c.obj                   216     0         0      
       e_sqrtf.c.obj                    160     0         0      
       memcpy16.S.obj                   154     0         0      
       ti_fmax.c.obj                    126     0         0      
       copy_decompress_lzss.c.obj       124     0         0      
       memset16.S.obj                   98      0         0      
       s_frexp.c.obj                    92      0         0      
       sprintf.c.obj                    90      0         0      
       _ltoa.c.obj                      88      0         0      
       atoi.c.obj                       64      0         0      
       autoinit.c.obj                   60      0         0      
       boot_cortex_m.c.obj              40      0         0      
       memccpy.c.obj                    34      0         0      
       copy_decompress_none.c.obj       18      0         0      
       copy_zero_init.c.obj             16      0         0      
       wcslen.c.obj                     16      0         0      
       aeabi_portable.c.obj             8       0         4      
       exit.c.obj                       6       0         0      
       pre_init.c.obj                   4       0         0      
    +--+--------------------------------+-------+---------+---------+
       Total:                           11004   667       4      
                                                                 
    G:\MSPM0 3507\CCS\ccs\tools\compiler\ti-cgt-armllvm_4.0.4.LTS\lib\armv6m-ti-none-eabi/c/libsysbm.a
       hostexit.c.obj                   4       0         0      
    +--+--------------------------------+-------+---------+---------+
       Total:                           4       0         0      
                                                                 
    G:\MSPM0 3507\CCS\ccs\tools\compiler\ti-cgt-armllvm_4.0.4.LTS\lib\armv6m-ti-none-eabi/libclang_rt.builtins.a
       adddf3.S.obj                     434     0         0      
       divdf3.S.obj                     268     0         0      
       muldf3.S.obj                     244     0         0      
       addsf3.S.obj                     232     0         0      
       comparedf2.c.obj                 220     0         0      
       udivmoddi4.S.obj                 162     0         0      
       mulsf3.S.obj                     156     0         0      
       divsf3.S.obj                     146     0         0      
       comparesf2.S.obj                 118     0         0      
       truncdfsf2.S.obj                 116     0         0      
       aeabi_dcmp.S.obj                 98      0         0      
       aeabi_fcmp.S.obj                 98      0         0      
       aeabi_idivmod.S.obj              86      0         0      
       extendsfdf2.S.obj                80      0         0      
       fixdfsi.S.obj                    74      0         0      
       aeabi_uidivmod.S.obj             64      0         0      
       floatsisf.S.obj                  60      0         0      
       muldsi3.S.obj                    58      0         0      
       fixsfsi.S.obj                    56      0         0      
       floatsidf.S.obj                  44      0         0      
       floatunsisf.S.obj                40      0         0      
       muldi3.S.obj                     36      0         0      
       ashldi3.S.obj                    30      0         0      
       aeabi_memset.S.obj               26      0         0      
       aeabi_uldivmod.S.obj             20      0         0      
       aeabi_memcpy.S.obj               8       0         0      
       aeabi_div0.c.obj                 4       0         0      
    +--+--------------------------------+-------+---------+---------+
       Total:                           2978    0         0      
                                                                 
       Stack:                           0       0         512    
       Linker Generated:                0       284       0      
    +--+--------------------------------+-------+---------+---------+
       Grand Total:                     32478   3646      2552   


LINKER GENERATED COPY TABLES

__TI_cinit_table @ 00008d4c records: 2, size/record: 8, table size: 16
	.data: load addr=00008c40, load size=000000f8 bytes, run addr=20200630, run size=000001cb bytes, compression=lzss
	.bss: load addr=00008d44, load size=00000008 bytes, run addr=20200000, run size=0000062d bytes, compression=zero_init


LINKER GENERATED HANDLER TABLE

__TI_handler_table @ 00008d38 records: 3, size/record: 4, table size: 12
	index: 0, handler: __TI_decompress_lzss
	index: 1, handler: __TI_decompress_none
	index: 2, handler: __TI_zero_init


FAR CALL TRAMPOLINES

callee name               trampoline name
   callee addr  tramp addr   call addr  call info
--------------  -----------  ---------  ----------------
__aeabi_dadd              $Tramp$TT$L$PI$$__aeabi_dadd
   00003ea7     00007c54     00007c50   libc.a : k_rem_pio2.c.obj (.text.OUTLINED_FUNCTION_0)
                             00007eca          : k_rem_pio2.c.obj (.text.OUTLINED_FUNCTION_1)
                             00007ed4          : s_cosf.c.obj (.text.OUTLINED_FUNCTION_3)
                             00007ede          : s_sinf.c.obj (.text.OUTLINED_FUNCTION_3)
__aeabi_dsub              $Tramp$TT$L$PI$$__aeabi_dsub
   00003e9d     00007ea8     00007ea6   libc.a : _printfi.c.obj (.text.OUTLINED_FUNCTION_0)
__aeabi_fmul              $Tramp$TT$L$PI$$__aeabi_fmul
   000063bd     00007f28     00007f24   libc.a : e_asinf.c.obj (.text.OUTLINED_FUNCTION_0)
__aeabi_fdiv              $Tramp$TT$L$PI$$__aeabi_fdiv
   000064d1     00007f40     00007f3c   libc.a : s_atanf.c.obj (.text.OUTLINED_FUNCTION_0)
__aeabi_dmul              $Tramp$TT$L$PI$$__aeabi_dmul
   00005789     00007f58     00007f54   libc.a : s_cosf.c.obj (.text.OUTLINED_FUNCTION_0)
                             00007f6c          : s_sinf.c.obj (.text.OUTLINED_FUNCTION_0)
                             00007f72          : s_cosf.c.obj (.text.OUTLINED_FUNCTION_1)
                             00007f78          : s_sinf.c.obj (.text.OUTLINED_FUNCTION_1)
__aeabi_fadd              $Tramp$TT$L$PI$$__aeabi_fadd
   00005a2b     00007f94     00007f92   libc.a : s_atanf.c.obj (.text.OUTLINED_FUNCTION_1)
__aeabi_f2d               $Tramp$TT$L$PI$$__aeabi_f2d
   0000744d     00007fa8     00007fa6   libc.a : s_cosf.c.obj (.text.OUTLINED_FUNCTION_2)
                             00007fba          : s_sinf.c.obj (.text.OUTLINED_FUNCTION_2)

[7 trampolines]
[14 trampoline calls]


GLOBAL SYMBOLS: SORTED ALPHABETICALLY BY Name 

address   name                                  
-------   ----                                  
0000402f  ADC0_IRQHandler                       
0000402f  ADC1_IRQHandler                       
0000402f  AES_IRQHandler                        
00007f8c  C$$EXIT                               
0000402f  CANFD0_IRQHandler                     
0000402f  DAC0_IRQHandler                       
00007e95  DL_Common_delayCycles                 
00007845  DL_I2C_flushControllerRXFIFO          
0000758d  DL_I2C_flushControllerTXFIFO          
00007a31  DL_I2C_setClockConfig                 
00007b69  DL_SYSCTL_configFCC                   
0000586d  DL_SYSCTL_configSYSPLL                
00007389  DL_SYSCTL_switchMCLKfromSYSOSCtoHSCLK 
000051a1  DL_Timer_initFourCCPWMMode            
000054a9  DL_Timer_initTimerMode                
00007b85  DL_Timer_setCaptCompUpdateMethod      
00007bf5  DL_Timer_setCaptureCompareOutCtl      
00007cf1  DL_Timer_setCaptureCompareValue       
00007ba1  DL_Timer_setClockConfig               
00007269  DL_UART_init                          
00007cb9  DL_UART_setClockConfig                
0000402f  DMA_IRQHandler                        
0000402f  Default_Handler                       
0000402f  GROUP0_IRQHandler                     
00003b4d  GROUP1_IRQHandler                     
0000185d  HOME_directory                        
00007f8d  HOSTexit                              
0000402f  HardFault_Handler                     
0000402f  I2C0_IRQHandler                       
0000402f  I2C1_IRQHandler                       
202007d0  MAX                                   
202007d4  MIN                                   
0000402f  NMI_Handler                           
000073cd  OLED_SHOW                             
00005c89  PID_CONTROL                           
0000402f  PendSV_Handler                        
0000402f  RTC_IRQHandler                        
00007fbd  Reset_Handler                         
0000402f  SPI0_IRQHandler                       
0000402f  SPI1_IRQHandler                       
0000402f  SVC_Handler                           
00003cf9  SYSCFG_DL_GPIO_init                   
00007875  SYSCFG_DL_I2C1_init                   
0000708d  SYSCFG_DL_I2C_BUS_init                
000069dd  SYSCFG_DL_PWMA_init                   
00006745  SYSCFG_DL_PWMB_init                   
000067b5  SYSCFG_DL_PWMC_init                   
00006825  SYSCFG_DL_PWMD_init                   
0000212d  SYSCFG_DL_SYSCTL_SYSPLL_init          
00005d49  SYSCFG_DL_SYSCTL_init                 
00007bbd  SYSCFG_DL_SYSTICK_init                
000072b1  SYSCFG_DL_TIMER_TICK_init             
00006895  SYSCFG_DL_UART_0_init                 
000072f9  SYSCFG_DL_init                        
00006449  SYSCFG_DL_initPower                   
00007d11  SysTick_Handler                       
00006ed5  SysTick_Init                          
0000402f  TIMA0_IRQHandler                      
0000402f  TIMA1_IRQHandler                      
00006b15  TIMG0_IRQHandler                      
0000402f  TIMG12_IRQHandler                     
0000402f  TIMG6_IRQHandler                      
0000402f  TIMG7_IRQHandler                      
0000402f  TIMG8_IRQHandler                      
00006f2d  UART0_IRQHandler                      
0000402f  UART1_IRQHandler                      
0000402f  UART2_IRQHandler                      
0000402f  UART3_IRQHandler                      
00007c0d  USART_Init                            
000078a5  USART_SendString                      
20208000  __STACK_END                           
00000200  __STACK_SIZE                          
00000000  __TI_ATRegion0_region_sz              
00000000  __TI_ATRegion0_src_addr               
00000000  __TI_ATRegion0_trg_addr               
00000000  __TI_ATRegion1_region_sz              
00000000  __TI_ATRegion1_src_addr               
00000000  __TI_ATRegion1_trg_addr               
00000000  __TI_ATRegion2_region_sz              
00000000  __TI_ATRegion2_src_addr               
00000000  __TI_ATRegion2_trg_addr               
00008d4c  __TI_CINIT_Base                       
00008d5c  __TI_CINIT_Limit                      
00008d5c  __TI_CINIT_Warm                       
00008d38  __TI_Handler_Table_Base               
00008d44  __TI_Handler_Table_Limit              
000076b9  __TI_auto_init_nobinit_nopinit        
000065d5  __TI_decompress_lzss                  
00007cdd  __TI_decompress_none                  
00006f85  __TI_ltoa                             
ffffffff  __TI_pprof_out_hndl                   
000000c1  __TI_printfi                          
ffffffff  __TI_prof_data_size                   
ffffffff  __TI_prof_data_start                  
00000000  __TI_static_base__                    
00007d51  __TI_zero_init                        
00003ea7  __adddf3                              
00005a2b  __addsf3                              
00008780  __aeabi_ctype_table_                  
00008780  __aeabi_ctype_table_C                 
000066d1  __aeabi_d2f                           
000071d5  __aeabi_d2iz                          
00003ea7  __aeabi_dadd                          
00006b79  __aeabi_dcmpeq                        
00006bb5  __aeabi_dcmpge                        
00006bc9  __aeabi_dcmpgt                        
00006ba1  __aeabi_dcmple                        
00006b8d  __aeabi_dcmplt                        
00005095  __aeabi_ddiv                          
00005789  __aeabi_dmul                          
00003e9d  __aeabi_dsub                          
202007d8  __aeabi_errno                         
00007f01  __aeabi_errno_addr                    
0000744d  __aeabi_f2d                           
0000776d  __aeabi_f2iz                          
00005a2b  __aeabi_fadd                          
00006bdd  __aeabi_fcmpeq                        
00006c19  __aeabi_fcmpge                        
00006c2d  __aeabi_fcmpgt                        
00006c05  __aeabi_fcmple                        
00006bf1  __aeabi_fcmplt                        
000064d1  __aeabi_fdiv                          
000063bd  __aeabi_fmul                          
00005a21  __aeabi_fsub                          
00007935  __aeabi_i2d                           
000075c9  __aeabi_i2f                           
00007035  __aeabi_idiv                          
00004c2b  __aeabi_idiv0                         
00007035  __aeabi_idivmod                       
000053a7  __aeabi_ldiv0                         
00007b2d  __aeabi_llsl                          
00007a59  __aeabi_lmul                          
000066c5  __aeabi_memclr                        
000066c5  __aeabi_memclr4                       
000066c5  __aeabi_memclr8                       
00007f09  __aeabi_memcpy                        
00007f09  __aeabi_memcpy4                       
00007f09  __aeabi_memcpy8                       
00007d61  __aeabi_memset                        
00007d61  __aeabi_memset4                       
00007d61  __aeabi_memset8                       
000079b9  __aeabi_ui2f                          
0000740d  __aeabi_uidiv                         
0000740d  __aeabi_uidivmod                      
00007c91  __aeabi_uldivmod                      
00007b2d  __ashldi3                             
ffffffff  __binit__                             
00006a45  __cmpdf2                              
000076f5  __cmpsf2                              
00005095  __divdf3                              
000064d1  __divsf3                              
00006a45  __eqdf2                               
000076f5  __eqsf2                               
0000744d  __extendsfdf2                         
000071d5  __fixdfsi                             
0000776d  __fixsfsi                             
00007935  __floatsidf                           
000075c9  __floatsisf                           
000079b9  __floatunsisf                         
00006651  __gedf2                               
00007605  __gesf2                               
00006651  __gtdf2                               
00007605  __gtsf2                               
00001219  __kernel_rem_pio2                     
00006a45  __ledf2                               
000076f5  __lesf2                               
00006a45  __ltdf2                               
000076f5  __ltsf2                               
UNDEFED   __mpu_init                            
00005789  __muldf3                              
00007a59  __muldi3                              
00007731  __muldsi3                             
000063bd  __mulsf3                              
00006a45  __nedf2                               
000076f5  __nesf2                               
20207e00  __stack                               
20200000  __start___llvm_prf_bits               
20200000  __start___llvm_prf_cnts               
20200000  __stop___llvm_prf_bits                
20200000  __stop___llvm_prf_cnts                
00003e9d  __subdf3                              
00005a21  __subsf3                              
000066d1  __truncdfsf2                          
00006005  __udivmoddi4                          
00007a09  _c_int00_noargs                       
UNDEFED   _system_post_cinit                    
00007fc1  _system_pre_init                      
00007f87  abort                                 
00004601  asinf                                 
00004e69  atan2f                                
0000343d  atanf                                 
0000748d  atoi                                  
202007f4  base_speed                            
ffffffff  binit                                 
00006dc1  calculate_motor_speed                 
00003269  cosf                                  
202007a8  directory                             
202007f5  directory_flag                        
202007b0  directory_num                         
00004761  floor                                 
00004761  floorl                                
000074cd  fmaxf                                 
0000754d  fminf                                 
00006e1d  frexp                                 
00006e1d  frexpl                                
20200400  gPWMBBackup                           
202004a0  gPWMDBackup                           
0000750d  get_encoder_count                     
20200620  id                                    
00000000  interruptVectors                      
202007dc  kd                                    
202007e0  ki                                    
202007e4  kp                                    
00005949  ldexp                                 
00005949  ldexpl                                
00002e99  main                                  
00007ae9  memccpy                               
00006321  memcpy                                
00006c3f  memset                                
00007f11  mpu6050_delay_ms                      
00007e41  mpu6050_get_pitch                     
00007e4d  mpu6050_get_roll                      
00007e59  mpu6050_get_yaw                       
000049e1  mpu6050_init                          
00007e65  mpu6050_millis                        
000023d5  mpu6050_service_init                  
00006e79  mpu6050_service_process               
00000a91  mpu6050_update                        
000077dd  mspm0_delay_ms                        
202007e8  nextway                               
202007f6  number_of_turns                       
202007ec  pid_rate                              
20200630  recv0_buff                            
202007f7  recv0_flag                            
202007f2  recv0_length                          
00005949  scalbn                                
00005949  scalbnl                               
00003605  sinf                                  
000077a5  sprintf                               
00004329  sqrt                                  
000060a9  sqrtf                                 
00004329  sqrtl                                 
20200624  start_time                            
202007f8  stop_flag                             
20200628  tick_ms                               
00007341  u8g2Init                              
00007c65  u8g2_ClearBuffer                      
00007905  u8g2_ClearDisplay                     
0000569d  u8g2_DrawBox                          
000055a5  u8g2_DrawHVLine                       
00007d21  u8g2_DrawUTF8                         
00007961  u8g2_FirstPage                        
00006d61  u8g2_IsIntersection                   
0000721f  u8g2_NextPage                         
00007bd9  u8g2_SetBufferCurrTileRow             
00007e71  u8g2_SetDrawColor                     
00005bc5  u8g2_SetFont                          
00007f7b  u8g2_SetFontDirection                 
00007f81  u8g2_SetFontMode                      
00007e7d  u8g2_SetFontPosBaseline               
00006ca1  u8g2_SetupBuffer                      
0000767d  u8g2_Setup_ssd1306_i2c_128x64_noname_f
00007aa1  u8g2_add_vector_x                     
00007ac5  u8g2_add_vector_y                     
00008ab8  u8g2_cb_r0                            
00007c7b  u8g2_draw_hv_line_2dir                
00007d31  u8g2_draw_l90_r0                      
00007fc5  u8g2_font_calc_vref_font              
00001e5d  u8g2_font_decode_glyph                
00004b09  u8g2_font_decode_len                  
000052a5  u8g2_font_get_glyph_data              
00007fd0  u8g2_font_unifont_st16                
00002c85  u8g2_ll_hvline_vertical_top_lsb       
00007e89  u8g2_m_16_8_f                         
00007811  u8g2_update_dimension_r0              
00006d01  u8g2_update_page_win_r0               
00007b4b  u8x8_DrawTile                         
00007d99  u8x8_InitDisplay                      
00007da7  u8x8_RefreshDisplay                   
00007db5  u8x8_SetPowerSave                     
000079e1  u8x8_Setup                            
00007dc3  u8x8_SetupMemory                      
00007dd1  u8x8_byte_EndTransfer                 
00007ccb  u8x8_byte_SendByte                    
00007ddf  u8x8_byte_SendBytes                   
00007ded  u8x8_byte_StartTransfer               
00004031  u8x8_byte_sw_i2c                      
00007dfb  u8x8_cad_EndTransfer                  
00007e09  u8x8_cad_SendArg                      
00007e17  u8x8_cad_SendCmd                      
00007e25  u8x8_cad_SendData                     
00006905  u8x8_cad_SendSequence                 
00007e33  u8x8_cad_StartTransfer                
00004499  u8x8_cad_ssd13xx_fast_i2c             
00006971  u8x8_d_helper_display_init            
00007eeb  u8x8_d_helper_display_setup_memory    
00007189  u8x8_d_ssd1306_128x64_noname          
00006149  u8x8_gpio_and_delay                   
00007ef5  u8x8_gpio_call                        
00007f19  u8x8_utf8_init                        
00006555  u8x8_utf8_next                        
00007d41  wcslen                                
202007fa  xspeed                                


GLOBAL SYMBOLS: SORTED BY Symbol Address 

address   name                                  
-------   ----                                  
00000000  __TI_ATRegion0_region_sz              
00000000  __TI_ATRegion0_src_addr               
00000000  __TI_ATRegion0_trg_addr               
00000000  __TI_ATRegion1_region_sz              
00000000  __TI_ATRegion1_src_addr               
00000000  __TI_ATRegion1_trg_addr               
00000000  __TI_ATRegion2_region_sz              
00000000  __TI_ATRegion2_src_addr               
00000000  __TI_ATRegion2_trg_addr               
00000000  __TI_static_base__                    
00000000  interruptVectors                      
000000c1  __TI_printfi                          
00000200  __STACK_SIZE                          
00000a91  mpu6050_update                        
00001219  __kernel_rem_pio2                     
0000185d  HOME_directory                        
00001e5d  u8g2_font_decode_glyph                
0000212d  SYSCFG_DL_SYSCTL_SYSPLL_init          
000023d5  mpu6050_service_init                  
00002c85  u8g2_ll_hvline_vertical_top_lsb       
00002e99  main                                  
00003269  cosf                                  
0000343d  atanf                                 
00003605  sinf                                  
00003b4d  GROUP1_IRQHandler                     
00003cf9  SYSCFG_DL_GPIO_init                   
00003e9d  __aeabi_dsub                          
00003e9d  __subdf3                              
00003ea7  __adddf3                              
00003ea7  __aeabi_dadd                          
0000402f  ADC0_IRQHandler                       
0000402f  ADC1_IRQHandler                       
0000402f  AES_IRQHandler                        
0000402f  CANFD0_IRQHandler                     
0000402f  DAC0_IRQHandler                       
0000402f  DMA_IRQHandler                        
0000402f  Default_Handler                       
0000402f  GROUP0_IRQHandler                     
0000402f  HardFault_Handler                     
0000402f  I2C0_IRQHandler                       
0000402f  I2C1_IRQHandler                       
0000402f  NMI_Handler                           
0000402f  PendSV_Handler                        
0000402f  RTC_IRQHandler                        
0000402f  SPI0_IRQHandler                       
0000402f  SPI1_IRQHandler                       
0000402f  SVC_Handler                           
0000402f  TIMA0_IRQHandler                      
0000402f  TIMA1_IRQHandler                      
0000402f  TIMG12_IRQHandler                     
0000402f  TIMG6_IRQHandler                      
0000402f  TIMG7_IRQHandler                      
0000402f  TIMG8_IRQHandler                      
0000402f  UART1_IRQHandler                      
0000402f  UART2_IRQHandler                      
0000402f  UART3_IRQHandler                      
00004031  u8x8_byte_sw_i2c                      
00004329  sqrt                                  
00004329  sqrtl                                 
00004499  u8x8_cad_ssd13xx_fast_i2c             
00004601  asinf                                 
00004761  floor                                 
00004761  floorl                                
000049e1  mpu6050_init                          
00004b09  u8g2_font_decode_len                  
00004c2b  __aeabi_idiv0                         
00004e69  atan2f                                
00005095  __aeabi_ddiv                          
00005095  __divdf3                              
000051a1  DL_Timer_initFourCCPWMMode            
000052a5  u8g2_font_get_glyph_data              
000053a7  __aeabi_ldiv0                         
000054a9  DL_Timer_initTimerMode                
000055a5  u8g2_DrawHVLine                       
0000569d  u8g2_DrawBox                          
00005789  __aeabi_dmul                          
00005789  __muldf3                              
0000586d  DL_SYSCTL_configSYSPLL                
00005949  ldexp                                 
00005949  ldexpl                                
00005949  scalbn                                
00005949  scalbnl                               
00005a21  __aeabi_fsub                          
00005a21  __subsf3                              
00005a2b  __addsf3                              
00005a2b  __aeabi_fadd                          
00005bc5  u8g2_SetFont                          
00005c89  PID_CONTROL                           
00005d49  SYSCFG_DL_SYSCTL_init                 
00006005  __udivmoddi4                          
000060a9  sqrtf                                 
00006149  u8x8_gpio_and_delay                   
00006321  memcpy                                
000063bd  __aeabi_fmul                          
000063bd  __mulsf3                              
00006449  SYSCFG_DL_initPower                   
000064d1  __aeabi_fdiv                          
000064d1  __divsf3                              
00006555  u8x8_utf8_next                        
000065d5  __TI_decompress_lzss                  
00006651  __gedf2                               
00006651  __gtdf2                               
000066c5  __aeabi_memclr                        
000066c5  __aeabi_memclr4                       
000066c5  __aeabi_memclr8                       
000066d1  __aeabi_d2f                           
000066d1  __truncdfsf2                          
00006745  SYSCFG_DL_PWMB_init                   
000067b5  SYSCFG_DL_PWMC_init                   
00006825  SYSCFG_DL_PWMD_init                   
00006895  SYSCFG_DL_UART_0_init                 
00006905  u8x8_cad_SendSequence                 
00006971  u8x8_d_helper_display_init            
000069dd  SYSCFG_DL_PWMA_init                   
00006a45  __cmpdf2                              
00006a45  __eqdf2                               
00006a45  __ledf2                               
00006a45  __ltdf2                               
00006a45  __nedf2                               
00006b15  TIMG0_IRQHandler                      
00006b79  __aeabi_dcmpeq                        
00006b8d  __aeabi_dcmplt                        
00006ba1  __aeabi_dcmple                        
00006bb5  __aeabi_dcmpge                        
00006bc9  __aeabi_dcmpgt                        
00006bdd  __aeabi_fcmpeq                        
00006bf1  __aeabi_fcmplt                        
00006c05  __aeabi_fcmple                        
00006c19  __aeabi_fcmpge                        
00006c2d  __aeabi_fcmpgt                        
00006c3f  memset                                
00006ca1  u8g2_SetupBuffer                      
00006d01  u8g2_update_page_win_r0               
00006d61  u8g2_IsIntersection                   
00006dc1  calculate_motor_speed                 
00006e1d  frexp                                 
00006e1d  frexpl                                
00006e79  mpu6050_service_process               
00006ed5  SysTick_Init                          
00006f2d  UART0_IRQHandler                      
00006f85  __TI_ltoa                             
00007035  __aeabi_idiv                          
00007035  __aeabi_idivmod                       
0000708d  SYSCFG_DL_I2C_BUS_init                
00007189  u8x8_d_ssd1306_128x64_noname          
000071d5  __aeabi_d2iz                          
000071d5  __fixdfsi                             
0000721f  u8g2_NextPage                         
00007269  DL_UART_init                          
000072b1  SYSCFG_DL_TIMER_TICK_init             
000072f9  SYSCFG_DL_init                        
00007341  u8g2Init                              
00007389  DL_SYSCTL_switchMCLKfromSYSOSCtoHSCLK 
000073cd  OLED_SHOW                             
0000740d  __aeabi_uidiv                         
0000740d  __aeabi_uidivmod                      
0000744d  __aeabi_f2d                           
0000744d  __extendsfdf2                         
0000748d  atoi                                  
000074cd  fmaxf                                 
0000750d  get_encoder_count                     
0000754d  fminf                                 
0000758d  DL_I2C_flushControllerTXFIFO          
000075c9  __aeabi_i2f                           
000075c9  __floatsisf                           
00007605  __gesf2                               
00007605  __gtsf2                               
0000767d  u8g2_Setup_ssd1306_i2c_128x64_noname_f
000076b9  __TI_auto_init_nobinit_nopinit        
000076f5  __cmpsf2                              
000076f5  __eqsf2                               
000076f5  __lesf2                               
000076f5  __ltsf2                               
000076f5  __nesf2                               
00007731  __muldsi3                             
0000776d  __aeabi_f2iz                          
0000776d  __fixsfsi                             
000077a5  sprintf                               
000077dd  mspm0_delay_ms                        
00007811  u8g2_update_dimension_r0              
00007845  DL_I2C_flushControllerRXFIFO          
00007875  SYSCFG_DL_I2C1_init                   
000078a5  USART_SendString                      
00007905  u8g2_ClearDisplay                     
00007935  __aeabi_i2d                           
00007935  __floatsidf                           
00007961  u8g2_FirstPage                        
000079b9  __aeabi_ui2f                          
000079b9  __floatunsisf                         
000079e1  u8x8_Setup                            
00007a09  _c_int00_noargs                       
00007a31  DL_I2C_setClockConfig                 
00007a59  __aeabi_lmul                          
00007a59  __muldi3                              
00007aa1  u8g2_add_vector_x                     
00007ac5  u8g2_add_vector_y                     
00007ae9  memccpy                               
00007b2d  __aeabi_llsl                          
00007b2d  __ashldi3                             
00007b4b  u8x8_DrawTile                         
00007b69  DL_SYSCTL_configFCC                   
00007b85  DL_Timer_setCaptCompUpdateMethod      
00007ba1  DL_Timer_setClockConfig               
00007bbd  SYSCFG_DL_SYSTICK_init                
00007bd9  u8g2_SetBufferCurrTileRow             
00007bf5  DL_Timer_setCaptureCompareOutCtl      
00007c0d  USART_Init                            
00007c65  u8g2_ClearBuffer                      
00007c7b  u8g2_draw_hv_line_2dir                
00007c91  __aeabi_uldivmod                      
00007cb9  DL_UART_setClockConfig                
00007ccb  u8x8_byte_SendByte                    
00007cdd  __TI_decompress_none                  
00007cf1  DL_Timer_setCaptureCompareValue       
00007d11  SysTick_Handler                       
00007d21  u8g2_DrawUTF8                         
00007d31  u8g2_draw_l90_r0                      
00007d41  wcslen                                
00007d51  __TI_zero_init                        
00007d61  __aeabi_memset                        
00007d61  __aeabi_memset4                       
00007d61  __aeabi_memset8                       
00007d99  u8x8_InitDisplay                      
00007da7  u8x8_RefreshDisplay                   
00007db5  u8x8_SetPowerSave                     
00007dc3  u8x8_SetupMemory                      
00007dd1  u8x8_byte_EndTransfer                 
00007ddf  u8x8_byte_SendBytes                   
00007ded  u8x8_byte_StartTransfer               
00007dfb  u8x8_cad_EndTransfer                  
00007e09  u8x8_cad_SendArg                      
00007e17  u8x8_cad_SendCmd                      
00007e25  u8x8_cad_SendData                     
00007e33  u8x8_cad_StartTransfer                
00007e41  mpu6050_get_pitch                     
00007e4d  mpu6050_get_roll                      
00007e59  mpu6050_get_yaw                       
00007e65  mpu6050_millis                        
00007e71  u8g2_SetDrawColor                     
00007e7d  u8g2_SetFontPosBaseline               
00007e89  u8g2_m_16_8_f                         
00007e95  DL_Common_delayCycles                 
00007eeb  u8x8_d_helper_display_setup_memory    
00007ef5  u8x8_gpio_call                        
00007f01  __aeabi_errno_addr                    
00007f09  __aeabi_memcpy                        
00007f09  __aeabi_memcpy4                       
00007f09  __aeabi_memcpy8                       
00007f11  mpu6050_delay_ms                      
00007f19  u8x8_utf8_init                        
00007f7b  u8g2_SetFontDirection                 
00007f81  u8g2_SetFontMode                      
00007f87  abort                                 
00007f8c  C$$EXIT                               
00007f8d  HOSTexit                              
00007fbd  Reset_Handler                         
00007fc1  _system_pre_init                      
00007fc5  u8g2_font_calc_vref_font              
00007fd0  u8g2_font_unifont_st16                
00008780  __aeabi_ctype_table_                  
00008780  __aeabi_ctype_table_C                 
00008ab8  u8g2_cb_r0                            
00008d38  __TI_Handler_Table_Base               
00008d44  __TI_Handler_Table_Limit              
00008d4c  __TI_CINIT_Base                       
00008d5c  __TI_CINIT_Limit                      
00008d5c  __TI_CINIT_Warm                       
20200000  __start___llvm_prf_bits               
20200000  __start___llvm_prf_cnts               
20200000  __stop___llvm_prf_bits                
20200000  __stop___llvm_prf_cnts                
20200400  gPWMBBackup                           
202004a0  gPWMDBackup                           
20200620  id                                    
20200624  start_time                            
20200628  tick_ms                               
20200630  recv0_buff                            
202007a8  directory                             
202007b0  directory_num                         
202007d0  MAX                                   
202007d4  MIN                                   
202007d8  __aeabi_errno                         
202007dc  kd                                    
202007e0  ki                                    
202007e4  kp                                    
202007e8  nextway                               
202007ec  pid_rate                              
202007f2  recv0_length                          
202007f4  base_speed                            
202007f5  directory_flag                        
202007f6  number_of_turns                       
202007f7  recv0_flag                            
202007f8  stop_flag                             
202007fa  xspeed                                
20207e00  __stack                               
20208000  __STACK_END                           
ffffffff  __TI_pprof_out_hndl                   
ffffffff  __TI_prof_data_size                   
ffffffff  __TI_prof_data_start                  
ffffffff  __binit__                             
ffffffff  binit                                 
UNDEFED   __mpu_init                            
UNDEFED   _system_post_cinit                    

[303 symbols]
