******************************************************************************
            TI ARM Clang Linker PC v4.0.4                      
******************************************************************************
>> Linked Sun Jul  5 11:59:26 2026

OUTPUT FILE NAME:   <Autocar.out>
ENTRY POINT SYMBOL: "_c_int00_noargs"  address: 000004b9


MEMORY CONFIGURATION

         name            origin    length      used     unused   attr    fill
----------------------  --------  ---------  --------  --------  ----  --------
  FLASH                 00000000   00020000  000005b0  0001fa50  R  X
  SRAM                  20200000   00008000  000002ca  00007d36  RW X
  BCR_CONFIG            41c00000   000000ff  00000000  000000ff  R   
  BSL_CONFIG            41c00100   00000080  00000000  00000080  R   


SEGMENT ALLOCATION MAP

run origin  load origin   length   init length attrs members
----------  ----------- ---------- ----------- ----- -------
00000000    00000000    000005b0   000005b0    r-x
  00000000    00000000    000000c0   000000c0    r-- .intvecs
  000000c0    000000c0    000004b0   000004b0    r-x .text
  00000570    00000570    00000010   00000010    r-- .rodata
  00000580    00000580    00000030   00000030    r-- .cinit
20200000    20200000    000000ca   00000000    rw-
  20200000    20200000    000000c8   00000000    rw- .bss
  202000c8    202000c8    00000002   00000000    rw- .data
20207e00    20207e00    00000200   00000000    rw-
  20207e00    20207e00    00000200   00000000    rw- .stack


SECTION ALLOCATION MAP

 output                                  attributes/
section   page    origin      length       input sections
--------  ----  ----------  ----------   ----------------
.intvecs   0    00000000    000000c0     
                  00000000    000000c0     startup_mspm0g350x_ticlang.o (.intvecs)

.text      0    000000c0    000004b0     
                  000000c0    000000b0     ti_msp_dl_config.o (.text.SYSCFG_DL_GPIO_init)
                  00000170    0000009a     libc.a : memcpy16.S.obj (.text:memcpy)
                  0000020a    00000002     startup_mspm0g350x_ticlang.o (.text.Default_Handler)
                  0000020c    00000088     ti_msp_dl_config.o (.text.SYSCFG_DL_UART_2_init)
                  00000294    0000007c     libc.a : copy_decompress_lzss.c.obj (.text:decompress:lzss)
                  00000310    0000006c     key.o (.text.GROUP1_IRQHandler)
                  0000037c    00000048     driverlib.a : dl_uart.o (.text.DL_UART_init)
                  000003c4    00000044     hc05.o (.text.UART2_IRQHandler)
                  00000408    00000040     ti_msp_dl_config.o (.text.SYSCFG_DL_SYSCTL_init)
                  00000448    0000003c     libc.a : autoinit.c.obj (.text:__TI_auto_init_nobinit_nopinit)
                  00000484    00000034     ti_msp_dl_config.o (.text.SYSCFG_DL_initPower)
                  000004b8    00000028     libc.a : boot_cortex_m.c.obj (.text:_c_int00_noargs)
                  000004e0    00000016            : copy_zero_init.c.obj (.text:decompress:ZI:__TI_zero_init_nomemset)
                  000004f6    00000014     ti_msp_dl_config.o (.text.SYSCFG_DL_init)
                  0000050a    00000012     driverlib.a : dl_uart.o (.text.DL_UART_setClockConfig)
                  0000051c    00000012     libc.a : copy_decompress_none.c.obj (.text:decompress:none)
                  0000052e    00000002     --HOLE-- [fill = 0]
                  00000530    00000010     key.o (.text.Key_Init)
                  00000540    0000000a     driverlib.a : dl_common.o (.text.DL_Common_delayCycles)
                  0000054a    0000000a     empty.o (.text.main)
                  00000554    00000008     libclang_rt.builtins.a : aeabi_memcpy.S.obj (.text.__aeabi_memcpy)
                  0000055c    00000006     libc.a : exit.c.obj (.text:abort)
                  00000562    00000004     libsysbm.a : hostexit.c.obj (.text.HOSTexit)
                  00000566    00000004     startup_mspm0g350x_ticlang.o (.text.Reset_Handler)
                  0000056a    00000004     libc.a : pre_init.c.obj (.text._system_pre_init)
                  0000056e    00000002     --HOLE-- [fill = 0]

.cinit     0    00000580    00000030     
                  00000580    0000000c     (__TI_handler_table)
                  0000058c    00000008     (.cinit..bss.load) [load image, compression = zero_init]
                  00000594    00000006     (.cinit..data.load) [load image, compression = lzss]
                  0000059a    00000002     --HOLE-- [fill = 0]
                  0000059c    00000010     (__TI_cinit_table)
                  000005ac    00000004     --HOLE-- [fill = 0]

.rodata    0    00000570    00000010     
                  00000570    0000000a     ti_msp_dl_config.o (.rodata.gUART_2Config)
                  0000057a    00000002     ti_msp_dl_config.o (.rodata.gUART_2ClockConfig)
                  0000057c    00000004     --HOLE-- [fill = 0]

.init_array 
*          0    00000000    00000000     UNINITIALIZED

.binit     0    00000000    00000000     

.bss       0    20200000    000000c8     UNINITIALIZED
                  20200000    000000c8     (.common:BLERX_BUFF)

.data      0    202000c8    00000002     UNINITIALIZED
                  202000c8    00000001     hc05.o (.data.BLERX_FLAG)
                  202000c9    00000001     hc05.o (.data.BLERX_LEN)

.stack     0    20207e00    00000200     UNINITIALIZED
                  20207e00    00000004     libc.a : boot_cortex_m.c.obj (.stack)
                  20207e04    000001fc     --HOLE--

__llvm_prf_cnts 
*          0    20200000    00000000     UNINITIALIZED

__llvm_prf_bits 
*          0    20200000    00000000     UNINITIALIZED

MODULE SUMMARY

       Module                         code   ro data   rw data
       ------                         ----   -------   -------
    .\
       ti_msp_dl_config.o             448    12        0      
       startup_mspm0g350x_ticlang.o   6      192       0      
       empty.o                        10     0         0      
    +--+------------------------------+------+---------+---------+
       Total:                         464    204       0      
                                                              
    .\APPLICATION\
       key.o                          124    0         0      
    +--+------------------------------+------+---------+---------+
       Total:                         124    0         0      
                                                              
    .\BSP\
       hc05.o                         68     0         202    
    +--+------------------------------+------+---------+---------+
       Total:                         68     0         202    
                                                              
    G:/MSPM0 3507/CCS/mspm0_sdk_2_10_00_04/source/ti/driverlib/lib/ticlang/m0p/mspm0g1x0x_g3x0x/driverlib.a
       dl_uart.o                      90     0         0      
       dl_common.o                    10     0         0      
    +--+------------------------------+------+---------+---------+
       Total:                         100    0         0      
                                                              
    G:\MSPM0 3507\CCS\ccs\tools\compiler\ti-cgt-armllvm_4.0.4.LTS\lib\armv6m-ti-none-eabi/c/libc.a
       memcpy16.S.obj                 154    0         0      
       copy_decompress_lzss.c.obj     124    0         0      
       autoinit.c.obj                 60     0         0      
       boot_cortex_m.c.obj            40     0         0      
       copy_zero_init.c.obj           22     0         0      
       copy_decompress_none.c.obj     18     0         0      
       exit.c.obj                     6      0         0      
       pre_init.c.obj                 4      0         0      
    +--+------------------------------+------+---------+---------+
       Total:                         428    0         0      
                                                              
    G:\MSPM0 3507\CCS\ccs\tools\compiler\ti-cgt-armllvm_4.0.4.LTS\lib\armv6m-ti-none-eabi/c/libsysbm.a
       hostexit.c.obj                 4      0         0      
    +--+------------------------------+------+---------+---------+
       Total:                         4      0         0      
                                                              
    G:\MSPM0 3507\CCS\ccs\tools\compiler\ti-cgt-armllvm_4.0.4.LTS\lib\armv6m-ti-none-eabi/libclang_rt.builtins.a
       aeabi_memcpy.S.obj             8      0         0      
    +--+------------------------------+------+---------+---------+
       Total:                         8      0         0      
                                                              
       Stack:                         0      0         512    
       Linker Generated:              0      42        0      
    +--+------------------------------+------+---------+---------+
       Grand Total:                   1196   246       714    


LINKER GENERATED COPY TABLES

__TI_cinit_table @ 0000059c records: 2, size/record: 8, table size: 16
	.bss: load addr=0000058c, load size=00000008 bytes, run addr=20200000, run size=000000c8 bytes, compression=zero_init
	.data: load addr=00000594, load size=00000006 bytes, run addr=202000c8, run size=00000002 bytes, compression=lzss


LINKER GENERATED HANDLER TABLE

__TI_handler_table @ 00000580 records: 3, size/record: 4, table size: 12
	index: 0, handler: __TI_decompress_lzss
	index: 1, handler: __TI_decompress_none
	index: 2, handler: __TI_zero_init


GLOBAL SYMBOLS: SORTED ALPHABETICALLY BY Name 

address   name                          
-------   ----                          
0000020b  ADC0_IRQHandler               
0000020b  ADC1_IRQHandler               
0000020b  AES_IRQHandler                
20200000  BLERX_BUFF                    
202000c8  BLERX_FLAG                    
202000c9  BLERX_LEN                     
00000562  C$$EXIT                       
0000020b  CANFD0_IRQHandler             
0000020b  DAC0_IRQHandler               
00000541  DL_Common_delayCycles         
0000037d  DL_UART_init                  
0000050b  DL_UART_setClockConfig        
0000020b  DMA_IRQHandler                
0000020b  Default_Handler               
0000020b  GROUP0_IRQHandler             
00000311  GROUP1_IRQHandler             
00000563  HOSTexit                      
0000020b  HardFault_Handler             
0000020b  I2C0_IRQHandler               
0000020b  I2C1_IRQHandler               
00000531  Key_Init                      
0000020b  NMI_Handler                   
0000020b  PendSV_Handler                
0000020b  RTC_IRQHandler                
00000567  Reset_Handler                 
0000020b  SPI0_IRQHandler               
0000020b  SPI1_IRQHandler               
0000020b  SVC_Handler                   
000000c1  SYSCFG_DL_GPIO_init           
00000409  SYSCFG_DL_SYSCTL_init         
0000020d  SYSCFG_DL_UART_2_init         
000004f7  SYSCFG_DL_init                
00000485  SYSCFG_DL_initPower           
0000020b  SysTick_Handler               
0000020b  TIMA0_IRQHandler              
0000020b  TIMA1_IRQHandler              
0000020b  TIMG0_IRQHandler              
0000020b  TIMG12_IRQHandler             
0000020b  TIMG6_IRQHandler              
0000020b  TIMG7_IRQHandler              
0000020b  TIMG8_IRQHandler              
0000020b  UART0_IRQHandler              
0000020b  UART1_IRQHandler              
000003c5  UART2_IRQHandler              
0000020b  UART3_IRQHandler              
20208000  __STACK_END                   
00000200  __STACK_SIZE                  
00000000  __TI_ATRegion0_region_sz      
00000000  __TI_ATRegion0_src_addr       
00000000  __TI_ATRegion0_trg_addr       
00000000  __TI_ATRegion1_region_sz      
00000000  __TI_ATRegion1_src_addr       
00000000  __TI_ATRegion1_trg_addr       
00000000  __TI_ATRegion2_region_sz      
00000000  __TI_ATRegion2_src_addr       
00000000  __TI_ATRegion2_trg_addr       
0000059c  __TI_CINIT_Base               
000005ac  __TI_CINIT_Limit              
000005ac  __TI_CINIT_Warm               
00000580  __TI_Handler_Table_Base       
0000058c  __TI_Handler_Table_Limit      
00000449  __TI_auto_init_nobinit_nopinit
00000295  __TI_decompress_lzss          
0000051d  __TI_decompress_none          
ffffffff  __TI_pprof_out_hndl           
ffffffff  __TI_prof_data_size           
ffffffff  __TI_prof_data_start          
00000000  __TI_static_base__            
000004e1  __TI_zero_init_nomemset       
00000555  __aeabi_memcpy                
00000555  __aeabi_memcpy4               
00000555  __aeabi_memcpy8               
ffffffff  __binit__                     
UNDEFED   __mpu_init                    
20207e00  __stack                       
20200000  __start___llvm_prf_bits       
20200000  __start___llvm_prf_cnts       
20200000  __stop___llvm_prf_bits        
20200000  __stop___llvm_prf_cnts        
000004b9  _c_int00_noargs               
UNDEFED   _system_post_cinit            
0000056b  _system_pre_init              
0000055d  abort                         
ffffffff  binit                         
00000000  interruptVectors              
0000054b  main                          
00000171  memcpy                        


GLOBAL SYMBOLS: SORTED BY Symbol Address 

address   name                          
-------   ----                          
00000000  __TI_ATRegion0_region_sz      
00000000  __TI_ATRegion0_src_addr       
00000000  __TI_ATRegion0_trg_addr       
00000000  __TI_ATRegion1_region_sz      
00000000  __TI_ATRegion1_src_addr       
00000000  __TI_ATRegion1_trg_addr       
00000000  __TI_ATRegion2_region_sz      
00000000  __TI_ATRegion2_src_addr       
00000000  __TI_ATRegion2_trg_addr       
00000000  __TI_static_base__            
00000000  interruptVectors              
000000c1  SYSCFG_DL_GPIO_init           
00000171  memcpy                        
00000200  __STACK_SIZE                  
0000020b  ADC0_IRQHandler               
0000020b  ADC1_IRQHandler               
0000020b  AES_IRQHandler                
0000020b  CANFD0_IRQHandler             
0000020b  DAC0_IRQHandler               
0000020b  DMA_IRQHandler                
0000020b  Default_Handler               
0000020b  GROUP0_IRQHandler             
0000020b  HardFault_Handler             
0000020b  I2C0_IRQHandler               
0000020b  I2C1_IRQHandler               
0000020b  NMI_Handler                   
0000020b  PendSV_Handler                
0000020b  RTC_IRQHandler                
0000020b  SPI0_IRQHandler               
0000020b  SPI1_IRQHandler               
0000020b  SVC_Handler                   
0000020b  SysTick_Handler               
0000020b  TIMA0_IRQHandler              
0000020b  TIMA1_IRQHandler              
0000020b  TIMG0_IRQHandler              
0000020b  TIMG12_IRQHandler             
0000020b  TIMG6_IRQHandler              
0000020b  TIMG7_IRQHandler              
0000020b  TIMG8_IRQHandler              
0000020b  UART0_IRQHandler              
0000020b  UART1_IRQHandler              
0000020b  UART3_IRQHandler              
0000020d  SYSCFG_DL_UART_2_init         
00000295  __TI_decompress_lzss          
00000311  GROUP1_IRQHandler             
0000037d  DL_UART_init                  
000003c5  UART2_IRQHandler              
00000409  SYSCFG_DL_SYSCTL_init         
00000449  __TI_auto_init_nobinit_nopinit
00000485  SYSCFG_DL_initPower           
000004b9  _c_int00_noargs               
000004e1  __TI_zero_init_nomemset       
000004f7  SYSCFG_DL_init                
0000050b  DL_UART_setClockConfig        
0000051d  __TI_decompress_none          
00000531  Key_Init                      
00000541  DL_Common_delayCycles         
0000054b  main                          
00000555  __aeabi_memcpy                
00000555  __aeabi_memcpy4               
00000555  __aeabi_memcpy8               
0000055d  abort                         
00000562  C$$EXIT                       
00000563  HOSTexit                      
00000567  Reset_Handler                 
0000056b  _system_pre_init              
00000580  __TI_Handler_Table_Base       
0000058c  __TI_Handler_Table_Limit      
0000059c  __TI_CINIT_Base               
000005ac  __TI_CINIT_Limit              
000005ac  __TI_CINIT_Warm               
20200000  BLERX_BUFF                    
20200000  __start___llvm_prf_bits       
20200000  __start___llvm_prf_cnts       
20200000  __stop___llvm_prf_bits        
20200000  __stop___llvm_prf_cnts        
202000c8  BLERX_FLAG                    
202000c9  BLERX_LEN                     
20207e00  __stack                       
20208000  __STACK_END                   
ffffffff  __TI_pprof_out_hndl           
ffffffff  __TI_prof_data_size           
ffffffff  __TI_prof_data_start          
ffffffff  __binit__                     
ffffffff  binit                         
UNDEFED   __mpu_init                    
UNDEFED   _system_post_cinit            

[87 symbols]
