******************************************************************************
            TI ARM Clang Linker PC v4.0.4                      
******************************************************************************
>> Linked Fri Jul  3 12:05:16 2026

OUTPUT FILE NAME:   <Autocar.out>
ENTRY POINT SYMBOL: "_c_int00_noargs"  address: 000033d5


MEMORY CONFIGURATION

         name            origin    length      used     unused   attr    fill
----------------------  --------  ---------  --------  --------  ----  --------
  FLASH                 00000000   00020000  00003a20  0001c5e0  R  X
  SRAM                  20200000   00008000  00000f39  000070c7  RW X
  BCR_CONFIG            41c00000   000000ff  00000000  000000ff  R   
  BSL_CONFIG            41c00100   00000080  00000000  00000080  R   


SEGMENT ALLOCATION MAP

run origin  load origin   length   init length attrs members
----------  ----------- ---------- ----------- ----- -------
00000000    00000000    00003a20   00003a20    r-x
  00000000    00000000    000000c0   000000c0    r-- .intvecs
  000000c0    000000c0    000035b0   000035b0    r-x .text
  00003670    00003670    00000320   00000320    r-- .rodata
  00003990    00003990    00000090   00000090    r-- .cinit
20200000    20200000    00000d39   00000000    rw-
  20200000    20200000    00000800   00000000    rw- .sysmem
  20200800    20200800    0000035c   00000000    rw- .bss
  20200b5c    20200b5c    000001dd   00000000    rw- .data
20207e00    20207e00    00000200   00000000    rw-
  20207e00    20207e00    00000200   00000000    rw- .stack


SECTION ALLOCATION MAP

 output                                  attributes/
section   page    origin      length       input sections
--------  ----  ----------  ----------   ----------------
.intvecs   0    00000000    000000c0     
                  00000000    000000c0     startup_mspm0g350x_ticlang.o (.intvecs)

.text      0    000000c0    000035b0     
                  000000c0    000009d0     libc.a : _printfi.c.obj (.text:__TI_printfi)
                  00000a90    000002d4     empty.o (.text.main)
                  00000d64    00000220     libc.a : _printfi.c.obj (.text._pconv_a)
                  00000f84    00000220     empty.o (.text.onConnectChange)
                  000011a4    000001dc     libc.a : _printfi.c.obj (.text._pconv_g)
                  00001380    00000198     empty.o (.text.onFrame)
                  00001518    00000192     libclang_rt.builtins.a : adddf3.S.obj (.text.adddf3_subdf3)
                  000016aa    00000002     startup_mspm0g350x_ticlang.o (.text.Default_Handler)
                  000016ac    0000013c     libc.a : _printfi.c.obj (.text.fcvt)
                  000017e8    00000120     hc05.o (.text.BLE_Poll)
                  00001908    00000120     libc.a : _printfi.c.obj (.text._pconv_e)
                  00001a28    00000114            : memory.c.obj (.text.aligned_alloc)
                  00001b3c    0000010c     libclang_rt.builtins.a : divdf3.S.obj (.text.__divdf3)
                  00001c48    000000f8     libc.a : fputs.c.obj (.text.fputs)
                  00001d40    000000e8            : memory.c.obj (.text.free)
                  00001e28    000000e4     libclang_rt.builtins.a : muldf3.S.obj (.text.__muldf3)
                  00001f0c    000000e0     libc.a : setvbuf.c.obj (.text.setvbuf)
                  00001fec    000000d8            : s_scalbn.c.obj (.text.scalbn)
                  000020c4    000000a2     libclang_rt.builtins.a : udivmoddi4.S.obj (.text)
                  00002166    00000002                            : aeabi_div0.c.obj (.text.__aeabi_idiv0)
                  00002168    0000009c     libc.a : fputc.c.obj (.text.fputc)
                  00002204    0000009a            : memcpy16.S.obj (.text:memcpy)
                  0000229e    00000002     libclang_rt.builtins.a : aeabi_div0.c.obj (.text.__aeabi_ldiv0)
                  000022a0    00000088     hc05.o (.text.BLE_Printf)
                  00002328    00000088     ti_msp_dl_config.o (.text.SYSCFG_DL_UART_2_init)
                  000023b0    00000088     libc.a : strcmp-armv6m.S.obj (.text:strcmp)
                  00002438    0000007c            : fclose.c.obj (.text.__TI_closefile)
                  000024b4    0000007c            : copy_decompress_lzss.c.obj (.text:decompress:lzss)
                  00002530    00000074     libclang_rt.builtins.a : comparedf2.c.obj (.text.__gedf2)
                  000025a4    0000006c     libsysbm.a : hostlseek.c.obj (.text.HOSTlseek)
                  00002610    0000006c                : hostrename.c.obj (.text.HOSTrename)
                  0000267c    0000006c     hc05.o (.text.UART2_IRQHandler)
                  000026e8    0000006c     libc.a : fseek.c.obj (.text.fseeko)
                  00002754    0000006c            : getdevice.c.obj (.text.getdevice)
                  000027c0    00000068     libclang_rt.builtins.a : comparedf2.c.obj (.text.__ledf2)
                  00002828    00000066     libc.a : _printfi.c.obj (.text._mcpy)
                  0000288e    00000064            : _io_perm.c.obj (.text.__TI_wrt_ok)
                  000028f2    00000002            : _lock.c.obj (.text._nop)
                  000028f4    00000064            : memory.c.obj (.text.split)
                  00002958    00000062     libclang_rt.builtins.a : aeabi_dcmp.S.obj (.text.__aeabi_dcmp)
                  000029ba    00000062     libc.a : memset16.S.obj (.text:memset)
                  00002a1c    00000060     libsysbm.a : hostopen.c.obj (.text.HOSTopen)
                  00002a7c    0000005c     libc.a : s_frexp.c.obj (.text.frexp)
                  00002ad8    0000005c            : printf.c.obj (.text.printf)
                  00002b34    00000058     libsysbm.a : hostread.c.obj (.text.HOSTread)
                  00002b8c    00000058                : hostwrite.c.obj (.text.HOSTwrite)
                  00002be4    00000058     libc.a : _ltoa.c.obj (.text.__TI_ltoa)
                  00002c3c    00000058            : _printfi.c.obj (.text._pconv_f)
                  00002c94    00000056     libclang_rt.builtins.a : aeabi_idivmod.S.obj (.text.__aeabi_idivmod)
                  00002cea    00000052     libc.a : fflush.c.obj (.text.__TI_doflush)
                  00002d3c    00000052            : _printfi.c.obj (.text._ecpy)
                  00002d8e    00000002     --HOLE-- [fill = 0]
                  00002d90    00000050     hc05.o (.text.BLE_Init)
                  00002de0    00000050     libsysbm.a : close.c.obj (.text.close)
                  00002e30    0000004a     libclang_rt.builtins.a : fixdfsi.S.obj (.text.__fixdfsi)
                  00002e7a    00000002     --HOLE-- [fill = 0]
                  00002e7c    00000048     driverlib.a : dl_uart.o (.text.DL_UART_init)
                  00002ec4    00000048     libsysbm.a : hostclose.c.obj (.text.HOSTclose)
                  00002f0c    00000048                : hostunlink.c.obj (.text.HOSTunlink)
                  00002f54    00000044     ti_msp_dl_config.o (.text.SYSCFG_DL_GPIO_init)
                  00002f98    00000040     ti_msp_dl_config.o (.text.SYSCFG_DL_SYSCTL_init)
                  00002fd8    00000040     libclang_rt.builtins.a : aeabi_uidivmod.S.obj (.text.__aeabi_uidivmod)
                  00003018    00000040     libc.a : atoi.c.obj (.text.atoi)
                  00003058    00000040            : vsnprintf.c.obj (.text.vsnprintf)
                  00003098    0000003c            : autoinit.c.obj (.text:__TI_auto_init_nobinit_nopinit)
                  000030d4    0000003a     libclang_rt.builtins.a : muldsi3.S.obj (.text.__muldsi3)
                  0000310e    00000002     --HOLE-- [fill = 0]
                  00003110    00000034     hc05.o (.text.BLE_SendString)
                  00003144    00000034     ti_msp_dl_config.o (.text.SYSCFG_DL_initPower)
                  00003178    00000034     libc.a : fopen.c.obj (.text.__TI_cleanup)
                  000031ac    00000034     libsysbm.a : trgmsg.c.obj (.text.__TI_readmsg)
                  000031e0    00000034                : trgmsg.c.obj (.text.__TI_writemsg)
                  00003214    00000034     libc.a : exit.c.obj (.text.exit)
                  00003248    00000034            : getdevice.c.obj (.text.finddevice)
                  0000327c    00000030            : _printfi.c.obj (.text._fcpy)
                  000032ac    00000030            : vsnprintf.c.obj (.text._outs)
                  000032dc    0000002c     libclang_rt.builtins.a : floatsidf.S.obj (.text.__floatsidf)
                  00003308    0000002c     libsysbm.a : unlink.c.obj (.text.unlink)
                  00003334    00000028     hc05.o (.text.BLE_FlushRx)
                  0000335c    00000028     libc.a : memory.c.obj (.text.free_list_insert)
                  00003384    00000028     libsysbm.a : lseek.c.obj (.text.lseek)
                  000033ac    00000028                : write.c.obj (.text.write)
                  000033d4    00000028     libc.a : boot_cortex_m.c.obj (.text:_c_int00_noargs)
                  000033fc    00000024     libclang_rt.builtins.a : muldi3.S.obj (.text.__muldi3)
                  00003420    00000024     libc.a : fputs.c.obj (.text.puts)
                  00003444    00000022            : memccpy.c.obj (.text.memccpy)
                  00003466    00000002     --HOLE-- [fill = 0]
                  00003468    0000001e     libclang_rt.builtins.a : ashldi3.S.obj (.text.__ashldi3)
                  00003486    00000002     --HOLE-- [fill = 0]
                  00003488    0000001c     hc05.o (.text.BLE_SendByte)
                  000034a4    0000001c     libc.a : memory.c.obj (.text.free_list_remove)
                  000034c0    00000018            : vsnprintf.c.obj (.text._outc)
                  000034d8    00000016            : copy_zero_init.c.obj (.text:decompress:ZI:__TI_zero_init_nomemset)
                  000034ee    00000014     ti_msp_dl_config.o (.text.SYSCFG_DL_init)
                  00003502    00000002     --HOLE-- [fill = 0]
                  00003504    00000014     libclang_rt.builtins.a : aeabi_uldivmod.S.obj (.text.__aeabi_uldivmod)
                  00003518    00000014     libc.a : _printfi.c.obj (.text.strchr)
                  0000352c    00000012     driverlib.a : dl_uart.o (.text.DL_UART_setClockConfig)
                  0000353e    00000012     libc.a : copy_decompress_none.c.obj (.text:decompress:none)
                  00003550    00000010     hc05.o (.text.BLE_IsConnected)
                  00003560    00000010     libc.a : wcslen.c.obj (.text.wcslen)
                  00003570    0000000e            : memory.c.obj (.text.OUTLINED_FUNCTION_0)
                  0000357e    00000002     --HOLE-- [fill = 0]
                  00003580    0000000e     libclang_rt.builtins.a : aeabi_memset.S.obj (.text.__aeabi_memset)
                  0000358e    0000000e     libsysbm.a : hostrename.c.obj (.text.strcpy)
                  0000359c    0000000e     libc.a : _printfi.c.obj (.text.strlen)
                  000035aa    0000000e     libsysbm.a : hostrename.c.obj (.text.strlen)
                  000035b8    0000000c     hc05.o (.text.BLE_FrameAvailable)
                  000035c4    0000000c     hc05.o (.text.BLE_OnConnectChange)
                  000035d0    0000000c     hc05.o (.text.BLE_OnFrame)
                  000035dc    0000000c     libclang_rt.builtins.a : aeabi_memset.S.obj (.text.__aeabi_memclr)
                  000035e8    0000000c     libc.a : memory.c.obj (.text.malloc)
                  000035f4    0000000a     driverlib.a : dl_common.o (.text.DL_Common_delayCycles)
                  000035fe    0000000a     libc.a : _printfi.c.obj (.text.OUTLINED_FUNCTION_0)
                  00003608    00000010     libclang_rt.builtins.a : adddf3.S.obj (.tramp.__aeabi_dsub.1)
                  00003618    0000000a     libc.a : _printfi.c.obj (.text.OUTLINED_FUNCTION_1)
                  00003622    00000002     --HOLE-- [fill = 0]
                  00003624    00000008            : aeabi_portable.c.obj (.text.__aeabi_errno_addr)
                  0000362c    00000008     libclang_rt.builtins.a : aeabi_memcpy.S.obj (.text.__aeabi_memcpy)
                  00003634    00000008     libc.a : printf.c.obj (.text._outc)
                  0000363c    00000008            : printf.c.obj (.text._outs)
                  00003644    00000008            : fseek.c.obj (.text.fseek)
                  0000364c    00000008     libsysbm.a : remove.c.obj (.text.remove)
                  00003654    00000006     libc.a : exit.c.obj (.text:abort)
                  0000365a    00000004     libsysbm.a : hostexit.c.obj (.text.HOSTexit)
                  0000365e    00000004     startup_mspm0g350x_ticlang.o (.text.Reset_Handler)
                  00003662    00000004     libc.a : pre_init.c.obj (.text._system_pre_init)
                  00003666    0000000a     --HOLE-- [fill = 0]

.cinit     0    00003990    00000090     
                  00003990    00000065     (.cinit..data.load) [load image, compression = lzss]
                  000039f5    00000003     --HOLE-- [fill = 0]
                  000039f8    0000000c     (__TI_handler_table)
                  00003a04    00000008     (.cinit..bss.load) [load image, compression = zero_init]
                  00003a0c    00000010     (__TI_cinit_table)
                  00003a1c    00000004     --HOLE-- [fill = 0]

.rodata    0    00003670    00000320     
                  00003670    00000101     libc.a : aeabi_ctype.S.obj (.rodata:__aeabi_ctype_table_)
                  00003771    0000002a     empty.o (.rodata.str1.12074601866698810688.1)
                  0000379b    00000027     empty.o (.rodata.str1.11686650606740187310.1)
                  000037c2    00000023     empty.o (.rodata.str1.11898133897667081452.1)
                  000037e5    00000023     empty.o (.rodata.str1.7401042497206923953.1)
                  00003808    00000020     empty.o (.rodata.str1.16774498343973984292.1)
                  00003828    0000001e     empty.o (.rodata.str1.17686411042290499047.1)
                  00003846    0000001e     empty.o (.rodata.str1.659160475849009062.1)
                  00003864    0000001c     empty.o (.rodata.str1.16130989582230601404.1)
                  00003880    0000001a     empty.o (.rodata.str1.14420638908902022346.1)
                  0000389a    00000015     empty.o (.rodata.str1.6969777895189110550.1)
                  000038af    00000015     empty.o (.rodata.str1.7386103758396746866.1)
                  000038c4    00000013     empty.o (.rodata.str1.7048729596307760267.1)
                  000038d7    00000011     libc.a : _printfi.c.obj (.rodata.str1.10348868589481759720.1)
                  000038e8    00000011            : _printfi.c.obj (.rodata.str1.15363888844622738466.1)
                  000038f9    00000010     empty.o (.rodata.str1.1253969330244694382.1)
                  00003909    0000000d     empty.o (.rodata.str1.17676052816137622666.1)
                  00003916    0000000d     empty.o (.rodata.str1.9439672824749741859.1)
                  00003923    0000000b     empty.o (.rodata.str1.15930989295766594416.1)
                  0000392e    0000000a     ti_msp_dl_config.o (.rodata.gUART_2Config)
                  00003938    0000000a     empty.o (.rodata.str1.15967779794922834835.1)
                  00003942    00000008     empty.o (.rodata.str1.16704889451495720520.1)
                  0000394a    00000008     empty.o (.rodata.str1.4000995719088696555.1)
                  00003952    00000008     empty.o (.rodata.str1.9410084661655729462.1)
                  0000395a    00000007     empty.o (.rodata.str1.10059295903439925133.1)
                  00003961    00000007     empty.o (.rodata.str1.11822412164550770238.1)
                  00003968    00000007     empty.o (.rodata.str1.18230774644621384456.1)
                  0000396f    00000006     empty.o (.rodata.str1.17102900359786703537.1)
                  00003975    00000004     empty.o (.rodata.str1.5792233746214848027.1)
                  00003979    00000004     empty.o (.rodata.str1.7079713434352825882.1)
                  0000397d    00000003     empty.o (.rodata.str1.15170238581331914936.1)
                  00003980    00000002     ti_msp_dl_config.o (.rodata.gUART_2ClockConfig)
                  00003982    00000002     empty.o (.rodata.str1.101204432782223354.1)
                  00003984    00000002     empty.o (.rodata.str1.15486159998237592746.1)
                  00003986    00000002     libc.a : fputs.c.obj (.rodata.str1.16607721268415185390.1)
                  00003988    00000002     empty.o (.rodata.str1.5100843677217179155.1)
                  0000398a    00000002     empty.o (.rodata.str1.8138751173933995641.1)
                  0000398c    00000004     --HOLE-- [fill = 0]

.init_array 
*          0    00000000    00000000     UNINITIALIZED

.binit     0    00000000    00000000     

.sysmem    0    20200000    00000800     UNINITIALIZED
                  20200000    00000010     libc.a : memory.c.obj (.sysmem)
                  20200010    000007f0     --HOLE--

.bss       0    20200800    0000035c     UNINITIALIZED
                  20200800    00000120     libsysbm.a : trgmsg.c.obj (.bss:_CIOBUF_)
                  20200920    00000104     hc05.o (.bss.g_rxRing)
                  20200a24    000000a0     libc.a : defs.c.obj (.bss.__TI_tmpnams)
                  20200ac4    00000080     hc05.o (.bss.g_frameBuf)
                  20200b44    00000008     libsysbm.a : hostopen.c.obj (.bss.parmbuf)
                  20200b4c    00000004     hc05.o (.bss.g_connCallback)
                  20200b50    00000004     hc05.o (.bss.g_rxCallback)
                  20200b54    00000004     libc.a : memory.c.obj (.bss.sys_free)
                  20200b58    00000002     hc05.o (.bss.g_frameLen)
                  20200b5a    00000001     hc05.o (.bss.g_frameReady)
                  20200b5b    00000001     hc05.o (.bss.g_lastConnect)

.data      0    20200b5c    000001dd     UNINITIALIZED
                  20200b5c    000000f0     libc.a : defs.c.obj (.data._ftable)
                  20200c4c    00000078     libsysbm.a : host_device.c.obj (.data._device)
                  20200cc4    00000050                : host_device.c.obj (.data._stream)
                  20200d14    00000008     libc.a : exit.c.obj (.data..L_MergedGlobals)
                  20200d1c    00000004            : defs.c.obj (.data.__TI_ft_end)
                  20200d20    00000004            : aeabi_portable.c.obj (.data.__aeabi_errno)
                  20200d24    00000004            : _lock.c.obj (.data._lock)
                  20200d28    00000004            : _lock.c.obj (.data._unlock)
                  20200d2c    00000004     empty.o (.data.g_rxCount)
                  20200d30    00000004     empty.o (.data.g_tickCount)
                  20200d34    00000001     hc05.o (.data.g_connDebounce)
                  20200d35    00000001     empty.o (.data.g_connected)
                  20200d36    00000002     --HOLE--
                  20200d38    00000001     libc.a : memory.c.obj (.data.memory_is_initialized)

.stack     0    20207e00    00000200     UNINITIALIZED
                  20207e00    00000004     libc.a : boot_cortex_m.c.obj (.stack)
                  20207e04    000001fc     --HOLE--

__llvm_prf_cnts 
*          0    20200000    00000000     UNINITIALIZED

__llvm_prf_bits 
*          0    20200000    00000000     UNINITIALIZED

MODULE SUMMARY

       Module                         code    ro data   rw data
       ------                         ----    -------   -------
    .\
       empty.o                        1676    491       9      
       ti_msp_dl_config.o             340     12        0      
       startup_mspm0g350x_ticlang.o   6       192       0      
    +--+------------------------------+-------+---------+---------+
       Total:                         2022    695       9      
                                                               
    .\BSP\
       hc05.o                         784     0         401    
    +--+------------------------------+-------+---------+---------+
       Total:                         784     0         401    
                                                               
    G:/MSPM0 3507/CCS/mspm0_sdk_2_10_00_04/source/ti/driverlib/lib/ticlang/m0p/mspm0g1x0x_g3x0x/driverlib.a
       dl_uart.o                      90      0         0      
       dl_common.o                    10      0         0      
    +--+------------------------------+-------+---------+---------+
       Total:                         100     0         0      
                                                               
    G:\MSPM0 3507\CCS\ccs\tools\compiler\ti-cgt-armllvm_4.0.4.LTS\lib\armv6m-ti-none-eabi/c/libc.a
       _printfi.c.obj                 4510    34        0      
       memory.c.obj                   702     0         5      
       defs.c.obj                     0       0         404    
       fputs.c.obj                    284     2         0      
       aeabi_ctype.S.obj              0       257       0      
       setvbuf.c.obj                  224     0         0      
       s_scalbn.c.obj                 216     0         0      
       getdevice.c.obj                160     0         0      
       fputc.c.obj                    156     0         0      
       memcpy16.S.obj                 154     0         0      
       strcmp-armv6m.S.obj            136     0         0      
       vsnprintf.c.obj                136     0         0      
       copy_decompress_lzss.c.obj     124     0         0      
       fclose.c.obj                   124     0         0      
       fseek.c.obj                    116     0         0      
       printf.c.obj                   108     0         0      
       _io_perm.c.obj                 100     0         0      
       memset16.S.obj                 98      0         0      
       s_frexp.c.obj                  92      0         0      
       _ltoa.c.obj                    88      0         0      
       fflush.c.obj                   82      0         0      
       exit.c.obj                     58      0         8      
       atoi.c.obj                     64      0         0      
       autoinit.c.obj                 60      0         0      
       fopen.c.obj                    52      0         0      
       boot_cortex_m.c.obj            40      0         0      
       memccpy.c.obj                  34      0         0      
       copy_zero_init.c.obj           22      0         0      
       copy_decompress_none.c.obj     18      0         0      
       wcslen.c.obj                   16      0         0      
       aeabi_portable.c.obj           8       0         4      
       _lock.c.obj                    2       0         8      
       pre_init.c.obj                 4       0         0      
    +--+------------------------------+-------+---------+---------+
       Total:                         7988    293       429    
                                                               
    G:\MSPM0 3507\CCS\ccs\tools\compiler\ti-cgt-armllvm_4.0.4.LTS\lib\armv6m-ti-none-eabi/c/libsysbm.a
       trgmsg.c.obj                   104     0         288    
       host_device.c.obj              0       0         200    
       hostrename.c.obj               136     0         0      
       hostlseek.c.obj                108     0         0      
       hostopen.c.obj                 96      0         8      
       hostread.c.obj                 88      0         0      
       hostwrite.c.obj                88      0         0      
       close.c.obj                    80      0         0      
       hostclose.c.obj                72      0         0      
       hostunlink.c.obj               72      0         0      
       unlink.c.obj                   44      0         0      
       lseek.c.obj                    40      0         0      
       write.c.obj                    40      0         0      
       remove.c.obj                   8       0         0      
       hostexit.c.obj                 4       0         0      
    +--+------------------------------+-------+---------+---------+
       Total:                         980     0         496    
                                                               
    G:\MSPM0 3507\CCS\ccs\tools\compiler\ti-cgt-armllvm_4.0.4.LTS\lib\armv6m-ti-none-eabi/libclang_rt.builtins.a
       adddf3.S.obj                   418     0         0      
       divdf3.S.obj                   268     0         0      
       muldf3.S.obj                   228     0         0      
       comparedf2.c.obj               220     0         0      
       udivmoddi4.S.obj               162     0         0      
       aeabi_dcmp.S.obj               98      0         0      
       aeabi_idivmod.S.obj            86      0         0      
       fixdfsi.S.obj                  74      0         0      
       aeabi_uidivmod.S.obj           64      0         0      
       muldsi3.S.obj                  58      0         0      
       floatsidf.S.obj                44      0         0      
       muldi3.S.obj                   36      0         0      
       ashldi3.S.obj                  30      0         0      
       aeabi_memset.S.obj             26      0         0      
       aeabi_uldivmod.S.obj           20      0         0      
       aeabi_memcpy.S.obj             8       0         0      
       aeabi_div0.c.obj               4       0         0      
    +--+------------------------------+-------+---------+---------+
       Total:                         1844    0         0      
                                                               
       Heap:                          0       0         2048   
       Stack:                         0       0         512    
       Linker Generated:              0       137       0      
    +--+------------------------------+-------+---------+---------+
       Grand Total:                   13718   1125      3895   


LINKER GENERATED COPY TABLES

__TI_cinit_table @ 00003a0c records: 2, size/record: 8, table size: 16
	.data: load addr=00003990, load size=00000065 bytes, run addr=20200b5c, run size=000001dd bytes, compression=lzss
	.bss: load addr=00003a04, load size=00000008 bytes, run addr=20200800, run size=0000035c bytes, compression=zero_init


LINKER GENERATED HANDLER TABLE

__TI_handler_table @ 000039f8 records: 3, size/record: 4, table size: 12
	index: 0, handler: __TI_decompress_lzss
	index: 1, handler: __TI_decompress_none
	index: 2, handler: __TI_zero_init


FAR CALL TRAMPOLINES

callee name               trampoline name
   callee addr  tramp addr   call addr  call info
--------------  -----------  ---------  ----------------
__aeabi_dsub              $Tramp$TT$L$PI$$__aeabi_dsub
   00001519     00003608     00003606   libc.a : _printfi.c.obj (.text.OUTLINED_FUNCTION_0)

[1 trampolines]
[1 trampoline calls]


GLOBAL SYMBOLS: SORTED ALPHABETICALLY BY Name 

address   name                          
-------   ----                          
000016ab  ADC0_IRQHandler               
000016ab  ADC1_IRQHandler               
000016ab  AES_IRQHandler                
00003335  BLE_FlushRx                   
000035b9  BLE_FrameAvailable            
00002d91  BLE_Init                      
00003551  BLE_IsConnected               
000035c5  BLE_OnConnectChange           
000035d1  BLE_OnFrame                   
000017e9  BLE_Poll                      
000022a1  BLE_Printf                    
00003489  BLE_SendByte                  
00003111  BLE_SendString                
0000365a  C$$EXIT                       
0000320d  C$$IO$$                       
000016ab  CANFD0_IRQHandler             
000016ab  DAC0_IRQHandler               
000035f5  DL_Common_delayCycles         
00002e7d  DL_UART_init                  
0000352d  DL_UART_setClockConfig        
000016ab  DMA_IRQHandler                
000016ab  Default_Handler               
000016ab  GROUP0_IRQHandler             
000016ab  GROUP1_IRQHandler             
00002ec5  HOSTclose                     
0000365b  HOSTexit                      
000025a5  HOSTlseek                     
00002a1d  HOSTopen                      
00002b35  HOSTread                      
00002611  HOSTrename                    
00002f0d  HOSTunlink                    
00002b8d  HOSTwrite                     
000016ab  HardFault_Handler             
000016ab  I2C0_IRQHandler               
000016ab  I2C1_IRQHandler               
000016ab  NMI_Handler                   
000016ab  PendSV_Handler                
000016ab  RTC_IRQHandler                
0000365f  Reset_Handler                 
000016ab  SPI0_IRQHandler               
000016ab  SPI1_IRQHandler               
000016ab  SVC_Handler                   
00002f55  SYSCFG_DL_GPIO_init           
00002f99  SYSCFG_DL_SYSCTL_init         
00002329  SYSCFG_DL_UART_2_init         
000034ef  SYSCFG_DL_init                
00003145  SYSCFG_DL_initPower           
000016ab  SysTick_Handler               
000016ab  TIMA0_IRQHandler              
000016ab  TIMA1_IRQHandler              
000016ab  TIMG0_IRQHandler              
000016ab  TIMG12_IRQHandler             
000016ab  TIMG6_IRQHandler              
000016ab  TIMG7_IRQHandler              
000016ab  TIMG8_IRQHandler              
000016ab  UART0_IRQHandler              
000016ab  UART1_IRQHandler              
0000267d  UART2_IRQHandler              
000016ab  UART3_IRQHandler              
20200800  _CIOBUF_                      
20200800  __CIOBUF_                     
20208000  __STACK_END                   
00000200  __STACK_SIZE                  
00000800  __SYSMEM_SIZE                 
00000000  __TI_ATRegion0_region_sz      
00000000  __TI_ATRegion0_src_addr       
00000000  __TI_ATRegion0_trg_addr       
00000000  __TI_ATRegion1_region_sz      
00000000  __TI_ATRegion1_src_addr       
00000000  __TI_ATRegion1_trg_addr       
00000000  __TI_ATRegion2_region_sz      
00000000  __TI_ATRegion2_src_addr       
00000000  __TI_ATRegion2_trg_addr       
00003a0c  __TI_CINIT_Base               
00003a1c  __TI_CINIT_Limit              
00003a1c  __TI_CINIT_Warm               
000039f8  __TI_Handler_Table_Base       
00003a04  __TI_Handler_Table_Limit      
00003099  __TI_auto_init_nobinit_nopinit
00003179  __TI_cleanup                  
20200d14  __TI_cleanup_ptr              
00002439  __TI_closefile                
000024b5  __TI_decompress_lzss          
0000353f  __TI_decompress_none          
00002ceb  __TI_doflush                  
20200d18  __TI_dtors_ptr                
20200d1c  __TI_ft_end                   
00002be5  __TI_ltoa                     
ffffffff  __TI_pprof_out_hndl           
000000c1  __TI_printfi                  
ffffffff  __TI_prof_data_size           
ffffffff  __TI_prof_data_start          
000031ad  __TI_readmsg                  
00000000  __TI_static_base__            
20200a24  __TI_tmpnams                  
000031e1  __TI_writemsg                 
0000288f  __TI_wrt_ok                   
000034d9  __TI_zero_init_nomemset       
00001523  __adddf3                      
00003670  __aeabi_ctype_table_          
00003670  __aeabi_ctype_table_C         
00002e31  __aeabi_d2iz                  
00001523  __aeabi_dadd                  
00002959  __aeabi_dcmpeq                
00002995  __aeabi_dcmpge                
000029a9  __aeabi_dcmpgt                
00002981  __aeabi_dcmple                
0000296d  __aeabi_dcmplt                
00001b3d  __aeabi_ddiv                  
00001e29  __aeabi_dmul                  
00001519  __aeabi_dsub                  
20200d20  __aeabi_errno                 
00003625  __aeabi_errno_addr            
000032dd  __aeabi_i2d                   
00002c95  __aeabi_idiv                  
00002167  __aeabi_idiv0                 
00002c95  __aeabi_idivmod               
0000229f  __aeabi_ldiv0                 
00003469  __aeabi_llsl                  
000033fd  __aeabi_lmul                  
000035dd  __aeabi_memclr                
000035dd  __aeabi_memclr4               
000035dd  __aeabi_memclr8               
0000362d  __aeabi_memcpy                
0000362d  __aeabi_memcpy4               
0000362d  __aeabi_memcpy8               
00003581  __aeabi_memset                
00003581  __aeabi_memset4               
00003581  __aeabi_memset8               
00002fd9  __aeabi_uidiv                 
00002fd9  __aeabi_uidivmod              
00003505  __aeabi_uldivmod              
00003469  __ashldi3                     
ffffffff  __binit__                     
000027c1  __cmpdf2                      
00001b3d  __divdf3                      
000027c1  __eqdf2                       
00002e31  __fixdfsi                     
000032dd  __floatsidf                   
00002531  __gedf2                       
00002531  __gtdf2                       
000027c1  __ledf2                       
000027c1  __ltdf2                       
UNDEFED   __mpu_init                    
00001e29  __muldf3                      
000033fd  __muldi3                      
000030d5  __muldsi3                     
000027c1  __nedf2                       
20207e00  __stack                       
20200000  __start___llvm_prf_bits       
20200000  __start___llvm_prf_cnts       
20200000  __stop___llvm_prf_bits        
20200000  __stop___llvm_prf_cnts        
00001519  __subdf3                      
000020c5  __udivmoddi4                  
000033d5  _c_int00_noargs               
20200c4c  _device                       
20200b5c  _ftable                       
20200d24  _lock                         
000028f3  _nop                          
20200cc4  _stream                       
20200000  _sys_memory                   
UNDEFED   _system_post_cinit            
00003663  _system_pre_init              
20200d28  _unlock                       
00003655  abort                         
00001a29  aligned_alloc                 
00003019  atoi                          
ffffffff  binit                         
00002de1  close                         
00003215  exit                          
00003249  finddevice                    
00002169  fputc                         
00001c49  fputs                         
00001d41  free                          
00002a7d  frexp                         
00002a7d  frexpl                        
00003645  fseek                         
000026e9  fseeko                        
00002755  getdevice                     
00000000  interruptVectors              
00001fed  ldexp                         
00001fed  ldexpl                        
00003385  lseek                         
00000a91  main                          
000035e9  malloc                        
00001a29  memalign                      
00003445  memccpy                       
00002205  memcpy                        
000029bb  memset                        
20200b44  parmbuf                       
00002ad9  printf                        
00003421  puts                          
0000364d  remove                        
00001fed  scalbn                        
00001fed  scalbnl                       
00001f0d  setvbuf                       
000023b1  strcmp                        
00003309  unlink                        
00003059  vsnprintf                     
00003561  wcslen                        
000033ad  write                         


GLOBAL SYMBOLS: SORTED BY Symbol Address 

address   name                          
-------   ----                          
00000000  __TI_ATRegion0_region_sz      
00000000  __TI_ATRegion0_src_addr       
00000000  __TI_ATRegion0_trg_addr       
00000000  __TI_ATRegion1_region_sz      
00000000  __TI_ATRegion1_src_addr       
00000000  __TI_ATRegion1_trg_addr       
00000000  __TI_ATRegion2_region_sz      
00000000  __TI_ATRegion2_src_addr       
00000000  __TI_ATRegion2_trg_addr       
00000000  __TI_static_base__            
00000000  interruptVectors              
000000c1  __TI_printfi                  
00000200  __STACK_SIZE                  
00000800  __SYSMEM_SIZE                 
00000a91  main                          
00001519  __aeabi_dsub                  
00001519  __subdf3                      
00001523  __adddf3                      
00001523  __aeabi_dadd                  
000016ab  ADC0_IRQHandler               
000016ab  ADC1_IRQHandler               
000016ab  AES_IRQHandler                
000016ab  CANFD0_IRQHandler             
000016ab  DAC0_IRQHandler               
000016ab  DMA_IRQHandler                
000016ab  Default_Handler               
000016ab  GROUP0_IRQHandler             
000016ab  GROUP1_IRQHandler             
000016ab  HardFault_Handler             
000016ab  I2C0_IRQHandler               
000016ab  I2C1_IRQHandler               
000016ab  NMI_Handler                   
000016ab  PendSV_Handler                
000016ab  RTC_IRQHandler                
000016ab  SPI0_IRQHandler               
000016ab  SPI1_IRQHandler               
000016ab  SVC_Handler                   
000016ab  SysTick_Handler               
000016ab  TIMA0_IRQHandler              
000016ab  TIMA1_IRQHandler              
000016ab  TIMG0_IRQHandler              
000016ab  TIMG12_IRQHandler             
000016ab  TIMG6_IRQHandler              
000016ab  TIMG7_IRQHandler              
000016ab  TIMG8_IRQHandler              
000016ab  UART0_IRQHandler              
000016ab  UART1_IRQHandler              
000016ab  UART3_IRQHandler              
000017e9  BLE_Poll                      
00001a29  aligned_alloc                 
00001a29  memalign                      
00001b3d  __aeabi_ddiv                  
00001b3d  __divdf3                      
00001c49  fputs                         
00001d41  free                          
00001e29  __aeabi_dmul                  
00001e29  __muldf3                      
00001f0d  setvbuf                       
00001fed  ldexp                         
00001fed  ldexpl                        
00001fed  scalbn                        
00001fed  scalbnl                       
000020c5  __udivmoddi4                  
00002167  __aeabi_idiv0                 
00002169  fputc                         
00002205  memcpy                        
0000229f  __aeabi_ldiv0                 
000022a1  BLE_Printf                    
00002329  SYSCFG_DL_UART_2_init         
000023b1  strcmp                        
00002439  __TI_closefile                
000024b5  __TI_decompress_lzss          
00002531  __gedf2                       
00002531  __gtdf2                       
000025a5  HOSTlseek                     
00002611  HOSTrename                    
0000267d  UART2_IRQHandler              
000026e9  fseeko                        
00002755  getdevice                     
000027c1  __cmpdf2                      
000027c1  __eqdf2                       
000027c1  __ledf2                       
000027c1  __ltdf2                       
000027c1  __nedf2                       
0000288f  __TI_wrt_ok                   
000028f3  _nop                          
00002959  __aeabi_dcmpeq                
0000296d  __aeabi_dcmplt                
00002981  __aeabi_dcmple                
00002995  __aeabi_dcmpge                
000029a9  __aeabi_dcmpgt                
000029bb  memset                        
00002a1d  HOSTopen                      
00002a7d  frexp                         
00002a7d  frexpl                        
00002ad9  printf                        
00002b35  HOSTread                      
00002b8d  HOSTwrite                     
00002be5  __TI_ltoa                     
00002c95  __aeabi_idiv                  
00002c95  __aeabi_idivmod               
00002ceb  __TI_doflush                  
00002d91  BLE_Init                      
00002de1  close                         
00002e31  __aeabi_d2iz                  
00002e31  __fixdfsi                     
00002e7d  DL_UART_init                  
00002ec5  HOSTclose                     
00002f0d  HOSTunlink                    
00002f55  SYSCFG_DL_GPIO_init           
00002f99  SYSCFG_DL_SYSCTL_init         
00002fd9  __aeabi_uidiv                 
00002fd9  __aeabi_uidivmod              
00003019  atoi                          
00003059  vsnprintf                     
00003099  __TI_auto_init_nobinit_nopinit
000030d5  __muldsi3                     
00003111  BLE_SendString                
00003145  SYSCFG_DL_initPower           
00003179  __TI_cleanup                  
000031ad  __TI_readmsg                  
000031e1  __TI_writemsg                 
0000320d  C$$IO$$                       
00003215  exit                          
00003249  finddevice                    
000032dd  __aeabi_i2d                   
000032dd  __floatsidf                   
00003309  unlink                        
00003335  BLE_FlushRx                   
00003385  lseek                         
000033ad  write                         
000033d5  _c_int00_noargs               
000033fd  __aeabi_lmul                  
000033fd  __muldi3                      
00003421  puts                          
00003445  memccpy                       
00003469  __aeabi_llsl                  
00003469  __ashldi3                     
00003489  BLE_SendByte                  
000034d9  __TI_zero_init_nomemset       
000034ef  SYSCFG_DL_init                
00003505  __aeabi_uldivmod              
0000352d  DL_UART_setClockConfig        
0000353f  __TI_decompress_none          
00003551  BLE_IsConnected               
00003561  wcslen                        
00003581  __aeabi_memset                
00003581  __aeabi_memset4               
00003581  __aeabi_memset8               
000035b9  BLE_FrameAvailable            
000035c5  BLE_OnConnectChange           
000035d1  BLE_OnFrame                   
000035dd  __aeabi_memclr                
000035dd  __aeabi_memclr4               
000035dd  __aeabi_memclr8               
000035e9  malloc                        
000035f5  DL_Common_delayCycles         
00003625  __aeabi_errno_addr            
0000362d  __aeabi_memcpy                
0000362d  __aeabi_memcpy4               
0000362d  __aeabi_memcpy8               
00003645  fseek                         
0000364d  remove                        
00003655  abort                         
0000365a  C$$EXIT                       
0000365b  HOSTexit                      
0000365f  Reset_Handler                 
00003663  _system_pre_init              
00003670  __aeabi_ctype_table_          
00003670  __aeabi_ctype_table_C         
000039f8  __TI_Handler_Table_Base       
00003a04  __TI_Handler_Table_Limit      
00003a0c  __TI_CINIT_Base               
00003a1c  __TI_CINIT_Limit              
00003a1c  __TI_CINIT_Warm               
20200000  __start___llvm_prf_bits       
20200000  __start___llvm_prf_cnts       
20200000  __stop___llvm_prf_bits        
20200000  __stop___llvm_prf_cnts        
20200000  _sys_memory                   
20200800  _CIOBUF_                      
20200800  __CIOBUF_                     
20200a24  __TI_tmpnams                  
20200b44  parmbuf                       
20200b5c  _ftable                       
20200c4c  _device                       
20200cc4  _stream                       
20200d14  __TI_cleanup_ptr              
20200d18  __TI_dtors_ptr                
20200d1c  __TI_ft_end                   
20200d20  __aeabi_errno                 
20200d24  _lock                         
20200d28  _unlock                       
20207e00  __stack                       
20208000  __STACK_END                   
ffffffff  __TI_pprof_out_hndl           
ffffffff  __TI_prof_data_size           
ffffffff  __TI_prof_data_start          
ffffffff  __binit__                     
ffffffff  binit                         
UNDEFED   __mpu_init                    
UNDEFED   _system_post_cinit            

[202 symbols]
