******************************************************************************
            TI ARM Clang Linker PC v4.0.4                      
******************************************************************************
>> Linked Mon Jul 13 16:39:07 2026

OUTPUT FILE NAME:   <Autocar.out>
ENTRY POINT SYMBOL: "_c_int00_noargs"  address: 0000165d


MEMORY CONFIGURATION

         name            origin    length      used     unused   attr    fill
----------------------  --------  ---------  --------  --------  ----  --------
  FLASH                 00000000   00020000  00001928  0001e6d8  R  X
  SRAM                  20200000   00008000  00000423  00007bdd  RW X
  BCR_CONFIG            41c00000   000000ff  00000000  000000ff  R   
  BSL_CONFIG            41c00100   00000080  00000000  00000080  R   


SEGMENT ALLOCATION MAP

run origin  load origin   length   init length attrs members
----------  ----------- ---------- ----------- ----- -------
00000000    00000000    00001928   00001928    r-x
  00000000    00000000    000000c0   000000c0    r-- .intvecs
  000000c0    000000c0    00001770   00001770    r-x .text
  00001830    00001830    000000c8   000000c8    r-- .rodata
  000018f8    000018f8    00000030   00000030    r-- .cinit
20200000    20200000    00000223   00000000    rw-
  20200000    20200000    00000188   00000000    rw- .bss
  20200188    20200188    0000009b   00000000    rw- .data
20207e00    20207e00    00000200   00000000    rw-
  20207e00    20207e00    00000200   00000000    rw- .stack


SECTION ALLOCATION MAP

 output                                  attributes/
section   page    origin      length       input sections
--------  ----  ----------  ----------   ----------------
.intvecs   0    00000000    000000c0     
                  00000000    000000c0     startup_mspm0g350x_ticlang.o (.intvecs)

.text      0    000000c0    00001770     
                  000000c0    000002a8     ti_msp_dl_config.o (.text.SYSCFG_DL_SYSCTL_SYSPLL_init)
                  00000368    00000284     libc.a : _printfi.c.obj (.text:__TI_printfi_minimal)
                  000005ec    000001ac     interrupt.o (.text.GROUP1_IRQHandler)
                  00000798    00000174     ti_msp_dl_config.o (.text.SYSCFG_DL_GPIO_init)
                  0000090c    00000134     electrical_machinery.o (.text.MOTOR_CONTROL)
                  00000a40    00000104     driverlib.a : dl_timer.o (.text.DL_Timer_initFourCCPWMMode)
                  00000b44    000000fc                 : dl_timer.o (.text.DL_Timer_initTimerMode)
                  00000c40    000000dc                 : dl_sysctl_mspm0g1x0x_g3x0x.o (.text.DL_SYSCTL_configSYSPLL)
                  00000d1c    000000b8     ti_msp_dl_config.o (.text.SYSCFG_DL_SYSCTL_init)
                  00000dd4    0000009a     libc.a : memcpy16.S.obj (.text:memcpy)
                  00000e6e    00000002     startup_mspm0g350x_ticlang.o (.text.Default_Handler)
                  00000e70    00000090     empty.o (.text.main)
                  00000f00    0000007c     ti_msp_dl_config.o (.text.SYSCFG_DL_initPower)
                  00000f7c    0000007c     libc.a : copy_decompress_lzss.c.obj (.text:decompress:lzss)
                  00000ff8    00000070     ti_msp_dl_config.o (.text.SYSCFG_DL_PWMB_init)
                  00001068    00000070     ti_msp_dl_config.o (.text.SYSCFG_DL_PWMC_init)
                  000010d8    00000070     ti_msp_dl_config.o (.text.SYSCFG_DL_PWMD_init)
                  00001148    00000070     ti_msp_dl_config.o (.text.SYSCFG_DL_UART_0_init)
                  000011b8    00000068     ti_msp_dl_config.o (.text.SYSCFG_DL_PWMA_init)
                  00001220    00000064     interrupt.o (.text.TIMG0_IRQHandler)
                  00001284    00000062     libc.a : memset16.S.obj (.text:memset)
                  000012e6    00000002     libclang_rt.builtins.a : aeabi_div0.c.obj (.text.__aeabi_idiv0)
                  000012e8    00000058     clock.o (.text.SysTick_Init)
                  00001340    00000058     usart.o (.text.UART0_IRQHandler)
                  00001398    00000054     ti_msp_dl_config.o (.text.SYSCFG_DL_I2C_BUS_init)
                  000013ec    00000048     driverlib.a : dl_uart.o (.text.DL_UART_init)
                  00001434    00000048     ti_msp_dl_config.o (.text.SYSCFG_DL_TIMER_TICK_init)
                  0000147c    00000044     driverlib.a : dl_sysctl_mspm0g1x0x_g3x0x.o (.text.DL_SYSCTL_switchMCLKfromSYSOSCtoHSCLK)
                  000014c0    00000044     ti_msp_dl_config.o (.text.SYSCFG_DL_init)
                  00001504    00000040     libclang_rt.builtins.a : aeabi_uidivmod.S.obj (.text.__aeabi_uidivmod)
                  00001544    00000040     interrupt.o (.text.get_encoder_count)
                  00001584    0000003c     libc.a : autoinit.c.obj (.text:__TI_auto_init_nobinit_nopinit)
                  000015c0    00000038            : sprintf.c.obj (.text.sprintf)
                  000015f8    00000034     clock.o (.text.mspm0_delay_ms)
                  0000162c    00000030     usart.o (.text.USART_SendString)
                  0000165c    00000028     libc.a : boot_cortex_m.c.obj (.text:_c_int00_noargs)
                  00001684    00000026     driverlib.a : dl_i2c.o (.text.DL_I2C_setClockConfig)
                  000016aa    00000022     libc.a : memccpy.c.obj (.text.memccpy)
                  000016cc    0000001c     driverlib.a : dl_sysctl_mspm0g1x0x_g3x0x.o (.text.DL_SYSCTL_configFCC)
                  000016e8    0000001c                 : dl_timer.o (.text.DL_Timer_setCaptCompUpdateMethod)
                  00001704    0000001c                 : dl_timer.o (.text.DL_Timer_setClockConfig)
                  00001720    0000001c     ti_msp_dl_config.o (.text.SYSCFG_DL_SYSTICK_init)
                  0000173c    00000018     driverlib.a : dl_timer.o (.text.DL_Timer_setCaptureCompareOutCtl)
                  00001754    00000018     usart.o (.text.USART_Init)
                  0000176c    00000018     libc.a : sprintf.c.obj (.text._outs)
                  00001784    00000016            : copy_zero_init.c.obj (.text:decompress:ZI:__TI_zero_init_nomemset)
                  0000179a    00000012     driverlib.a : dl_uart.o (.text.DL_UART_setClockConfig)
                  000017ac    00000012     libc.a : copy_decompress_none.c.obj (.text:decompress:none)
                  000017be    00000002     --HOLE-- [fill = 0]
                  000017c0    00000010     driverlib.a : dl_timer.o (.text.DL_Timer_setCaptureCompareValue)
                  000017d0    00000010     interrupt.o (.text.SysTick_Handler)
                  000017e0    0000000e     libclang_rt.builtins.a : aeabi_memset.S.obj (.text.__aeabi_memset)
                  000017ee    0000000e     libc.a : _printfi.c.obj (.text.strlen)
                  000017fc    0000000a     driverlib.a : dl_common.o (.text.DL_Common_delayCycles)
                  00001806    0000000a     libc.a : sprintf.c.obj (.text._outc)
                  00001810    00000008     libclang_rt.builtins.a : aeabi_memcpy.S.obj (.text.__aeabi_memcpy)
                  00001818    00000006     libc.a : exit.c.obj (.text:abort)
                  0000181e    00000004     libsysbm.a : hostexit.c.obj (.text.HOSTexit)
                  00001822    00000004     startup_mspm0g350x_ticlang.o (.text.Reset_Handler)
                  00001826    00000004     libc.a : pre_init.c.obj (.text._system_pre_init)
                  0000182a    00000006     --HOLE-- [fill = 0]

.cinit     0    000018f8    00000030     
                  000018f8    0000000c     (__TI_handler_table)
                  00001904    00000009     (.cinit..data.load) [load image, compression = lzss]
                  0000190d    00000003     --HOLE-- [fill = 0]
                  00001910    00000008     (.cinit..bss.load) [load image, compression = zero_init]
                  00001918    00000010     (__TI_cinit_table)

.rodata    0    00001830    000000c8     
                  00001830    00000028     ti_msp_dl_config.o (.rodata.gSYSPLLConfig)
                  00001858    00000016     empty.o (.rodata.str1.254342170260855183.1)
                  0000186e    00000016     electrical_machinery.o (.rodata.str1.5409116092785357929.1)
                  00001884    00000014     ti_msp_dl_config.o (.rodata.gTIMER_TICKTimerConfig)
                  00001898    00000011     libc.a : _printfi.c.obj (.rodata.str1.15363888844622738466.1)
                  000018a9    0000000f     empty.o (.rodata.str1.9517790425240694019.1)
                  000018b8    0000000a     ti_msp_dl_config.o (.rodata.gUART_0Config)
                  000018c2    00000002     ti_msp_dl_config.o (.rodata.gI2C_BUSClockConfig)
                  000018c4    00000008     ti_msp_dl_config.o (.rodata.gPWMAConfig)
                  000018cc    00000008     ti_msp_dl_config.o (.rodata.gPWMBConfig)
                  000018d4    00000008     ti_msp_dl_config.o (.rodata.gPWMCConfig)
                  000018dc    00000008     ti_msp_dl_config.o (.rodata.gPWMDConfig)
                  000018e4    00000003     ti_msp_dl_config.o (.rodata.gPWMAClockConfig)
                  000018e7    00000003     ti_msp_dl_config.o (.rodata.gPWMBClockConfig)
                  000018ea    00000003     ti_msp_dl_config.o (.rodata.gPWMCClockConfig)
                  000018ed    00000003     ti_msp_dl_config.o (.rodata.gPWMDClockConfig)
                  000018f0    00000003     ti_msp_dl_config.o (.rodata.gTIMER_TICKClockConfig)
                  000018f3    00000002     ti_msp_dl_config.o (.rodata.gUART_0ClockConfig)
                  000018f5    00000003     --HOLE-- [fill = 0]

.init_array 
*          0    00000000    00000000     UNINITIALIZED

.binit     0    00000000    00000000     

.bss       0    20200000    00000188     UNINITIALIZED
                  20200000    000000a0     (.common:gPWMBBackup)
                  202000a0    000000a0     (.common:gPWMDBackup)
                  20200140    00000010     interrupt.o (.bss.motor_encoderA)
                  20200150    00000010     interrupt.o (.bss.motor_encoderB)
                  20200160    00000010     interrupt.o (.bss.motor_encoderC)
                  20200170    00000010     interrupt.o (.bss.motor_encoderD)
                  20200180    00000004     (.common:start_time)
                  20200184    00000004     (.common:tick_ms)

.data      0    20200188    0000009b     UNINITIALIZED
                  20200188    00000080     usart.o (.data.recv0_buff)
                  20200208    00000004     interrupt.o (.data.GROUP1_IRQHandler.KEY1_start_time)
                  2020020c    00000004     interrupt.o (.data.GROUP1_IRQHandler.KEY2_start_time)
                  20200210    00000004     interrupt.o (.data.GROUP1_IRQHandler.KEY3_start_time)
                  20200214    00000004     interrupt.o (.data.GROUP1_IRQHandler.KEY4_start_time)
                  20200218    00000004     electrical_machinery.o (.data.MOTOR_CONTROL.last_print)
                  2020021c    00000004     interrupt.o (.data.nextway)
                  20200220    00000002     usart.o (.data.recv0_length)
                  20200222    00000001     usart.o (.data.recv0_flag)

.stack     0    20207e00    00000200     UNINITIALIZED
                  20207e00    00000004     libc.a : boot_cortex_m.c.obj (.stack)
                  20207e04    000001fc     --HOLE--

__llvm_prf_cnts 
*          0    20200000    00000000     UNINITIALIZED

__llvm_prf_bits 
*          0    20200000    00000000     UNINITIALIZED

MODULE SUMMARY

       Module                         code   ro data   rw data
       ------                         ----   -------   -------
    .\
       ti_msp_dl_config.o             2164   121       320    
       startup_mspm0g350x_ticlang.o   6      192       0      
       empty.o                        144    37        0      
    +--+------------------------------+------+---------+---------+
       Total:                         2314   350       320    
                                                              
    .\BSP\
       interrupt.o                    608    0         84     
       electrical_machinery.o         308    22        4      
       usart.o                        160    0         131    
       clock.o                        140    0         8      
    +--+------------------------------+------+---------+---------+
       Total:                         1216   22        227    
                                                              
    G:/MSPM0 3507/CCS/mspm0_sdk_2_10_00_04/source/ti/driverlib/lib/ticlang/m0p/mspm0g1x0x_g3x0x/driverlib.a
       dl_timer.o                     608    0         0      
       dl_sysctl_mspm0g1x0x_g3x0x.o   316    0         0      
       dl_uart.o                      90     0         0      
       dl_i2c.o                       38     0         0      
       dl_common.o                    10     0         0      
    +--+------------------------------+------+---------+---------+
       Total:                         1062   0         0      
                                                              
    G:\MSPM0 3507\CCS\ccs\tools\compiler\ti-cgt-armllvm_4.0.4.LTS\lib\armv6m-ti-none-eabi/c/libc.a
       _printfi.c.obj                 658    17        0      
       memcpy16.S.obj                 154    0         0      
       copy_decompress_lzss.c.obj     124    0         0      
       memset16.S.obj                 98     0         0      
       sprintf.c.obj                  90     0         0      
       autoinit.c.obj                 60     0         0      
       boot_cortex_m.c.obj            40     0         0      
       memccpy.c.obj                  34     0         0      
       copy_zero_init.c.obj           22     0         0      
       copy_decompress_none.c.obj     18     0         0      
       exit.c.obj                     6      0         0      
       pre_init.c.obj                 4      0         0      
    +--+------------------------------+------+---------+---------+
       Total:                         1308   17        0      
                                                              
    G:\MSPM0 3507\CCS\ccs\tools\compiler\ti-cgt-armllvm_4.0.4.LTS\lib\armv6m-ti-none-eabi/c/libsysbm.a
       hostexit.c.obj                 4      0         0      
    +--+------------------------------+------+---------+---------+
       Total:                         4      0         0      
                                                              
    G:\MSPM0 3507\CCS\ccs\tools\compiler\ti-cgt-armllvm_4.0.4.LTS\lib\armv6m-ti-none-eabi/libclang_rt.builtins.a
       aeabi_uidivmod.S.obj           64     0         0      
       aeabi_memset.S.obj             14     0         0      
       aeabi_memcpy.S.obj             8      0         0      
       aeabi_div0.c.obj               2      0         0      
    +--+------------------------------+------+---------+---------+
       Total:                         88     0         0      
                                                              
       Stack:                         0      0         512    
       Linker Generated:              0      45        0      
    +--+------------------------------+------+---------+---------+
       Grand Total:                   5992   434       1059   


LINKER GENERATED COPY TABLES

__TI_cinit_table @ 00001918 records: 2, size/record: 8, table size: 16
	.data: load addr=00001904, load size=00000009 bytes, run addr=20200188, run size=0000009b bytes, compression=lzss
	.bss: load addr=00001910, load size=00000008 bytes, run addr=20200000, run size=00000188 bytes, compression=zero_init


LINKER GENERATED HANDLER TABLE

__TI_handler_table @ 000018f8 records: 3, size/record: 4, table size: 12
	index: 0, handler: __TI_decompress_lzss
	index: 1, handler: __TI_decompress_none
	index: 2, handler: __TI_zero_init


GLOBAL SYMBOLS: SORTED ALPHABETICALLY BY Name 

address   name                                 
-------   ----                                 
00000e6f  ADC0_IRQHandler                      
00000e6f  ADC1_IRQHandler                      
00000e6f  AES_IRQHandler                       
0000181e  C$$EXIT                              
00000e6f  CANFD0_IRQHandler                    
00000e6f  DAC0_IRQHandler                      
000017fd  DL_Common_delayCycles                
00001685  DL_I2C_setClockConfig                
000016cd  DL_SYSCTL_configFCC                  
00000c41  DL_SYSCTL_configSYSPLL               
0000147d  DL_SYSCTL_switchMCLKfromSYSOSCtoHSCLK
00000a41  DL_Timer_initFourCCPWMMode           
00000b45  DL_Timer_initTimerMode               
000016e9  DL_Timer_setCaptCompUpdateMethod     
0000173d  DL_Timer_setCaptureCompareOutCtl     
000017c1  DL_Timer_setCaptureCompareValue      
00001705  DL_Timer_setClockConfig              
000013ed  DL_UART_init                         
0000179b  DL_UART_setClockConfig               
00000e6f  DMA_IRQHandler                       
00000e6f  Default_Handler                      
00000e6f  GROUP0_IRQHandler                    
000005ed  GROUP1_IRQHandler                    
0000181f  HOSTexit                             
00000e6f  HardFault_Handler                    
00000e6f  I2C0_IRQHandler                      
00000e6f  I2C1_IRQHandler                      
0000090d  MOTOR_CONTROL                        
00000e6f  NMI_Handler                          
00000e6f  PendSV_Handler                       
00000e6f  RTC_IRQHandler                       
00001823  Reset_Handler                        
00000e6f  SPI0_IRQHandler                      
00000e6f  SPI1_IRQHandler                      
00000e6f  SVC_Handler                          
00000799  SYSCFG_DL_GPIO_init                  
00001399  SYSCFG_DL_I2C_BUS_init               
000011b9  SYSCFG_DL_PWMA_init                  
00000ff9  SYSCFG_DL_PWMB_init                  
00001069  SYSCFG_DL_PWMC_init                  
000010d9  SYSCFG_DL_PWMD_init                  
000000c1  SYSCFG_DL_SYSCTL_SYSPLL_init         
00000d1d  SYSCFG_DL_SYSCTL_init                
00001721  SYSCFG_DL_SYSTICK_init               
00001435  SYSCFG_DL_TIMER_TICK_init            
00001149  SYSCFG_DL_UART_0_init                
000014c1  SYSCFG_DL_init                       
00000f01  SYSCFG_DL_initPower                  
000017d1  SysTick_Handler                      
000012e9  SysTick_Init                         
00000e6f  TIMA0_IRQHandler                     
00000e6f  TIMA1_IRQHandler                     
00001221  TIMG0_IRQHandler                     
00000e6f  TIMG12_IRQHandler                    
00000e6f  TIMG6_IRQHandler                     
00000e6f  TIMG7_IRQHandler                     
00000e6f  TIMG8_IRQHandler                     
00001341  UART0_IRQHandler                     
00000e6f  UART1_IRQHandler                     
00000e6f  UART2_IRQHandler                     
00000e6f  UART3_IRQHandler                     
00001755  USART_Init                           
0000162d  USART_SendString                     
20208000  __STACK_END                          
00000200  __STACK_SIZE                         
00000000  __TI_ATRegion0_region_sz             
00000000  __TI_ATRegion0_src_addr              
00000000  __TI_ATRegion0_trg_addr              
00000000  __TI_ATRegion1_region_sz             
00000000  __TI_ATRegion1_src_addr              
00000000  __TI_ATRegion1_trg_addr              
00000000  __TI_ATRegion2_region_sz             
00000000  __TI_ATRegion2_src_addr              
00000000  __TI_ATRegion2_trg_addr              
00001918  __TI_CINIT_Base                      
00001928  __TI_CINIT_Limit                     
00001928  __TI_CINIT_Warm                      
000018f8  __TI_Handler_Table_Base              
00001904  __TI_Handler_Table_Limit             
00001585  __TI_auto_init_nobinit_nopinit       
00000f7d  __TI_decompress_lzss                 
000017ad  __TI_decompress_none                 
ffffffff  __TI_pprof_out_hndl                  
00000369  __TI_printfi_minimal                 
ffffffff  __TI_prof_data_size                  
ffffffff  __TI_prof_data_start                 
00000000  __TI_static_base__                   
00001785  __TI_zero_init_nomemset              
000012e7  __aeabi_idiv0                        
00001811  __aeabi_memcpy                       
00001811  __aeabi_memcpy4                      
00001811  __aeabi_memcpy8                      
000017e1  __aeabi_memset                       
000017e1  __aeabi_memset4                      
000017e1  __aeabi_memset8                      
00001505  __aeabi_uidiv                        
00001505  __aeabi_uidivmod                     
ffffffff  __binit__                            
UNDEFED   __mpu_init                           
20207e00  __stack                              
20200000  __start___llvm_prf_bits              
20200000  __start___llvm_prf_cnts              
20200000  __stop___llvm_prf_bits               
20200000  __stop___llvm_prf_cnts               
0000165d  _c_int00_noargs                      
UNDEFED   _system_post_cinit                   
00001827  _system_pre_init                     
00001819  abort                                
ffffffff  binit                                
20200000  gPWMBBackup                          
202000a0  gPWMDBackup                          
00001545  get_encoder_count                    
00000000  interruptVectors                     
00000e71  main                                 
000016ab  memccpy                              
00000dd5  memcpy                               
00001285  memset                               
000015f9  mspm0_delay_ms                       
2020021c  nextway                              
20200188  recv0_buff                           
20200222  recv0_flag                           
20200220  recv0_length                         
000015c1  sprintf                              
20200180  start_time                           
20200184  tick_ms                              


GLOBAL SYMBOLS: SORTED BY Symbol Address 

address   name                                 
-------   ----                                 
00000000  __TI_ATRegion0_region_sz             
00000000  __TI_ATRegion0_src_addr              
00000000  __TI_ATRegion0_trg_addr              
00000000  __TI_ATRegion1_region_sz             
00000000  __TI_ATRegion1_src_addr              
00000000  __TI_ATRegion1_trg_addr              
00000000  __TI_ATRegion2_region_sz             
00000000  __TI_ATRegion2_src_addr              
00000000  __TI_ATRegion2_trg_addr              
00000000  __TI_static_base__                   
00000000  interruptVectors                     
000000c1  SYSCFG_DL_SYSCTL_SYSPLL_init         
00000200  __STACK_SIZE                         
00000369  __TI_printfi_minimal                 
000005ed  GROUP1_IRQHandler                    
00000799  SYSCFG_DL_GPIO_init                  
0000090d  MOTOR_CONTROL                        
00000a41  DL_Timer_initFourCCPWMMode           
00000b45  DL_Timer_initTimerMode               
00000c41  DL_SYSCTL_configSYSPLL               
00000d1d  SYSCFG_DL_SYSCTL_init                
00000dd5  memcpy                               
00000e6f  ADC0_IRQHandler                      
00000e6f  ADC1_IRQHandler                      
00000e6f  AES_IRQHandler                       
00000e6f  CANFD0_IRQHandler                    
00000e6f  DAC0_IRQHandler                      
00000e6f  DMA_IRQHandler                       
00000e6f  Default_Handler                      
00000e6f  GROUP0_IRQHandler                    
00000e6f  HardFault_Handler                    
00000e6f  I2C0_IRQHandler                      
00000e6f  I2C1_IRQHandler                      
00000e6f  NMI_Handler                          
00000e6f  PendSV_Handler                       
00000e6f  RTC_IRQHandler                       
00000e6f  SPI0_IRQHandler                      
00000e6f  SPI1_IRQHandler                      
00000e6f  SVC_Handler                          
00000e6f  TIMA0_IRQHandler                     
00000e6f  TIMA1_IRQHandler                     
00000e6f  TIMG12_IRQHandler                    
00000e6f  TIMG6_IRQHandler                     
00000e6f  TIMG7_IRQHandler                     
00000e6f  TIMG8_IRQHandler                     
00000e6f  UART1_IRQHandler                     
00000e6f  UART2_IRQHandler                     
00000e6f  UART3_IRQHandler                     
00000e71  main                                 
00000f01  SYSCFG_DL_initPower                  
00000f7d  __TI_decompress_lzss                 
00000ff9  SYSCFG_DL_PWMB_init                  
00001069  SYSCFG_DL_PWMC_init                  
000010d9  SYSCFG_DL_PWMD_init                  
00001149  SYSCFG_DL_UART_0_init                
000011b9  SYSCFG_DL_PWMA_init                  
00001221  TIMG0_IRQHandler                     
00001285  memset                               
000012e7  __aeabi_idiv0                        
000012e9  SysTick_Init                         
00001341  UART0_IRQHandler                     
00001399  SYSCFG_DL_I2C_BUS_init               
000013ed  DL_UART_init                         
00001435  SYSCFG_DL_TIMER_TICK_init            
0000147d  DL_SYSCTL_switchMCLKfromSYSOSCtoHSCLK
000014c1  SYSCFG_DL_init                       
00001505  __aeabi_uidiv                        
00001505  __aeabi_uidivmod                     
00001545  get_encoder_count                    
00001585  __TI_auto_init_nobinit_nopinit       
000015c1  sprintf                              
000015f9  mspm0_delay_ms                       
0000162d  USART_SendString                     
0000165d  _c_int00_noargs                      
00001685  DL_I2C_setClockConfig                
000016ab  memccpy                              
000016cd  DL_SYSCTL_configFCC                  
000016e9  DL_Timer_setCaptCompUpdateMethod     
00001705  DL_Timer_setClockConfig              
00001721  SYSCFG_DL_SYSTICK_init               
0000173d  DL_Timer_setCaptureCompareOutCtl     
00001755  USART_Init                           
00001785  __TI_zero_init_nomemset              
0000179b  DL_UART_setClockConfig               
000017ad  __TI_decompress_none                 
000017c1  DL_Timer_setCaptureCompareValue      
000017d1  SysTick_Handler                      
000017e1  __aeabi_memset                       
000017e1  __aeabi_memset4                      
000017e1  __aeabi_memset8                      
000017fd  DL_Common_delayCycles                
00001811  __aeabi_memcpy                       
00001811  __aeabi_memcpy4                      
00001811  __aeabi_memcpy8                      
00001819  abort                                
0000181e  C$$EXIT                              
0000181f  HOSTexit                             
00001823  Reset_Handler                        
00001827  _system_pre_init                     
000018f8  __TI_Handler_Table_Base              
00001904  __TI_Handler_Table_Limit             
00001918  __TI_CINIT_Base                      
00001928  __TI_CINIT_Limit                     
00001928  __TI_CINIT_Warm                      
20200000  __start___llvm_prf_bits              
20200000  __start___llvm_prf_cnts              
20200000  __stop___llvm_prf_bits               
20200000  __stop___llvm_prf_cnts               
20200000  gPWMBBackup                          
202000a0  gPWMDBackup                          
20200180  start_time                           
20200184  tick_ms                              
20200188  recv0_buff                           
2020021c  nextway                              
20200220  recv0_length                         
20200222  recv0_flag                           
20207e00  __stack                              
20208000  __STACK_END                          
ffffffff  __TI_pprof_out_hndl                  
ffffffff  __TI_prof_data_size                  
ffffffff  __TI_prof_data_start                 
ffffffff  __binit__                            
ffffffff  binit                                
UNDEFED   __mpu_init                           
UNDEFED   _system_post_cinit                   

[125 symbols]
