******************************************************************************
            TI ARM Clang Linker PC v4.0.4                      
******************************************************************************
>> Linked Tue Jul  7 22:05:28 2026

OUTPUT FILE NAME:   <Autocar.out>
ENTRY POINT SYMBOL: "_c_int00_noargs"  address: 000019f5


MEMORY CONFIGURATION

         name            origin    length      used     unused   attr    fill
----------------------  --------  ---------  --------  --------  ----  --------
  FLASH                 00000000   00020000  00001d38  0001e2c8  R  X
  SRAM                  20200000   00008000  00000fa5  0000705b  RW X
  BCR_CONFIG            41c00000   000000ff  00000000  000000ff  R   
  BSL_CONFIG            41c00100   00000080  00000000  00000080  R   


SEGMENT ALLOCATION MAP

run origin  load origin   length   init length attrs members
----------  ----------- ---------- ----------- ----- -------
00000000    00000000    00001d38   00001d38    r-x
  00000000    00000000    000000c0   000000c0    r-- .intvecs
  000000c0    000000c0    00001b20   00001b20    r-x .text
  00001be0    00001be0    000000d0   000000d0    r-- .rodata
  00001cb0    00001cb0    00000088   00000088    r-- .cinit
20200000    20200000    00000da5   00000000    rw-
  20200000    20200000    00000800   00000000    rw- .sysmem
  20200800    20200800    000003d4   00000000    rw- .bss
  20200bd4    20200bd4    000001d1   00000000    rw- .data
20207e00    20207e00    00000200   00000000    rw-
  20207e00    20207e00    00000200   00000000    rw- .stack


SECTION ALLOCATION MAP

 output                                  attributes/
section   page    origin      length       input sections
--------  ----  ----------  ----------   ----------------
.intvecs   0    00000000    000000c0     
                  00000000    000000c0     startup_mspm0g350x_ticlang.o (.intvecs)

.text      0    000000c0    00001b20     
                  000000c0    000002a8     ti_msp_dl_config.o (.text.SYSCFG_DL_SYSCTL_SYSPLL_init)
                  00000368    00000114     libc.a : memory.c.obj (.text.aligned_alloc)
                  0000047c    00000104     driverlib.a : dl_timer.o (.text.DL_Timer_initFourCCPWMMode)
                  00000580    000000fc                 : dl_timer.o (.text.DL_Timer_initTimerMode)
                  0000067c    000000f8     libc.a : fputs.c.obj (.text.fputs)
                  00000774    000000e8            : memory.c.obj (.text.free)
                  0000085c    000000e0            : setvbuf.c.obj (.text.setvbuf)
                  0000093c    000000dc     driverlib.a : dl_sysctl_mspm0g1x0x_g3x0x.o (.text.DL_SYSCTL_configSYSPLL)
                  00000a18    000000d8     ti_msp_dl_config.o (.text.SYSCFG_DL_GPIO_init)
                  00000af0    000000a8     ti_msp_dl_config.o (.text.SYSCFG_DL_SYSCTL_init)
                  00000b98    0000009a     libc.a : memcpy16.S.obj (.text:memcpy)
                  00000c32    00000002     startup_mspm0g350x_ticlang.o (.text.Default_Handler)
                  00000c34    0000008c     ti_msp_dl_config.o (.text.SYSCFG_DL_UART_2_init)
                  00000cc0    00000088     libc.a : strcmp-armv6m.S.obj (.text:strcmp)
                  00000d48    0000007c            : fclose.c.obj (.text.__TI_closefile)
                  00000dc4    0000007c            : copy_decompress_lzss.c.obj (.text:decompress:lzss)
                  00000e40    00000074     ti_msp_dl_config.o (.text.SYSCFG_DL_PWMB_init)
                  00000eb4    00000074     ti_msp_dl_config.o (.text.SYSCFG_DL_PWMC_init)
                  00000f28    00000074     ti_msp_dl_config.o (.text.SYSCFG_DL_PWMD_init)
                  00000f9c    00000070     key.o (.text.Key_Process)
                  0000100c    00000070     ti_msp_dl_config.o (.text.SYSCFG_DL_initPower)
                  0000107c    0000006c     libsysbm.a : hostlseek.c.obj (.text.HOSTlseek)
                  000010e8    0000006c                : hostrename.c.obj (.text.HOSTrename)
                  00001154    0000006c     ti_msp_dl_config.o (.text.SYSCFG_DL_PWMA_init)
                  000011c0    0000006c     libc.a : fseek.c.obj (.text.fseeko)
                  0000122c    0000006c            : getdevice.c.obj (.text.getdevice)
                  00001298    00000064            : _io_perm.c.obj (.text.__TI_wrt_ok)
                  000012fc    00000064            : memory.c.obj (.text.split)
                  00001360    00000062            : memset16.S.obj (.text:memset)
                  000013c2    00000002     libclang_rt.builtins.a : aeabi_div0.c.obj (.text.__aeabi_idiv0)
                  000013c4    00000060     libsysbm.a : hostopen.c.obj (.text.HOSTopen)
                  00001424    00000058                : hostread.c.obj (.text.HOSTread)
                  0000147c    00000058                : hostwrite.c.obj (.text.HOSTwrite)
                  000014d4    00000052     libc.a : fflush.c.obj (.text.__TI_doflush)
                  00001526    00000002            : _lock.c.obj (.text._nop)
                  00001528    00000050     libsysbm.a : close.c.obj (.text.close)
                  00001578    00000048     driverlib.a : dl_uart.o (.text.DL_UART_init)
                  000015c0    00000048     libsysbm.a : hostclose.c.obj (.text.HOSTclose)
                  00001608    00000048                : hostunlink.c.obj (.text.HOSTunlink)
                  00001650    00000048     ti_msp_dl_config.o (.text.SYSCFG_DL_TIMER_TICK_init)
                  00001698    00000044     driverlib.a : dl_sysctl_mspm0g1x0x_g3x0x.o (.text.DL_SYSCTL_switchMCLKfromSYSOSCtoHSCLK)
                  000016dc    00000044     key.o (.text.GROUP1_IRQHandler)
                  00001720    00000044     hc05.o (.text.UART2_IRQHandler)
                  00001764    00000040     libclang_rt.builtins.a : aeabi_uidivmod.S.obj (.text.__aeabi_uidivmod)
                  000017a4    0000003c     ti_msp_dl_config.o (.text.SYSCFG_DL_init)
                  000017e0    0000003c     libc.a : autoinit.c.obj (.text:__TI_auto_init_nobinit_nopinit)
                  0000181c    00000034            : fopen.c.obj (.text.__TI_cleanup)
                  00001850    00000034     libsysbm.a : trgmsg.c.obj (.text.__TI_readmsg)
                  00001884    00000034                : trgmsg.c.obj (.text.__TI_writemsg)
                  000018b8    00000034     libc.a : exit.c.obj (.text.exit)
                  000018ec    00000034            : getdevice.c.obj (.text.finddevice)
                  00001920    00000030     hc05.o (.text.BLE_send_String)
                  00001950    0000002c     libsysbm.a : unlink.c.obj (.text.unlink)
                  0000197c    00000028     libc.a : memory.c.obj (.text.free_list_insert)
                  000019a4    00000028     libsysbm.a : lseek.c.obj (.text.lseek)
                  000019cc    00000028                : write.c.obj (.text.write)
                  000019f4    00000028     libc.a : boot_cortex_m.c.obj (.text:_c_int00_noargs)
                  00001a1c    00000024     hc05.o (.text.Bluetooth_Init)
                  00001a40    00000024     libc.a : fputs.c.obj (.text.puts)
                  00001a64    0000001c     driverlib.a : dl_sysctl_mspm0g1x0x_g3x0x.o (.text.DL_SYSCTL_configFCC)
                  00001a80    0000001c                 : dl_timer.o (.text.DL_Timer_setCaptCompUpdateMethod)
                  00001a9c    0000001c                 : dl_timer.o (.text.DL_Timer_setClockConfig)
                  00001ab8    0000001c     libc.a : memory.c.obj (.text.free_list_remove)
                  00001ad4    0000001a     empty.o (.text.main)
                  00001aee    00000002     --HOLE-- [fill = 0]
                  00001af0    00000018     driverlib.a : dl_timer.o (.text.DL_Timer_setCaptureCompareOutCtl)
                  00001b08    00000016     libc.a : copy_zero_init.c.obj (.text:decompress:ZI:__TI_zero_init_nomemset)
                  00001b1e    00000012     driverlib.a : dl_uart.o (.text.DL_UART_setClockConfig)
                  00001b30    00000012     libc.a : copy_decompress_none.c.obj (.text:decompress:none)
                  00001b42    00000002     --HOLE-- [fill = 0]
                  00001b44    00000010     driverlib.a : dl_timer.o (.text.DL_Timer_setCaptureCompareValue)
                  00001b54    00000010     key.o (.text.Key_Init)
                  00001b64    0000000e     libc.a : memory.c.obj (.text.OUTLINED_FUNCTION_0)
                  00001b72    0000000e     libsysbm.a : hostrename.c.obj (.text.strcpy)
                  00001b80    0000000e                : hostrename.c.obj (.text.strlen)
                  00001b8e    00000002     --HOLE-- [fill = 0]
                  00001b90    0000000c     libclang_rt.builtins.a : aeabi_memset.S.obj (.text.__aeabi_memclr)
                  00001b9c    0000000c     libc.a : memory.c.obj (.text.malloc)
                  00001ba8    0000000a     driverlib.a : dl_common.o (.text.DL_Common_delayCycles)
                  00001bb2    00000002     --HOLE-- [fill = 0]
                  00001bb4    00000008     libclang_rt.builtins.a : aeabi_memcpy.S.obj (.text.__aeabi_memcpy)
                  00001bbc    00000008     libc.a : fseek.c.obj (.text.fseek)
                  00001bc4    00000008     libsysbm.a : remove.c.obj (.text.remove)
                  00001bcc    00000006     libc.a : exit.c.obj (.text:abort)
                  00001bd2    00000004     libsysbm.a : hostexit.c.obj (.text.HOSTexit)
                  00001bd6    00000004     startup_mspm0g350x_ticlang.o (.text.Reset_Handler)
                  00001bda    00000004     libc.a : pre_init.c.obj (.text._system_pre_init)
                  00001bde    00000002     --HOLE-- [fill = 0]

.cinit     0    00001cb0    00000088     
                  00001cb0    00000063     (.cinit..data.load) [load image, compression = lzss]
                  00001d13    00000001     --HOLE-- [fill = 0]
                  00001d14    0000000c     (__TI_handler_table)
                  00001d20    00000008     (.cinit..bss.load) [load image, compression = zero_init]
                  00001d28    00000010     (__TI_cinit_table)

.rodata    0    00001be0    000000d0     
                  00001be0    00000028     ti_msp_dl_config.o (.rodata.gSYSPLLConfig)
                  00001c08    00000019     hc05.o (.rodata.str1.8608482848757342833.1)
                  00001c21    00000003     ti_msp_dl_config.o (.rodata.gPWMAClockConfig)
                  00001c24    00000014     ti_msp_dl_config.o (.rodata.gTIMER_TICKTimerConfig)
                  00001c38    0000000e     key.o (.rodata.str1.12246127840309278935.1)
                  00001c46    0000000e     key.o (.rodata.str1.15388642233764696769.1)
                  00001c54    0000000e     key.o (.rodata.str1.4934454146666290590.1)
                  00001c62    0000000d     key.o (.rodata.str1.9375066091945103176.1)
                  00001c6f    00000001     --HOLE-- [fill = 0]
                  00001c70    0000000a     ti_msp_dl_config.o (.rodata.gUART_2Config)
                  00001c7a    00000002     ti_msp_dl_config.o (.rodata.gUART_2ClockConfig)
                  00001c7c    00000008     ti_msp_dl_config.o (.rodata.gPWMAConfig)
                  00001c84    00000008     ti_msp_dl_config.o (.rodata.gPWMBConfig)
                  00001c8c    00000008     ti_msp_dl_config.o (.rodata.gPWMCConfig)
                  00001c94    00000008     ti_msp_dl_config.o (.rodata.gPWMDConfig)
                  00001c9c    00000003     ti_msp_dl_config.o (.rodata.gPWMBClockConfig)
                  00001c9f    00000003     ti_msp_dl_config.o (.rodata.gPWMCClockConfig)
                  00001ca2    00000003     ti_msp_dl_config.o (.rodata.gPWMDClockConfig)
                  00001ca5    00000003     ti_msp_dl_config.o (.rodata.gTIMER_TICKClockConfig)
                  00001ca8    00000002     libc.a : fputs.c.obj (.rodata.str1.16607721268415185390.1)
                  00001caa    00000006     --HOLE-- [fill = 0]

.init_array 
*          0    00000000    00000000     UNINITIALIZED

.binit     0    00000000    00000000     

.sysmem    0    20200000    00000800     UNINITIALIZED
                  20200000    00000010     libc.a : memory.c.obj (.sysmem)
                  20200010    000007f0     --HOLE--

.bss       0    20200800    000003d4     UNINITIALIZED
                  20200800    00000120     libsysbm.a : trgmsg.c.obj (.bss:_CIOBUF_)
                  20200920    000000c8     (.common:BLERX_BUFF)
                  202009e8    000000a0     libc.a : defs.c.obj (.bss.__TI_tmpnams)
                  20200a88    000000a0     (.common:gPWMBBackup)
                  20200b28    000000a0     (.common:gPWMDBackup)
                  20200bc8    00000008     libsysbm.a : hostopen.c.obj (.bss.parmbuf)
                  20200bd0    00000004     libc.a : memory.c.obj (.bss.sys_free)

.data      0    20200bd4    000001d1     UNINITIALIZED
                  20200bd4    000000f0     libc.a : defs.c.obj (.data._ftable)
                  20200cc4    00000078     libsysbm.a : host_device.c.obj (.data._device)
                  20200d3c    00000050                : host_device.c.obj (.data._stream)
                  20200d8c    00000008     libc.a : exit.c.obj (.data..L_MergedGlobals)
                  20200d94    00000004            : defs.c.obj (.data.__TI_ft_end)
                  20200d98    00000004            : _lock.c.obj (.data._lock)
                  20200d9c    00000004            : _lock.c.obj (.data._unlock)
                  20200da0    00000001     hc05.o (.data.BLERX_FLAG)
                  20200da1    00000001     hc05.o (.data.BLERX_LEN)
                  20200da2    00000001     key.o (.data.key_events)
                  20200da3    00000001     --HOLE--
                  20200da4    00000001     libc.a : memory.c.obj (.data.memory_is_initialized)

.stack     0    20207e00    00000200     UNINITIALIZED
                  20207e00    00000004     libc.a : boot_cortex_m.c.obj (.stack)
                  20207e04    000001fc     --HOLE--

__llvm_prf_cnts 
*          0    20200000    00000000     UNINITIALIZED

__llvm_prf_bits 
*          0    20200000    00000000     UNINITIALIZED

MODULE SUMMARY

       Module                         code   ro data   rw data
       ------                         ----   -------   -------
    .\
       ti_msp_dl_config.o             1904   119       320    
       startup_mspm0g350x_ticlang.o   6      192       0      
       empty.o                        26     0         0      
    +--+------------------------------+------+---------+---------+
       Total:                         1936   311       320    
                                                              
    .\APPLICATION\
       key.o                          196    55        1      
    +--+------------------------------+------+---------+---------+
       Total:                         196    55        1      
                                                              
    .\BSP\
       hc05.o                         152    25        202    
    +--+------------------------------+------+---------+---------+
       Total:                         152    25        202    
                                                              
    G:/MSPM0 3507/CCS/mspm0_sdk_2_10_00_04/source/ti/driverlib/lib/ticlang/m0p/mspm0g1x0x_g3x0x/driverlib.a
       dl_timer.o                     608    0         0      
       dl_sysctl_mspm0g1x0x_g3x0x.o   316    0         0      
       dl_uart.o                      90     0         0      
       dl_common.o                    10     0         0      
    +--+------------------------------+------+---------+---------+
       Total:                         1024   0         0      
                                                              
    G:\MSPM0 3507\CCS\ccs\tools\compiler\ti-cgt-armllvm_4.0.4.LTS\lib\armv6m-ti-none-eabi/c/libc.a
       memory.c.obj                   702    0         5      
       defs.c.obj                     0      0         404    
       fputs.c.obj                    284    2         0      
       setvbuf.c.obj                  224    0         0      
       getdevice.c.obj                160    0         0      
       memcpy16.S.obj                 154    0         0      
       strcmp-armv6m.S.obj            136    0         0      
       copy_decompress_lzss.c.obj     124    0         0      
       fclose.c.obj                   124    0         0      
       fseek.c.obj                    116    0         0      
       _io_perm.c.obj                 100    0         0      
       memset16.S.obj                 98     0         0      
       fflush.c.obj                   82     0         0      
       exit.c.obj                     58     0         8      
       autoinit.c.obj                 60     0         0      
       fopen.c.obj                    52     0         0      
       boot_cortex_m.c.obj            40     0         0      
       copy_zero_init.c.obj           22     0         0      
       copy_decompress_none.c.obj     18     0         0      
       _lock.c.obj                    2      0         8      
       pre_init.c.obj                 4      0         0      
    +--+------------------------------+------+---------+---------+
       Total:                         2560   2         425    
                                                              
    G:\MSPM0 3507\CCS\ccs\tools\compiler\ti-cgt-armllvm_4.0.4.LTS\lib\armv6m-ti-none-eabi/c/libsysbm.a
       trgmsg.c.obj                   104    0         288    
       host_device.c.obj              0      0         200    
       hostrename.c.obj               136    0         0      
       hostlseek.c.obj                108    0         0      
       hostopen.c.obj                 96     0         8      
       hostread.c.obj                 88     0         0      
       hostwrite.c.obj                88     0         0      
       close.c.obj                    80     0         0      
       hostclose.c.obj                72     0         0      
       hostunlink.c.obj               72     0         0      
       unlink.c.obj                   44     0         0      
       lseek.c.obj                    40     0         0      
       write.c.obj                    40     0         0      
       remove.c.obj                   8      0         0      
       hostexit.c.obj                 4      0         0      
    +--+------------------------------+------+---------+---------+
       Total:                         980    0         496    
                                                              
    G:\MSPM0 3507\CCS\ccs\tools\compiler\ti-cgt-armllvm_4.0.4.LTS\lib\armv6m-ti-none-eabi/libclang_rt.builtins.a
       aeabi_uidivmod.S.obj           64     0         0      
       aeabi_memset.S.obj             12     0         0      
       aeabi_memcpy.S.obj             8      0         0      
       aeabi_div0.c.obj               2      0         0      
    +--+------------------------------+------+---------+---------+
       Total:                         86     0         0      
                                                              
       Heap:                          0      0         2048   
       Stack:                         0      0         512    
       Linker Generated:              0      135       0      
    +--+------------------------------+------+---------+---------+
       Grand Total:                   6934   528       4004   


LINKER GENERATED COPY TABLES

__TI_cinit_table @ 00001d28 records: 2, size/record: 8, table size: 16
	.data: load addr=00001cb0, load size=00000063 bytes, run addr=20200bd4, run size=000001d1 bytes, compression=lzss
	.bss: load addr=00001d20, load size=00000008 bytes, run addr=20200800, run size=000003d4 bytes, compression=zero_init


LINKER GENERATED HANDLER TABLE

__TI_handler_table @ 00001d14 records: 3, size/record: 4, table size: 12
	index: 0, handler: __TI_decompress_lzss
	index: 1, handler: __TI_decompress_none
	index: 2, handler: __TI_zero_init


GLOBAL SYMBOLS: SORTED ALPHABETICALLY BY Name 

address   name                                 
-------   ----                                 
00000c33  ADC0_IRQHandler                      
00000c33  ADC1_IRQHandler                      
00000c33  AES_IRQHandler                       
20200920  BLERX_BUFF                           
20200da0  BLERX_FLAG                           
20200da1  BLERX_LEN                            
00001921  BLE_send_String                      
00001a1d  Bluetooth_Init                       
00001bd2  C$$EXIT                              
000018b1  C$$IO$$                              
00000c33  CANFD0_IRQHandler                    
00000c33  DAC0_IRQHandler                      
00001ba9  DL_Common_delayCycles                
00001a65  DL_SYSCTL_configFCC                  
0000093d  DL_SYSCTL_configSYSPLL               
00001699  DL_SYSCTL_switchMCLKfromSYSOSCtoHSCLK
0000047d  DL_Timer_initFourCCPWMMode           
00000581  DL_Timer_initTimerMode               
00001a81  DL_Timer_setCaptCompUpdateMethod     
00001af1  DL_Timer_setCaptureCompareOutCtl     
00001b45  DL_Timer_setCaptureCompareValue      
00001a9d  DL_Timer_setClockConfig              
00001579  DL_UART_init                         
00001b1f  DL_UART_setClockConfig               
00000c33  DMA_IRQHandler                       
00000c33  Default_Handler                      
00000c33  GROUP0_IRQHandler                    
000016dd  GROUP1_IRQHandler                    
000015c1  HOSTclose                            
00001bd3  HOSTexit                             
0000107d  HOSTlseek                            
000013c5  HOSTopen                             
00001425  HOSTread                             
000010e9  HOSTrename                           
00001609  HOSTunlink                           
0000147d  HOSTwrite                            
00000c33  HardFault_Handler                    
00000c33  I2C0_IRQHandler                      
00000c33  I2C1_IRQHandler                      
00001b55  Key_Init                             
00000f9d  Key_Process                          
00000c33  NMI_Handler                          
00000c33  PendSV_Handler                       
00000c33  RTC_IRQHandler                       
00001bd7  Reset_Handler                        
00000c33  SPI0_IRQHandler                      
00000c33  SPI1_IRQHandler                      
00000c33  SVC_Handler                          
00000a19  SYSCFG_DL_GPIO_init                  
00001155  SYSCFG_DL_PWMA_init                  
00000e41  SYSCFG_DL_PWMB_init                  
00000eb5  SYSCFG_DL_PWMC_init                  
00000f29  SYSCFG_DL_PWMD_init                  
000000c1  SYSCFG_DL_SYSCTL_SYSPLL_init         
00000af1  SYSCFG_DL_SYSCTL_init                
00001651  SYSCFG_DL_TIMER_TICK_init            
00000c35  SYSCFG_DL_UART_2_init                
000017a5  SYSCFG_DL_init                       
0000100d  SYSCFG_DL_initPower                  
00000c33  SysTick_Handler                      
00000c33  TIMA0_IRQHandler                     
00000c33  TIMA1_IRQHandler                     
00000c33  TIMG0_IRQHandler                     
00000c33  TIMG12_IRQHandler                    
00000c33  TIMG6_IRQHandler                     
00000c33  TIMG7_IRQHandler                     
00000c33  TIMG8_IRQHandler                     
00000c33  UART0_IRQHandler                     
00000c33  UART1_IRQHandler                     
00001721  UART2_IRQHandler                     
00000c33  UART3_IRQHandler                     
20200800  _CIOBUF_                             
20200800  __CIOBUF_                            
20208000  __STACK_END                          
00000200  __STACK_SIZE                         
00000800  __SYSMEM_SIZE                        
00000000  __TI_ATRegion0_region_sz             
00000000  __TI_ATRegion0_src_addr              
00000000  __TI_ATRegion0_trg_addr              
00000000  __TI_ATRegion1_region_sz             
00000000  __TI_ATRegion1_src_addr              
00000000  __TI_ATRegion1_trg_addr              
00000000  __TI_ATRegion2_region_sz             
00000000  __TI_ATRegion2_src_addr              
00000000  __TI_ATRegion2_trg_addr              
00001d28  __TI_CINIT_Base                      
00001d38  __TI_CINIT_Limit                     
00001d38  __TI_CINIT_Warm                      
00001d14  __TI_Handler_Table_Base              
00001d20  __TI_Handler_Table_Limit             
000017e1  __TI_auto_init_nobinit_nopinit       
0000181d  __TI_cleanup                         
20200d8c  __TI_cleanup_ptr                     
00000d49  __TI_closefile                       
00000dc5  __TI_decompress_lzss                 
00001b31  __TI_decompress_none                 
000014d5  __TI_doflush                         
20200d90  __TI_dtors_ptr                       
20200d94  __TI_ft_end                          
ffffffff  __TI_pprof_out_hndl                  
ffffffff  __TI_prof_data_size                  
ffffffff  __TI_prof_data_start                 
00001851  __TI_readmsg                         
00000000  __TI_static_base__                   
202009e8  __TI_tmpnams                         
00001885  __TI_writemsg                        
00001299  __TI_wrt_ok                          
00001b09  __TI_zero_init_nomemset              
000013c3  __aeabi_idiv0                        
00001b91  __aeabi_memclr                       
00001b91  __aeabi_memclr4                      
00001b91  __aeabi_memclr8                      
00001bb5  __aeabi_memcpy                       
00001bb5  __aeabi_memcpy4                      
00001bb5  __aeabi_memcpy8                      
00001765  __aeabi_uidiv                        
00001765  __aeabi_uidivmod                     
ffffffff  __binit__                            
UNDEFED   __mpu_init                           
20207e00  __stack                              
20200000  __start___llvm_prf_bits              
20200000  __start___llvm_prf_cnts              
20200000  __stop___llvm_prf_bits               
20200000  __stop___llvm_prf_cnts               
000019f5  _c_int00_noargs                      
20200cc4  _device                              
20200bd4  _ftable                              
20200d98  _lock                                
00001527  _nop                                 
20200d3c  _stream                              
20200000  _sys_memory                          
UNDEFED   _system_post_cinit                   
00001bdb  _system_pre_init                     
20200d9c  _unlock                              
00001bcd  abort                                
00000369  aligned_alloc                        
ffffffff  binit                                
00001529  close                                
000018b9  exit                                 
000018ed  finddevice                           
0000067d  fputs                                
00000775  free                                 
00001bbd  fseek                                
000011c1  fseeko                               
20200a88  gPWMBBackup                          
20200b28  gPWMDBackup                          
0000122d  getdevice                            
00000000  interruptVectors                     
20200da2  key_events                           
000019a5  lseek                                
00001ad5  main                                 
00001b9d  malloc                               
00000369  memalign                             
00000b99  memcpy                               
00001361  memset                               
20200bc8  parmbuf                              
00001a41  puts                                 
00001bc5  remove                               
0000085d  setvbuf                              
00000cc1  strcmp                               
00001951  unlink                               
000019cd  write                                


GLOBAL SYMBOLS: SORTED BY Symbol Address 

address   name                                 
-------   ----                                 
00000000  __TI_ATRegion0_region_sz             
00000000  __TI_ATRegion0_src_addr              
00000000  __TI_ATRegion0_trg_addr              
00000000  __TI_ATRegion1_region_sz             
00000000  __TI_ATRegion1_src_addr              
00000000  __TI_ATRegion1_trg_addr              
00000000  __TI_ATRegion2_region_sz             
00000000  __TI_ATRegion2_src_addr              
00000000  __TI_ATRegion2_trg_addr              
00000000  __TI_static_base__                   
00000000  interruptVectors                     
000000c1  SYSCFG_DL_SYSCTL_SYSPLL_init         
00000200  __STACK_SIZE                         
00000369  aligned_alloc                        
00000369  memalign                             
0000047d  DL_Timer_initFourCCPWMMode           
00000581  DL_Timer_initTimerMode               
0000067d  fputs                                
00000775  free                                 
00000800  __SYSMEM_SIZE                        
0000085d  setvbuf                              
0000093d  DL_SYSCTL_configSYSPLL               
00000a19  SYSCFG_DL_GPIO_init                  
00000af1  SYSCFG_DL_SYSCTL_init                
00000b99  memcpy                               
00000c33  ADC0_IRQHandler                      
00000c33  ADC1_IRQHandler                      
00000c33  AES_IRQHandler                       
00000c33  CANFD0_IRQHandler                    
00000c33  DAC0_IRQHandler                      
00000c33  DMA_IRQHandler                       
00000c33  Default_Handler                      
00000c33  GROUP0_IRQHandler                    
00000c33  HardFault_Handler                    
00000c33  I2C0_IRQHandler                      
00000c33  I2C1_IRQHandler                      
00000c33  NMI_Handler                          
00000c33  PendSV_Handler                       
00000c33  RTC_IRQHandler                       
00000c33  SPI0_IRQHandler                      
00000c33  SPI1_IRQHandler                      
00000c33  SVC_Handler                          
00000c33  SysTick_Handler                      
00000c33  TIMA0_IRQHandler                     
00000c33  TIMA1_IRQHandler                     
00000c33  TIMG0_IRQHandler                     
00000c33  TIMG12_IRQHandler                    
00000c33  TIMG6_IRQHandler                     
00000c33  TIMG7_IRQHandler                     
00000c33  TIMG8_IRQHandler                     
00000c33  UART0_IRQHandler                     
00000c33  UART1_IRQHandler                     
00000c33  UART3_IRQHandler                     
00000c35  SYSCFG_DL_UART_2_init                
00000cc1  strcmp                               
00000d49  __TI_closefile                       
00000dc5  __TI_decompress_lzss                 
00000e41  SYSCFG_DL_PWMB_init                  
00000eb5  SYSCFG_DL_PWMC_init                  
00000f29  SYSCFG_DL_PWMD_init                  
00000f9d  Key_Process                          
0000100d  SYSCFG_DL_initPower                  
0000107d  HOSTlseek                            
000010e9  HOSTrename                           
00001155  SYSCFG_DL_PWMA_init                  
000011c1  fseeko                               
0000122d  getdevice                            
00001299  __TI_wrt_ok                          
00001361  memset                               
000013c3  __aeabi_idiv0                        
000013c5  HOSTopen                             
00001425  HOSTread                             
0000147d  HOSTwrite                            
000014d5  __TI_doflush                         
00001527  _nop                                 
00001529  close                                
00001579  DL_UART_init                         
000015c1  HOSTclose                            
00001609  HOSTunlink                           
00001651  SYSCFG_DL_TIMER_TICK_init            
00001699  DL_SYSCTL_switchMCLKfromSYSOSCtoHSCLK
000016dd  GROUP1_IRQHandler                    
00001721  UART2_IRQHandler                     
00001765  __aeabi_uidiv                        
00001765  __aeabi_uidivmod                     
000017a5  SYSCFG_DL_init                       
000017e1  __TI_auto_init_nobinit_nopinit       
0000181d  __TI_cleanup                         
00001851  __TI_readmsg                         
00001885  __TI_writemsg                        
000018b1  C$$IO$$                              
000018b9  exit                                 
000018ed  finddevice                           
00001921  BLE_send_String                      
00001951  unlink                               
000019a5  lseek                                
000019cd  write                                
000019f5  _c_int00_noargs                      
00001a1d  Bluetooth_Init                       
00001a41  puts                                 
00001a65  DL_SYSCTL_configFCC                  
00001a81  DL_Timer_setCaptCompUpdateMethod     
00001a9d  DL_Timer_setClockConfig              
00001ad5  main                                 
00001af1  DL_Timer_setCaptureCompareOutCtl     
00001b09  __TI_zero_init_nomemset              
00001b1f  DL_UART_setClockConfig               
00001b31  __TI_decompress_none                 
00001b45  DL_Timer_setCaptureCompareValue      
00001b55  Key_Init                             
00001b91  __aeabi_memclr                       
00001b91  __aeabi_memclr4                      
00001b91  __aeabi_memclr8                      
00001b9d  malloc                               
00001ba9  DL_Common_delayCycles                
00001bb5  __aeabi_memcpy                       
00001bb5  __aeabi_memcpy4                      
00001bb5  __aeabi_memcpy8                      
00001bbd  fseek                                
00001bc5  remove                               
00001bcd  abort                                
00001bd2  C$$EXIT                              
00001bd3  HOSTexit                             
00001bd7  Reset_Handler                        
00001bdb  _system_pre_init                     
00001d14  __TI_Handler_Table_Base              
00001d20  __TI_Handler_Table_Limit             
00001d28  __TI_CINIT_Base                      
00001d38  __TI_CINIT_Limit                     
00001d38  __TI_CINIT_Warm                      
20200000  __start___llvm_prf_bits              
20200000  __start___llvm_prf_cnts              
20200000  __stop___llvm_prf_bits               
20200000  __stop___llvm_prf_cnts               
20200000  _sys_memory                          
20200800  _CIOBUF_                             
20200800  __CIOBUF_                            
20200920  BLERX_BUFF                           
202009e8  __TI_tmpnams                         
20200a88  gPWMBBackup                          
20200b28  gPWMDBackup                          
20200bc8  parmbuf                              
20200bd4  _ftable                              
20200cc4  _device                              
20200d3c  _stream                              
20200d8c  __TI_cleanup_ptr                     
20200d90  __TI_dtors_ptr                       
20200d94  __TI_ft_end                          
20200d98  _lock                                
20200d9c  _unlock                              
20200da0  BLERX_FLAG                           
20200da1  BLERX_LEN                            
20200da2  key_events                           
20207e00  __stack                              
20208000  __STACK_END                          
ffffffff  __TI_pprof_out_hndl                  
ffffffff  __TI_prof_data_size                  
ffffffff  __TI_prof_data_start                 
ffffffff  __binit__                            
ffffffff  binit                                
UNDEFED   __mpu_init                           
UNDEFED   _system_post_cinit                   

[162 symbols]
